
Merging program properties


Discarded input sections

 .note.gnu.property
                0x0000000000000000       0x20 /home/roscube/Desktop/UMSD_v7.0.0_ADLINK/UMSD_v7.0.0/obj/dev/fir/src/api/msdDrv_obj/Fir_msdTCAMRC.o
 .note.gnu.property
                0x0000000000000000       0x20 /home/roscube/Desktop/UMSD_v7.0.0_ADLINK/UMSD_v7.0.0/obj/dev/fir/src/api/msdDrv_obj/Fir_msdTCAMRCComp.o
 .note.gnu.property
                0x0000000000000000       0x20 /home/roscube/Desktop/UMSD_v7.0.0_ADLINK/UMSD_v7.0.0/obj/dev/fir/src/api/msdDrv_obj/Fir_msdBrgFdb.o
 .note.gnu.property
                0x0000000000000000       0x20 /home/roscube/Desktop/UMSD_v7.0.0_ADLINK/UMSD_v7.0.0/obj/dev/fir/src/api/msdDrv_obj/Fir_msdPolicy.o
 .note.gnu.property
                0x0000000000000000       0x20 /home/roscube/Desktop/UMSD_v7.0.0_ADLINK/UMSD_v7.0.0/obj/dev/fir/src/api/msdDrv_obj/Fir_msdBrgVtu.o
 .note.gnu.property
                0x0000000000000000       0x20 /home/roscube/Desktop/UMSD_v7.0.0_ADLINK/UMSD_v7.0.0/obj/dev/fir/src/api/msdDrv_obj/Fir_msdArp.o
 .note.gnu.property
                0x0000000000000000       0x20 /home/roscube/Desktop/UMSD_v7.0.0_ADLINK/UMSD_v7.0.0/obj/dev/fir/src/api/msdDrv_obj/Fir_msdBrgStu.o
 .note.gnu.property
                0x0000000000000000       0x20 /home/roscube/Desktop/UMSD_v7.0.0_ADLINK/UMSD_v7.0.0/obj/dev/fir/src/api/msdDrv_obj/Fir_msdPIRL.o
 .note.gnu.property
                0x0000000000000000       0x20 /home/roscube/Desktop/UMSD_v7.0.0_ADLINK/UMSD_v7.0.0/obj/dev/fir/src/api/msdDrv_obj/Fir_msdPortRmon.o
 .note.gnu.property
                0x0000000000000000       0x20 /home/roscube/Desktop/UMSD_v7.0.0_ADLINK/UMSD_v7.0.0/obj/dev/fir/src/api/msdDrv_obj/Fir_msdPortCtrl.o
 .note.gnu.property
                0x0000000000000000       0x20 /home/roscube/Desktop/UMSD_v7.0.0_ADLINK/UMSD_v7.0.0/obj/dev/fir/src/api/msdDrv_obj/Fir_msdEcid.o
 .note.gnu.property
                0x0000000000000000       0x20 /home/roscube/Desktop/UMSD_v7.0.0_ADLINK/UMSD_v7.0.0/obj/dev/fir/src/api/msdDrv_obj/Fir_msdPortPrioMap.o
 .note.gnu.property
                0x0000000000000000       0x20 /home/roscube/Desktop/UMSD_v7.0.0_ADLINK/UMSD_v7.0.0/obj/dev/fir/src/api/msdDrv_obj/Fir_msdQueueCtrl.o
 .note.gnu.property
                0x0000000000000000       0x20 /home/roscube/Desktop/UMSD_v7.0.0_ADLINK/UMSD_v7.0.0/obj/dev/fir/src/api/msdDrv_obj/Fir_msdSysCtrl.o
 .note.gnu.property
                0x0000000000000000       0x20 /home/roscube/Desktop/UMSD_v7.0.0_ADLINK/UMSD_v7.0.0/obj/dev/fir/src/api/msdDrv_obj/Fir_msdPhyCtrl.o
 .note.gnu.property
                0x0000000000000000       0x20 /home/roscube/Desktop/UMSD_v7.0.0_ADLINK/UMSD_v7.0.0/obj/dev/fir/src/api/msdDrv_obj/Fir_msdRMU.o
 .note.gnu.property
                0x0000000000000000       0x20 /home/roscube/Desktop/UMSD_v7.0.0_ADLINK/UMSD_v7.0.0/obj/dev/fir/src/api/msdDrv_obj/Fir_msdTCAMIntf.o
 .note.gnu.property
                0x0000000000000000       0x20 /home/roscube/Desktop/UMSD_v7.0.0_ADLINK/UMSD_v7.0.0/obj/dev/fir/src/api/msdDrv_obj/Fir_msdFRER.o
 .note.gnu.property
                0x0000000000000000       0x20 /home/roscube/Desktop/UMSD_v7.0.0_ADLINK/UMSD_v7.0.0/obj/dev/fir/src/api/msdDrv_obj/Fir_msdFRERIntf.o
 .note.gnu.property
                0x0000000000000000       0x20 /home/roscube/Desktop/UMSD_v7.0.0_ADLINK/UMSD_v7.0.0/obj/dev/fir/src/api/msdDrv_obj/Fir_msdBrgFdbIntf.o
 .note.gnu.property
                0x0000000000000000       0x20 /home/roscube/Desktop/UMSD_v7.0.0_ADLINK/UMSD_v7.0.0/obj/dev/fir/src/api/msdDrv_obj/Fir_msdBrgVtuIntf.o
 .note.gnu.property
                0x0000000000000000       0x20 /home/roscube/Desktop/UMSD_v7.0.0_ADLINK/UMSD_v7.0.0/obj/dev/fir/src/api/msdDrv_obj/Fir_msdBrgStuIntf.o
 .note.gnu.property
                0x0000000000000000       0x20 /home/roscube/Desktop/UMSD_v7.0.0_ADLINK/UMSD_v7.0.0/obj/dev/fir/src/api/msdDrv_obj/Fir_msdPIRLIntf.o
 .note.gnu.property
                0x0000000000000000       0x20 /home/roscube/Desktop/UMSD_v7.0.0_ADLINK/UMSD_v7.0.0/obj/dev/fir/src/api/msdDrv_obj/Fir_msdQav.o
 .note.gnu.property
                0x0000000000000000       0x20 /home/roscube/Desktop/UMSD_v7.0.0_ADLINK/UMSD_v7.0.0/obj/dev/fir/src/api/msdDrv_obj/Fir_msdArpIntf.o
 .note.gnu.property
                0x0000000000000000       0x20 /home/roscube/Desktop/UMSD_v7.0.0_ADLINK/UMSD_v7.0.0/obj/dev/fir/src/api/msdDrv_obj/Fir_msdPortRmonIntf.o
 .note.gnu.property
                0x0000000000000000       0x20 /home/roscube/Desktop/UMSD_v7.0.0_ADLINK/UMSD_v7.0.0/obj/dev/fir/src/api/msdDrv_obj/Fir_msdPortCtrlIntf.o
 .note.gnu.property
                0x0000000000000000       0x20 /home/roscube/Desktop/UMSD_v7.0.0_ADLINK/UMSD_v7.0.0/obj/dev/fir/src/api/msdDrv_obj/Fir_msdPortPrioMapIntf.o
 .note.gnu.property
                0x0000000000000000       0x20 /home/roscube/Desktop/UMSD_v7.0.0_ADLINK/UMSD_v7.0.0/obj/dev/fir/src/api/msdDrv_obj/Fir_msdEcidIntf.o
 .note.gnu.property
[...]
Memory Configuration

Name             Origin             Length             Attributes
*default*        0x0000000000000000 0xffffffffffffffff

Linker script and memory map

LOAD /home/roscube/Desktop/UMSD_v7.0.0_ADLINK/UMSD_v7.0.0/obj/dev/fir/src/api/msdDrv_obj/Fir_msdTCAM.o
LOAD /home/roscube/Desktop/UMSD_v7.0.0_ADLINK/UMSD_v7.0.0/obj/dev/fir/src/api/msdDrv_obj/Fir_msdTCAMRC.o
LOAD /home/roscube/Desktop/UMSD_v7.0.0_ADLINK/UMSD_v7.0.0/obj/dev/fir/src/api/msdDrv_obj/Fir_msdTCAMRCComp.o
LOAD /home/roscube/Desktop/UMSD_v7.0.0_ADLINK/UMSD_v7.0.0/obj/dev/fir/src/api/msdDrv_obj/Fir_msdBrgFdb.o
LOAD /home/roscube/Desktop/UMSD_v7.0.0_ADLINK/UMSD_v7.0.0/obj/dev/fir/src/api/msdDrv_obj/Fir_msdPolicy.o
LOAD /home/roscube/Desktop/UMSD_v7.0.0_ADLINK/UMSD_v7.0.0/obj/dev/fir/src/api/msdDrv_obj/Fir_msdBrgVtu.o
LOAD /home/roscube/Desktop/UMSD_v7.0.0_ADLINK/UMSD_v7.0.0/obj/dev/fir/src/api/msdDrv_obj/Fir_msdArp.o
LOAD /home/roscube/Desktop/UMSD_v7.0.0_ADLINK/UMSD_v7.0.0/obj/dev/fir/src/api/msdDrv_obj/Fir_msdBrgStu.o
LOAD /home/roscube/Desktop/UMSD_v7.0.0_ADLINK/UMSD_v7.0.0/obj/dev/fir/src/api/msdDrv_obj/Fir_msdPIRL.o
LOAD /home/roscube/Desktop/UMSD_v7.0.0_ADLINK/UMSD_v7.0.0/obj/dev/fir/src/api/msdDrv_obj/Fir_msdPortRmon.o
LOAD /home/roscube/Desktop/UMSD_v7.0.0_ADLINK/UMSD_v7.0.0/obj/dev/fir/src/api/msdDrv_obj/Fir_msdPortCtrl.o
LOAD /home/roscube/Desktop/UMSD_v7.0.0_ADLINK/UMSD_v7.0.0/obj/dev/fir/src/api/msdDrv_obj/Fir_msdEcid.o
LOAD /home/roscube/Desktop/UMSD_v7.0.0_ADLINK/UMSD_v7.0.0/obj/dev/fir/src/api/msdDrv_obj/Fir_msdPortPrioMap.o
LOAD /home/roscube/Desktop/UMSD_v7.0.0_ADLINK/UMSD_v7.0.0/obj/dev/fir/src/api/msdDrv_obj/Fir_msdQueueCtrl.o
LOAD /home/roscube/Desktop/UMSD_v7.0.0_ADLINK/UMSD_v7.0.0/obj/dev/fir/src/api/msdDrv_obj/Fir_msdSysCtrl.o
LOAD /home/roscube/Desktop/UMSD_v7.0.0_ADLINK/UMSD_v7.0.0/obj/dev/fir/src/api/msdDrv_obj/Fir_msdPhyCtrl.o
LOAD /home/roscube/Desktop/UMSD_v7.0.0_ADLINK/UMSD_v7.0.0/obj/dev/fir/src/api/msdDrv_obj/Fir_msdRMU.o
LOAD /home/roscube/Desktop/UMSD_v7.0.0_ADLINK/UMSD_v7.0.0/obj/dev/fir/src/api/msdDrv_obj/Fir_msdTCAMIntf.o
LOAD /home/roscube/Desktop/UMSD_v7.0.0_ADLINK/UMSD_v7.0.0/obj/dev/fir/src/api/msdDrv_obj/Fir_msdFRER.o
LOAD /home/roscube/Desktop/UMSD_v7.0.0_ADLINK/UMSD_v7.0.0/obj/dev/fir/src/api/msdDrv_obj/Fir_msdFRERIntf.o
LOAD /home/roscube/Desktop/UMSD_v7.0.0_ADLINK/UMSD_v7.0.0/obj/dev/fir/src/api/msdDrv_obj/Fir_msdBrgFdbIntf.o
LOAD /home/roscube/Desktop/UMSD_v7.0.0_ADLINK/UMSD_v7.0.0/obj/dev/fir/src/api/msdDrv_obj/Fir_msdBrgVtuIntf.o
LOAD /home/roscube/Desktop/UMSD_v7.0.0_ADLINK/UMSD_v7.0.0/obj/dev/fir/src/api/msdDrv_obj/Fir_msdBrgStuIntf.o
LOAD /home/roscube/Desktop/UMSD_v7.0.0_ADLINK/UMSD_v7.0.0/obj/dev/fir/src/api/msdDrv_obj/Fir_msdPIRLIntf.o
LOAD /home/roscube/Desktop/UMSD_v7.0.0_ADLINK/UMSD_v7.0.0/obj/dev/fir/src/api/msdDrv_obj/Fir_msdQav.o
LOAD /home/roscube/Desktop/UMSD_v7.0.0_ADLINK/UMSD_v7.0.0/obj/dev/fir/src/api/msdDrv_obj/Fir_msdArpIntf.o
LOAD /home/roscube/Desktop/UMSD_v7.0.0_ADLINK/UMSD_v7.0.0/obj/dev/fir/src/api/msdDrv_obj/Fir_msdPortRmonIntf.o
LOAD /home/roscube/Desktop/UMSD_v7.0.0_ADLINK/UMSD_v7.0.0/obj/dev/fir/src/api/msdDrv_obj/Fir_msdPortCtrlIntf.o
LOAD /home/roscube/Desktop/UMSD_v7.0.0_ADLINK/UMSD_v7.0.0/obj/dev/fir/src/api/msdDrv_obj/Fir_msdPortPrioMapIntf.o
LOAD /home/roscube/Desktop/UMSD_v7.0.0_ADLINK/UMSD_v7.0.0/obj/dev/fir/src/api/msdDrv_obj/Fir_msdEcidIntf.o
LOAD /home/roscube/Desktop/UMSD_v7.0.0_ADLINK/UMSD_v7.0.0/obj/dev/fir/src/api/msdDrv_obj/Fir_msdQueueCtrlIntf.o
LOAD /home/roscube/Desktop/UMSD_v7.0.0_ADLINK/UMSD_v7.0.0/obj/dev/fir/src/api/msdDrv_obj/Fir_msdSysCtrlIntf.o
LOAD /home/roscube/Desktop/UMSD_v7.0.0_ADLINK/UMSD_v7.0.0/obj/dev/fir/src/api/msdDrv_obj/Fir_msdPhyCtrlIntf.o
LOAD /home/roscube/Desktop/UMSD_v7.0.0_ADLINK/UMSD_v7.0.0/obj/dev/fir/src/api/msdDrv_obj/Fir_msdPolicyIntf.o
LOAD /home/roscube/Desktop/UMSD_v7.0.0_ADLINK/UMSD_v7.0.0/obj/dev/fir/src/api/msdDrv_obj/Fir_msdTCAMRCIntf.o
LOAD /home/roscube/Desktop/UMSD_v7.0.0_ADLINK/UMSD_v7.0.0/obj/dev/fir/src/api/msdDrv_obj/Fir_msdRMUIntf.o
LOAD /home/roscube/Desktop/UMSD_v7.0.0_ADLINK/UMSD_v7.0.0/obj/dev/fir/src/api/msdDrv_obj/Fir_msdPTP.o
LOAD /home/roscube/Desktop/UMSD_v7.0.0_ADLINK/UMSD_v7.0.0/obj/dev/fir/src/api/msdDrv_obj/Fir_msdPTPIntf.o
LOAD /home/roscube/Desktop/UMSD_v7.0.0_ADLINK/UMSD_v7.0.0/obj/dev/fir/src/api/msdDrv_obj/Fir_msdLed.o
LOAD /home/roscube/Desktop/UMSD_v7.0.0_ADLINK/UMSD_v7.0.0/obj/dev/fir/src/api/msdDrv_obj/Fir_msdLedIntf.o
LOAD /home/roscube/Desktop/UMSD_v7.0.0_ADLINK/UMSD_v7.0.0/obj/dev/fir/src/api/msdDrv_obj/Fir_msdTCAMRCCompIntf.o
LOAD /home/roscube/Desktop/UMSD_v7.0.0_ADLINK/UMSD_v7.0.0/obj/dev/fir/src/api/msdDrv_obj/Fir_msdEEPROM.o
LOAD /home/roscube/Desktop/UMSD_v7.0.0_ADLINK/UMSD_v7.0.0/obj/dev/fir/src/api/msdDrv_obj/Fir_msdEEPROMIntf.o
LOAD /home/roscube/Desktop/UMSD_v7.0.0_ADLINK/UMSD_v7.0.0/obj/dev/fir/src/api/msdDrv_obj/Fir_msdQcr.o
LOAD /home/roscube/Desktop/UMSD_v7.0.0_ADLINK/UMSD_v7.0.0/obj/dev/fir/src/api/msdDrv_obj/Fir_msdQci.o
LOAD /home/roscube/Desktop/UMSD_v7.0.0_ADLINK/UMSD_v7.0.0/obj/dev/fir/src/api/msdDrv_obj/Fir_msdQciIntf.o
LOAD /home/roscube/Desktop/UMSD_v7.0.0_ADLINK/UMSD_v7.0.0/obj/dev/fir/src/api/msdDrv_obj/Fir_msdMACSec.o
LOAD /home/roscube/Desktop/UMSD_v7.0.0_ADLINK/UMSD_v7.0.0/obj/dev/fir/src/api/msdDrv_obj/Fir_msdMACSecIntf.o

.interp
 *(.interp)

.note.gnu.property
                0x0000000000000000       0x20
 .note.gnu.property
                0x0000000000000000       0x20 /home/roscube/Desktop/UMSD_v7.0.0_ADLINK/UMSD_v7.0.0/obj/dev/fir/src/api/msdDrv_obj/Fir_msdTCAM.o

.note.gnu.build-id
 *(.note.gnu.build-id)

.hash
 *(.hash)

.gnu.hash
 *(.gnu.hash)

.dynsym
 *(.dynsym)

.dynstr
 *(.dynstr)

.gnu.version
 *(.gnu.version)

.gnu.version_d
 *(.gnu.version_d)

.gnu.version_r
 *(.gnu.version_r)

.rela.init
 *(.rela.init)

.rela.text
 *(.rela.text)

.rela.fini
 *(.rela.fini)

.rela.rodata
 *(.rela.rodata)

.rela.data.rel.ro
 *(.rela.data.rel.ro)

.rela.data
 *(.rela.data)

.rela.tdata
 *(.rela.tdata)

.rela.tbss
 *(.rela.tbss)

.rela.ctors
 *(.rela.ctors)

.rela.dtors
 *(.rela.dtors)

.rela.got
 *(.rela.got)

.rela.bss
 *(.rela.bss)

.rela.ldata
 *(.rela.ldata)

.rela.lbss
 *(.rela.lbss)

.rela.lrodata
 *(.rela.lrodata)

.rela.ifunc
 *(.rela.ifunc)

.rela.plt
 *(.rela.plt)

.relr.dyn
 *(.relr.dyn)

.init
 *(SORT_NONE(.init))

.plt
 *(.plt)

.plt.got
 *(.plt.got)

.plt.sec
 *(.plt.sec)

.text           0x0000000000000000    0x319a0
 *(.text .stub)
 .text          0x0000000000000000     0x37fc /home/roscube/Desktop/UMSD_v7.0.0_ADLINK/UMSD_v7.0.0/obj/dev/fir/src/api/msdDrv_obj/Fir_msdTCAM.o
                0x0000000000001a30                Fir_gtcamFlushAll
                0x0000000000001a80                Fir_gtcamFlushEntry
                0x0000000000001ae0                Fir_gtcamLoadEntry
                0x0000000000001b70                Fir_gtcamReadTCAMData
                0x0000000000001bf0                Fir_gtcamGetNextTCAMData
                0x0000000000001c90                Fir_gtcamFindEntry
                0x0000000000001d60                Fir_gtcamSetMode
                0x0000000000001dc0                Fir_gtcamGetMode
                0x0000000000001e50                Fir_gtcamAddEntryPort
                0x0000000000001f40                Fir_gtcamRemoveEntryPort
                0x0000000000002040                Fir_gtcamEgrFlushEntry
                0x00000000000020c0                Fir_gtcamEgrFlushEntryAllPorts
                0x0000000000002120                Fir_gtcamEgrLoadEntry
                0x0000000000002310                Fir_gtcamEgrGetNextTCAMData
                0x00000000000023e0                Fir_gtcamEgrReadTCAMData
                0x00000000000024a0                Fir_gtcamDump
                0x0000000000002d70                Fir_gtcamAdvConfig
 *fill*         0x00000000000037fc        0x4 
 .text          0x0000000000003800     0x1b0c /home/roscube/Desktop/UMSD_v7.0.0_ADLINK/UMSD_v7.0.0/obj/dev/fir/src/api/msdDrv_obj/Fir_msdTCAMRC.o
                0x0000000000004240                Fir_gtcamRCFlushAllEntry
                0x0000000000004300                Fir_gtcamRCFlushEntry
                0x00000000000043e0                Fir_gtcamRCLoadEntry
                0x00000000000047e0                Fir_gtcamRCReadEntry
                0x00000000000048e0                Fir_gtcamRCGetNextEntry
                0x0000000000004a20                Fir_gtcamRCFindEntry
                0x0000000000004b70                Fir_gtcamRCEntryDump
 *fill*         0x000000000000530c        0x4 
 .text          0x0000000000005310      0xa43 /home/roscube/Desktop/UMSD_v7.0.0_ADLINK/UMSD_v7.0.0/obj/dev/fir/src/api/msdDrv_obj/Fir_msdTCAMRCComp.o
                0x0000000000005760                Fir_gtcamRCCompFlushAll
                0x0000000000005820                Fir_gtcamRCCompFlushPort
                0x0000000000005900                Fir_gtcamRCCompLoad
                0x0000000000005b60                Fir_gtcamRCCompRead
 *fill*         0x0000000000005d53        0xd 
 .text          0x0000000000005d60     0x1f15 /home/roscube/Desktop/UMSD_v7.0.0_ADLINK/UMSD_v7.0.0/obj/dev/fir/src/api/msdDrv_obj/Fir_msdBrgFdb.o
                0x0000000000006f50                Fir_gfdbGetAtuEntryNext
                0x0000000000006f70                Fir_gfdbFlush
                0x0000000000006fe0                Fir_gfdbFlushInDB
                0x0000000000007060                Fir_gfdbMove
                0x0000000000007150                Fir_gfdbMoveInDB
                0x0000000000007240                Fir_gfdbAddMacEntry
                0x0000000000007310                Fir_gfdbDelAtuEntry
                0x00000000000073a0                Fir_gfdbGetViolation
                0x00000000000074d0                Fir_gfdbFindAtuMacEntry
                0x0000000000007600                Fir_gfdbSetAgingTimeout
                0x0000000000007680                Fir_gfdbGetAgingTimeout
                0x0000000000007710                Fir_gfdbGetLearn2All
                0x00000000000077b0                Fir_gfdbSetLearn2All
                0x0000000000007800                Fir_gfdbSetPortLearnLimit
                0x0000000000007970                Fir_gfdbGetPortLearnLimit
                0x0000000000007a80                Fir_gfdbGetPortLearnCount
                0x0000000000007b40                Fir_gfdbGetEntryCount
                0x0000000000007b90                Fir_gfdbGetEntryCountPerFid
                0x0000000000007be0                Fir_gfdbGetNonStaticEntryCount
                0x0000000000007c30                Fir_gfdbGetNStaticEntryCountFid
 *fill*         0x0000000000007c75        0xb 
 .text          0x0000000000007c80     0x5f9e /home/roscube/Desktop/UMSD_v7.0.0_ADLINK/UMSD_v7.0.0/obj/dev/fir/src/api/msdDrv_obj/Fir_msdPolicy.o
                0x0000000000007ee0                Fir_gpolicySetMgmtCtrl
                0x0000000000007f00                Fir_gpolicyGetMgmtCtrl
                0x0000000000007f20                Fir_gpolicySetCpuDest
                0x0000000000007fe0                Fir_gpolicyGetCpuDest
                0x0000000000008070                Fir_gpolicySetIgrMonitorDest
                0x0000000000008130                Fir_gpolicyGetIgrMonitorDest
                0x00000000000081c0                Fir_gpolicySetRsvd2CpuEnables
                0x0000000000008210                Fir_gpolicyGetRsvd2CpuEnables
                0x00000000000082b0                Fir_gpolicySetMGMTPri
                0x0000000000008350                Fir_gpolicyGetMGMTPri
                0x00000000000083b0                Fir_gpolicySetRouteDest
                0x0000000000008470                Fir_gpolicyGetRouteDest
                0x0000000000008500                Fir_gpolicySetMirrorDest
                0x00000000000085c0                Fir_gpolicyGetMirrorDest
                0x0000000000008650                Fir_gpolicySetIllegalIPAddr
                0x00000000000086f0                Fir_gpolicyGetIllegalIPAddr
                0x0000000000008750                Fir_gpolicySetDipDaMismatch
                0x00000000000087f0                Fir_gpolicyGetDipDaMismatch
                0x0000000000008850                Fir_gpolicySetZeroSIP
                0x00000000000088f0                Fir_gpolicyGetZeroSIP
                0x0000000000008950                Fir_gpolicySetMcTtlExceeded
                0x0000000000008a20                Fir_gpolicyGetMcTtlExceeded
                0x0000000000008af0                Fir_gpolicySetUcTtlExceeded
                0x0000000000008bb0                Fir_gpolicyGetUcTtlExceeded
                0x0000000000008c10                Fir_gprtSetPortTtlThreshold
                0x0000000000008ca0                Fir_gprtGetPortTtlThreshold
                0x0000000000008d00                Fir_gpolicySetIpHdrErr
                0x0000000000008da0                Fir_gpolicyGetIpHdrErr
                0x0000000000008e00                Fir_gpolicySetTCPFinUrgPsh
                0x0000000000008ea0                Fir_gpolicyGetTCPFinUrgPsh
                0x0000000000008f00                Fir_gpolicySetTCPFlagsSeqNum
                0x0000000000008fa0                Fir_gpolicyGetTCPFlagsSeqNum
                0x0000000000009000                Fir_gpolicySetTCPSYN
                0x00000000000090a0                Fir_gpolicyGetTCPSYN
                0x0000000000009100                Fir_gpolicySetTCPHSize
                0x00000000000091a0                Fir_gpolicyGetTCPHSize
                0x0000000000009200                Fir_gprtSetPortTCPMinHdrSize
                0x0000000000009290                Fir_gprtGetPortTCPMinHdrSize
                0x00000000000092f0                Fir_gpolicySetICMPSize
                0x0000000000009390                Fir_gpolicyGetICMPSize
                0x00000000000093f0                Fir_gprtSetPortICMPMaxSize
                0x0000000000009440                Fir_gprtGetPortICMPMaxSize
                0x00000000000094d0                Fir_gpolicySetUDPPort
                0x0000000000009570                Fir_gpolicyGetUDPPort
                0x00000000000095d0                Fir_gpolicySetTCPPort
                0x0000000000009670                Fir_gpolicyGetTCPPort
                0x00000000000096d0                Fir_gpolicySetTCPSynFin
                0x0000000000009770                Fir_gpolicyGetTCPSynFin
                0x00000000000097d0                Fir_gpolicySetTCPFrag
                0x0000000000009870                Fir_gpolicyGetTCPFrag
                0x00000000000098d0                Fir_gpolicySetNearNonTPMR
                0x0000000000009970                Fir_gpolicyGetNearNonTPMR
                0x00000000000099d0                Fir_gpolicySetETag
                0x0000000000009a70                Fir_gpolicyGetETag
                0x0000000000009ad0                Fir_gpolicySetNonETag
                0x0000000000009b70                Fir_gpolicyGetNonETag
                0x0000000000009bd0                Fir_gpolicyDump
 *fill*         0x000000000000dc1e        0x2 
 .text          0x000000000000dc20     0x18e0 /home/roscube/Desktop/UMSD_v7.0.0_ADLINK/UMSD_v7.0.0/obj/dev/fir/src/api/msdDrv_obj/Fir_msdBrgVtu.o
                0x000000000000e8a0                Fir_gvtuGetEntryNext
                0x000000000000ea10                Fir_gvtuFindVidEntry
                0x000000000000ebd0                Fir_gvtuFlush
                0x000000000000ebf0                Fir_gvtuAddEntry
                0x000000000000ed40                Fir_gvtuDelEntry
                0x000000000000edc0                Fir_gvtuSetMode
                0x000000000000ef40                Fir_gvtuGetMode
                0x000000000000f0e0                Fir_gvtuGetViolation_MultiChip
                0x000000000000f1f0                Fir_gvtuGetViolation
                0x000000000000f360                Fir_gvtuDump
 .text          0x000000000000f500      0x991 /home/roscube/Desktop/UMSD_v7.0.0_ADLINK/UMSD_v7.0.0/obj/dev/fir/src/api/msdDrv_obj/Fir_msdArp.o
                0x000000000000faf0                Fir_garpLoadMcEntry
                0x000000000000fc10                Fir_garpLoadUcEntry
                0x000000000000fcd0                Fir_garpFlushEntry
                0x000000000000fd30                Fir_garpFlushAll
                0x000000000000fd80                Fir_garpReadEntry
                0x000000000000fe00                Fir_garpGetNextEntry
 *fill*         0x000000000000fe91        0xf 
 .text          0x000000000000fea0      0x82b /home/roscube/Desktop/UMSD_v7.0.0_ADLINK/UMSD_v7.0.0/obj/dev/fir/src/api/msdDrv_obj/Fir_msdBrgStu.o
                0x0000000000010290                Fir_gstuGetEntryNext
                0x0000000000010390                Fir_gstuAddEntry
                0x0000000000010460                Fir_gstuDelEntry
                0x00000000000104c0                Fir_gstuFindSidEntry
                0x00000000000105d0                Fir_gstuDump
 *fill*         0x00000000000106cb        0x5 
 .text          0x00000000000106d0      0xb95 /home/roscube/Desktop/UMSD_v7.0.0_ADLINK/UMSD_v7.0.0/obj/dev/fir/src/api/msdDrv_obj/Fir_msdPIRL.o
                0x0000000000010b40                Fir_gpirlInitialize
                0x0000000000010b60                Fir_gpirlInitResource
                0x0000000000010be0                Fir_gpirlCustomSetup_sr2c
                0x0000000000010dd0                Fir_gpirlReadResource
                0x0000000000010fa0                Fir_gpirlWriteResource
                0x0000000000011140                Fir_gpirlGetResReg
                0x00000000000111e0                Fir_gpirlSetResReg
 *fill*         0x0000000000011265        0xb 
 .text          0x0000000000011270      0xe31 /home/roscube/Desktop/UMSD_v7.0.0_ADLINK/UMSD_v7.0.0/obj/dev/fir/src/api/msdDrv_obj/Fir_msdPortRmon.o
                0x00000000000118e0                Fir_gstatsFlushAll
                0x0000000000011900                Fir_gstatsFlushPort
                0x0000000000011940                Fir_gstatsGetPortCounter
                0x00000000000119a0                Fir_gstatsGetPortAllCounters
                0x00000000000119f0                Fir_gstatsGetHistogramMode
                0x0000000000011ab0                Fir_gstatsSetHistogramMode
                0x0000000000011af0                Fir_gmibDump
 *fill*         0x00000000000120a1        0xf 
 .text          0x00000000000120b0     0x47ae /home/roscube/Desktop/UMSD_v7.0.0_ADLINK/UMSD_v7.0.0/obj/dev/fir/src/api/msdDrv_obj/Fir_msdPortCtrl.o
                0x0000000000012630                Fir_gvlnSetPortVid
                0x0000000000012690                Fir_gvlnGetPortVid
                0x0000000000012720                Fir_gprtSetForceDefaultVid
                0x0000000000012780                Fir_gprtGetForceDefaultVid
                0x0000000000012820                Fir_gvlnSetPortVlanDot1qMode
                0x0000000000012880                Fir_gvlnGetPortVlanDot1qMode
                0x0000000000012910                Fir_gprtSetDiscardTagged
                0x0000000000012970                Fir_gprtGetDiscardTagged
                0x0000000000012a10                Fir_gprtSetDiscardUntagged
                0x0000000000012a70                Fir_gprtGetDiscardUntagged
                0x0000000000012b10                Fir_gprtSetUnicastFloodBlock
                0x0000000000012b70                Fir_gprtGetUnicastFloodBlock
                0x0000000000012c10                Fir_gprtSetMulticastFloodBlock
                0x0000000000012c70                Fir_gprtGetMulticastFloodBlock
                0x0000000000012d10                Fir_gprtSetDiscardBCastMode
                0x0000000000012d70                Fir_gprtGetDiscardBCastMode
                0x0000000000012e10                Fir_gprtSetIGMPSnoopEnable
                0x0000000000012e70                Fir_gprtGetIGMPSnoopEnable
                0x0000000000012f10                Fir_gprtGetHeaderMode
                0x0000000000012fb0                Fir_gprtSetHeaderMode
                0x0000000000013010                Fir_gprtGetDropOnLock
                0x00000000000130b0                Fir_gprtSetDropOnLock
                0x0000000000013110                Fir_gprtSetJumboMode
                0x0000000000013180                Fir_gprtGetJumboMode
                0x0000000000013210                Fir_gprtSetSpecifiedMTU
                0x0000000000013290                Fir_gprtGetSpecifiedMTU
                0x0000000000013320                Fir_gprtSetLearnEnable
                0x0000000000013400                Fir_gprtGetLearnEnable
                0x0000000000013490                Fir_gprtGetVTUPriorityOverride
                0x0000000000013520                Fir_gprtSetVTUPriorityOverride
                0x0000000000013580                Fir_gprtGetSAPriorityOverride
                0x0000000000013610                Fir_gprtSetSAPriorityOverride
                0x0000000000013670                Fir_gprtGetDAPriorityOverride
                0x0000000000013700                Fir_gprtSetDAPriorityOverride
                0x0000000000013760                Fir_gprtGetMessagePort
                0x0000000000013800                Fir_gprtSetMessagePort
                0x0000000000013860                Fir_gprtGetEtherType
                0x0000000000013880                Fir_gprtSetEtherType
                0x00000000000138a0                Fir_gprtGetAllowVidZero
                0x0000000000013940                Fir_gprtSetAllowVidZero
                0x00000000000139a0                Fir_gprtSetTrunkPort
                0x0000000000013a60                Fir_gprtGetTrunkPort
                0x0000000000013b40                Fir_gprtSetFlowCtrl
                0x0000000000013bf0                Fir_gprtGetFlowCtrl
                0x0000000000013c60                Fir_gprtSetEgressMonitorSource
                0x0000000000013cc0                Fir_gprtGetEgressMonitorSource
                0x0000000000013d60                Fir_gprtSetIngressMonitorSource
                0x0000000000013dc0                Fir_gprtGetIngressMonitorSource
                0x0000000000013e60                Fir_grcSetEgressRate
                0x0000000000014090                Fir_grcSetELimitMode
                0x00000000000140f0                Fir_grcGetELimitMode
                0x0000000000014180                Fir_grcGetEgressRate
                0x00000000000142c0                Fir_gprtSetDuplex
                0x0000000000014330                Fir_gprtGetDuplex
                0x0000000000014400                Fir_gprtGetDuplexStatus
                0x0000000000014490                Fir_gprtGetForceLink
                0x0000000000014560                Fir_gprtSetForceLink
                0x00000000000145d0                Fir_gprtGetLinkState
                0x0000000000014660                Fir_gprtSetForceSpeed
                0x0000000000014920                Fir_gprtGetForceSpeed
                0x0000000000014ac0                Fir_gprtGetSpeed
                0x0000000000014bf0                Fir_gprtGetVlanPorts
                0x0000000000014cd0                Fir_gprtSetVlanPorts
                0x0000000000014df0                Fir_gprtGetFrameMode
                0x0000000000014e80                Fir_gprtSetFrameMode
                0x0000000000014ee0                Fir_gprtSetPortECID
                0x0000000000014f80                Fir_gprtGetPortECID
                0x0000000000014fe0                Fir_gprtSetIgnoreETag
                0x0000000000015070                Fir_gprtGetIgnoreETag
                0x00000000000150d0                Fir_gprtSetEgressMode
                0x0000000000015130                Fir_gprtGetEgressMode
                0x00000000000151c0                Fir_gprtSetExtendedPortCtrlReg
                0x00000000000152a0                Fir_gprtGetExtendedPortCtrlReg
                0x0000000000015340                Fir_gprtGetPortState
                0x00000000000153d0                Fir_gprtSetPortState
                0x0000000000015430                Fir_gprtSetIgnoreFcs
                0x0000000000015490                Fir_gprtGetIgnoreFcs
                0x0000000000015530                Fir_gprtSetAllowBadFcs
                0x0000000000015590                Fir_gprtGetAllowBadFcs
                0x0000000000015630                Fir_gprtSetPauseLimitOut
                0x0000000000015680                Fir_gprtGetPauseLimitOut
                0x00000000000156d0                Fir_gprtSetPauseLimitIn
                0x0000000000015710                Fir_gprtGetPauseLimitIn
                0x0000000000015760                Fir_gprtSetQueueToPause
                0x00000000000157b0                Fir_gprtGetQueueToPause
                0x0000000000015800                Fir_gprtSetRxPriFlowCtrlEnable
                0x00000000000158f0                Fir_gprtGetRxPriFlowCtrlEnable
                0x00000000000159a0                Fir_gprtSetRxPriFlowCtrlToQueue
                0x0000000000015a90                Fir_gprtGetRxPriFlowCtrlToQueue
                0x0000000000015b30                Fir_gprtSetTxPriFlowCtrlEnable
                0x0000000000015c20                Fir_gprtGetTxPriFlowCtrlEnable
                0x0000000000015cd0                Fir_gprtGetOutQueueSize
                0x0000000000015d60                Fir_gprtSetMapDA
                0x0000000000015dc0                Fir_gprtGetMapDA
                0x0000000000015e60                Fir_gprtSetPortLocked
                0x0000000000015ec0                Fir_gprtGetPortLocked
                0x0000000000015f60                Fir_gprtSetHoldAt1
                0x0000000000015fc0                Fir_gprtGetHoldAt1
                0x0000000000016060                Fir_gprtSetInt0nAgeOut
                0x00000000000160c0                Fir_gprtGetInt0nAgeOut
                0x0000000000016160                Fir_gprtSetRefreshLocked
                0x00000000000161c0                Fir_gprtGetRefreshLocked
                0x0000000000016260                Fir_gprtSetIgnoreWrongData
                0x00000000000162c0                Fir_gprtGetIgnoreWrongData
                0x0000000000016360                Fir_gprtSetARPMirror
                0x00000000000163c0                Fir_gprtGetARPMirror
                0x0000000000016460                Fir_gprtSetPreemptSize
                0x00000000000164c0                Fir_gprtGetPreemptSize
                0x0000000000016560                Fir_gprtSetPreemptEnable
                0x00000000000165c0                Fir_gprtGetPreemptEnable
                0x0000000000016660                Fir_gprtSetPreemptQueue
                0x00000000000166c0                Fir_gprtGetPreemptQueue
                0x0000000000016760                Fir_gprtRegDump
 *fill*         0x000000000001685e        0x2 
 .text          0x0000000000016860     0x1391 /home/roscube/Desktop/UMSD_v7.0.0_ADLINK/UMSD_v7.0.0/obj/dev/fir/src/api/msdDrv_obj/Fir_msdEcid.o
                0x0000000000017230                Fir_gBpeEnableSet
                0x0000000000017380                Fir_gBpeEnableGet
                0x0000000000017420                Fir_gecidAddEntry
                0x0000000000017460                Fir_gecidFlushAll
                0x00000000000174d0                Fir_gecidMove
                0x0000000000017590                Fir_gecidFlushEntry
                0x0000000000017620                Fir_gecidGetEcidEntryNext
                0x00000000000176a0                Fir_gecidFindEcidEntry
                0x00000000000177a0                Fir_gecidGetEntryCount
                0x0000000000017a90                Fir_gecidDump
 *fill*         0x0000000000017bf1        0xf 
 .text          0x0000000000017c00      0xaa2 /home/roscube/Desktop/UMSD_v7.0.0_ADLINK/UMSD_v7.0.0/obj/dev/fir/src/api/msdDrv_obj/Fir_msdPortPrioMap.o
                0x0000000000017c00                Fir_gqosSetPrioMapRule
                0x0000000000017c60                Fir_gqosGetPrioMapRule
                0x0000000000017d00                Fir_gprtSetInitialPri
                0x0000000000017d70                Fir_gprtGetInitialPri
                0x0000000000017e40                Fir_gprtSetDefQpri
                0x0000000000017ea0                Fir_gprtGetDefQpri
                0x0000000000017f40                Fir_gprtSetIEEEPrioMap
                0x0000000000018150                Fir_gprtGetIEEEPrioMap
                0x0000000000018370                Fir_gprtRewriteDscp
                0x00000000000183d0                Fir_gprtSetCosToQueue
                0x0000000000018460                Fir_gprtGetCosToQueue
                0x00000000000184c0                Fir_gprtSetCosToDscp
                0x0000000000018550                Fir_gprtGetCosToDscp
                0x00000000000185b0                Fir_gprtSetDefFpri
                0x0000000000018610                Fir_gprtGetDefFpri
 *fill*         0x00000000000186a2        0xe 
 .text          0x00000000000186b0      0xa6d /home/roscube/Desktop/UMSD_v7.0.0_ADLINK/UMSD_v7.0.0/obj/dev/fir/src/api/msdDrv_obj/Fir_msdQueueCtrl.o
                0x00000000000186b0                Fir_gprtSetQueueCtrl
                0x00000000000187c0                Fir_gprtGetQueueCtrl
                0x0000000000018900                Fir_gprtSetPortSched
                0x0000000000018950                Fir_gprtGetPortSched
                0x0000000000018a60                Fir_gprtSetQoSWeight
                0x0000000000018e00                Fir_gprtGetQoSWeight
 *fill*         0x000000000001911d        0x3 
 .text          0x0000000000019120     0x11fd /home/roscube/Desktop/UMSD_v7.0.0_ADLINK/UMSD_v7.0.0/obj/dev/fir/src/api/msdDrv_obj/Fir_msdSysCtrl.o
                0x0000000000019120                Fir_gsysSetTrunkMaskTable
                0x0000000000019250                Fir_gsysGetTrunkMaskTable
                0x00000000000193c0                Fir_gsysSetHashTrunk
                0x00000000000193f0                Fir_gsysGetHashTrunk
                0x0000000000019460                Fir_gsysSetTrunkRouting
                0x00000000000195c0                Fir_gsysGetTrunkRouting
                0x0000000000019760                Fir_gsysSetFloodBC
                0x0000000000019790                Fir_gsysGetFloodBC
                0x0000000000019800                Fir_gsysSetEgressMonitorDest
                0x0000000000019850                Fir_gsysGetEgressMonitorDest
                0x00000000000198f0                Fir_gsysSetSMISetup
                0x0000000000019ad0                Fir_gsysGetSMISetup
                0x0000000000019cb0                Fir_gsysGlobal1RegDump
                0x0000000000019d80                Fir_gsysGlobal2RegDump
                0x0000000000019e50                Fir_gsysSetRMUMode
                0x0000000000019ee0                Fir_gsysGetRMUMode
                0x0000000000019f40                Fir_gsysQbvWrite
                0x000000000001a010                Fir_gsysQbvRead
                0x000000000001a0f0                Fir_gsysDevIntEnableSet
                0x000000000001a110                Fir_gsysDevIntEnableGet
                0x000000000001a170                Fir_gsysDevIntStatusGet
                0x000000000001a1d0                Fir_gsysActiveIntEnableSet
                0x000000000001a260                Fir_gsysActiveIntEnableGet
                0x000000000001a2c0                Fir_gsysActiveIntStatusGet
 *fill*         0x000000000001a31d        0x3 
 .text          0x000000000001a320       0xc5 /home/roscube/Desktop/UMSD_v7.0.0_ADLINK/UMSD_v7.0.0/obj/dev/fir/src/api/msdDrv_obj/Fir_msdPhyCtrl.o
                0x000000000001a320                Fir_serdesReset
 *fill*         0x000000000001a3e5        0xb 
 .text          0x000000000001a3f0     0x1bb5 /home/roscube/Desktop/UMSD_v7.0.0_ADLINK/UMSD_v7.0.0/obj/dev/fir/src/api/msdDrv_obj/Fir_msdRMU.o
                0x000000000001ae00                Fir_msdRmuGetID
                0x000000000001af30                Fir_msdRmuAtuDump
                0x000000000001b150                Fir_msdRmuEcidDump
                0x000000000001b3a0                Fir_msdRmuMib2Dump
                0x000000000001b7d0                Fir_msdRmuReadRegister
                0x000000000001b800                Fir_msdRmuWriteRegister
                0x000000000001b820                Fir_msdRmuMultiRegAccess
                0x000000000001ba10                Fir_msdRmuTCAMDump
                0x000000000001bb80                Fir_msdRmuTCAMWrite
                0x000000000001bd30                Fir_msdRmuTCAMRead
                0x000000000001bee0                Fir_msdRmuRegDump
 *fill*         0x000000000001bfa5        0xb 
 .text          0x000000000001bfb0      0xfb9 /home/roscube/Desktop/UMSD_v7.0.0_ADLINK/UMSD_v7.0.0/obj/dev/fir/src/api/msdDrv_obj/Fir_msdTCAMIntf.o
                0x000000000001bfb0                Fir_gtcamLoadEntryIntf
                0x000000000001c210                Fir_gtcamReadTCAMDataIntf
                0x000000000001c490                Fir_gtcamGetNextTCAMDataIntf
                0x000000000001c710                Fir_gtcamFindEntryIntf
                0x000000000001c9c0                Fir_gtcamSetModeIntf
                0x000000000001c9d0                Fir_gtcamGetModeIntf
                0x000000000001ca30                Fir_gtcamEgrFlushEntryIntf
                0x000000000001ca40                Fir_gtcamEgrFlushAllPortsIntf
                0x000000000001ca50                Fir_gtcamEgrLoadEntryIntf
                0x000000000001cb20                Fir_gtcamEgrGetNextTCAMDataIntf
                0x000000000001cc10                Fir_gtcamEgrReadTCAMDataIntf
                0x000000000001cd00                Fir_gtcamAdvConfigIntf
 *fill*         0x000000000001cf69        0x7 
 .text          0x000000000001cf70     0x2a17 /home/roscube/Desktop/UMSD_v7.0.0_ADLINK/UMSD_v7.0.0/obj/dev/fir/src/api/msdDrv_obj/Fir_msdFRER.o
                0x000000000001d9b0                Fir_gfrerSeqGenFlushAll
                0x000000000001d9c0                Fir_gfrerSeqGenFlushEntry
                0x000000000001d9e0                Fir_gfrerSeqGenRead
                0x000000000001da80                Fir_gfrerSeqGenLoad
                0x000000000001dae0                Fir_gfrerIndvRcvyFlushAll
                0x000000000001daf0                Fir_gfrerIndvRcvyFlushEntry
                0x000000000001db20                Fir_gfrerIndvRcvyRead
                0x000000000001dc40                Fir_gfrerIndvRcvyLoad
                0x000000000001dcf0                Fir_gfrerIndvRcvyGetNext
                0x000000000001de10                Fir_gfrerIndvRcvyReadClear
                0x000000000001df30                Fir_gfrerSeqRcvyFlushAll
                0x000000000001df40                Fir_gfrerSeqRcvyFlushEntry
                0x000000000001df70                Fir_gfrerSeqRcvyRead
                0x000000000001e160                Fir_gfrerSeqRcvyLoad
                0x000000000001e2d0                Fir_gfrerSeqRcvyGetNext
                0x000000000001e4c0                Fir_gfrerSeqRcvyGetViolation
                0x000000000001e6b0                Fir_gfrerSeqRcvyReadClear
                0x000000000001e8a0                Fir_gfrerBank0SCtrFlushAll
                0x000000000001e8b0                Fir_gfrerBank0SCtrFlushCtr
                0x000000000001e8c0                Fir_gfrerBank0SCtrRead
                0x000000000001eb70                Fir_gfrerBank0SCtrLoad
                0x000000000001ebf0                Fir_gfrerBank0SCtrGetNext
                0x000000000001eeb0                Fir_gfrerBank0SCtrReadClear
                0x000000000001f170                Fir_gfrerBank1SCtrFlushAll
                0x000000000001f180                Fir_gfrerBank1SCtrFlushCtr
                0x000000000001f190                Fir_gfrerBank1SCtrRead
                0x000000000001f410                Fir_gfrerBank1SCtrLoad
                0x000000000001f490                Fir_gfrerBank1SCtrGetNext
                0x000000000001f710                Fir_gfrerBank1SCtrReadClear
 *fill*         0x000000000001f987        0x9 
 .text          0x000000000001f990      0xac3 /home/roscube/Desktop/UMSD_v7.0.0_ADLINK/UMSD_v7.0.0/obj/dev/fir/src/api/msdDrv_obj/Fir_msdFRERIntf.o
                0x000000000001f990                Fir_gfrerSeqGenLoadIntf
                0x000000000001fa10                Fir_gfrerSeqGenReadIntf
                0x000000000001fa90                Fir_gfrerIndvRcvyLoadIntf
                0x000000000001fb10                Fir_gfrerIndvRcvyReadIntf
                0x000000000001fb80                Fir_gfrerIndvRcvyGetNextIntf
                0x000000000001fbf0                Fir_gfrerIndvRcvyReadClearIntf
                0x000000000001fc60                Fir_gfrerSeqRcvyLoadIntf
                0x000000000001fd00                Fir_gfrerSeqRcvyReadIntf
                0x000000000001fd90                Fir_gfrerSeqRcvyGetNextIntf
                0x000000000001fe20                Fir_gfrerSeqRcvyGetViolationIntf
                0x000000000001feb0                Fir_gfrerSeqRcvyReadClearIntf
                0x000000000001ff40                Fir_gfrerBank0SCtrReadIntf
                0x000000000001fff0                Fir_gfrerBank0SCtrLoadIntf
                0x0000000000020070                Fir_gfrerBank0SCtrGetNextIntf
                0x0000000000020120                Fir_gfrerBank0SCtrReadClearIntf
                0x00000000000201d0                Fir_gfrerBank1SCtrLoadIntf
                0x0000000000020250                Fir_gfrerBank1SCtrReadIntf
                0x0000000000020300                Fir_gfrerBank1SCtrGetNextIntf
                0x00000000000203b0                Fir_gfrerBank1SCtrReadClearIntf
 *fill*         0x0000000000020453        0xd 
 .text          0x0000000000020460      0x57b /home/roscube/Desktop/UMSD_v7.0.0_ADLINK/UMSD_v7.0.0/obj/dev/fir/src/api/msdDrv_obj/Fir_msdBrgFdbIntf.o
                0x0000000000020460                Fir_gfdbAddMacEntryIntf
                0x00000000000204e0                Fir_gfdbGetAtuEntryNextIntf
                0x00000000000205c0                Fir_gfdbFlushIntf
                0x00000000000205d0                Fir_gfdbFlushInDBIntf
                0x00000000000205e0                Fir_gfdbMoveIntf
                0x00000000000205f0                Fir_gfdbMoveInDBIntf
                0x0000000000020600                Fir_gfdbPortRemoveIntf
                0x0000000000020630                Fir_gfdbPortRemoveInDBIntf
                0x0000000000020660                Fir_gfdbGetViolationIntf
                0x0000000000020740                Fir_gfdbFindAtuMacEntryIntf
                0x0000000000020830                Fir_gfdbDump
 *fill*         0x00000000000209db        0x5 
 .text          0x00000000000209e0      0x848 /home/roscube/Desktop/UMSD_v7.0.0_ADLINK/UMSD_v7.0.0/obj/dev/fir/src/api/msdDrv_obj/Fir_msdBrgVtuIntf.o
                0x00000000000209e0                Fir_gvtuFindVidEntryIntf
                0x0000000000020b50                Fir_gvtuExistVidEntryIntf
                0x0000000000020bf0                Fir_gvtuFlushIntf
                0x0000000000020c00                Fir_gvtuAddEntryIntf
                0x0000000000020d20                Fir_gvtuDelEntryIntf
                0x0000000000020da0                Fir_gvtuSetModeIntf
                0x0000000000020db0                Fir_gvtuGetModeIntf
                0x0000000000020dc0                Fir_gvtuGetViolationIntf
                0x0000000000020e80                Fir_gvtuGetEntryCountIntf
                0x0000000000020f30                Fir_gvtuSetMemberTagIntf
                0x0000000000021020                Fir_gvtuGetMemberTagIntf
                0x0000000000021100                Fir_gvtuGetEntryNextIntf
 *fill*         0x0000000000021228        0x8 
 .text          0x0000000000021230      0x38c /home/roscube/Desktop/UMSD_v7.0.0_ADLINK/UMSD_v7.0.0/obj/dev/fir/src/api/msdDrv_obj/Fir_msdBrgStuIntf.o
                0x0000000000021230                Fir_gstuAddEntryIntf
                0x0000000000021300                Fir_gstuGetEntryNextIntf
                0x00000000000213b0                Fir_gstuDelEntryIntf
                0x0000000000021410                Fir_gstuFindSidEntryIntf
                0x0000000000021520                Fir_gstuGetEntryCountIntf
 *fill*         0x00000000000215bc        0x4 
 .text          0x00000000000215c0      0x40c /home/roscube/Desktop/UMSD_v7.0.0_ADLINK/UMSD_v7.0.0/obj/dev/fir/src/api/msdDrv_obj/Fir_msdPIRLIntf.o
                0x00000000000215c0                Fir_gpirlInitializeIntf
                0x00000000000215d0                Fir_gpirlInitResourceIntf
                0x00000000000215e0                Fir_gpirlCustomSetup_sr2cIntf
                0x00000000000216a0                Fir_gpirlReadResourceIntf
                0x0000000000021780                Fir_gpirlWriteResourceIntf
                0x0000000000021840                Fir_gpirlGetResRegIntf
                0x0000000000021850                Fir_gpirlSetResRegIntf
                0x0000000000021860                Fir_gpirlAdvConfigIntf
                0x0000000000021960                Fir_gpirlAdvConfigDisableIntf
 *fill*         0x00000000000219cc        0x4 
 .text          0x00000000000219d0      0x743 /home/roscube/Desktop/UMSD_v7.0.0_ADLINK/UMSD_v7.0.0/obj/dev/fir/src/api/msdDrv_obj/Fir_msdQav.o
                0x0000000000021d90                Fir_gqavSetPortQpriXRate
                0x0000000000021ec0                Fir_gqavGetPortQpriXRate
                0x0000000000021fa0                Fir_gqavSetPortQpriXHiLimit
                0x0000000000022070                Fir_gqavGetPortQpriXHiLimit
 *fill*         0x0000000000022113        0xd 
 .text          0x0000000000022120      0x1d4 /home/roscube/Desktop/UMSD_v7.0.0_ADLINK/UMSD_v7.0.0/obj/dev/fir/src/api/msdDrv_obj/Fir_msdArpIntf.o
                0x0000000000022120                Fir_garpLoadMcEntryIntf
                0x0000000000022180                Fir_garpLoadUcEntryIntf
                0x00000000000221e0                Fir_garpReadEntryIntf
                0x0000000000022270                Fir_garpGetNextEntryIntf
 *fill*         0x00000000000222f4        0xc 
 .text          0x0000000000022300      0x239 /home/roscube/Desktop/UMSD_v7.0.0_ADLINK/UMSD_v7.0.0/obj/dev/fir/src/api/msdDrv_obj/Fir_msdPortRmonIntf.o
                0x0000000000022300                Fir_gstatsGetPortCounterIntf
                0x0000000000022310                Fir_gstatsGetPortAllCntersIntf
                0x0000000000022520                Fir_gstatsGetHistogramModeIntf
                0x0000000000022530                Fir_gstatsSetHistogramModeIntf
 *fill*         0x0000000000022539        0x7 
 .text          0x0000000000022540      0x2d9 /home/roscube/Desktop/UMSD_v7.0.0_ADLINK/UMSD_v7.0.0/obj/dev/fir/src/api/msdDrv_obj/Fir_msdPortCtrlIntf.o
                0x0000000000022540                Fir_gvlnSetPortVlanQModeIntf
                0x0000000000022550                Fir_gvlnGetPortVlanQModeIntf
                0x0000000000022560                Fir_gprtSetDiscardTaggedIntf
                0x0000000000022570                Fir_gprtGetDiscardTaggedIntf
                0x0000000000022580                Fir_gprtSetDiscardUntaggedIntf
                0x0000000000022590                Fir_gprtGetDiscardUntaggedIntf
                0x00000000000225a0                Fir_gprtSetUnicFloodBlockIntf
                0x00000000000225b0                Fir_gprtGetUnicFloodBlockIntf
                0x00000000000225c0                Fir_gprtSetMultiFloodBlockIntf
                0x00000000000225d0                Fir_gprtGetMultiFloodBlockIntf
                0x00000000000225e0                Fir_gprtSetDiscardBCastModeIntf
                0x00000000000225f0                Fir_gprtGetDiscardBCastModeIntf
                0x0000000000022600                Fir_gprtSetJumboModeIntf
                0x0000000000022610                Fir_gprtGetJumboModeIntf
                0x0000000000022620                Fir_gprtSetSpecifiedMTUIntf
                0x0000000000022630                Fir_gprtGetSpecifiedMTUIntf
                0x0000000000022640                Fir_gprtSetLearnEnableIntf
                0x0000000000022650                Fir_gprtGetLearnEnableIntf
                0x0000000000022660                Fir_gprtGetVTUPriOverrideIntf
                0x0000000000022670                Fir_gprtSetVTUPriOverrideIntf
                0x0000000000022680                Fir_gprtGetSAPriOverrideIntf
                0x0000000000022690                Fir_gprtSetSAPriOverrideIntf
                0x00000000000226a0                Fir_gprtGetDAPriOverrideIntf
                0x00000000000226b0                Fir_gprtSetDAPriOverrideIntf
                0x00000000000226c0                Fir_gprtSetFlowCtrlIntf
                0x00000000000226d0                Fir_gprtGetFlowCtrlIntf
                0x00000000000226e0                Fir_gprtSetForceSpeedIntf
                0x0000000000022700                Fir_gprtGetForceSpeedIntf
                0x0000000000022710                Fir_grcSetEgressRateIntf
                0x0000000000022720                Fir_grcGetEgressRateIntf
                0x0000000000022730                Fir_grcSetELimitModeIntf
                0x0000000000022740                Fir_grcGetELimitModeIntf
                0x0000000000022750                Fir_gprtSetDuplexIntf
                0x0000000000022760                Fir_gprtGetDuplexIntf
                0x0000000000022770                Fir_gprtGetDuplexStatusIntf
                0x0000000000022780                Fir_gprtGetForceLinkIntf
                0x0000000000022790                Fir_gprtSetForceLinkIntf
                0x00000000000227a0                Fir_gprtGetSpeedIntf
                0x00000000000227b0                Fir_gprtGetFrameModeIntf
                0x00000000000227c0                Fir_gprtSetFrameModeIntf
                0x00000000000227d0                Fir_gprtSetEgressModeIntf
                0x00000000000227f0                Fir_gprtGetEgressModeIntf
                0x0000000000022800                Fir_gprtGetPortStateIntf
                0x0000000000022810                Fir_gprtSetPortStateIntf
 *fill*         0x0000000000022819        0x7 
 .text          0x0000000000022820      0x17d /home/roscube/Desktop/UMSD_v7.0.0_ADLINK/UMSD_v7.0.0/obj/dev/fir/src/api/msdDrv_obj/Fir_msdPortPrioMapIntf.o
                0x0000000000022820                Fir_gqosSetPrioMapRuleIntf
                0x0000000000022830                Fir_gqosGetPrioMapRuleIntf
                0x0000000000022840                Fir_gprtSetInitialPriIntf
                0x0000000000022850                Fir_gprtGetInitialPriIntf
                0x0000000000022860                Fir_gprtSetDefQpriIntf
                0x0000000000022870                Fir_gprtGetDefQpriIntf
                0x0000000000022880                Fir_gprtSetIEEEPrioMapIntf
                0x00000000000228e0                Fir_gprtGetIEEEPrioMapIntf
 *fill*         0x000000000002299d        0x3 
 .text          0x00000000000229a0      0x215 /home/roscube/Desktop/UMSD_v7.0.0_ADLINK/UMSD_v7.0.0/obj/dev/fir/src/api/msdDrv_obj/Fir_msdEcidIntf.o
                0x00000000000229a0                Fir_gecidAddEntryIntf
                0x0000000000022a30                Fir_gecidGetEcidEntryNextIntf
                0x0000000000022af0                Fir_gecidFindEcidEntryIntf
 *fill*         0x0000000000022bb5        0xb 
 .text          0x0000000000022bc0      0x232 /home/roscube/Desktop/UMSD_v7.0.0_ADLINK/UMSD_v7.0.0/obj/dev/fir/src/api/msdDrv_obj/Fir_msdQueueCtrlIntf.o
                0x0000000000022bc0                Fir_gprtSetQueueCtrlIntf
                0x0000000000022bd0                Fir_gprtGetQueueCtrlIntf
                0x0000000000022be0                Fir_gprtSetPortSchedIntf
                0x0000000000022bf0                Fir_gprtGetPortSchedIntf
                0x0000000000022c00                Fir_gprtSetQoSWeightIntf
                0x0000000000022d00                Fir_gprtGetQoSWeightIntf
 .text          0x0000000000022df2        0x0 /home/roscube/Desktop/UMSD_v7.0.0_ADLINK/UMSD_v7.0.0/obj/dev/fir/src/api/msdDrv_obj/Fir_msdSysCtrlIntf.o
 .text          0x0000000000022df2        0x0 /home/roscube/Desktop/UMSD_v7.0.0_ADLINK/UMSD_v7.0.0/obj/dev/fir/src/api/msdDrv_obj/Fir_msdPhyCtrlIntf.o
 .text          0x0000000000022df2        0x0 /home/roscube/Desktop/UMSD_v7.0.0_ADLINK/UMSD_v7.0.0/obj/dev/fir/src/api/msdDrv_obj/Fir_msdPolicyIntf.o
 *fill*         0x0000000000022df2        0xe 
 .text          0x0000000000022e00      0x78d /home/roscube/Desktop/UMSD_v7.0.0_ADLINK/UMSD_v7.0.0/obj/dev/fir/src/api/msdDrv_obj/Fir_msdTCAMRCIntf.o
                0x0000000000022e00                Fir_gtcamRCLoadEntryIntf
                0x0000000000022fc0                Fir_gtcamRCReadEntryIntf
                0x00000000000231a0                Fir_gtcamRCGetNextEntryIntf
                0x0000000000023380                Fir_gtcamRCFindEntryIntf
 *fill*         0x000000000002358d        0x3 
 .text          0x0000000000023590      0xbbf /home/roscube/Desktop/UMSD_v7.0.0_ADLINK/UMSD_v7.0.0/obj/dev/fir/src/api/msdDrv_obj/Fir_msdRMUIntf.o
                0x0000000000023590                Fir_msdRmuGetIDIntf
                0x00000000000235a0                Fir_msdRmuAtuDumpIntf
                0x0000000000023700                Fir_msdRmuEcidDumpIntf
                0x0000000000023860                Fir_msdRmuMib2DumpIntf
                0x0000000000023a70                Fir_msdRmuReadRegisterIntf
                0x0000000000023a80                Fir_msdRmuWriteRegisterIntf
                0x0000000000023aa0                Fir_msdRmuMultiRegAccessIntf
                0x0000000000023ab0                Fir_msdRmuTCAMDumpIntf
                0x0000000000023d90                Fir_msdRmuTCAMWriteIntf
                0x0000000000023f50                Fir_msdRmuTCAMReadIntf
 *fill*         0x000000000002414f        0x1 
 .text          0x0000000000024150     0x2ac4 /home/roscube/Desktop/UMSD_v7.0.0_ADLINK/UMSD_v7.0.0/obj/dev/fir/src/api/msdDrv_obj/Fir_msdPTP.o
                0x0000000000024e40                Fir_gptpSetIntEnable
                0x0000000000024f40                Fir_gptpGetIntEnable
                0x0000000000024ff0                Fir_gptpSetPortPTPEn
                0x00000000000250d0                Fir_gptpGetPortPTPEn
                0x0000000000025170                Fir_gptpGetTimeStamp
                0x00000000000252a0                Fir_gptpGetTSValidSt
                0x0000000000025380                Fir_gptpResetTimeStamp
                0x0000000000025450                Fir_gptpGetIntStatus
                0x0000000000025510                Fir_gptpSetMeanPathDelay
                0x00000000000255b0                Fir_gptpGetMeanPathDelay
                0x0000000000025650                Fir_gptpSetIgrPathDelayAsym
                0x00000000000256f0                Fir_gptpGetIgrPathDelayAsym
                0x0000000000025790                Fir_gptpSetEgrPathDelayAsym
                0x0000000000025830                Fir_gptpGetEgrPathDelayAsym
                0x00000000000258d0                Fir_gptpGetTODBusyBitStatus
                0x0000000000025950                Fir_gptpTODStoreCompensation
                0x0000000000025a10                Fir_gptpTODStoreAll
                0x0000000000025ad0                Fir_gptpTODCaptureAll
                0x0000000000025da0                Fir_gptpSetPulse
                0x0000000000025e50                Fir_gptpGetPulse
                0x0000000000025ef0                Fir_gtaiGetPTPGlobalTime
                0x0000000000025f70                Fir_gptpPortRegGet
                0x0000000000026020                Fir_gptpPortRegSet
                0x00000000000260d0                Fir_gptpGlobalRegGet
                0x0000000000026140                Fir_gptpGlobalRegSet
                0x00000000000261b0                Fir_gTaiRegGet
                0x0000000000026220                Fir_gTaiRegSet
                0x0000000000026290                Fir_gptp1588v2ConfigSet
                0x0000000000026460                Fir_gptp8021asConfigSet
                0x0000000000026620                Fir_gptp8021asRevConfigSet
                0x00000000000267e0                Fir_gptpPreemptTimestampSelSet
                0x00000000000268c0                Fir_gptpPreemptTimestampSelGet
                0x0000000000026960                Fir_gptpPreemptCtrlSet
                0x0000000000026a40                Fir_gptpPreemptCtrlGet
                0x0000000000026ae0                Fir_gtaiTrigGenTimerSelGet
                0x0000000000026b60                Fir_gtaiTrigGenTimerSelSet
 *fill*         0x0000000000026c14        0xc 
 .text          0x0000000000026c20      0x41c /home/roscube/Desktop/UMSD_v7.0.0_ADLINK/UMSD_v7.0.0/obj/dev/fir/src/api/msdDrv_obj/Fir_msdPTPIntf.o
                0x0000000000026c20                Fir_gptpSetIntEnableIntf
                0x0000000000026c80                Fir_gptpGetIntEnableIntf
                0x0000000000026ce0                Fir_gptpGetTimeStampIntf
                0x0000000000026d50                Fir_gptpGetIntStatusIntf
                0x0000000000026dc0                Fir_gptpTODStoreCompenIntf
                0x0000000000026e40                Fir_gptpTODStoreAllIntf
                0x0000000000026ec0                Fir_gptpTODCaptureAllIntf
                0x0000000000026f50                Fir_gptpSetPulseIntf
                0x0000000000026fb0                Fir_gptpGetPulseIntf
                0x0000000000027010                Fir_gptp1588v2ConfigSetIntf
                0x0000000000027020                Fir_gptp8021asConfigSetIntf
                0x0000000000027030                Fir_gptp8021asRevConfigSetIntf
 *fill*         0x000000000002703c        0x4 
 .text          0x0000000000027040      0xdd3 /home/roscube/Desktop/UMSD_v7.0.0_ADLINK/UMSD_v7.0.0/obj/dev/fir/src/api/msdDrv_obj/Fir_msdLed.o
                0x00000000000272a0                Fir_gledForceOn
                0x0000000000027360                Fir_gledForceOff
                0x0000000000027420                Fir_gledLinkAct
                0x0000000000027510                Fir_gledModeSet
                0x00000000000275e0                Fir_gledModeGet
                0x0000000000027670                Fir_gledBlinkRateSet
                0x0000000000027720                Fir_gledBlinkRateGet
                0x0000000000027800                Fir_gledPulseStretchSet
                0x00000000000278b0                Fir_gledPulseStretchGet
                0x0000000000027980                Fir_gledSpecialModeSet
                0x0000000000027a30                Fir_gledSpecialModeGet
                0x0000000000027aa0                Fir_gledCtrlSet
                0x0000000000027ae0                Fir_gledCtrlGet
                0x0000000000027b50                Fir_gledDump
 *fill*         0x0000000000027e13        0xd 
 .text          0x0000000000027e20       0xcc /home/roscube/Desktop/UMSD_v7.0.0_ADLINK/UMSD_v7.0.0/obj/dev/fir/src/api/msdDrv_obj/Fir_msdLedIntf.o
                0x0000000000027e20                Fir_gledForceOnIntf
                0x0000000000027e30                Fir_gledForceOffIntf
                0x0000000000027e40                Fir_gledLinkActIntf
                0x0000000000027e50                Fir_gledModeSetIntf
                0x0000000000027e60                Fir_gledModeGetIntf
                0x0000000000027e70                Fir_gledBlinkRateSetIntf
                0x0000000000027e80                Fir_gledBlinkRateGetIntf
                0x0000000000027e90                Fir_gledPulseStretchSetIntf
                0x0000000000027ea0                Fir_gledPulseStretchGetIntf
                0x0000000000027eb0                Fir_gledSpecialModeSetIntf
                0x0000000000027ec0                Fir_gledSpecialModeGetIntf
                0x0000000000027ed0                Fir_gledCtrlSetIntf
                0x0000000000027ee0                Fir_gledCtrlGetIntf
 *fill*         0x0000000000027eec        0x4 
 .text          0x0000000000027ef0      0x1c4 /home/roscube/Desktop/UMSD_v7.0.0_ADLINK/UMSD_v7.0.0/obj/dev/fir/src/api/msdDrv_obj/Fir_msdTCAMRCCompIntf.o
                0x0000000000027ef0                Fir_gtcamRCCompLoadIntf
                0x0000000000027fd0                Fir_gtcamRCCompReadIntf
 *fill*         0x00000000000280b4        0xc 
 .text          0x00000000000280c0      0x495 /home/roscube/Desktop/UMSD_v7.0.0_ADLINK/UMSD_v7.0.0/obj/dev/fir/src/api/msdDrv_obj/Fir_msdEEPROM.o
                0x00000000000280c0                Fir_EEPROMWrite
                0x00000000000281f0                Fir_EEPROMRead
                0x0000000000028350                Fir_EEPROMChipSelSet
                0x0000000000028420                Fir_EEPROMChipSelGet
 *fill*         0x0000000000028555        0xb 
 .text          0x0000000000028560       0x39 /home/roscube/Desktop/UMSD_v7.0.0_ADLINK/UMSD_v7.0.0/obj/dev/fir/src/api/msdDrv_obj/Fir_msdEEPROMIntf.o
                0x0000000000028560                Fir_EEPROMWriteIntf
                0x0000000000028570                Fir_EEPROMReadIntf
                0x0000000000028580                Fir_EEPROMChipSelSetIntf
                0x0000000000028590                Fir_EEPROMChipSelGetIntf
 *fill*         0x0000000000028599        0x7 
 .text          0x00000000000285a0      0xf9d /home/roscube/Desktop/UMSD_v7.0.0_ADLINK/UMSD_v7.0.0/obj/dev/fir/src/api/msdDrv_obj/Fir_msdQcr.o
                0x0000000000028db0                Fir_gatsFlushAll
                0x0000000000028dc0                Fir_gatsFlushOne
                0x0000000000028de0                Fir_gatsSetGrpId
                0x0000000000028e90                Fir_gatsGetGrpId
                0x0000000000028f30                Fir_gatsSetCbsLimit
                0x0000000000028fe0                Fir_gatsGetCbsLimit
                0x0000000000029080                Fir_gatsSetRateLimit
                0x00000000000291f0                Fir_gatsGetRateLimit
                0x00000000000292a0                Fir_gatsSetMaxResidenceTime
                0x0000000000029360                Fir_gatsGetMaxResidenceTime
                0x0000000000029400                Fir_gatsSetQueueEnables
                0x0000000000029490                Fir_gatsGetQueueEnables
 *fill*         0x000000000002953d        0x3 
 .text          0x0000000000029540     0x28dc /home/roscube/Desktop/UMSD_v7.0.0_ADLINK/UMSD_v7.0.0/obj/dev/fir/src/api/msdDrv_obj/Fir_msdQci.o
                0x0000000000029d60                Fir_gqciStreamFiltFlushAll
                0x0000000000029db0                Fir_gqciStreamFiltSet
                0x0000000000029f40                Fir_gqciStreamFiltBlockStatSet
                0x000000000002a070                Fir_gqciStreamFiltBlockStatGet
                0x000000000002a140                Fir_gqciStreamFiltEnAts
                0x000000000002a270                Fir_gqciStreamFiltEnGate
                0x000000000002a3a0                Fir_gqciStreamFiltMatchCtrGet
                0x000000000002a470                Fir_gqciStreamFiltFilterCtrGet
                0x000000000002a540                Fir_gqciStreamGateFiltCtrGet
                0x000000000002a610                Fir_gqciFlowMeterFiltCtrGet
                0x000000000002a6e0                Fir_gqciStreamGateFlushAll
                0x000000000002a730                Fir_gqciStreamGateDefStateSet
                0x000000000002a890                Fir_gqciStreamGateScaleSet
                0x000000000002a9d0                Fir_gqciStreamGateTimeGenIdSet
                0x000000000002aaf0                Fir_gqciStreamGateEntryAdd
                0x000000000002ae00                Fir_gqciStreamGateTimeGenFlush
                0x000000000002aed0                Fir_gqciStreamGateTimeGenSet
                0x000000000002b0e0                Fir_gqciFlowMeterFlushAll
                0x000000000002b130                Fir_gqciFlowMeterCoupleFlagSet
                0x000000000002b260                Fir_gqciFlowMeterCoupleFlagGet
                0x000000000002b340                Fir_gqciFlowMeterDropOnYelSet
                0x000000000002b470                Fir_gqciFlowMeterDropOnYelGet
                0x000000000002b550                Fir_gqciFlowMeterRedBlockEnSet
                0x000000000002b670                Fir_gqciFlowMeterRedBlockEnGet
                0x000000000002b750                Fir_gqciFlowMeterRedBlkStatSet
                0x000000000002b880                Fir_gqciFlowMeterRedBlkStatGet
                0x000000000002b960                Fir_gqciFlowMeterAdvConfig
 *fill*         0x000000000002be1c        0x4 
 .text          0x000000000002be20       0x9c /home/roscube/Desktop/UMSD_v7.0.0_ADLINK/UMSD_v7.0.0/obj/dev/fir/src/api/msdDrv_obj/Fir_msdQciIntf.o
                0x000000000002be20                Fir_gqciStreamGateEntryAddIntf
 *fill*         0x000000000002bebc        0x4 
 .text          0x000000000002bec0     0x4c12 /home/roscube/Desktop/UMSD_v7.0.0_ADLINK/UMSD_v7.0.0/obj/dev/fir/src/api/msdDrv_obj/Fir_msdMACSec.o
                0x000000000002bec0                Fir_gmacsecRead
                0x000000000002cdc0                Fir_gmacsecWrite
                0x000000000002e450                Fir_gmacsecFlushAll
                0x000000000002e540                Fir_gmacsecCreateRule
                0x000000000002e610                Fir_gmacsecDeleteRule
                0x000000000002e660                Fir_gmacsecGetRule
                0x000000000002e730                Fir_gmacsecCreateRxSecY
                0x000000000002e7d0                Fir_gmacsecCreateTxSecY
                0x000000000002e870                Fir_gmacsecDeleteTxSecY
                0x000000000002e8a0                Fir_gmacsecDeleteRxSecY
                0x000000000002e8d0                Fir_gmacsecGetTxSecY
                0x000000000002e970                Fir_gmacsecGetRxSecY
                0x000000000002ea10                Fir_gmacsecCreateRxSC
                0x000000000002eab0                Fir_gmacsecDeleteRxSC
                0x000000000002eae0                Fir_gmacsecGetRxSC
                0x000000000002eb80                Fir_gmacsecCreateTxSC
                0x000000000002ec20                Fir_gmacsecDeleteTxSC
                0x000000000002ec50                Fir_gmacsecGetTxSC
                0x000000000002ecf0                Fir_gmacsecCreateRxSA
                0x000000000002eda0                Fir_gmacsecDeleteRxSA
                0x000000000002edd0                Fir_gmacsecGetRxSA
                0x000000000002ee80                Fir_gmacsecCreateTxSA
                0x000000000002ef30                Fir_gmacsecDeleteTxSA
                0x000000000002ef60                Fir_gmacsecGetTxSA
                0x000000000002f010                Fir_gmacsecGetTXSecYStates
                0x000000000002f3a0                Fir_gmacsecGetTXSCStates
                0x000000000002f4f0                Fir_gmacsecGetRXSecYStates
                0x000000000002f8f0                Fir_gmacsecGetRXSCStates
                0x000000000002fb20                Fir_gmacsecSetTxPNThreshold
                0x000000000002fb60                Fir_gmacsecGetTxPNThreshold
                0x000000000002fbf0                Fir_gmacsecSetTxXPNThreshold
                0x000000000002fc70                Fir_gmacsecGetTxXPNThreshold
                0x000000000002fd40                Fir_gmacsecSetRxDefaultSCI
                0x000000000002fdf0                Fir_gmacsecGetRxDefaultSCI
                0x000000000002fee0                Fir_gmacsecSetTxSCIntCtrl
                0x0000000000030160                Fir_gmacsecGetTxSCIntCtrl
                0x00000000000303a0                Fir_gmacsecGetNextTxSCIntStatus
                0x0000000000030650                Fir_gmacsecEnableIngressSet
                0x0000000000030740                Fir_gmacsecEnableEgressSet
                0x0000000000030830                Fir_gmacsecEnableIngressGet
                0x00000000000308e0                Fir_gmacsecEnableEgressGet
                0x0000000000030990                Fir_gmacsecGetEvent
 *fill*         0x0000000000030ad2        0xe 
 .text          0x0000000000030ae0      0xec0 /home/roscube/Desktop/UMSD_v7.0.0_ADLINK/UMSD_v7.0.0/obj/dev/fir/src/api/msdDrv_obj/Fir_msdMACSecIntf.o
                0x0000000000030ae0                Fir_gmacsecGetEventIntf
                0x0000000000030b60                Fir_gmacsecCreateRuleIntf
                0x0000000000030c60                Fir_gmacsecGetRuleIntf
                0x0000000000030e20                Fir_gmacsecCreateTxSecYIntf
                0x0000000000030ec0                Fir_gmacsecCreateRxSecYIntf
                0x0000000000030f50                Fir_gmacsecGetTxSecYIntf
                0x0000000000030ff0                Fir_gmacsecGetRxSecYIntf
                0x0000000000031080                Fir_gmacsecCreateRxSCIntf
                0x0000000000031110                Fir_gmacsecGetRxSCIntf
                0x00000000000311a0                Fir_gmacsecCreateRxSAIntf
                0x0000000000031250                Fir_gmacsecGetRxSAIntf
                0x0000000000031300                Fir_gmacsecCreateTxSCIntf
                0x00000000000313a0                Fir_gmacsecGetTxSCIntf
                0x0000000000031440                Fir_gmacsecCreateTxSAIntf
                0x00000000000314f0                Fir_gmacsecGetTxSAIntf
                0x00000000000315a0                Fir_gmacsecGetRXSCStatesIntf
                0x0000000000031630                Fir_gmacsecGetRXSecYStatesIntf
                0x00000000000316e0                Fir_gmacsecGetTXSCStatesIntf
                0x0000000000031760                Fir_gmacsecGetTXSecYStatesIntf
                0x0000000000031810                Fir_gmacsecSetTxSCIntCtrlIntf
                0x0000000000031890                Fir_gmacsecGetTxSCIntCtrlIntf
                0x0000000000031910                Fir_gmacsecGetNextTxSCIntStatusIntf
 *(.gnu.warning)

.text.unlikely  0x0000000000000000       0x28
 .text.unlikely
                0x0000000000000000        0xa /home/roscube/Desktop/UMSD_v7.0.0_ADLINK/UMSD_v7.0.0/obj/dev/fir/src/api/msdDrv_obj/Fir_msdPolicy.o
 .text.unlikely
                0x000000000000000a        0xa /home/roscube/Desktop/UMSD_v7.0.0_ADLINK/UMSD_v7.0.0/obj/dev/fir/src/api/msdDrv_obj/Fir_msdQueueCtrl.o
 .text.unlikely
                0x0000000000000014       0x14 /home/roscube/Desktop/UMSD_v7.0.0_ADLINK/UMSD_v7.0.0/obj/dev/fir/src/api/msdDrv_obj/Fir_msdLed.o

.fini
 *(SORT_NONE(.fini))

.rodata         0x0000000000000000     0x135c
 *(.rodata)
 .rodata        0x0000000000000000       0x14 /home/roscube/Desktop/UMSD_v7.0.0_ADLINK/UMSD_v7.0.0/obj/dev/fir/src/api/msdDrv_obj/Fir_msdPolicy.o
 *fill*         0x0000000000000014        0xc 
 .rodata        0x0000000000000020      0x64c /home/roscube/Desktop/UMSD_v7.0.0_ADLINK/UMSD_v7.0.0/obj/dev/fir/src/api/msdDrv_obj/Fir_msdPortCtrl.o
 .rodata        0x000000000000066c       0x40 /home/roscube/Desktop/UMSD_v7.0.0_ADLINK/UMSD_v7.0.0/obj/dev/fir/src/api/msdDrv_obj/Fir_msdPortPrioMap.o
 .rodata        0x00000000000006ac       0x20 /home/roscube/Desktop/UMSD_v7.0.0_ADLINK/UMSD_v7.0.0/obj/dev/fir/src/api/msdDrv_obj/Fir_msdQueueCtrl.o
 *fill*         0x00000000000006cc       0x14 
 .rodata        0x00000000000006e0      0xc00 /home/roscube/Desktop/UMSD_v7.0.0_ADLINK/UMSD_v7.0.0/obj/dev/fir/src/api/msdDrv_obj/Fir_msdSysCtrl.o
 .rodata        0x00000000000012e0       0x10 /home/roscube/Desktop/UMSD_v7.0.0_ADLINK/UMSD_v7.0.0/obj/dev/fir/src/api/msdDrv_obj/Fir_msdPTP.o
 .rodata        0x00000000000012f0       0x2c /home/roscube/Desktop/UMSD_v7.0.0_ADLINK/UMSD_v7.0.0/obj/dev/fir/src/api/msdDrv_obj/Fir_msdLed.o
 .rodata        0x000000000000131c       0x40 /home/roscube/Desktop/UMSD_v7.0.0_ADLINK/UMSD_v7.0.0/obj/dev/fir/src/api/msdDrv_obj/Fir_msdMACSec.o

.rodata.str1.8  0x0000000000000000     0x342d
 .rodata.str1.8
                0x0000000000000000       0xa4 /home/roscube/Desktop/UMSD_v7.0.0_ADLINK/UMSD_v7.0.0/obj/dev/fir/src/api/msdDrv_obj/Fir_msdTCAM.o
 *fill*         0x00000000000000a4        0x4 
 .rodata.str1.8
                0x00000000000000a8       0x2d /home/roscube/Desktop/UMSD_v7.0.0_ADLINK/UMSD_v7.0.0/obj/dev/fir/src/api/msdDrv_obj/Fir_msdTCAMRC.o
 *fill*         0x00000000000000d5        0x3 
 .rodata.str1.8
                0x00000000000000d8     0x21d1 /home/roscube/Desktop/UMSD_v7.0.0_ADLINK/UMSD_v7.0.0/obj/dev/fir/src/api/msdDrv_obj/Fir_msdPolicy.o
 *fill*         0x00000000000022a9        0x7 
 .rodata.str1.8
                0x00000000000022b0      0x216 /home/roscube/Desktop/UMSD_v7.0.0_ADLINK/UMSD_v7.0.0/obj/dev/fir/src/api/msdDrv_obj/Fir_msdBrgVtu.o
 *fill*         0x00000000000024c6        0x2 
 .rodata.str1.8
                0x00000000000024c8       0x69 /home/roscube/Desktop/UMSD_v7.0.0_ADLINK/UMSD_v7.0.0/obj/dev/fir/src/api/msdDrv_obj/Fir_msdBrgStu.o
 *fill*         0x0000000000002531        0x7 
 .rodata.str1.8
                0x0000000000002538      0xa4a /home/roscube/Desktop/UMSD_v7.0.0_ADLINK/UMSD_v7.0.0/obj/dev/fir/src/api/msdDrv_obj/Fir_msdPortRmon.o
 *fill*         0x0000000000002f82        0x6 
 .rodata.str1.8
                0x0000000000002f88       0x39 /home/roscube/Desktop/UMSD_v7.0.0_ADLINK/UMSD_v7.0.0/obj/dev/fir/src/api/msdDrv_obj/Fir_msdPortCtrl.o
 *fill*         0x0000000000002fc1        0x7 
 .rodata.str1.8
                0x0000000000002fc8      0x117 /home/roscube/Desktop/UMSD_v7.0.0_ADLINK/UMSD_v7.0.0/obj/dev/fir/src/api/msdDrv_obj/Fir_msdEcid.o
 *fill*         0x00000000000030df        0x1 
 .rodata.str1.8
                0x00000000000030e0       0x73 /home/roscube/Desktop/UMSD_v7.0.0_ADLINK/UMSD_v7.0.0/obj/dev/fir/src/api/msdDrv_obj/Fir_msdSysCtrl.o
 *fill*         0x0000000000003153        0x5 
 .rodata.str1.8
                0x0000000000003158      0x10c /home/roscube/Desktop/UMSD_v7.0.0_ADLINK/UMSD_v7.0.0/obj/dev/fir/src/api/msdDrv_obj/Fir_msdBrgFdbIntf.o
 *fill*         0x0000000000003264        0x4 
 .rodata.str1.8
                0x0000000000003268      0x1c5 /home/roscube/Desktop/UMSD_v7.0.0_ADLINK/UMSD_v7.0.0/obj/dev/fir/src/api/msdDrv_obj/Fir_msdLed.o

.rodata.str1.1  0x0000000000000000      0xbe5
 .rodata.str1.1
                0x0000000000000000      0x5ca /home/roscube/Desktop/UMSD_v7.0.0_ADLINK/UMSD_v7.0.0/obj/dev/fir/src/api/msdDrv_obj/Fir_msdTCAM.o
 .rodata.str1.1
                0x00000000000005ca      0x514 /home/roscube/Desktop/UMSD_v7.0.0_ADLINK/UMSD_v7.0.0/obj/dev/fir/src/api/msdDrv_obj/Fir_msdTCAMRC.o
 .rodata.str1.1
                0x0000000000000ade        0x2 /home/roscube/Desktop/UMSD_v7.0.0_ADLINK/UMSD_v7.0.0/obj/dev/fir/src/api/msdDrv_obj/Fir_msdBrgVtu.o
 .rodata.str1.1
                0x0000000000000ae0       0x20 /home/roscube/Desktop/UMSD_v7.0.0_ADLINK/UMSD_v7.0.0/obj/dev/fir/src/api/msdDrv_obj/Fir_msdBrgStu.o
 .rodata.str1.1
                0x0000000000000b00        0x2 /home/roscube/Desktop/UMSD_v7.0.0_ADLINK/UMSD_v7.0.0/obj/dev/fir/src/api/msdDrv_obj/Fir_msdPortRmon.o
 .rodata.str1.1
                0x0000000000000b02        0xb /home/roscube/Desktop/UMSD_v7.0.0_ADLINK/UMSD_v7.0.0/obj/dev/fir/src/api/msdDrv_obj/Fir_msdPortCtrl.o
 .rodata.str1.1
                0x0000000000000b0d       0x16 /home/roscube/Desktop/UMSD_v7.0.0_ADLINK/UMSD_v7.0.0/obj/dev/fir/src/api/msdDrv_obj/Fir_msdSysCtrl.o
 .rodata.str1.1
                0x0000000000000b23        0x2 /home/roscube/Desktop/UMSD_v7.0.0_ADLINK/UMSD_v7.0.0/obj/dev/fir/src/api/msdDrv_obj/Fir_msdBrgFdbIntf.o
 .rodata.str1.1
                0x0000000000000b25       0xc0 /home/roscube/Desktop/UMSD_v7.0.0_ADLINK/UMSD_v7.0.0/obj/dev/fir/src/api/msdDrv_obj/Fir_msdLed.o

.rodata.cst8    0x0000000000000000       0x38
 .rodata.cst8   0x0000000000000000       0x18 /home/roscube/Desktop/UMSD_v7.0.0_ADLINK/UMSD_v7.0.0/obj/dev/fir/src/api/msdDrv_obj/Fir_msdPIRL.o
 .rodata.cst8   0x0000000000000018       0x20 /home/roscube/Desktop/UMSD_v7.0.0_ADLINK/UMSD_v7.0.0/obj/dev/fir/src/api/msdDrv_obj/Fir_msdQci.o

.rodata1
 *(.rodata1)

.eh_frame_hdr
 *(.eh_frame_hdr)

.eh_frame       0x0000000000000000     0xa2bc
 *(.eh_frame)
 .eh_frame      0x0000000000000000      0x4a8 /home/roscube/Desktop/UMSD_v7.0.0_ADLINK/UMSD_v7.0.0/obj/dev/fir/src/api/msdDrv_obj/Fir_msdTCAM.o
 .eh_frame      0x00000000000004a8      0x230 /home/roscube/Desktop/UMSD_v7.0.0_ADLINK/UMSD_v7.0.0/obj/dev/fir/src/api/msdDrv_obj/Fir_msdTCAMRC.o
 .eh_frame      0x00000000000006d8      0x138 /home/roscube/Desktop/UMSD_v7.0.0_ADLINK/UMSD_v7.0.0/obj/dev/fir/src/api/msdDrv_obj/Fir_msdTCAMRCComp.o
 .eh_frame      0x0000000000000810      0x430 /home/roscube/Desktop/UMSD_v7.0.0_ADLINK/UMSD_v7.0.0/obj/dev/fir/src/api/msdDrv_obj/Fir_msdBrgFdb.o
 .eh_frame      0x0000000000000c40     0x1440 /home/roscube/Desktop/UMSD_v7.0.0_ADLINK/UMSD_v7.0.0/obj/dev/fir/src/api/msdDrv_obj/Fir_msdPolicy.o
 .eh_frame      0x0000000000002080      0x2c0 /home/roscube/Desktop/UMSD_v7.0.0_ADLINK/UMSD_v7.0.0/obj/dev/fir/src/api/msdDrv_obj/Fir_msdBrgVtu.o
 .eh_frame      0x0000000000002340      0x150 /home/roscube/Desktop/UMSD_v7.0.0_ADLINK/UMSD_v7.0.0/obj/dev/fir/src/api/msdDrv_obj/Fir_msdArp.o
 .eh_frame      0x0000000000002490      0x188 /home/roscube/Desktop/UMSD_v7.0.0_ADLINK/UMSD_v7.0.0/obj/dev/fir/src/api/msdDrv_obj/Fir_msdBrgStu.o
 .eh_frame      0x0000000000002618      0x200 /home/roscube/Desktop/UMSD_v7.0.0_ADLINK/UMSD_v7.0.0/obj/dev/fir/src/api/msdDrv_obj/Fir_msdPIRL.o
 .eh_frame      0x0000000000002818      0x1b8 /home/roscube/Desktop/UMSD_v7.0.0_ADLINK/UMSD_v7.0.0/obj/dev/fir/src/api/msdDrv_obj/Fir_msdPortRmon.o
 .eh_frame      0x00000000000029d0     0x1870 /home/roscube/Desktop/UMSD_v7.0.0_ADLINK/UMSD_v7.0.0/obj/dev/fir/src/api/msdDrv_obj/Fir_msdPortCtrl.o
 .eh_frame      0x0000000000004240      0x2d8 /home/roscube/Desktop/UMSD_v7.0.0_ADLINK/UMSD_v7.0.0/obj/dev/fir/src/api/msdDrv_obj/Fir_msdEcid.o
 .eh_frame      0x0000000000004518      0x340 /home/roscube/Desktop/UMSD_v7.0.0_ADLINK/UMSD_v7.0.0/obj/dev/fir/src/api/msdDrv_obj/Fir_msdPortPrioMap.o
 .eh_frame      0x0000000000004858      0x1d0 /home/roscube/Desktop/UMSD_v7.0.0_ADLINK/UMSD_v7.0.0/obj/dev/fir/src/api/msdDrv_obj/Fir_msdQueueCtrl.o
 .eh_frame      0x0000000000004a28      0x4d0 /home/roscube/Desktop/UMSD_v7.0.0_ADLINK/UMSD_v7.0.0/obj/dev/fir/src/api/msdDrv_obj/Fir_msdSysCtrl.o
 .eh_frame      0x0000000000004ef8       0x50 /home/roscube/Desktop/UMSD_v7.0.0_ADLINK/UMSD_v7.0.0/obj/dev/fir/src/api/msdDrv_obj/Fir_msdPhyCtrl.o
 .eh_frame      0x0000000000004f48      0x340 /home/roscube/Desktop/UMSD_v7.0.0_ADLINK/UMSD_v7.0.0/obj/dev/fir/src/api/msdDrv_obj/Fir_msdRMU.o
 .eh_frame      0x0000000000005288      0x200 /home/roscube/Desktop/UMSD_v7.0.0_ADLINK/UMSD_v7.0.0/obj/dev/fir/src/api/msdDrv_obj/Fir_msdTCAMIntf.o
 .eh_frame      0x0000000000005488      0x730 /home/roscube/Desktop/UMSD_v7.0.0_ADLINK/UMSD_v7.0.0/obj/dev/fir/src/api/msdDrv_obj/Fir_msdFRER.o
 .eh_frame      0x0000000000005bb8      0x3b8 /home/roscube/Desktop/UMSD_v7.0.0_ADLINK/UMSD_v7.0.0/obj/dev/fir/src/api/msdDrv_obj/Fir_msdFRERIntf.o
 .eh_frame      0x0000000000005f70      0x1e8 /home/roscube/Desktop/UMSD_v7.0.0_ADLINK/UMSD_v7.0.0/obj/dev/fir/src/api/msdDrv_obj/Fir_msdBrgFdbIntf.o
 .eh_frame      0x0000000000006158      0x268 /home/roscube/Desktop/UMSD_v7.0.0_ADLINK/UMSD_v7.0.0/obj/dev/fir/src/api/msdDrv_obj/Fir_msdBrgVtuIntf.o
 .eh_frame      0x00000000000063c0      0x108 /home/roscube/Desktop/UMSD_v7.0.0_ADLINK/UMSD_v7.0.0/obj/dev/fir/src/api/msdDrv_obj/Fir_msdBrgStuIntf.o
 .eh_frame      0x00000000000064c8      0x160 /home/roscube/Desktop/UMSD_v7.0.0_ADLINK/UMSD_v7.0.0/obj/dev/fir/src/api/msdDrv_obj/Fir_msdPIRLIntf.o
 .eh_frame      0x0000000000006628      0x158 /home/roscube/Desktop/UMSD_v7.0.0_ADLINK/UMSD_v7.0.0/obj/dev/fir/src/api/msdDrv_obj/Fir_msdQav.o
 .eh_frame      0x0000000000006780       0xb8 /home/roscube/Desktop/UMSD_v7.0.0_ADLINK/UMSD_v7.0.0/obj/dev/fir/src/api/msdDrv_obj/Fir_msdArpIntf.o
 .eh_frame      0x0000000000006838       0x80 /home/roscube/Desktop/UMSD_v7.0.0_ADLINK/UMSD_v7.0.0/obj/dev/fir/src/api/msdDrv_obj/Fir_msdPortRmonIntf.o
 .eh_frame      0x00000000000068b8      0x388 /home/roscube/Desktop/UMSD_v7.0.0_ADLINK/UMSD_v7.0.0/obj/dev/fir/src/api/msdDrv_obj/Fir_msdPortCtrlIntf.o
 .eh_frame      0x0000000000006c40       0xf8 /home/roscube/Desktop/UMSD_v7.0.0_ADLINK/UMSD_v7.0.0/obj/dev/fir/src/api/msdDrv_obj/Fir_msdPortPrioMapIntf.o
 .eh_frame      0x0000000000006d38       0x98 /home/roscube/Desktop/UMSD_v7.0.0_ADLINK/UMSD_v7.0.0/obj/dev/fir/src/api/msdDrv_obj/Fir_msdEcidIntf.o
 .eh_frame      0x0000000000006dd0       0xa8 /home/roscube/Desktop/UMSD_v7.0.0_ADLINK/UMSD_v7.0.0/obj/dev/fir/src/api/msdDrv_obj/Fir_msdQueueCtrlIntf.o
 .eh_frame      0x0000000000006e78       0xe0 /home/roscube/Desktop/UMSD_v7.0.0_ADLINK/UMSD_v7.0.0/obj/dev/fir/src/api/msdDrv_obj/Fir_msdTCAMRCIntf.o
 .eh_frame      0x0000000000006f58      0x1e0 /home/roscube/Desktop/UMSD_v7.0.0_ADLINK/UMSD_v7.0.0/obj/dev/fir/src/api/msdDrv_obj/Fir_msdRMUIntf.o
 .eh_frame      0x0000000000007138      0x940 /home/roscube/Desktop/UMSD_v7.0.0_ADLINK/UMSD_v7.0.0/obj/dev/fir/src/api/msdDrv_obj/Fir_msdPTP.o
 .eh_frame      0x0000000000007a78      0x178 /home/roscube/Desktop/UMSD_v7.0.0_ADLINK/UMSD_v7.0.0/obj/dev/fir/src/api/msdDrv_obj/Fir_msdPTPIntf.o
 .eh_frame      0x0000000000007bf0      0x400 /home/roscube/Desktop/UMSD_v7.0.0_ADLINK/UMSD_v7.0.0/obj/dev/fir/src/api/msdDrv_obj/Fir_msdLed.o
 .eh_frame      0x0000000000007ff0      0x120 /home/roscube/Desktop/UMSD_v7.0.0_ADLINK/UMSD_v7.0.0/obj/dev/fir/src/api/msdDrv_obj/Fir_msdLedIntf.o
 .eh_frame      0x0000000000008110       0x58 /home/roscube/Desktop/UMSD_v7.0.0_ADLINK/UMSD_v7.0.0/obj/dev/fir/src/api/msdDrv_obj/Fir_msdTCAMRCCompIntf.o
 .eh_frame      0x0000000000008168      0x100 /home/roscube/Desktop/UMSD_v7.0.0_ADLINK/UMSD_v7.0.0/obj/dev/fir/src/api/msdDrv_obj/Fir_msdEEPROM.o
 .eh_frame      0x0000000000008268       0x68 /home/roscube/Desktop/UMSD_v7.0.0_ADLINK/UMSD_v7.0.0/obj/dev/fir/src/api/msdDrv_obj/Fir_msdEEPROMIntf.o
 .eh_frame      0x00000000000082d0      0x428 /home/roscube/Desktop/UMSD_v7.0.0_ADLINK/UMSD_v7.0.0/obj/dev/fir/src/api/msdDrv_obj/Fir_msdQcr.o
 .eh_frame      0x00000000000086f8      0x858 /home/roscube/Desktop/UMSD_v7.0.0_ADLINK/UMSD_v7.0.0/obj/dev/fir/src/api/msdDrv_obj/Fir_msdQci.o
 .eh_frame      0x0000000000008f50       0x60 /home/roscube/Desktop/UMSD_v7.0.0_ADLINK/UMSD_v7.0.0/obj/dev/fir/src/api/msdDrv_obj/Fir_msdQciIntf.o
 .eh_frame      0x0000000000008fb0      0xda0 /home/roscube/Desktop/UMSD_v7.0.0_ADLINK/UMSD_v7.0.0/obj/dev/fir/src/api/msdDrv_obj/Fir_msdMACSec.o
 .eh_frame      0x0000000000009d50      0x56c /home/roscube/Desktop/UMSD_v7.0.0_ADLINK/UMSD_v7.0.0/obj/dev/fir/src/api/msdDrv_obj/Fir_msdMACSecIntf.o
                                        0x570 (size before relaxing)

.gcc_except_table
 *(.gcc_except_table)

.gnu_extab
 *(.gnu_extab*)

.exception_ranges
 *(.exception_ranges)

.eh_frame
 *(.eh_frame)

.gnu_extab
 *(.gnu_extab)

.gcc_except_table
 *(.gcc_except_table)

.exception_ranges
 *(.exception_ranges)

.tdata
 *(.tdata)

.tbss
 *(.tbss)

.jcr
 *(.jcr)

.dynamic
 *(.dynamic)

.got
 *(.got)

.got.plt
 *(.got.plt)

.data           0x0000000000000000        0x0
 *(.data)
 .data          0x0000000000000000        0x0 /home/roscube/Desktop/UMSD_v7.0.0_ADLINK/UMSD_v7.0.0/obj/dev/fir/src/api/msdDrv_obj/Fir_msdTCAM.o
 .data          0x0000000000000000        0x0 /home/roscube/Desktop/UMSD_v7.0.0_ADLINK/UMSD_v7.0.0/obj/dev/fir/src/api/msdDrv_obj/Fir_msdTCAMRC.o
 .data          0x0000000000000000        0x0 /home/roscube/Desktop/UMSD_v7.0.0_ADLINK/UMSD_v7.0.0/obj/dev/fir/src/api/msdDrv_obj/Fir_msdTCAMRCComp.o
 .data          0x0000000000000000        0x0 /home/roscube/Desktop/UMSD_v7.0.0_ADLINK/UMSD_v7.0.0/obj/dev/fir/src/api/msdDrv_obj/Fir_msdBrgFdb.o
 .data          0x0000000000000000        0x0 /home/roscube/Desktop/UMSD_v7.0.0_ADLINK/UMSD_v7.0.0/obj/dev/fir/src/api/msdDrv_obj/Fir_msdPolicy.o
 .data          0x0000000000000000        0x0 /home/roscube/Desktop/UMSD_v7.0.0_ADLINK/UMSD_v7.0.0/obj/dev/fir/src/api/msdDrv_obj/Fir_msdBrgVtu.o
 .data          0x0000000000000000        0x0 /home/roscube/Desktop/UMSD_v7.0.0_ADLINK/UMSD_v7.0.0/obj/dev/fir/src/api/msdDrv_obj/Fir_msdArp.o
 .data          0x0000000000000000        0x0 /home/roscube/Desktop/UMSD_v7.0.0_ADLINK/UMSD_v7.0.0/obj/dev/fir/src/api/msdDrv_obj/Fir_msdBrgStu.o
 .data          0x0000000000000000        0x0 /home/roscube/Desktop/UMSD_v7.0.0_ADLINK/UMSD_v7.0.0/obj/dev/fir/src/api/msdDrv_obj/Fir_msdPIRL.o
 .data          0x0000000000000000        0x0 /home/roscube/Desktop/UMSD_v7.0.0_ADLINK/UMSD_v7.0.0/obj/dev/fir/src/api/msdDrv_obj/Fir_msdPortRmon.o
 .data          0x0000000000000000        0x0 /home/roscube/Desktop/UMSD_v7.0.0_ADLINK/UMSD_v7.0.0/obj/dev/fir/src/api/msdDrv_obj/Fir_msdPortCtrl.o
 .data          0x0000000000000000        0x0 /home/roscube/Desktop/UMSD_v7.0.0_ADLINK/UMSD_v7.0.0/obj/dev/fir/src/api/msdDrv_obj/Fir_msdEcid.o
 .data          0x0000000000000000        0x0 /home/roscube/Desktop/UMSD_v7.0.0_ADLINK/UMSD_v7.0.0/obj/dev/fir/src/api/msdDrv_obj/Fir_msdPortPrioMap.o
 .data          0x0000000000000000        0x0 /home/roscube/Desktop/UMSD_v7.0.0_ADLINK/UMSD_v7.0.0/obj/dev/fir/src/api/msdDrv_obj/Fir_msdQueueCtrl.o
 .data          0x0000000000000000        0x0 /home/roscube/Desktop/UMSD_v7.0.0_ADLINK/UMSD_v7.0.0/obj/dev/fir/src/api/msdDrv_obj/Fir_msdSysCtrl.o
 .data          0x0000000000000000        0x0 /home/roscube/Desktop/UMSD_v7.0.0_ADLINK/UMSD_v7.0.0/obj/dev/fir/src/api/msdDrv_obj/Fir_msdPhyCtrl.o
 .data          0x0000000000000000        0x0 /home/roscube/Desktop/UMSD_v7.0.0_ADLINK/UMSD_v7.0.0/obj/dev/fir/src/api/msdDrv_obj/Fir_msdRMU.o
 .data          0x0000000000000000        0x0 /home/roscube/Desktop/UMSD_v7.0.0_ADLINK/UMSD_v7.0.0/obj/dev/fir/src/api/msdDrv_obj/Fir_msdTCAMIntf.o
 .data          0x0000000000000000        0x0 /home/roscube/Desktop/UMSD_v7.0.0_ADLINK/UMSD_v7.0.0/obj/dev/fir/src/api/msdDrv_obj/Fir_msdFRER.o
 .data          0x0000000000000000        0x0 /home/roscube/Desktop/UMSD_v7.0.0_ADLINK/UMSD_v7.0.0/obj/dev/fir/src/api/msdDrv_obj/Fir_msdFRERIntf.o
 .data          0x0000000000000000        0x0 /home/roscube/Desktop/UMSD_v7.0.0_ADLINK/UMSD_v7.0.0/obj/dev/fir/src/api/msdDrv_obj/Fir_msdBrgFdbIntf.o
 .data          0x0000000000000000        0x0 /home/roscube/Desktop/UMSD_v7.0.0_ADLINK/UMSD_v7.0.0/obj/dev/fir/src/api/msdDrv_obj/Fir_msdBrgVtuIntf.o
 .data          0x0000000000000000        0x0 /home/roscube/Desktop/UMSD_v7.0.0_ADLINK/UMSD_v7.0.0/obj/dev/fir/src/api/msdDrv_obj/Fir_msdBrgStuIntf.o
 .data          0x0000000000000000        0x0 /home/roscube/Desktop/UMSD_v7.0.0_ADLINK/UMSD_v7.0.0/obj/dev/fir/src/api/msdDrv_obj/Fir_msdPIRLIntf.o
 .data          0x0000000000000000        0x0 /home/roscube/Desktop/UMSD_v7.0.0_ADLINK/UMSD_v7.0.0/obj/dev/fir/src/api/msdDrv_obj/Fir_msdQav.o
 .data          0x0000000000000000        0x0 /home/roscube/Desktop/UMSD_v7.0.0_ADLINK/UMSD_v7.0.0/obj/dev/fir/src/api/msdDrv_obj/Fir_msdArpIntf.o
 .data          0x0000000000000000        0x0 /home/roscube/Desktop/UMSD_v7.0.0_ADLINK/UMSD_v7.0.0/obj/dev/fir/src/api/msdDrv_obj/Fir_msdPortRmonIntf.o
 .data          0x0000000000000000        0x0 /home/roscube/Desktop/UMSD_v7.0.0_ADLINK/UMSD_v7.0.0/obj/dev/fir/src/api/msdDrv_obj/Fir_msdPortCtrlIntf.o
 .data          0x0000000000000000        0x0 /home/roscube/Desktop/UMSD_v7.0.0_ADLINK/UMSD_v7.0.0/obj/dev/fir/src/api/msdDrv_obj/Fir_msdPortPrioMapIntf.o
 .data          0x0000000000000000        0x0 /home/roscube/Desktop/UMSD_v7.0.0_ADLINK/UMSD_v7.0.0/obj/dev/fir/src/api/msdDrv_obj/Fir_msdEcidIntf.o
 .data          0x0000000000000000        0x0 /home/roscube/Desktop/UMSD_v7.0.0_ADLINK/UMSD_v7.0.0/obj/dev/fir/src/api/msdDrv_obj/Fir_msdQueueCtrlIntf.o
 .data          0x0000000000000000        0x0 /home/roscube/Desktop/UMSD_v7.0.0_ADLINK/UMSD_v7.0.0/obj/dev/fir/src/api/msdDrv_obj/Fir_msdSysCtrlIntf.o
 .data          0x0000000000000000        0x0 /home/roscube/Desktop/UMSD_v7.0.0_ADLINK/UMSD_v7.0.0/obj/dev/fir/src/api/msdDrv_obj/Fir_msdPhyCtrlIntf.o
 .data          0x0000000000000000        0x0 /home/roscube/Desktop/UMSD_v7.0.0_ADLINK/UMSD_v7.0.0/obj/dev/fir/src/api/msdDrv_obj/Fir_msdPolicyIntf.o
 .data          0x0000000000000000        0x0 /home/roscube/Desktop/UMSD_v7.0.0_ADLINK/UMSD_v7.0.0/obj/dev/fir/src/api/msdDrv_obj/Fir_msdTCAMRCIntf.o
 .data          0x0000000000000000        0x0 /home/roscube/Desktop/UMSD_v7.0.0_ADLINK/UMSD_v7.0.0/obj/dev/fir/src/api/msdDrv_obj/Fir_msdRMUIntf.o
 .data          0x0000000000000000        0x0 /home/roscube/Desktop/UMSD_v7.0.0_ADLINK/UMSD_v7.0.0/obj/dev/fir/src/api/msdDrv_obj/Fir_msdPTP.o
 .data          0x0000000000000000        0x0 /home/roscube/Desktop/UMSD_v7.0.0_ADLINK/UMSD_v7.0.0/obj/dev/fir/src/api/msdDrv_obj/Fir_msdPTPIntf.o
 .data          0x0000000000000000        0x0 /home/roscube/Desktop/UMSD_v7.0.0_ADLINK/UMSD_v7.0.0/obj/dev/fir/src/api/msdDrv_obj/Fir_msdLed.o
 .data          0x0000000000000000        0x0 /home/roscube/Desktop/UMSD_v7.0.0_ADLINK/UMSD_v7.0.0/obj/dev/fir/src/api/msdDrv_obj/Fir_msdLedIntf.o
 .data          0x0000000000000000        0x0 /home/roscube/Desktop/UMSD_v7.0.0_ADLINK/UMSD_v7.0.0/obj/dev/fir/src/api/msdDrv_obj/Fir_msdTCAMRCCompIntf.o
 .data          0x0000000000000000        0x0 /home/roscube/Desktop/UMSD_v7.0.0_ADLINK/UMSD_v7.0.0/obj/dev/fir/src/api/msdDrv_obj/Fir_msdEEPROM.o
 .data          0x0000000000000000        0x0 /home/roscube/Desktop/UMSD_v7.0.0_ADLINK/UMSD_v7.0.0/obj/dev/fir/src/api/msdDrv_obj/Fir_msdEEPROMIntf.o
 .data          0x0000000000000000        0x0 /home/roscube/Desktop/UMSD_v7.0.0_ADLINK/UMSD_v7.0.0/obj/dev/fir/src/api/msdDrv_obj/Fir_msdQcr.o
 .data          0x0000000000000000        0x0 /home/roscube/Desktop/UMSD_v7.0.0_ADLINK/UMSD_v7.0.0/obj/dev/fir/src/api/msdDrv_obj/Fir_msdQci.o
 .data          0x0000000000000000        0x0 /home/roscube/Desktop/UMSD_v7.0.0_ADLINK/UMSD_v7.0.0/obj/dev/fir/src/api/msdDrv_obj/Fir_msdQciIntf.o
 .data          0x0000000000000000        0x0 /home/roscube/Desktop/UMSD_v7.0.0_ADLINK/UMSD_v7.0.0/obj/dev/fir/src/api/msdDrv_obj/Fir_msdMACSec.o
 .data          0x0000000000000000        0x0 /home/roscube/Desktop/UMSD_v7.0.0_ADLINK/UMSD_v7.0.0/obj/dev/fir/src/api/msdDrv_obj/Fir_msdMACSecIntf.o

.data1
 *(.data1)

.bss            0x0000000000000000      0x2f4
 *(.bss)
 .bss           0x0000000000000000        0x0 /home/roscube/Desktop/UMSD_v7.0.0_ADLINK/UMSD_v7.0.0/obj/dev/fir/src/api/msdDrv_obj/Fir_msdTCAM.o
 .bss           0x0000000000000000        0x0 /home/roscube/Desktop/UMSD_v7.0.0_ADLINK/UMSD_v7.0.0/obj/dev/fir/src/api/msdDrv_obj/Fir_msdTCAMRC.o
 .bss           0x0000000000000000        0x0 /home/roscube/Desktop/UMSD_v7.0.0_ADLINK/UMSD_v7.0.0/obj/dev/fir/src/api/msdDrv_obj/Fir_msdTCAMRCComp.o
 .bss           0x0000000000000000        0x0 /home/roscube/Desktop/UMSD_v7.0.0_ADLINK/UMSD_v7.0.0/obj/dev/fir/src/api/msdDrv_obj/Fir_msdBrgFdb.o
 .bss           0x0000000000000000        0x0 /home/roscube/Desktop/UMSD_v7.0.0_ADLINK/UMSD_v7.0.0/obj/dev/fir/src/api/msdDrv_obj/Fir_msdPolicy.o
 .bss           0x0000000000000000        0x0 /home/roscube/Desktop/UMSD_v7.0.0_ADLINK/UMSD_v7.0.0/obj/dev/fir/src/api/msdDrv_obj/Fir_msdBrgVtu.o
 .bss           0x0000000000000000        0x0 /home/roscube/Desktop/UMSD_v7.0.0_ADLINK/UMSD_v7.0.0/obj/dev/fir/src/api/msdDrv_obj/Fir_msdArp.o
 .bss           0x0000000000000000        0x0 /home/roscube/Desktop/UMSD_v7.0.0_ADLINK/UMSD_v7.0.0/obj/dev/fir/src/api/msdDrv_obj/Fir_msdBrgStu.o
 .bss           0x0000000000000000        0x0 /home/roscube/Desktop/UMSD_v7.0.0_ADLINK/UMSD_v7.0.0/obj/dev/fir/src/api/msdDrv_obj/Fir_msdPIRL.o
 .bss           0x0000000000000000        0x0 /home/roscube/Desktop/UMSD_v7.0.0_ADLINK/UMSD_v7.0.0/obj/dev/fir/src/api/msdDrv_obj/Fir_msdPortRmon.o
 .bss           0x0000000000000000        0x0 /home/roscube/Desktop/UMSD_v7.0.0_ADLINK/UMSD_v7.0.0/obj/dev/fir/src/api/msdDrv_obj/Fir_msdPortCtrl.o
 .bss           0x0000000000000000        0x0 /home/roscube/Desktop/UMSD_v7.0.0_ADLINK/UMSD_v7.0.0/obj/dev/fir/src/api/msdDrv_obj/Fir_msdEcid.o
 .bss           0x0000000000000000        0x0 /home/roscube/Desktop/UMSD_v7.0.0_ADLINK/UMSD_v7.0.0/obj/dev/fir/src/api/msdDrv_obj/Fir_msdPortPrioMap.o
 .bss           0x0000000000000000        0x0 /home/roscube/Desktop/UMSD_v7.0.0_ADLINK/UMSD_v7.0.0/obj/dev/fir/src/api/msdDrv_obj/Fir_msdQueueCtrl.o
 .bss           0x0000000000000000        0x0 /home/roscube/Desktop/UMSD_v7.0.0_ADLINK/UMSD_v7.0.0/obj/dev/fir/src/api/msdDrv_obj/Fir_msdSysCtrl.o
 .bss           0x0000000000000000        0x0 /home/roscube/Desktop/UMSD_v7.0.0_ADLINK/UMSD_v7.0.0/obj/dev/fir/src/api/msdDrv_obj/Fir_msdPhyCtrl.o
 .bss           0x0000000000000000        0x0 /home/roscube/Desktop/UMSD_v7.0.0_ADLINK/UMSD_v7.0.0/obj/dev/fir/src/api/msdDrv_obj/Fir_msdRMU.o
 .bss           0x0000000000000000        0x0 /home/roscube/Desktop/UMSD_v7.0.0_ADLINK/UMSD_v7.0.0/obj/dev/fir/src/api/msdDrv_obj/Fir_msdTCAMIntf.o
 .bss           0x0000000000000000        0x0 /home/roscube/Desktop/UMSD_v7.0.0_ADLINK/UMSD_v7.0.0/obj/dev/fir/src/api/msdDrv_obj/Fir_msdFRER.o
 .bss           0x0000000000000000        0x0 /home/roscube/Desktop/UMSD_v7.0.0_ADLINK/UMSD_v7.0.0/obj/dev/fir/src/api/msdDrv_obj/Fir_msdFRERIntf.o
 .bss           0x0000000000000000        0x0 /home/roscube/Desktop/UMSD_v7.0.0_ADLINK/UMSD_v7.0.0/obj/dev/fir/src/api/msdDrv_obj/Fir_msdBrgFdbIntf.o
 .bss           0x0000000000000000        0x0 /home/roscube/Desktop/UMSD_v7.0.0_ADLINK/UMSD_v7.0.0/obj/dev/fir/src/api/msdDrv_obj/Fir_msdBrgVtuIntf.o
 .bss           0x0000000000000000        0x0 /home/roscube/Desktop/UMSD_v7.0.0_ADLINK/UMSD_v7.0.0/obj/dev/fir/src/api/msdDrv_obj/Fir_msdBrgStuIntf.o
 .bss           0x0000000000000000        0x0 /home/roscube/Desktop/UMSD_v7.0.0_ADLINK/UMSD_v7.0.0/obj/dev/fir/src/api/msdDrv_obj/Fir_msdPIRLIntf.o
 .bss           0x0000000000000000        0x0 /home/roscube/Desktop/UMSD_v7.0.0_ADLINK/UMSD_v7.0.0/obj/dev/fir/src/api/msdDrv_obj/Fir_msdQav.o
 .bss           0x0000000000000000        0x0 /home/roscube/Desktop/UMSD_v7.0.0_ADLINK/UMSD_v7.0.0/obj/dev/fir/src/api/msdDrv_obj/Fir_msdArpIntf.o
 .bss           0x0000000000000000        0x0 /home/roscube/Desktop/UMSD_v7.0.0_ADLINK/UMSD_v7.0.0/obj/dev/fir/src/api/msdDrv_obj/Fir_msdPortRmonIntf.o
 .bss           0x0000000000000000        0x0 /home/roscube/Desktop/UMSD_v7.0.0_ADLINK/UMSD_v7.0.0/obj/dev/fir/src/api/msdDrv_obj/Fir_msdPortCtrlIntf.o
 .bss           0x0000000000000000        0x0 /home/roscube/Desktop/UMSD_v7.0.0_ADLINK/UMSD_v7.0.0/obj/dev/fir/src/api/msdDrv_obj/Fir_msdPortPrioMapIntf.o
 .bss           0x0000000000000000        0x0 /home/roscube/Desktop/UMSD_v7.0.0_ADLINK/UMSD_v7.0.0/obj/dev/fir/src/api/msdDrv_obj/Fir_msdEcidIntf.o
 .bss           0x0000000000000000        0x0 /home/roscube/Desktop/UMSD_v7.0.0_ADLINK/UMSD_v7.0.0/obj/dev/fir/src/api/msdDrv_obj/Fir_msdQueueCtrlIntf.o
 .bss           0x0000000000000000        0x0 /home/roscube/Desktop/UMSD_v7.0.0_ADLINK/UMSD_v7.0.0/obj/dev/fir/src/api/msdDrv_obj/Fir_msdSysCtrlIntf.o
 .bss           0x0000000000000000        0x0 /home/roscube/Desktop/UMSD_v7.0.0_ADLINK/UMSD_v7.0.0/obj/dev/fir/src/api/msdDrv_obj/Fir_msdPhyCtrlIntf.o
 .bss           0x0000000000000000        0x0 /home/roscube/Desktop/UMSD_v7.0.0_ADLINK/UMSD_v7.0.0/obj/dev/fir/src/api/msdDrv_obj/Fir_msdPolicyIntf.o
 .bss           0x0000000000000000        0x0 /home/roscube/Desktop/UMSD_v7.0.0_ADLINK/UMSD_v7.0.0/obj/dev/fir/src/api/msdDrv_obj/Fir_msdTCAMRCIntf.o
 .bss           0x0000000000000000        0x0 /home/roscube/Desktop/UMSD_v7.0.0_ADLINK/UMSD_v7.0.0/obj/dev/fir/src/api/msdDrv_obj/Fir_msdRMUIntf.o
 .bss           0x0000000000000000        0x0 /home/roscube/Desktop/UMSD_v7.0.0_ADLINK/UMSD_v7.0.0/obj/dev/fir/src/api/msdDrv_obj/Fir_msdPTP.o
 .bss           0x0000000000000000        0x0 /home/roscube/Desktop/UMSD_v7.0.0_ADLINK/UMSD_v7.0.0/obj/dev/fir/src/api/msdDrv_obj/Fir_msdPTPIntf.o
 .bss           0x0000000000000000        0x0 /home/roscube/Desktop/UMSD_v7.0.0_ADLINK/UMSD_v7.0.0/obj/dev/fir/src/api/msdDrv_obj/Fir_msdLed.o
 .bss           0x0000000000000000        0x0 /home/roscube/Desktop/UMSD_v7.0.0_ADLINK/UMSD_v7.0.0/obj/dev/fir/src/api/msdDrv_obj/Fir_msdLedIntf.o
 .bss           0x0000000000000000        0x0 /home/roscube/Desktop/UMSD_v7.0.0_ADLINK/UMSD_v7.0.0/obj/dev/fir/src/api/msdDrv_obj/Fir_msdTCAMRCCompIntf.o
 .bss           0x0000000000000000        0x0 /home/roscube/Desktop/UMSD_v7.0.0_ADLINK/UMSD_v7.0.0/obj/dev/fir/src/api/msdDrv_obj/Fir_msdEEPROM.o
 .bss           0x0000000000000000        0x0 /home/roscube/Desktop/UMSD_v7.0.0_ADLINK/UMSD_v7.0.0/obj/dev/fir/src/api/msdDrv_obj/Fir_msdEEPROMIntf.o
 .bss           0x0000000000000000        0x0 /home/roscube/Desktop/UMSD_v7.0.0_ADLINK/UMSD_v7.0.0/obj/dev/fir/src/api/msdDrv_obj/Fir_msdQcr.o
 .bss           0x0000000000000000        0x0 /home/roscube/Desktop/UMSD_v7.0.0_ADLINK/UMSD_v7.0.0/obj/dev/fir/src/api/msdDrv_obj/Fir_msdQci.o
 .bss           0x0000000000000000        0x0 /home/roscube/Desktop/UMSD_v7.0.0_ADLINK/UMSD_v7.0.0/obj/dev/fir/src/api/msdDrv_obj/Fir_msdQciIntf.o
 .bss           0x0000000000000000      0x2f4 /home/roscube/Desktop/UMSD_v7.0.0_ADLINK/UMSD_v7.0.0/obj/dev/fir/src/api/msdDrv_obj/Fir_msdMACSec.o
 .bss           0x00000000000002f4        0x0 /home/roscube/Desktop/UMSD_v7.0.0_ADLINK/UMSD_v7.0.0/obj/dev/fir/src/api/msdDrv_obj/Fir_msdMACSecIntf.o

.lbss
 *(.lbss)

.lrodata
 *(.lrodata)

.ldata
 *(.ldata)

.stab
 *(.stab)

.stabstr
 *(.stabstr)

.stab.excl
 *(.stab.excl)

.stab.exclstr
 *(.stab.exclstr)

.stab.index
 *(.stab.index)

.stab.indexstr
 *(.stab.indexstr)

.comment        0x0000000000000000      0x840
 *(.comment)
 .comment       0x0000000000000000       0x2c /home/roscube/Desktop/UMSD_v7.0.0_ADLINK/UMSD_v7.0.0/obj/dev/fir/src/api/msdDrv_obj/Fir_msdTCAM.o
 .comment       0x000000000000002c       0x2c /home/roscube/Desktop/UMSD_v7.0.0_ADLINK/UMSD_v7.0.0/obj/dev/fir/src/api/msdDrv_obj/Fir_msdTCAMRC.o