
Merging program properties


Discarded input sections

 .note.gnu.property
                0x0000000000000000       0x20 /home/roscube/Desktop/UMSD_v7.0.0_ADLINK/UMSD_v7.0.0/obj/dev/bonsai/src/api/msdDrv_obj/Bonsai_msdTCAMRC.o
 .note.gnu.property
                0x0000000000000000       0x20 /home/roscube/Desktop/UMSD_v7.0.0_ADLINK/UMSD_v7.0.0/obj/dev/bonsai/src/api/msdDrv_obj/Bonsai_msdTCAMRCComp.o
 .note.gnu.property
                0x0000000000000000       0x20 /home/roscube/Desktop/UMSD_v7.0.0_ADLINK/UMSD_v7.0.0/obj/dev/bonsai/src/api/msdDrv_obj/Bonsai_msdBrgFdb.o
 .note.gnu.property
                0x0000000000000000       0x20 /home/roscube/Desktop/UMSD_v7.0.0_ADLINK/UMSD_v7.0.0/obj/dev/bonsai/src/api/msdDrv_obj/Bonsai_msdPolicy.o
 .note.gnu.property
                0x0000000000000000       0x20 /home/roscube/Desktop/UMSD_v7.0.0_ADLINK/UMSD_v7.0.0/obj/dev/bonsai/src/api/msdDrv_obj/Bonsai_msdBrgVtu.o
 .note.gnu.property
                0x0000000000000000       0x20 /home/roscube/Desktop/UMSD_v7.0.0_ADLINK/UMSD_v7.0.0/obj/dev/bonsai/src/api/msdDrv_obj/Bonsai_msdArp.o
 .note.gnu.property
                0x0000000000000000       0x20 /home/roscube/Desktop/UMSD_v7.0.0_ADLINK/UMSD_v7.0.0/obj/dev/bonsai/src/api/msdDrv_obj/Bonsai_msdBrgStu.o
 .note.gnu.property
                0x0000000000000000       0x20 /home/roscube/Desktop/UMSD_v7.0.0_ADLINK/UMSD_v7.0.0/obj/dev/bonsai/src/api/msdDrv_obj/Bonsai_msdPIRL.o
 .note.gnu.property
                0x0000000000000000       0x20 /home/roscube/Desktop/UMSD_v7.0.0_ADLINK/UMSD_v7.0.0/obj/dev/bonsai/src/api/msdDrv_obj/Bonsai_msdPortRmon.o
 .note.gnu.property
                0x0000000000000000       0x20 /home/roscube/Desktop/UMSD_v7.0.0_ADLINK/UMSD_v7.0.0/obj/dev/bonsai/src/api/msdDrv_obj/Bonsai_msdPortCtrl.o
 .note.gnu.property
                0x0000000000000000       0x20 /home/roscube/Desktop/UMSD_v7.0.0_ADLINK/UMSD_v7.0.0/obj/dev/bonsai/src/api/msdDrv_obj/Bonsai_msdEcid.o
 .note.gnu.property
                0x0000000000000000       0x20 /home/roscube/Desktop/UMSD_v7.0.0_ADLINK/UMSD_v7.0.0/obj/dev/bonsai/src/api/msdDrv_obj/Bonsai_msdPortPrioMap.o
 .note.gnu.property
                0x0000000000000000       0x20 /home/roscube/Desktop/UMSD_v7.0.0_ADLINK/UMSD_v7.0.0/obj/dev/bonsai/src/api/msdDrv_obj/Bonsai_msdQueueCtrl.o
 .note.gnu.property
                0x0000000000000000       0x20 /home/roscube/Desktop/UMSD_v7.0.0_ADLINK/UMSD_v7.0.0/obj/dev/bonsai/src/api/msdDrv_obj/Bonsai_msdSysCtrl.o
 .note.gnu.property
                0x0000000000000000       0x20 /home/roscube/Desktop/UMSD_v7.0.0_ADLINK/UMSD_v7.0.0/obj/dev/bonsai/src/api/msdDrv_obj/Bonsai_msdPhyCtrl.o
 .note.gnu.property
                0x0000000000000000       0x20 /home/roscube/Desktop/UMSD_v7.0.0_ADLINK/UMSD_v7.0.0/obj/dev/bonsai/src/api/msdDrv_obj/Bonsai_msdRMU.o
 .note.gnu.property
                0x0000000000000000       0x20 /home/roscube/Desktop/UMSD_v7.0.0_ADLINK/UMSD_v7.0.0/obj/dev/bonsai/src/api/msdDrv_obj/Bonsai_msdTCAMIntf.o
 .note.gnu.property
                0x0000000000000000       0x20 /home/roscube/Desktop/UMSD_v7.0.0_ADLINK/UMSD_v7.0.0/obj/dev/bonsai/src/api/msdDrv_obj/Bonsai_msdQci.o
 .note.gnu.property
                0x0000000000000000       0x20 /home/roscube/Desktop/UMSD_v7.0.0_ADLINK/UMSD_v7.0.0/obj/dev/bonsai/src/api/msdDrv_obj/Bonsai_msdQciIntf.o
 .note.gnu.property
                0x0000000000000000       0x20 /home/roscube/Desktop/UMSD_v7.0.0_ADLINK/UMSD_v7.0.0/obj/dev/bonsai/src/api/msdDrv_obj/Bonsai_msdBrgFdbIntf.o
 .note.gnu.property
                0x0000000000000000       0x20 /home/roscube/Desktop/UMSD_v7.0.0_ADLINK/UMSD_v7.0.0/obj/dev/bonsai/src/api/msdDrv_obj/Bonsai_msdBrgVtuIntf.o
 .note.gnu.property
                0x0000000000000000       0x20 /home/roscube/Desktop/UMSD_v7.0.0_ADLINK/UMSD_v7.0.0/obj/dev/bonsai/src/api/msdDrv_obj/Bonsai_msdBrgStuIntf.o
 .note.gnu.property
                0x0000000000000000       0x20 /home/roscube/Desktop/UMSD_v7.0.0_ADLINK/UMSD_v7.0.0/obj/dev/bonsai/src/api/msdDrv_obj/Bonsai_msdPIRLIntf.o
 .note.gnu.property
                0x0000000000000000       0x20 /home/roscube/Desktop/UMSD_v7.0.0_ADLINK/UMSD_v7.0.0/obj/dev/bonsai/src/api/msdDrv_obj/Bonsai_msdQav.o
 .note.gnu.property
                0x0000000000000000       0x20 /home/roscube/Desktop/UMSD_v7.0.0_ADLINK/UMSD_v7.0.0/obj/dev/bonsai/src/api/msdDrv_obj/Bonsai_msdArpIntf.o
 .note.gnu.property
                0x0000000000000000       0x20 /home/roscube/Desktop/UMSD_v7.0.0_ADLINK/UMSD_v7.0.0/obj/dev/bonsai/src/api/msdDrv_obj/Bonsai_msdPortRmonIntf.o
 .note.gnu.property
                0x0000000000000000       0x20 /home/roscube/Desktop/UMSD_v7.0.0_ADLINK/UMSD_v7.0.0/obj/dev/bonsai/src/api/msdDrv_obj/Bonsai_msdPortCtrlIntf.o
 .note.gnu.property
                0x0000000000000000       0x20 /home/roscube/Desktop/UMSD_v7.0.0_ADLINK/UMSD_v7.0.0/obj/dev/bonsai/src/api/msdDrv_obj/Bonsai_msdPortPrioMapIntf.o
 .note.gnu.property
[...]
Memory Configuration

Name             Origin             Length             Attributes
*default*        0x0000000000000000 0xffffffffffffffff

Linker script and memory map

LOAD /home/roscube/Desktop/UMSD_v7.0.0_ADLINK/UMSD_v7.0.0/obj/dev/bonsai/src/api/msdDrv_obj/Bonsai_msdTCAM.o
LOAD /home/roscube/Desktop/UMSD_v7.0.0_ADLINK/UMSD_v7.0.0/obj/dev/bonsai/src/api/msdDrv_obj/Bonsai_msdTCAMRC.o
LOAD /home/roscube/Desktop/UMSD_v7.0.0_ADLINK/UMSD_v7.0.0/obj/dev/bonsai/src/api/msdDrv_obj/Bonsai_msdTCAMRCComp.o
LOAD /home/roscube/Desktop/UMSD_v7.0.0_ADLINK/UMSD_v7.0.0/obj/dev/bonsai/src/api/msdDrv_obj/Bonsai_msdBrgFdb.o
LOAD /home/roscube/Desktop/UMSD_v7.0.0_ADLINK/UMSD_v7.0.0/obj/dev/bonsai/src/api/msdDrv_obj/Bonsai_msdPolicy.o
LOAD /home/roscube/Desktop/UMSD_v7.0.0_ADLINK/UMSD_v7.0.0/obj/dev/bonsai/src/api/msdDrv_obj/Bonsai_msdBrgVtu.o
LOAD /home/roscube/Desktop/UMSD_v7.0.0_ADLINK/UMSD_v7.0.0/obj/dev/bonsai/src/api/msdDrv_obj/Bonsai_msdArp.o
LOAD /home/roscube/Desktop/UMSD_v7.0.0_ADLINK/UMSD_v7.0.0/obj/dev/bonsai/src/api/msdDrv_obj/Bonsai_msdBrgStu.o
LOAD /home/roscube/Desktop/UMSD_v7.0.0_ADLINK/UMSD_v7.0.0/obj/dev/bonsai/src/api/msdDrv_obj/Bonsai_msdPIRL.o
LOAD /home/roscube/Desktop/UMSD_v7.0.0_ADLINK/UMSD_v7.0.0/obj/dev/bonsai/src/api/msdDrv_obj/Bonsai_msdPortRmon.o
LOAD /home/roscube/Desktop/UMSD_v7.0.0_ADLINK/UMSD_v7.0.0/obj/dev/bonsai/src/api/msdDrv_obj/Bonsai_msdPortCtrl.o
LOAD /home/roscube/Desktop/UMSD_v7.0.0_ADLINK/UMSD_v7.0.0/obj/dev/bonsai/src/api/msdDrv_obj/Bonsai_msdEcid.o
LOAD /home/roscube/Desktop/UMSD_v7.0.0_ADLINK/UMSD_v7.0.0/obj/dev/bonsai/src/api/msdDrv_obj/Bonsai_msdPortPrioMap.o
LOAD /home/roscube/Desktop/UMSD_v7.0.0_ADLINK/UMSD_v7.0.0/obj/dev/bonsai/src/api/msdDrv_obj/Bonsai_msdQueueCtrl.o
LOAD /home/roscube/Desktop/UMSD_v7.0.0_ADLINK/UMSD_v7.0.0/obj/dev/bonsai/src/api/msdDrv_obj/Bonsai_msdSysCtrl.o
LOAD /home/roscube/Desktop/UMSD_v7.0.0_ADLINK/UMSD_v7.0.0/obj/dev/bonsai/src/api/msdDrv_obj/Bonsai_msdPhyCtrl.o
LOAD /home/roscube/Desktop/UMSD_v7.0.0_ADLINK/UMSD_v7.0.0/obj/dev/bonsai/src/api/msdDrv_obj/Bonsai_msdRMU.o
LOAD /home/roscube/Desktop/UMSD_v7.0.0_ADLINK/UMSD_v7.0.0/obj/dev/bonsai/src/api/msdDrv_obj/Bonsai_msdTCAMIntf.o
LOAD /home/roscube/Desktop/UMSD_v7.0.0_ADLINK/UMSD_v7.0.0/obj/dev/bonsai/src/api/msdDrv_obj/Bonsai_msdQci.o
LOAD /home/roscube/Desktop/UMSD_v7.0.0_ADLINK/UMSD_v7.0.0/obj/dev/bonsai/src/api/msdDrv_obj/Bonsai_msdQciIntf.o
LOAD /home/roscube/Desktop/UMSD_v7.0.0_ADLINK/UMSD_v7.0.0/obj/dev/bonsai/src/api/msdDrv_obj/Bonsai_msdBrgFdbIntf.o
LOAD /home/roscube/Desktop/UMSD_v7.0.0_ADLINK/UMSD_v7.0.0/obj/dev/bonsai/src/api/msdDrv_obj/Bonsai_msdBrgVtuIntf.o
LOAD /home/roscube/Desktop/UMSD_v7.0.0_ADLINK/UMSD_v7.0.0/obj/dev/bonsai/src/api/msdDrv_obj/Bonsai_msdBrgStuIntf.o
LOAD /home/roscube/Desktop/UMSD_v7.0.0_ADLINK/UMSD_v7.0.0/obj/dev/bonsai/src/api/msdDrv_obj/Bonsai_msdPIRLIntf.o
LOAD /home/roscube/Desktop/UMSD_v7.0.0_ADLINK/UMSD_v7.0.0/obj/dev/bonsai/src/api/msdDrv_obj/Bonsai_msdQav.o
LOAD /home/roscube/Desktop/UMSD_v7.0.0_ADLINK/UMSD_v7.0.0/obj/dev/bonsai/src/api/msdDrv_obj/Bonsai_msdArpIntf.o
LOAD /home/roscube/Desktop/UMSD_v7.0.0_ADLINK/UMSD_v7.0.0/obj/dev/bonsai/src/api/msdDrv_obj/Bonsai_msdPortRmonIntf.o
LOAD /home/roscube/Desktop/UMSD_v7.0.0_ADLINK/UMSD_v7.0.0/obj/dev/bonsai/src/api/msdDrv_obj/Bonsai_msdPortCtrlIntf.o
LOAD /home/roscube/Desktop/UMSD_v7.0.0_ADLINK/UMSD_v7.0.0/obj/dev/bonsai/src/api/msdDrv_obj/Bonsai_msdPortPrioMapIntf.o
LOAD /home/roscube/Desktop/UMSD_v7.0.0_ADLINK/UMSD_v7.0.0/obj/dev/bonsai/src/api/msdDrv_obj/Bonsai_msdEcidIntf.o
LOAD /home/roscube/Desktop/UMSD_v7.0.0_ADLINK/UMSD_v7.0.0/obj/dev/bonsai/src/api/msdDrv_obj/Bonsai_msdQueueCtrlIntf.o
LOAD /home/roscube/Desktop/UMSD_v7.0.0_ADLINK/UMSD_v7.0.0/obj/dev/bonsai/src/api/msdDrv_obj/Bonsai_msdSysCtrlIntf.o
LOAD /home/roscube/Desktop/UMSD_v7.0.0_ADLINK/UMSD_v7.0.0/obj/dev/bonsai/src/api/msdDrv_obj/Bonsai_msdPhyCtrlIntf.o
LOAD /home/roscube/Desktop/UMSD_v7.0.0_ADLINK/UMSD_v7.0.0/obj/dev/bonsai/src/api/msdDrv_obj/Bonsai_msdPolicyIntf.o
LOAD /home/roscube/Desktop/UMSD_v7.0.0_ADLINK/UMSD_v7.0.0/obj/dev/bonsai/src/api/msdDrv_obj/Bonsai_msdTCAMRCIntf.o
LOAD /home/roscube/Desktop/UMSD_v7.0.0_ADLINK/UMSD_v7.0.0/obj/dev/bonsai/src/api/msdDrv_obj/Bonsai_msdRMUIntf.o
LOAD /home/roscube/Desktop/UMSD_v7.0.0_ADLINK/UMSD_v7.0.0/obj/dev/bonsai/src/api/msdDrv_obj/Bonsai_msdPTP.o
LOAD /home/roscube/Desktop/UMSD_v7.0.0_ADLINK/UMSD_v7.0.0/obj/dev/bonsai/src/api/msdDrv_obj/Bonsai_msdPTPIntf.o
LOAD /home/roscube/Desktop/UMSD_v7.0.0_ADLINK/UMSD_v7.0.0/obj/dev/bonsai/src/api/msdDrv_obj/Bonsai_msdLed.o
LOAD /home/roscube/Desktop/UMSD_v7.0.0_ADLINK/UMSD_v7.0.0/obj/dev/bonsai/src/api/msdDrv_obj/Bonsai_msdLedIntf.o
LOAD /home/roscube/Desktop/UMSD_v7.0.0_ADLINK/UMSD_v7.0.0/obj/dev/bonsai/src/api/msdDrv_obj/Bonsai_msdTCAMRCCompIntf.o
LOAD /home/roscube/Desktop/UMSD_v7.0.0_ADLINK/UMSD_v7.0.0/obj/dev/bonsai/src/api/msdDrv_obj/Bonsai_msdEEPROM.o
LOAD /home/roscube/Desktop/UMSD_v7.0.0_ADLINK/UMSD_v7.0.0/obj/dev/bonsai/src/api/msdDrv_obj/Bonsai_msdEEPROMIntf.o

.interp
 *(.interp)

.note.gnu.property
                0x0000000000000000       0x20
 .note.gnu.property
                0x0000000000000000       0x20 /home/roscube/Desktop/UMSD_v7.0.0_ADLINK/UMSD_v7.0.0/obj/dev/bonsai/src/api/msdDrv_obj/Bonsai_msdTCAM.o

.note.gnu.build-id
 *(.note.gnu.build-id)

.hash
 *(.hash)

.gnu.hash
 *(.gnu.hash)

.dynsym
 *(.dynsym)

.dynstr
 *(.dynstr)

.gnu.version
 *(.gnu.version)

.gnu.version_d
 *(.gnu.version_d)

.gnu.version_r
 *(.gnu.version_r)

.rela.init
 *(.rela.init)

.rela.text
 *(.rela.text)

.rela.fini
 *(.rela.fini)

.rela.rodata
 *(.rela.rodata)

.rela.data.rel.ro
 *(.rela.data.rel.ro)

.rela.data
 *(.rela.data)

.rela.tdata
 *(.rela.tdata)

.rela.tbss
 *(.rela.tbss)

.rela.ctors
 *(.rela.ctors)

.rela.dtors
 *(.rela.dtors)

.rela.got
 *(.rela.got)

.rela.bss
 *(.rela.bss)

.rela.ldata
 *(.rela.ldata)

.rela.lbss
 *(.rela.lbss)

.rela.lrodata
 *(.rela.lrodata)

.rela.ifunc
 *(.rela.ifunc)

.rela.plt
 *(.rela.plt)

.relr.dyn
 *(.relr.dyn)

.init
 *(SORT_NONE(.init))

.plt
 *(.plt)

.plt.got
 *(.plt.got)

.plt.sec
 *(.plt.sec)

.text           0x0000000000000000    0x26879
 *(.text .stub)
 .text          0x0000000000000000     0x331c /home/roscube/Desktop/UMSD_v7.0.0_ADLINK/UMSD_v7.0.0/obj/dev/bonsai/src/api/msdDrv_obj/Bonsai_msdTCAM.o
                0x0000000000001840                Bonsai_gtcamFlushAll
                0x0000000000001890                Bonsai_gtcamFlushEntry
                0x00000000000018f0                Bonsai_gtcamLoadEntry
                0x0000000000001980                Bonsai_gtcamReadTCAMData
                0x0000000000001a00                Bonsai_gtcamGetNextTCAMData
                0x0000000000001aa0                Bonsai_gtcamFindEntry
                0x0000000000001b70                Bonsai_gtcamSetMode
                0x0000000000001bd0                Bonsai_gtcamGetMode
                0x0000000000001c60                Bonsai_gtcamAddEntryPort
                0x0000000000001d50                Bonsai_gtcamRemoveEntryPort
                0x0000000000001e50                Bonsai_gtcamEgrFlushEntry
                0x0000000000001ed0                Bonsai_gtcamEgrFlushEntryAllPorts
                0x0000000000001f30                Bonsai_gtcamEgrLoadEntry
                0x0000000000002100                Bonsai_gtcamEgrGetNextTCAMData
                0x00000000000021d0                Bonsai_gtcamEgrReadTCAMData
                0x0000000000002290                Bonsai_gtcamDump
                0x0000000000002990                Bonsai_gtcamAdvConfig
 *fill*         0x000000000000331c        0x4 
 .text          0x0000000000003320     0x178c /home/roscube/Desktop/UMSD_v7.0.0_ADLINK/UMSD_v7.0.0/obj/dev/bonsai/src/api/msdDrv_obj/Bonsai_msdTCAMRC.o
                0x0000000000003ca0                Bonsai_gtcamRCFlushAllEntry
                0x0000000000003d60                Bonsai_gtcamRCFlushEntry
                0x0000000000003e40                Bonsai_gtcamRCLoadEntry
                0x0000000000004140                Bonsai_gtcamRCReadEntry
                0x0000000000004240                Bonsai_gtcamRCGetNextEntry
                0x0000000000004380                Bonsai_gtcamRCFindEntry
                0x00000000000044d0                Bonsai_gtcamRCEntryDump
 *fill*         0x0000000000004aac        0x4 
 .text          0x0000000000004ab0      0xa43 /home/roscube/Desktop/UMSD_v7.0.0_ADLINK/UMSD_v7.0.0/obj/dev/bonsai/src/api/msdDrv_obj/Bonsai_msdTCAMRCComp.o
                0x0000000000004f00                Bonsai_gtcamRCCompFlushAll
                0x0000000000004fc0                Bonsai_gtcamRCCompFlushPort
                0x00000000000050a0                Bonsai_gtcamRCCompLoad
                0x0000000000005300                Bonsai_gtcamRCCompRead
 *fill*         0x00000000000054f3        0xd 
 .text          0x0000000000005500     0x1f15 /home/roscube/Desktop/UMSD_v7.0.0_ADLINK/UMSD_v7.0.0/obj/dev/bonsai/src/api/msdDrv_obj/Bonsai_msdBrgFdb.o
                0x00000000000066f0                Bonsai_gfdbGetAtuEntryNext
                0x0000000000006710                Bonsai_gfdbFlush
                0x0000000000006780                Bonsai_gfdbFlushInDB
                0x0000000000006800                Bonsai_gfdbMove
                0x00000000000068f0                Bonsai_gfdbMoveInDB
                0x00000000000069e0                Bonsai_gfdbAddMacEntry
                0x0000000000006ab0                Bonsai_gfdbDelAtuEntry
                0x0000000000006b40                Bonsai_gfdbGetViolation
                0x0000000000006c70                Bonsai_gfdbFindAtuMacEntry
                0x0000000000006da0                Bonsai_gfdbSetAgingTimeout
                0x0000000000006e20                Bonsai_gfdbGetAgingTimeout
                0x0000000000006eb0                Bonsai_gfdbGetLearn2All
                0x0000000000006f50                Bonsai_gfdbSetLearn2All
                0x0000000000006fa0                Bonsai_gfdbSetPortLearnLimit
                0x0000000000007110                Bonsai_gfdbGetPortLearnLimit
                0x0000000000007220                Bonsai_gfdbGetPortLearnCount
                0x00000000000072e0                Bonsai_gfdbGetEntryCount
                0x0000000000007330                Bonsai_gfdbGetEntryCountPerFid
                0x0000000000007380                Bonsai_gfdbGetNonStaticEntryCount
                0x00000000000073d0                Bonsai_gfdbGetNStaticEntryCountFid
 *fill*         0x0000000000007415        0xb 
 .text          0x0000000000007420     0x5f9e /home/roscube/Desktop/UMSD_v7.0.0_ADLINK/UMSD_v7.0.0/obj/dev/bonsai/src/api/msdDrv_obj/Bonsai_msdPolicy.o
                0x0000000000007680                Bonsai_gpolicySetMgmtCtrl
                0x00000000000076a0                Bonsai_gpolicyGetMgmtCtrl
                0x00000000000076c0                Bonsai_gpolicySetCpuDest
                0x0000000000007780                Bonsai_gpolicyGetCpuDest
                0x0000000000007810                Bonsai_gpolicySetIgrMonitorDest
                0x00000000000078d0                Bonsai_gpolicyGetIgrMonitorDest
                0x0000000000007960                Bonsai_gpolicySetRsvd2CpuEnables
                0x00000000000079b0                Bonsai_gpolicyGetRsvd2CpuEnables
                0x0000000000007a50                Bonsai_gpolicySetMGMTPri
                0x0000000000007af0                Bonsai_gpolicyGetMGMTPri
                0x0000000000007b50                Bonsai_gpolicySetRouteDest
                0x0000000000007c10                Bonsai_gpolicyGetRouteDest
                0x0000000000007ca0                Bonsai_gpolicySetMirrorDest
                0x0000000000007d60                Bonsai_gpolicyGetMirrorDest
                0x0000000000007df0                Bonsai_gpolicySetIllegalIPAddr
                0x0000000000007e90                Bonsai_gpolicyGetIllegalIPAddr
                0x0000000000007ef0                Bonsai_gpolicySetDipDaMismatch
                0x0000000000007f90                Bonsai_gpolicyGetDipDaMismatch
                0x0000000000007ff0                Bonsai_gpolicySetZeroSIP
                0x0000000000008090                Bonsai_gpolicyGetZeroSIP
                0x00000000000080f0                Bonsai_gpolicySetMcTtlExceeded
                0x00000000000081c0                Bonsai_gpolicyGetMcTtlExceeded
                0x0000000000008290                Bonsai_gpolicySetUcTtlExceeded
                0x0000000000008350                Bonsai_gpolicyGetUcTtlExceeded
                0x00000000000083b0                Bonsai_gprtSetPortTtlThreshold
                0x0000000000008440                Bonsai_gprtGetPortTtlThreshold
                0x00000000000084a0                Bonsai_gpolicySetIpHdrErr
                0x0000000000008540                Bonsai_gpolicyGetIpHdrErr
                0x00000000000085a0                Bonsai_gpolicySetTCPFinUrgPsh
                0x0000000000008640                Bonsai_gpolicyGetTCPFinUrgPsh
                0x00000000000086a0                Bonsai_gpolicySetTCPFlagsSeqNum
                0x0000000000008740                Bonsai_gpolicyGetTCPFlagsSeqNum
                0x00000000000087a0                Bonsai_gpolicySetTCPSYN
                0x0000000000008840                Bonsai_gpolicyGetTCPSYN
                0x00000000000088a0                Bonsai_gpolicySetTCPHSize
                0x0000000000008940                Bonsai_gpolicyGetTCPHSize
                0x00000000000089a0                Bonsai_gprtSetPortTCPMinHdrSize
                0x0000000000008a30                Bonsai_gprtGetPortTCPMinHdrSize
                0x0000000000008a90                Bonsai_gpolicySetICMPSize
                0x0000000000008b30                Bonsai_gpolicyGetICMPSize
                0x0000000000008b90                Bonsai_gprtSetPortICMPMaxSize
                0x0000000000008be0                Bonsai_gprtGetPortICMPMaxSize
                0x0000000000008c70                Bonsai_gpolicySetUDPPort
                0x0000000000008d10                Bonsai_gpolicyGetUDPPort
                0x0000000000008d70                Bonsai_gpolicySetTCPPort
                0x0000000000008e10                Bonsai_gpolicyGetTCPPort
                0x0000000000008e70                Bonsai_gpolicySetTCPSynFin
                0x0000000000008f10                Bonsai_gpolicyGetTCPSynFin
                0x0000000000008f70                Bonsai_gpolicySetTCPFrag
                0x0000000000009010                Bonsai_gpolicyGetTCPFrag
                0x0000000000009070                Bonsai_gpolicySetNearNonTPMR
                0x0000000000009110                Bonsai_gpolicyGetNearNonTPMR
                0x0000000000009170                Bonsai_gpolicySetETag
                0x0000000000009210                Bonsai_gpolicyGetETag
                0x0000000000009270                Bonsai_gpolicySetNonETag
                0x0000000000009310                Bonsai_gpolicyGetNonETag
                0x0000000000009370                Bonsai_gpolicyDump
 *fill*         0x000000000000d3be        0x2 
 .text          0x000000000000d3c0     0x1842 /home/roscube/Desktop/UMSD_v7.0.0_ADLINK/UMSD_v7.0.0/obj/dev/bonsai/src/api/msdDrv_obj/Bonsai_msdBrgVtu.o
                0x000000000000dfb0                Bonsai_gvtuGetEntryNext
                0x000000000000e120                Bonsai_gvtuFindVidEntry
                0x000000000000e2e0                Bonsai_gvtuFlush
                0x000000000000e300                Bonsai_gvtuAddEntry
                0x000000000000e450                Bonsai_gvtuDelEntry
                0x000000000000e4d0                Bonsai_gvtuSetMode
                0x000000000000e650                Bonsai_gvtuGetMode
                0x000000000000e7f0                Bonsai_gvtuGetViolation_MultiChip
                0x000000000000e900                Bonsai_gvtuGetViolation
                0x000000000000ea70                Bonsai_gvtuDump
 *fill*         0x000000000000ec02        0xe 
 .text          0x000000000000ec10      0x991 /home/roscube/Desktop/UMSD_v7.0.0_ADLINK/UMSD_v7.0.0/obj/dev/bonsai/src/api/msdDrv_obj/Bonsai_msdArp.o
                0x000000000000f200                Bonsai_garpLoadMcEntry
                0x000000000000f320                Bonsai_garpLoadUcEntry
                0x000000000000f3e0                Bonsai_garpFlushEntry
                0x000000000000f440                Bonsai_garpFlushAll
                0x000000000000f490                Bonsai_garpReadEntry
                0x000000000000f510                Bonsai_garpGetNextEntry
 *fill*         0x000000000000f5a1        0xf 
 .text          0x000000000000f5b0      0x7e5 /home/roscube/Desktop/UMSD_v7.0.0_ADLINK/UMSD_v7.0.0/obj/dev/bonsai/src/api/msdDrv_obj/Bonsai_msdBrgStu.o
                0x000000000000f950                Bonsai_gstuGetEntryNext
                0x000000000000fa50                Bonsai_gstuAddEntry
                0x000000000000fb20                Bonsai_gstuDelEntry
                0x000000000000fb80                Bonsai_gstuFindSidEntry
                0x000000000000fc90                Bonsai_gstuDump
 *fill*         0x000000000000fd95        0xb 
 .text          0x000000000000fda0      0xb95 /home/roscube/Desktop/UMSD_v7.0.0_ADLINK/UMSD_v7.0.0/obj/dev/bonsai/src/api/msdDrv_obj/Bonsai_msdPIRL.o
                0x0000000000010210                Bonsai_gpirlInitialize
                0x0000000000010230                Bonsai_gpirlInitResource
                0x00000000000102b0                Bonsai_gpirlCustomSetup_sr2c
                0x00000000000104a0                Bonsai_gpirlReadResource
                0x0000000000010670                Bonsai_gpirlWriteResource
                0x0000000000010810                Bonsai_gpirlGetResReg
                0x00000000000108b0                Bonsai_gpirlSetResReg
 *fill*         0x0000000000010935        0xb 
 .text          0x0000000000010940      0xdfc /home/roscube/Desktop/UMSD_v7.0.0_ADLINK/UMSD_v7.0.0/obj/dev/bonsai/src/api/msdDrv_obj/Bonsai_msdPortRmon.o
                0x0000000000010f90                Bonsai_gstatsFlushAll
                0x0000000000010fb0                Bonsai_gstatsFlushPort
                0x0000000000010ff0                Bonsai_gstatsGetPortCounter
                0x0000000000011050                Bonsai_gstatsGetPortAllCounters
                0x00000000000110a0                Bonsai_gstatsGetHistogramMode
                0x0000000000011160                Bonsai_gstatsSetHistogramMode
                0x00000000000111a0                Bonsai_gmibDump
 *fill*         0x000000000001173c        0x4 
 .text          0x0000000000011740     0x47ae /home/roscube/Desktop/UMSD_v7.0.0_ADLINK/UMSD_v7.0.0/obj/dev/bonsai/src/api/msdDrv_obj/Bonsai_msdPortCtrl.o
                0x0000000000011cc0                Bonsai_gvlnSetPortVid
                0x0000000000011d20                Bonsai_gvlnGetPortVid
                0x0000000000011db0                Bonsai_gprtSetForceDefaultVid
                0x0000000000011e10                Bonsai_gprtGetForceDefaultVid
                0x0000000000011eb0                Bonsai_gvlnSetPortVlanDot1qMode
                0x0000000000011f10                Bonsai_gvlnGetPortVlanDot1qMode
                0x0000000000011fa0                Bonsai_gprtSetDiscardTagged
                0x0000000000012000                Bonsai_gprtGetDiscardTagged
                0x00000000000120a0                Bonsai_gprtSetDiscardUntagged
                0x0000000000012100                Bonsai_gprtGetDiscardUntagged
                0x00000000000121a0                Bonsai_gprtSetUnicastFloodBlock
                0x0000000000012200                Bonsai_gprtGetUnicastFloodBlock
                0x00000000000122a0                Bonsai_gprtSetMulticastFloodBlock
                0x0000000000012300                Bonsai_gprtGetMulticastFloodBlock
                0x00000000000123a0                Bonsai_gprtSetDiscardBCastMode
                0x0000000000012400                Bonsai_gprtGetDiscardBCastMode
                0x00000000000124a0                Bonsai_gprtSetIGMPSnoopEnable
                0x0000000000012500                Bonsai_gprtGetIGMPSnoopEnable
                0x00000000000125a0                Bonsai_gprtGetHeaderMode
                0x0000000000012640                Bonsai_gprtSetHeaderMode
                0x00000000000126a0                Bonsai_gprtGetDropOnLock
                0x0000000000012740                Bonsai_gprtSetDropOnLock
                0x00000000000127a0                Bonsai_gprtSetJumboMode
                0x0000000000012810                Bonsai_gprtGetJumboMode
                0x00000000000128a0                Bonsai_gprtSetSpecifiedMTU
                0x0000000000012920                Bonsai_gprtGetSpecifiedMTU
                0x00000000000129b0                Bonsai_gprtSetLearnEnable
                0x0000000000012ab0                Bonsai_gprtGetLearnEnable
                0x0000000000012b40                Bonsai_gprtGetVTUPriorityOverride
                0x0000000000012bd0                Bonsai_gprtSetVTUPriorityOverride
                0x0000000000012c30                Bonsai_gprtGetSAPriorityOverride
                0x0000000000012cc0                Bonsai_gprtSetSAPriorityOverride
                0x0000000000012d20                Bonsai_gprtGetDAPriorityOverride
                0x0000000000012db0                Bonsai_gprtSetDAPriorityOverride
                0x0000000000012e10                Bonsai_gprtGetMessagePort
                0x0000000000012eb0                Bonsai_gprtSetMessagePort
                0x0000000000012f10                Bonsai_gprtGetEtherType
                0x0000000000012f30                Bonsai_gprtSetEtherType
                0x0000000000012f50                Bonsai_gprtGetAllowVidZero
                0x0000000000012ff0                Bonsai_gprtSetAllowVidZero
                0x0000000000013050                Bonsai_gprtSetTrunkPort
                0x0000000000013110                Bonsai_gprtGetTrunkPort
                0x00000000000131f0                Bonsai_gprtSetFlowCtrl
                0x00000000000132a0                Bonsai_gprtGetFlowCtrl
                0x0000000000013310                Bonsai_gprtSetEgressMonitorSource
                0x0000000000013370                Bonsai_gprtGetEgressMonitorSource
                0x0000000000013410                Bonsai_gprtSetIngressMonitorSource
                0x0000000000013470                Bonsai_gprtGetIngressMonitorSource
                0x0000000000013510                Bonsai_grcSetEgressRate
                0x0000000000013740                Bonsai_grcSetELimitMode
                0x00000000000137a0                Bonsai_grcGetELimitMode
                0x0000000000013830                Bonsai_grcGetEgressRate
                0x0000000000013970                Bonsai_gprtSetDuplex
                0x00000000000139e0                Bonsai_gprtGetDuplex
                0x0000000000013ab0                Bonsai_gprtGetDuplexStatus
                0x0000000000013b40                Bonsai_gprtGetForceLink
                0x0000000000013c10                Bonsai_gprtSetForceLink
                0x0000000000013c80                Bonsai_gprtGetLinkState
                0x0000000000013d10                Bonsai_gprtSetForceSpeed
                0x0000000000013f90                Bonsai_gprtGetForceSpeed
                0x0000000000014130                Bonsai_gprtGetSpeed
                0x0000000000014260                Bonsai_gprtGetVlanPorts
                0x0000000000014340                Bonsai_gprtSetVlanPorts
                0x0000000000014480                Bonsai_gprtGetFrameMode
                0x0000000000014510                Bonsai_gprtSetFrameMode
                0x0000000000014570                Bonsai_gprtSetPortECID
                0x0000000000014610                Bonsai_gprtGetPortECID
                0x0000000000014670                Bonsai_gprtSetIgnoreETag
                0x0000000000014700                Bonsai_gprtGetIgnoreETag
                0x0000000000014760                Bonsai_gprtSetEgressMode
                0x00000000000147c0                Bonsai_gprtGetEgressMode
                0x0000000000014850                Bonsai_gprtSetExtendedPortCtrlReg
                0x0000000000014930                Bonsai_gprtGetExtendedPortCtrlReg
                0x00000000000149d0                Bonsai_gprtGetPortState
                0x0000000000014a60                Bonsai_gprtSetPortState
                0x0000000000014ac0                Bonsai_gprtSetIgnoreFcs
                0x0000000000014b20                Bonsai_gprtGetIgnoreFcs
                0x0000000000014bc0                Bonsai_gprtSetAllowBadFcs
                0x0000000000014c20                Bonsai_gprtGetAllowBadFcs
                0x0000000000014cc0                Bonsai_gprtSetPauseLimitOut
                0x0000000000014d10                Bonsai_gprtGetPauseLimitOut
                0x0000000000014d60                Bonsai_gprtSetPauseLimitIn
                0x0000000000014da0                Bonsai_gprtGetPauseLimitIn
                0x0000000000014df0                Bonsai_gprtSetQueueToPause
                0x0000000000014e40                Bonsai_gprtGetQueueToPause
                0x0000000000014e90                Bonsai_gprtSetRxPriFlowCtrlEnable
                0x0000000000014f80                Bonsai_gprtGetRxPriFlowCtrlEnable
                0x0000000000015030                Bonsai_gprtSetRxPriFlowCtrlToQueue
                0x0000000000015120                Bonsai_gprtGetRxPriFlowCtrlToQueue
                0x00000000000151c0                Bonsai_gprtSetTxPriFlowCtrlEnable
                0x00000000000152b0                Bonsai_gprtGetTxPriFlowCtrlEnable
                0x0000000000015360                Bonsai_gprtGetOutQueueSize
                0x00000000000153f0                Bonsai_gprtSetMapDA
                0x0000000000015450                Bonsai_gprtGetMapDA
                0x00000000000154f0                Bonsai_gprtSetPortLocked
                0x0000000000015550                Bonsai_gprtGetPortLocked
                0x00000000000155f0                Bonsai_gprtSetHoldAt1
                0x0000000000015650                Bonsai_gprtGetHoldAt1
                0x00000000000156f0                Bonsai_gprtSetInt0nAgeOut
                0x0000000000015750                Bonsai_gprtGetInt0nAgeOut
                0x00000000000157f0                Bonsai_gprtSetRefreshLocked
                0x0000000000015850                Bonsai_gprtGetRefreshLocked
                0x00000000000158f0                Bonsai_gprtSetIgnoreWrongData
                0x0000000000015950                Bonsai_gprtGetIgnoreWrongData
                0x00000000000159f0                Bonsai_gprtSetARPMirror
                0x0000000000015a50                Bonsai_gprtGetARPMirror
                0x0000000000015af0                Bonsai_gprtSetPreemptSize
                0x0000000000015b50                Bonsai_gprtGetPreemptSize
                0x0000000000015bf0                Bonsai_gprtSetPreemptEnable
                0x0000000000015c50                Bonsai_gprtGetPreemptEnable
                0x0000000000015cf0                Bonsai_gprtSetPreemptQueue
                0x0000000000015d50                Bonsai_gprtGetPreemptQueue
                0x0000000000015df0                Bonsai_gprtRegDump
 *fill*         0x0000000000015eee        0x2 
 .text          0x0000000000015ef0     0x1391 /home/roscube/Desktop/UMSD_v7.0.0_ADLINK/UMSD_v7.0.0/obj/dev/bonsai/src/api/msdDrv_obj/Bonsai_msdEcid.o
                0x00000000000168c0                Bonsai_gBpeEnableSet
                0x0000000000016a10                Bonsai_gBpeEnableGet
                0x0000000000016ab0                Bonsai_gecidAddEntry
                0x0000000000016af0                Bonsai_gecidFlushAll
                0x0000000000016b60                Bonsai_gecidMove
                0x0000000000016c20                Bonsai_gecidFlushEntry
                0x0000000000016cb0                Bonsai_gecidGetEcidEntryNext
                0x0000000000016d30                Bonsai_gecidFindEcidEntry
                0x0000000000016e30                Bonsai_gecidGetEntryCount
                0x0000000000017120                Bonsai_gecidDump
 *fill*         0x0000000000017281        0xf 
 .text          0x0000000000017290      0xaa2 /home/roscube/Desktop/UMSD_v7.0.0_ADLINK/UMSD_v7.0.0/obj/dev/bonsai/src/api/msdDrv_obj/Bonsai_msdPortPrioMap.o
                0x0000000000017290                Bonsai_gqosSetPrioMapRule
                0x00000000000172f0                Bonsai_gqosGetPrioMapRule
                0x0000000000017390                Bonsai_gprtSetInitialPri
                0x0000000000017400                Bonsai_gprtGetInitialPri
                0x00000000000174d0                Bonsai_gprtSetDefQpri
                0x0000000000017530                Bonsai_gprtGetDefQpri
                0x00000000000175d0                Bonsai_gprtSetIEEEPrioMap
                0x00000000000177e0                Bonsai_gprtGetIEEEPrioMap
                0x0000000000017a00                Bonsai_gprtRewriteDscp
                0x0000000000017a60                Bonsai_gprtSetCosToQueue
                0x0000000000017af0                Bonsai_gprtGetCosToQueue
                0x0000000000017b50                Bonsai_gprtSetCosToDscp
                0x0000000000017be0                Bonsai_gprtGetCosToDscp
                0x0000000000017c40                Bonsai_gprtSetDefFpri
                0x0000000000017ca0                Bonsai_gprtGetDefFpri
 *fill*         0x0000000000017d32        0xe 
 .text          0x0000000000017d40      0x9fd /home/roscube/Desktop/UMSD_v7.0.0_ADLINK/UMSD_v7.0.0/obj/dev/bonsai/src/api/msdDrv_obj/Bonsai_msdQueueCtrl.o
                0x0000000000017d40                Bonsai_gprtSetQueueCtrl
                0x0000000000017e50                Bonsai_gprtGetQueueCtrl
                0x0000000000017f90                Bonsai_gprtSetPortSched
                0x0000000000017fe0                Bonsai_gprtGetPortSched
                0x00000000000180f0                Bonsai_gprtSetQoSWeight
                0x0000000000018420                Bonsai_gprtGetQoSWeight
 *fill*         0x000000000001873d        0x3 
 .text          0x0000000000018740     0x128d /home/roscube/Desktop/UMSD_v7.0.0_ADLINK/UMSD_v7.0.0/obj/dev/bonsai/src/api/msdDrv_obj/Bonsai_msdSysCtrl.o
                0x0000000000018740                Bonsai_gsysSetTrunkMaskTable
                0x0000000000018880                Bonsai_gsysGetTrunkMaskTable
                0x0000000000018a10                Bonsai_gsysSetHashTrunk
                0x0000000000018a40                Bonsai_gsysGetHashTrunk
                0x0000000000018ab0                Bonsai_gsysSetTrunkRouting
                0x0000000000018c10                Bonsai_gsysGetTrunkRouting
                0x0000000000018dd0                Bonsai_gsysSetFloodBC
                0x0000000000018e00                Bonsai_gsysGetFloodBC
                0x0000000000018e70                Bonsai_gsysSetEgressMonitorDest
                0x0000000000018ec0                Bonsai_gsysGetEgressMonitorDest
                0x0000000000018f60                Bonsai_gsysSetSMISetup
                0x0000000000019140                Bonsai_gsysGetSMISetup
                0x0000000000019320                Bonsai_gsysGlobal1RegDump
                0x00000000000193f0                Bonsai_gsysGlobal2RegDump
                0x00000000000194c0                Bonsai_gsysSetRMUMode
                0x0000000000019550                Bonsai_gsysGetRMUMode
                0x00000000000195b0                Bonsai_gsysQbvWrite
                0x0000000000019680                Bonsai_gsysQbvRead
                0x0000000000019760                Bonsai_gsysDevIntEnableSet
                0x0000000000019790                Bonsai_gsysDevIntEnableGet
                0x0000000000019810                Bonsai_gsysDevIntStatusGet
                0x0000000000019880                Bonsai_gsysActiveIntEnableSet
                0x0000000000019910                Bonsai_gsysActiveIntEnableGet
                0x0000000000019970                Bonsai_gsysActiveIntStatusGet
 *fill*         0x00000000000199cd        0x3 
 .text          0x00000000000199d0       0xc5 /home/roscube/Desktop/UMSD_v7.0.0_ADLINK/UMSD_v7.0.0/obj/dev/bonsai/src/api/msdDrv_obj/Bonsai_msdPhyCtrl.o
                0x00000000000199d0                Bonsai_serdesReset
 *fill*         0x0000000000019a95        0xb 
 .text          0x0000000000019aa0     0x1975 /home/roscube/Desktop/UMSD_v7.0.0_ADLINK/UMSD_v7.0.0/obj/dev/bonsai/src/api/msdDrv_obj/Bonsai_msdRMU.o
                0x000000000001a270                Bonsai_msdRmuGetID
                0x000000000001a3a0                Bonsai_msdRmuAtuDump
                0x000000000001a5c0                Bonsai_msdRmuEcidDump
                0x000000000001a810                Bonsai_msdRmuMib2Dump
                0x000000000001ac40                Bonsai_msdRmuReadRegister
                0x000000000001ac70                Bonsai_msdRmuWriteRegister
                0x000000000001ac90                Bonsai_msdRmuMultiRegAccess
                0x000000000001ae80                Bonsai_msdRmuTCAMDump
                0x000000000001aff0                Bonsai_msdRmuTCAMWrite
                0x000000000001b1a0                Bonsai_msdRmuTCAMRead
                0x000000000001b350                Bonsai_msdRmuRegDump
 *fill*         0x000000000001b415        0xb 
 .text          0x000000000001b420      0xd13 /home/roscube/Desktop/UMSD_v7.0.0_ADLINK/UMSD_v7.0.0/obj/dev/bonsai/src/api/msdDrv_obj/Bonsai_msdTCAMIntf.o
                0x000000000001b420                Bonsai_gtcamLoadEntryIntf
                0x000000000001b600                Bonsai_gtcamReadTCAMDataIntf
                0x000000000001b800                Bonsai_gtcamGetNextTCAMDataIntf
                0x000000000001ba00                Bonsai_gtcamFindEntryIntf
                0x000000000001bc40                Bonsai_gtcamSetModeIntf
                0x000000000001bc50                Bonsai_gtcamGetModeIntf
                0x000000000001bcb0                Bonsai_gtcamEgrFlushEntryIntf
                0x000000000001bcc0                Bonsai_gtcamEgrFlushAllPortsIntf
                0x000000000001bcd0                Bonsai_gtcamEgrLoadEntryIntf
                0x000000000001bd90                Bonsai_gtcamEgrGetNextTCAMDataIntf
                0x000000000001be70                Bonsai_gtcamEgrReadTCAMDataIntf
                0x000000000001bf50                Bonsai_gtcamAdvConfigIntf
 *fill*         0x000000000001c133        0xd 
 .text          0x000000000001c140     0x285c /home/roscube/Desktop/UMSD_v7.0.0_ADLINK/UMSD_v7.0.0/obj/dev/bonsai/src/api/msdDrv_obj/Bonsai_msdQci.o
                0x000000000001c8e0                Bonsai_gqciStreamFiltFlushAll
                0x000000000001c930                Bonsai_gqciStreamFiltSet
                0x000000000001cac0                Bonsai_gqciStreamFiltBlockStatSet
                0x000000000001cbf0                Bonsai_gqciStreamFiltBlockStatGet
                0x000000000001ccc0                Bonsai_gqciStreamFiltEnAts
                0x000000000001cdf0                Bonsai_gqciStreamFiltEnGate
                0x000000000001cf20                Bonsai_gqciStreamFiltMatchCtrGet
                0x000000000001cff0                Bonsai_gqciStreamFiltFilterCtrGet
                0x000000000001d0c0                Bonsai_gqciStreamGateFiltCtrGet
                0x000000000001d190                Bonsai_gqciFlowMeterFiltCtrGet
                0x000000000001d260                Bonsai_gqciStreamGateFlushAll
                0x000000000001d2b0                Bonsai_gqciStreamGateDefStateSet
                0x000000000001d410                Bonsai_gqciStreamGateScaleSet
                0x000000000001d550                Bonsai_gqciStreamGateTimeGenIdSet
                0x000000000001d670                Bonsai_gqciStreamGateEntryAdd
                0x000000000001d980                Bonsai_gqciStreamGateTimeGenFlush
                0x000000000001da50                Bonsai_gqciStreamGateTimeGenSet
                0x000000000001dc60                Bonsai_gqciFlowMeterFlushAll
                0x000000000001dcb0                Bonsai_gqciFlowMeterCoupleFlagSet
                0x000000000001dde0                Bonsai_gqciFlowMeterCoupleFlagGet
                0x000000000001dec0                Bonsai_gqciFlowMeterDropOnYelSet
                0x000000000001dff0                Bonsai_gqciFlowMeterDropOnYelGet
                0x000000000001e0d0                Bonsai_gqciFlowMeterRedBlockEnSet
                0x000000000001e1f0                Bonsai_gqciFlowMeterRedBlockEnGet
                0x000000000001e2d0                Bonsai_gqciFlowMeterRedBlkStatSet
                0x000000000001e400                Bonsai_gqciFlowMeterRedBlkStatGet
                0x000000000001e4e0                Bonsai_gqciFlowMeterAdvConfig
 *fill*         0x000000000001e99c        0x4 
 .text          0x000000000001e9a0       0x9c /home/roscube/Desktop/UMSD_v7.0.0_ADLINK/UMSD_v7.0.0/obj/dev/bonsai/src/api/msdDrv_obj/Bonsai_msdQciIntf.o
                0x000000000001e9a0                Bonsai_gqciStreamGateEntryAddIntf
 *fill*         0x000000000001ea3c        0x4 
 .text          0x000000000001ea40      0x57b /home/roscube/Desktop/UMSD_v7.0.0_ADLINK/UMSD_v7.0.0/obj/dev/bonsai/src/api/msdDrv_obj/Bonsai_msdBrgFdbIntf.o
                0x000000000001ea40                Bonsai_gfdbAddMacEntryIntf
                0x000000000001eac0                Bonsai_gfdbGetAtuEntryNextIntf
                0x000000000001eba0                Bonsai_gfdbFlushIntf
                0x000000000001ebb0                Bonsai_gfdbFlushInDBIntf
                0x000000000001ebc0                Bonsai_gfdbMoveIntf
                0x000000000001ebd0                Bonsai_gfdbMoveInDBIntf
                0x000000000001ebe0                Bonsai_gfdbPortRemoveIntf
                0x000000000001ec10                Bonsai_gfdbPortRemoveInDBIntf
                0x000000000001ec40                Bonsai_gfdbGetViolationIntf
                0x000000000001ed20                Bonsai_gfdbFindAtuMacEntryIntf
                0x000000000001ee10                Bonsai_gfdbDump
 *fill*         0x000000000001efbb        0x5 
 .text          0x000000000001efc0      0x848 /home/roscube/Desktop/UMSD_v7.0.0_ADLINK/UMSD_v7.0.0/obj/dev/bonsai/src/api/msdDrv_obj/Bonsai_msdBrgVtuIntf.o
                0x000000000001efc0                Bonsai_gvtuFindVidEntryIntf
                0x000000000001f130                Bonsai_gvtuExistVidEntryIntf
                0x000000000001f1d0                Bonsai_gvtuFlushIntf
                0x000000000001f1e0                Bonsai_gvtuAddEntryIntf
                0x000000000001f300                Bonsai_gvtuDelEntryIntf
                0x000000000001f380                Bonsai_gvtuSetModeIntf
                0x000000000001f390                Bonsai_gvtuGetModeIntf
                0x000000000001f3a0                Bonsai_gvtuGetViolationIntf
                0x000000000001f460                Bonsai_gvtuGetEntryCountIntf
                0x000000000001f510                Bonsai_gvtuSetMemberTagIntf
                0x000000000001f600                Bonsai_gvtuGetMemberTagIntf
                0x000000000001f6e0                Bonsai_gvtuGetEntryNextIntf
 *fill*         0x000000000001f808        0x8 
 .text          0x000000000001f810      0x38c /home/roscube/Desktop/UMSD_v7.0.0_ADLINK/UMSD_v7.0.0/obj/dev/bonsai/src/api/msdDrv_obj/Bonsai_msdBrgStuIntf.o
                0x000000000001f810                Bonsai_gstuAddEntryIntf
                0x000000000001f8e0                Bonsai_gstuGetEntryNextIntf
                0x000000000001f990                Bonsai_gstuDelEntryIntf
                0x000000000001f9f0                Bonsai_gstuFindSidEntryIntf
                0x000000000001fb00                Bonsai_gstuGetEntryCountIntf
 *fill*         0x000000000001fb9c        0x4 
 .text          0x000000000001fba0      0x40c /home/roscube/Desktop/UMSD_v7.0.0_ADLINK/UMSD_v7.0.0/obj/dev/bonsai/src/api/msdDrv_obj/Bonsai_msdPIRLIntf.o
                0x000000000001fba0                Bonsai_gpirlInitializeIntf
                0x000000000001fbb0                Bonsai_gpirlInitResourceIntf
                0x000000000001fbc0                Bonsai_gpirlCustomSetup_sr2cIntf
                0x000000000001fc80                Bonsai_gpirlReadResourceIntf
                0x000000000001fd60                Bonsai_gpirlWriteResourceIntf
                0x000000000001fe20                Bonsai_gpirlGetResRegIntf
                0x000000000001fe30                Bonsai_gpirlSetResRegIntf
                0x000000000001fe40                Bonsai_gpirlAdvConfigIntf
                0x000000000001ff40                Bonsai_gpirlAdvConfigDisableIntf
 *fill*         0x000000000001ffac        0x4 
 .text          0x000000000001ffb0      0x743 /home/roscube/Desktop/UMSD_v7.0.0_ADLINK/UMSD_v7.0.0/obj/dev/bonsai/src/api/msdDrv_obj/Bonsai_msdQav.o
                0x0000000000020370                Bonsai_gqavSetPortQpriXRate
                0x00000000000204a0                Bonsai_gqavGetPortQpriXRate
                0x0000000000020580                Bonsai_gqavSetPortQpriXHiLimit
                0x0000000000020650                Bonsai_gqavGetPortQpriXHiLimit
 *fill*         0x00000000000206f3        0xd 
 .text          0x0000000000020700      0x1d4 /home/roscube/Desktop/UMSD_v7.0.0_ADLINK/UMSD_v7.0.0/obj/dev/bonsai/src/api/msdDrv_obj/Bonsai_msdArpIntf.o
                0x0000000000020700                Bonsai_garpLoadMcEntryIntf
                0x0000000000020760                Bonsai_garpLoadUcEntryIntf
                0x00000000000207c0                Bonsai_garpReadEntryIntf
                0x0000000000020850                Bonsai_garpGetNextEntryIntf
 *fill*         0x00000000000208d4        0xc 
 .text          0x00000000000208e0      0x239 /home/roscube/Desktop/UMSD_v7.0.0_ADLINK/UMSD_v7.0.0/obj/dev/bonsai/src/api/msdDrv_obj/Bonsai_msdPortRmonIntf.o
                0x00000000000208e0                Bonsai_gstatsGetPortCounterIntf
                0x00000000000208f0                Bonsai_gstatsGetPortAllCntersIntf
                0x0000000000020b00                Bonsai_gstatsGetHistogramModeIntf
                0x0000000000020b10                Bonsai_gstatsSetHistogramModeIntf
 *fill*         0x0000000000020b19        0x7 
 .text          0x0000000000020b20      0x2d9 /home/roscube/Desktop/UMSD_v7.0.0_ADLINK/UMSD_v7.0.0/obj/dev/bonsai/src/api/msdDrv_obj/Bonsai_msdPortCtrlIntf.o
                0x0000000000020b20                Bonsai_gvlnSetPortVlanQModeIntf
                0x0000000000020b30                Bonsai_gvlnGetPortVlanQModeIntf
                0x0000000000020b40                Bonsai_gprtSetDiscardTaggedIntf
                0x0000000000020b50                Bonsai_gprtGetDiscardTaggedIntf
                0x0000000000020b60                Bonsai_gprtSetDiscardUntaggedIntf
                0x0000000000020b70                Bonsai_gprtGetDiscardUntaggedIntf
                0x0000000000020b80                Bonsai_gprtSetUnicFloodBlockIntf
                0x0000000000020b90                Bonsai_gprtGetUnicFloodBlockIntf
                0x0000000000020ba0                Bonsai_gprtSetMultiFloodBlockIntf
                0x0000000000020bb0                Bonsai_gprtGetMultiFloodBlockIntf
                0x0000000000020bc0                Bonsai_gprtSetDiscardBCastModeIntf
                0x0000000000020bd0                Bonsai_gprtGetDiscardBCastModeIntf
                0x0000000000020be0                Bonsai_gprtSetJumboModeIntf
                0x0000000000020bf0                Bonsai_gprtGetJumboModeIntf
                0x0000000000020c00                Bonsai_gprtSetSpecifiedMTUIntf
                0x0000000000020c10                Bonsai_gprtGetSpecifiedMTUIntf
                0x0000000000020c20                Bonsai_gprtSetLearnEnableIntf
                0x0000000000020c30                Bonsai_gprtGetLearnEnableIntf
                0x0000000000020c40                Bonsai_gprtGetVTUPriOverrideIntf
                0x0000000000020c50                Bonsai_gprtSetVTUPriOverrideIntf
                0x0000000000020c60                Bonsai_gprtGetSAPriOverrideIntf
                0x0000000000020c70                Bonsai_gprtSetSAPriOverrideIntf
                0x0000000000020c80                Bonsai_gprtGetDAPriOverrideIntf
                0x0000000000020c90                Bonsai_gprtSetDAPriOverrideIntf
                0x0000000000020ca0                Bonsai_gprtSetFlowCtrlIntf
                0x0000000000020cb0                Bonsai_gprtGetFlowCtrlIntf
                0x0000000000020cc0                Bonsai_gprtSetForceSpeedIntf
                0x0000000000020ce0                Bonsai_gprtGetForceSpeedIntf
                0x0000000000020cf0                Bonsai_grcSetEgressRateIntf
                0x0000000000020d00                Bonsai_grcGetEgressRateIntf
                0x0000000000020d10                Bonsai_grcSetELimitModeIntf
                0x0000000000020d20                Bonsai_grcGetELimitModeIntf
                0x0000000000020d30                Bonsai_gprtSetDuplexIntf
                0x0000000000020d40                Bonsai_gprtGetDuplexIntf
                0x0000000000020d50                Bonsai_gprtGetDuplexStatusIntf
                0x0000000000020d60                Bonsai_gprtGetForceLinkIntf
                0x0000000000020d70                Bonsai_gprtSetForceLinkIntf
                0x0000000000020d80                Bonsai_gprtGetSpeedIntf
                0x0000000000020d90                Bonsai_gprtGetFrameModeIntf
                0x0000000000020da0                Bonsai_gprtSetFrameModeIntf
                0x0000000000020db0                Bonsai_gprtSetEgressModeIntf
                0x0000000000020dd0                Bonsai_gprtGetEgressModeIntf
                0x0000000000020de0                Bonsai_gprtGetPortStateIntf
                0x0000000000020df0                Bonsai_gprtSetPortStateIntf
 *fill*         0x0000000000020df9        0x7 
 .text          0x0000000000020e00      0x17d /home/roscube/Desktop/UMSD_v7.0.0_ADLINK/UMSD_v7.0.0/obj/dev/bonsai/src/api/msdDrv_obj/Bonsai_msdPortPrioMapIntf.o
                0x0000000000020e00                Bonsai_gqosSetPrioMapRuleIntf
                0x0000000000020e10                Bonsai_gqosGetPrioMapRuleIntf
                0x0000000000020e20                Bonsai_gprtSetInitialPriIntf
                0x0000000000020e30                Bonsai_gprtGetInitialPriIntf
                0x0000000000020e40                Bonsai_gprtSetDefQpriIntf
                0x0000000000020e50                Bonsai_gprtGetDefQpriIntf
                0x0000000000020e60                Bonsai_gprtSetIEEEPrioMapIntf
                0x0000000000020ec0                Bonsai_gprtGetIEEEPrioMapIntf
 *fill*         0x0000000000020f7d        0x3 
 .text          0x0000000000020f80      0x215 /home/roscube/Desktop/UMSD_v7.0.0_ADLINK/UMSD_v7.0.0/obj/dev/bonsai/src/api/msdDrv_obj/Bonsai_msdEcidIntf.o
                0x0000000000020f80                Bonsai_gecidAddEntryIntf
                0x0000000000021010                Bonsai_gecidGetEcidEntryNextIntf
                0x00000000000210d0                Bonsai_gecidFindEcidEntryIntf
 *fill*         0x0000000000021195        0xb 
 .text          0x00000000000211a0      0x232 /home/roscube/Desktop/UMSD_v7.0.0_ADLINK/UMSD_v7.0.0/obj/dev/bonsai/src/api/msdDrv_obj/Bonsai_msdQueueCtrlIntf.o
                0x00000000000211a0                Bonsai_gprtSetQueueCtrlIntf
                0x00000000000211b0                Bonsai_gprtGetQueueCtrlIntf
                0x00000000000211c0                Bonsai_gprtSetPortSchedIntf
                0x00000000000211d0                Bonsai_gprtGetPortSchedIntf
                0x00000000000211e0                Bonsai_gprtSetQoSWeightIntf
                0x00000000000212e0                Bonsai_gprtGetQoSWeightIntf
 .text          0x00000000000213d2        0x0 /home/roscube/Desktop/UMSD_v7.0.0_ADLINK/UMSD_v7.0.0/obj/dev/bonsai/src/api/msdDrv_obj/Bonsai_msdSysCtrlIntf.o
 .text          0x00000000000213d2        0x0 /home/roscube/Desktop/UMSD_v7.0.0_ADLINK/UMSD_v7.0.0/obj/dev/bonsai/src/api/msdDrv_obj/Bonsai_msdPhyCtrlIntf.o
 .text          0x00000000000213d2        0x0 /home/roscube/Desktop/UMSD_v7.0.0_ADLINK/UMSD_v7.0.0/obj/dev/bonsai/src/api/msdDrv_obj/Bonsai_msdPolicyIntf.o
 *fill*         0x00000000000213d2        0xe 
 .text          0x00000000000213e0      0x55d /home/roscube/Desktop/UMSD_v7.0.0_ADLINK/UMSD_v7.0.0/obj/dev/bonsai/src/api/msdDrv_obj/Bonsai_msdTCAMRCIntf.o
                0x00000000000213e0                Bonsai_gtcamRCLoadEntryIntf
                0x0000000000021510                Bonsai_gtcamRCReadEntryIntf
                0x0000000000021660                Bonsai_gtcamRCGetNextEntryIntf
                0x00000000000217b0                Bonsai_gtcamRCFindEntryIntf
 *fill*         0x000000000002193d        0x3 
 .text          0x0000000000021940      0xbff /home/roscube/Desktop/UMSD_v7.0.0_ADLINK/UMSD_v7.0.0/obj/dev/bonsai/src/api/msdDrv_obj/Bonsai_msdRMUIntf.o
                0x0000000000021940                Bonsai_msdRmuGetIDIntf
                0x0000000000021950                Bonsai_msdRmuAtuDumpIntf
                0x0000000000021ab0                Bonsai_msdRmuEcidDumpIntf
                0x0000000000021c10                Bonsai_msdRmuMib2DumpIntf
                0x0000000000021e20                Bonsai_msdRmuReadRegisterIntf
                0x0000000000021e30                Bonsai_msdRmuWriteRegisterIntf
                0x0000000000021e50                Bonsai_msdRmuMultiRegAccessIntf
                0x0000000000021e60                Bonsai_msdRmuTCAMDumpIntf
                0x0000000000022160                Bonsai_msdRmuTCAMWriteIntf
                0x0000000000022330                Bonsai_msdRmuTCAMReadIntf
 *fill*         0x000000000002253f        0x1 
 .text          0x0000000000022540     0x29b4 /home/roscube/Desktop/UMSD_v7.0.0_ADLINK/UMSD_v7.0.0/obj/dev/bonsai/src/api/msdDrv_obj/Bonsai_msdPTP.o
                0x0000000000023230                Bonsai_gptpSetIntEnable
                0x0000000000023320                Bonsai_gptpGetIntEnable
                0x00000000000233d0                Bonsai_gptpSetPortPTPEn
                0x00000000000234b0                Bonsai_gptpGetPortPTPEn
                0x0000000000023550                Bonsai_gptpGetTimeStamp
                0x0000000000023680                Bonsai_gptpGetTSValidSt
                0x0000000000023750                Bonsai_gptpResetTimeStamp
                0x0000000000023820                Bonsai_gptpGetIntStatus
                0x00000000000238e0                Bonsai_gptpSetMeanPathDelay
                0x0000000000023980                Bonsai_gptpGetMeanPathDelay
                0x0000000000023a20                Bonsai_gptpSetIgrPathDelayAsym
                0x0000000000023ac0                Bonsai_gptpGetIgrPathDelayAsym
                0x0000000000023b60                Bonsai_gptpSetEgrPathDelayAsym
                0x0000000000023c00                Bonsai_gptpGetEgrPathDelayAsym
                0x0000000000023ca0                Bonsai_gptpGetTODBusyBitStatus
                0x0000000000023d20                Bonsai_gptpTODStoreCompensation
                0x0000000000023de0                Bonsai_gptpTODStoreAll
                0x0000000000023ea0                Bonsai_gptpTODCaptureAll
                0x0000000000024170                Bonsai_gptpSetPulse
                0x0000000000024220                Bonsai_gptpGetPulse
                0x00000000000242c0                Bonsai_gtaiGetPTPGlobalTime
                0x0000000000024340                Bonsai_gptpPortRegGet
                0x00000000000243f0                Bonsai_gptpPortRegSet
                0x0000000000024490                Bonsai_gptpGlobalRegGet
                0x0000000000024500                Bonsai_gptpGlobalRegSet
                0x0000000000024570                Bonsai_gptp1588v2ConfigSet
                0x0000000000024740                Bonsai_gptp8021asConfigSet
                0x0000000000024900                Bonsai_gptp8021asRevConfigSet
                0x0000000000024ac0                Bonsai_gptpPreemptTsSelSet
                0x0000000000024ba0                Bonsai_gptpPreemptTsSelGet
                0x0000000000024c40                Bonsai_gptpPreemptCtrlSet
                0x0000000000024d20                Bonsai_gptpPreemptCtrlGet
                0x0000000000024dc0                Bonsai_gtaiTrigGenTimerSelGet
                0x0000000000024e40                Bonsai_gtaiTrigGenTimerSelSet
 *fill*         0x0000000000024ef4        0xc 
 .text          0x0000000000024f00      0x41c /home/roscube/Desktop/UMSD_v7.0.0_ADLINK/UMSD_v7.0.0/obj/dev/bonsai/src/api/msdDrv_obj/Bonsai_msdPTPIntf.o
                0x0000000000024f00                Bonsai_gptpSetIntEnableIntf
                0x0000000000024f60                Bonsai_gptpGetIntEnableIntf
                0x0000000000024fc0                Bonsai_gptpGetTimeStampIntf
                0x0000000000025030                Bonsai_gptpGetIntStatusIntf
                0x00000000000250a0                Bonsai_gptpTODStoreCompenIntf
                0x0000000000025120                Bonsai_gptpTODStoreAllIntf
                0x00000000000251a0                Bonsai_gptpTODCaptureAllIntf
                0x0000000000025230                Bonsai_gptpSetPulseIntf
                0x0000000000025290                Bonsai_gptpGetPulseIntf
                0x00000000000252f0                Bonsai_gptp1588v2ConfigSetIntf
                0x0000000000025300                Bonsai_gptp8021asConfigSetIntf
                0x0000000000025310                Bonsai_gptp8021asRevCfgSetIntf
 *fill*         0x000000000002531c        0x4 
 .text          0x0000000000025320      0xdd3 /home/roscube/Desktop/UMSD_v7.0.0_ADLINK/UMSD_v7.0.0/obj/dev/bonsai/src/api/msdDrv_obj/Bonsai_msdLed.o
                0x0000000000025580                Bonsai_gledForceOn
                0x0000000000025640                Bonsai_gledForceOff
                0x0000000000025700                Bonsai_gledLinkAct
                0x00000000000257f0                Bonsai_gledModeSet
                0x00000000000258c0                Bonsai_gledModeGet
                0x0000000000025950                Bonsai_gledBlinkRateSet
                0x0000000000025a00                Bonsai_gledBlinkRateGet
                0x0000000000025ae0                Bonsai_gledPulseStretchSet
                0x0000000000025b90                Bonsai_gledPulseStretchGet
                0x0000000000025c60                Bonsai_gledSpecialModeSet
                0x0000000000025d10                Bonsai_gledSpecialModeGet
                0x0000000000025d80                Bonsai_gledCtrlSet
                0x0000000000025dc0                Bonsai_gledCtrlGet
                0x0000000000025e30                Bonsai_gledDump
 *fill*         0x00000000000260f3        0xd 
 .text          0x0000000000026100       0xcc /home/roscube/Desktop/UMSD_v7.0.0_ADLINK/UMSD_v7.0.0/obj/dev/bonsai/src/api/msdDrv_obj/Bonsai_msdLedIntf.o
                0x0000000000026100                Bonsai_gledForceOnIntf
                0x0000000000026110                Bonsai_gledForceOffIntf
                0x0000000000026120                Bonsai_gledLinkActIntf
                0x0000000000026130                Bonsai_gledModeSetIntf
                0x0000000000026140                Bonsai_gledModeGetIntf
                0x0000000000026150                Bonsai_gledBlinkRateSetIntf
                0x0000000000026160                Bonsai_gledBlinkRateGetIntf
                0x0000000000026170                Bonsai_gledPulseStretchSetIntf
                0x0000000000026180                Bonsai_gledPulseStretchGetIntf
                0x0000000000026190                Bonsai_gledSpecialModeSetIntf
                0x00000000000261a0                Bonsai_gledSpecialModeGetIntf
                0x00000000000261b0                Bonsai_gledCtrlSetIntf
                0x00000000000261c0                Bonsai_gledCtrlGetIntf
 *fill*         0x00000000000261cc        0x4 
 .text          0x00000000000261d0      0x1c4 /home/roscube/Desktop/UMSD_v7.0.0_ADLINK/UMSD_v7.0.0/obj/dev/bonsai/src/api/msdDrv_obj/Bonsai_msdTCAMRCCompIntf.o
                0x00000000000261d0                Bonsai_gtcamRCCompLoadIntf
                0x00000000000262b0                Bonsai_gtcamRCCompReadIntf
 *fill*         0x0000000000026394        0xc 
 .text          0x00000000000263a0      0x495 /home/roscube/Desktop/UMSD_v7.0.0_ADLINK/UMSD_v7.0.0/obj/dev/bonsai/src/api/msdDrv_obj/Bonsai_msdEEPROM.o
                0x00000000000263a0                Bonsai_EEPROMWrite
                0x00000000000264d0                Bonsai_EEPROMRead
                0x0000000000026630                Bonsai_EEPROMChipSelSet
                0x0000000000026700                Bonsai_EEPROMChipSelGet
 *fill*         0x0000000000026835        0xb 
 .text          0x0000000000026840       0x39 /home/roscube/Desktop/UMSD_v7.0.0_ADLINK/UMSD_v7.0.0/obj/dev/bonsai/src/api/msdDrv_obj/Bonsai_msdEEPROMIntf.o
                0x0000000000026840                Bonsai_EEPROMWriteIntf
                0x0000000000026850                Bonsai_EEPROMReadIntf
                0x0000000000026860                Bonsai_EEPROMChipSelSetIntf
                0x0000000000026870                Bonsai_EEPROMChipSelGetIntf
 *(.gnu.warning)

.text.unlikely  0x0000000000000000       0x28
 .text.unlikely
                0x0000000000000000        0xa /home/roscube/Desktop/UMSD_v7.0.0_ADLINK/UMSD_v7.0.0/obj/dev/bonsai/src/api/msdDrv_obj/Bonsai_msdPolicy.o
 .text.unlikely
                0x000000000000000a        0xa /home/roscube/Desktop/UMSD_v7.0.0_ADLINK/UMSD_v7.0.0/obj/dev/bonsai/src/api/msdDrv_obj/Bonsai_msdQueueCtrl.o
 .text.unlikely
                0x0000000000000014       0x14 /home/roscube/Desktop/UMSD_v7.0.0_ADLINK/UMSD_v7.0.0/obj/dev/bonsai/src/api/msdDrv_obj/Bonsai_msdLed.o

.fini
 *(SORT_NONE(.fini))

.rodata         0x0000000000000000     0x130c
 *(.rodata)
 .rodata        0x0000000000000000       0x14 /home/roscube/Desktop/UMSD_v7.0.0_ADLINK/UMSD_v7.0.0/obj/dev/bonsai/src/api/msdDrv_obj/Bonsai_msdPolicy.o
 *fill*         0x0000000000000014        0xc 
 .rodata        0x0000000000000020      0x64c /home/roscube/Desktop/UMSD_v7.0.0_ADLINK/UMSD_v7.0.0/obj/dev/bonsai/src/api/msdDrv_obj/Bonsai_msdPortCtrl.o
 .rodata        0x000000000000066c       0x40 /home/roscube/Desktop/UMSD_v7.0.0_ADLINK/UMSD_v7.0.0/obj/dev/bonsai/src/api/msdDrv_obj/Bonsai_msdPortPrioMap.o
 .rodata        0x00000000000006ac       0x20 /home/roscube/Desktop/UMSD_v7.0.0_ADLINK/UMSD_v7.0.0/obj/dev/bonsai/src/api/msdDrv_obj/Bonsai_msdQueueCtrl.o
 *fill*         0x00000000000006cc       0x14 
 .rodata        0x00000000000006e0      0xc00 /home/roscube/Desktop/UMSD_v7.0.0_ADLINK/UMSD_v7.0.0/obj/dev/bonsai/src/api/msdDrv_obj/Bonsai_msdSysCtrl.o
 .rodata        0x00000000000012e0       0x2c /home/roscube/Desktop/UMSD_v7.0.0_ADLINK/UMSD_v7.0.0/obj/dev/bonsai/src/api/msdDrv_obj/Bonsai_msdLed.o

.rodata.str1.8  0x0000000000000000     0x33f5
 .rodata.str1.8
                0x0000000000000000       0xa4 /home/roscube/Desktop/UMSD_v7.0.0_ADLINK/UMSD_v7.0.0/obj/dev/bonsai/src/api/msdDrv_obj/Bonsai_msdTCAM.o
 *fill*         0x00000000000000a4        0x4 
 .rodata.str1.8
                0x00000000000000a8       0x2d /home/roscube/Desktop/UMSD_v7.0.0_ADLINK/UMSD_v7.0.0/obj/dev/bonsai/src/api/msdDrv_obj/Bonsai_msdTCAMRC.o
 *fill*         0x00000000000000d5        0x3 
 .rodata.str1.8
                0x00000000000000d8     0x21d1 /home/roscube/Desktop/UMSD_v7.0.0_ADLINK/UMSD_v7.0.0/obj/dev/bonsai/src/api/msdDrv_obj/Bonsai_msdPolicy.o
 *fill*         0x00000000000022a9        0x7 
 .rodata.str1.8
                0x00000000000022b0      0x205 /home/roscube/Desktop/UMSD_v7.0.0_ADLINK/UMSD_v7.0.0/obj/dev/bonsai/src/api/msdDrv_obj/Bonsai_msdBrgVtu.o
 *fill*         0x00000000000024b5        0x3 
 .rodata.str1.8
                0x00000000000024b8       0x69 /home/roscube/Desktop/UMSD_v7.0.0_ADLINK/UMSD_v7.0.0/obj/dev/bonsai/src/api/msdDrv_obj/Bonsai_msdBrgStu.o
 *fill*         0x0000000000002521        0x7 
 .rodata.str1.8
                0x0000000000002528      0xa22 /home/roscube/Desktop/UMSD_v7.0.0_ADLINK/UMSD_v7.0.0/obj/dev/bonsai/src/api/msdDrv_obj/Bonsai_msdPortRmon.o
 *fill*         0x0000000000002f4a        0x6 
 .rodata.str1.8
                0x0000000000002f50       0x39 /home/roscube/Desktop/UMSD_v7.0.0_ADLINK/UMSD_v7.0.0/obj/dev/bonsai/src/api/msdDrv_obj/Bonsai_msdPortCtrl.o
 *fill*         0x0000000000002f89        0x7 
 .rodata.str1.8
                0x0000000000002f90      0x117 /home/roscube/Desktop/UMSD_v7.0.0_ADLINK/UMSD_v7.0.0/obj/dev/bonsai/src/api/msdDrv_obj/Bonsai_msdEcid.o
 *fill*         0x00000000000030a7        0x1 
 .rodata.str1.8
                0x00000000000030a8       0x73 /home/roscube/Desktop/UMSD_v7.0.0_ADLINK/UMSD_v7.0.0/obj/dev/bonsai/src/api/msdDrv_obj/Bonsai_msdSysCtrl.o
 *fill*         0x000000000000311b        0x5 
 .rodata.str1.8
                0x0000000000003120      0x10c /home/roscube/Desktop/UMSD_v7.0.0_ADLINK/UMSD_v7.0.0/obj/dev/bonsai/src/api/msdDrv_obj/Bonsai_msdBrgFdbIntf.o
 *fill*         0x000000000000322c        0x4 
 .rodata.str1.8
                0x0000000000003230      0x1c5 /home/roscube/Desktop/UMSD_v7.0.0_ADLINK/UMSD_v7.0.0/obj/dev/bonsai/src/api/msdDrv_obj/Bonsai_msdLed.o

.rodata.str1.1  0x0000000000000000      0x941
 .rodata.str1.1
                0x0000000000000000      0x478 /home/roscube/Desktop/UMSD_v7.0.0_ADLINK/UMSD_v7.0.0/obj/dev/bonsai/src/api/msdDrv_obj/Bonsai_msdTCAM.o
 .rodata.str1.1
                0x0000000000000478      0x3c2 /home/roscube/Desktop/UMSD_v7.0.0_ADLINK/UMSD_v7.0.0/obj/dev/bonsai/src/api/msdDrv_obj/Bonsai_msdTCAMRC.o
 .rodata.str1.1
                0x000000000000083a        0x2 /home/roscube/Desktop/UMSD_v7.0.0_ADLINK/UMSD_v7.0.0/obj/dev/bonsai/src/api/msdDrv_obj/Bonsai_msdBrgVtu.o
 .rodata.str1.1
                0x000000000000083c       0x20 /home/roscube/Desktop/UMSD_v7.0.0_ADLINK/UMSD_v7.0.0/obj/dev/bonsai/src/api/msdDrv_obj/Bonsai_msdBrgStu.o
 .rodata.str1.1
                0x000000000000085c        0x2 /home/roscube/Desktop/UMSD_v7.0.0_ADLINK/UMSD_v7.0.0/obj/dev/bonsai/src/api/msdDrv_obj/Bonsai_msdPortRmon.o
 .rodata.str1.1
                0x000000000000085e        0xb /home/roscube/Desktop/UMSD_v7.0.0_ADLINK/UMSD_v7.0.0/obj/dev/bonsai/src/api/msdDrv_obj/Bonsai_msdPortCtrl.o
 .rodata.str1.1
                0x0000000000000869       0x16 /home/roscube/Desktop/UMSD_v7.0.0_ADLINK/UMSD_v7.0.0/obj/dev/bonsai/src/api/msdDrv_obj/Bonsai_msdSysCtrl.o
 .rodata.str1.1
                0x000000000000087f        0x2 /home/roscube/Desktop/UMSD_v7.0.0_ADLINK/UMSD_v7.0.0/obj/dev/bonsai/src/api/msdDrv_obj/Bonsai_msdBrgFdbIntf.o
 .rodata.str1.1
                0x0000000000000881       0xc0 /home/roscube/Desktop/UMSD_v7.0.0_ADLINK/UMSD_v7.0.0/obj/dev/bonsai/src/api/msdDrv_obj/Bonsai_msdLed.o

.rodata.cst8    0x0000000000000000       0x38
 .rodata.cst8   0x0000000000000000       0x18 /home/roscube/Desktop/UMSD_v7.0.0_ADLINK/UMSD_v7.0.0/obj/dev/bonsai/src/api/msdDrv_obj/Bonsai_msdPIRL.o
 .rodata.cst8   0x0000000000000018       0x20 /home/roscube/Desktop/UMSD_v7.0.0_ADLINK/UMSD_v7.0.0/obj/dev/bonsai/src/api/msdDrv_obj/Bonsai_msdQci.o

.rodata1
 *(.rodata1)

.eh_frame_hdr
 *(.eh_frame_hdr)

.eh_frame       0x0000000000000000     0x8070
 *(.eh_frame)
 .eh_frame      0x0000000000000000      0x4a8 /home/roscube/Desktop/UMSD_v7.0.0_ADLINK/UMSD_v7.0.0/obj/dev/bonsai/src/api/msdDrv_obj/Bonsai_msdTCAM.o
 .eh_frame      0x00000000000004a8      0x238 /home/roscube/Desktop/UMSD_v7.0.0_ADLINK/UMSD_v7.0.0/obj/dev/bonsai/src/api/msdDrv_obj/Bonsai_msdTCAMRC.o
 .eh_frame      0x00000000000006e0      0x138 /home/roscube/Desktop/UMSD_v7.0.0_ADLINK/UMSD_v7.0.0/obj/dev/bonsai/src/api/msdDrv_obj/Bonsai_msdTCAMRCComp.o
 .eh_frame      0x0000000000000818      0x430 /home/roscube/Desktop/UMSD_v7.0.0_ADLINK/UMSD_v7.0.0/obj/dev/bonsai/src/api/msdDrv_obj/Bonsai_msdBrgFdb.o
 .eh_frame      0x0000000000000c48     0x1440 /home/roscube/Desktop/UMSD_v7.0.0_ADLINK/UMSD_v7.0.0/obj/dev/bonsai/src/api/msdDrv_obj/Bonsai_msdPolicy.o
 .eh_frame      0x0000000000002088      0x2b8 /home/roscube/Desktop/UMSD_v7.0.0_ADLINK/UMSD_v7.0.0/obj/dev/bonsai/src/api/msdDrv_obj/Bonsai_msdBrgVtu.o
 .eh_frame      0x0000000000002340      0x150 /home/roscube/Desktop/UMSD_v7.0.0_ADLINK/UMSD_v7.0.0/obj/dev/bonsai/src/api/msdDrv_obj/Bonsai_msdArp.o
 .eh_frame      0x0000000000002490      0x190 /home/roscube/Desktop/UMSD_v7.0.0_ADLINK/UMSD_v7.0.0/obj/dev/bonsai/src/api/msdDrv_obj/Bonsai_msdBrgStu.o
 .eh_frame      0x0000000000002620      0x200 /home/roscube/Desktop/UMSD_v7.0.0_ADLINK/UMSD_v7.0.0/obj/dev/bonsai/src/api/msdDrv_obj/Bonsai_msdPIRL.o
 .eh_frame      0x0000000000002820      0x1b8 /home/roscube/Desktop/UMSD_v7.0.0_ADLINK/UMSD_v7.0.0/obj/dev/bonsai/src/api/msdDrv_obj/Bonsai_msdPortRmon.o
 .eh_frame      0x00000000000029d8     0x1880 /home/roscube/Desktop/UMSD_v7.0.0_ADLINK/UMSD_v7.0.0/obj/dev/bonsai/src/api/msdDrv_obj/Bonsai_msdPortCtrl.o
 .eh_frame      0x0000000000004258      0x2d8 /home/roscube/Desktop/UMSD_v7.0.0_ADLINK/UMSD_v7.0.0/obj/dev/bonsai/src/api/msdDrv_obj/Bonsai_msdEcid.o
 .eh_frame      0x0000000000004530      0x340 /home/roscube/Desktop/UMSD_v7.0.0_ADLINK/UMSD_v7.0.0/obj/dev/bonsai/src/api/msdDrv_obj/Bonsai_msdPortPrioMap.o
 .eh_frame      0x0000000000004870      0x1d0 /home/roscube/Desktop/UMSD_v7.0.0_ADLINK/UMSD_v7.0.0/obj/dev/bonsai/src/api/msdDrv_obj/Bonsai_msdQueueCtrl.o
 .eh_frame      0x0000000000004a40      0x4d0 /home/roscube/Desktop/UMSD_v7.0.0_ADLINK/UMSD_v7.0.0/obj/dev/bonsai/src/api/msdDrv_obj/Bonsai_msdSysCtrl.o
 .eh_frame      0x0000000000004f10       0x50 /home/roscube/Desktop/UMSD_v7.0.0_ADLINK/UMSD_v7.0.0/obj/dev/bonsai/src/api/msdDrv_obj/Bonsai_msdPhyCtrl.o
 .eh_frame      0x0000000000004f60      0x340 /home/roscube/Desktop/UMSD_v7.0.0_ADLINK/UMSD_v7.0.0/obj/dev/bonsai/src/api/msdDrv_obj/Bonsai_msdRMU.o
 .eh_frame      0x00000000000052a0      0x200 /home/roscube/Desktop/UMSD_v7.0.0_ADLINK/UMSD_v7.0.0/obj/dev/bonsai/src/api/msdDrv_obj/Bonsai_msdTCAMIntf.o
 .eh_frame      0x00000000000054a0      0x858 /home/roscube/Desktop/UMSD_v7.0.0_ADLINK/UMSD_v7.0.0/obj/dev/bonsai/src/api/msdDrv_obj/Bonsai_msdQci.o
 .eh_frame      0x0000000000005cf8       0x60 /home/roscube/Desktop/UMSD_v7.0.0_ADLINK/UMSD_v7.0.0/obj/dev/bonsai/src/api/msdDrv_obj/Bonsai_msdQciIntf.o
 .eh_frame      0x0000000000005d58      0x1e8 /home/roscube/Desktop/UMSD_v7.0.0_ADLINK/UMSD_v7.0.0/obj/dev/bonsai/src/api/msdDrv_obj/Bonsai_msdBrgFdbIntf.o
 .eh_frame      0x0000000000005f40      0x268 /home/roscube/Desktop/UMSD_v7.0.0_ADLINK/UMSD_v7.0.0/obj/dev/bonsai/src/api/msdDrv_obj/Bonsai_msdBrgVtuIntf.o
 .eh_frame      0x00000000000061a8      0x108 /home/roscube/Desktop/UMSD_v7.0.0_ADLINK/UMSD_v7.0.0/obj/dev/bonsai/src/api/msdDrv_obj/Bonsai_msdBrgStuIntf.o
 .eh_frame      0x00000000000062b0      0x160 /home/roscube/Desktop/UMSD_v7.0.0_ADLINK/UMSD_v7.0.0/obj/dev/bonsai/src/api/msdDrv_obj/Bonsai_msdPIRLIntf.o
 .eh_frame      0x0000000000006410      0x158 /home/roscube/Desktop/UMSD_v7.0.0_ADLINK/UMSD_v7.0.0/obj/dev/bonsai/src/api/msdDrv_obj/Bonsai_msdQav.o
 .eh_frame      0x0000000000006568       0xb8 /home/roscube/Desktop/UMSD_v7.0.0_ADLINK/UMSD_v7.0.0/obj/dev/bonsai/src/api/msdDrv_obj/Bonsai_msdArpIntf.o
 .eh_frame      0x0000000000006620       0x80 /home/roscube/Desktop/UMSD_v7.0.0_ADLINK/UMSD_v7.0.0/obj/dev/bonsai/src/api/msdDrv_obj/Bonsai_msdPortRmonIntf.o
 .eh_frame      0x00000000000066a0      0x388 /home/roscube/Desktop/UMSD_v7.0.0_ADLINK/UMSD_v7.0.0/obj/dev/bonsai/src/api/msdDrv_obj/Bonsai_msdPortCtrlIntf.o
 .eh_frame      0x0000000000006a28       0xf8 /home/roscube/Desktop/UMSD_v7.0.0_ADLINK/UMSD_v7.0.0/obj/dev/bonsai/src/api/msdDrv_obj/Bonsai_msdPortPrioMapIntf.o
 .eh_frame      0x0000000000006b20       0x98 /home/roscube/Desktop/UMSD_v7.0.0_ADLINK/UMSD_v7.0.0/obj/dev/bonsai/src/api/msdDrv_obj/Bonsai_msdEcidIntf.o
 .eh_frame      0x0000000000006bb8       0xa8 /home/roscube/Desktop/UMSD_v7.0.0_ADLINK/UMSD_v7.0.0/obj/dev/bonsai/src/api/msdDrv_obj/Bonsai_msdQueueCtrlIntf.o
 .eh_frame      0x0000000000006c60       0xe0 /home/roscube/Desktop/UMSD_v7.0.0_ADLINK/UMSD_v7.0.0/obj/dev/bonsai/src/api/msdDrv_obj/Bonsai_msdTCAMRCIntf.o
 .eh_frame      0x0000000000006d40      0x1e8 /home/roscube/Desktop/UMSD_v7.0.0_ADLINK/UMSD_v7.0.0/obj/dev/bonsai/src/api/msdDrv_obj/Bonsai_msdRMUIntf.o
 .eh_frame      0x0000000000006f28      0x8f0 /home/roscube/Desktop/UMSD_v7.0.0_ADLINK/UMSD_v7.0.0/obj/dev/bonsai/src/api/msdDrv_obj/Bonsai_msdPTP.o
 .eh_frame      0x0000000000007818      0x178 /home/roscube/Desktop/UMSD_v7.0.0_ADLINK/UMSD_v7.0.0/obj/dev/bonsai/src/api/msdDrv_obj/Bonsai_msdPTPIntf.o
 .eh_frame      0x0000000000007990      0x400 /home/roscube/Desktop/UMSD_v7.0.0_ADLINK/UMSD_v7.0.0/obj/dev/bonsai/src/api/msdDrv_obj/Bonsai_msdLed.o
 .eh_frame      0x0000000000007d90      0x120 /home/roscube/Desktop/UMSD_v7.0.0_ADLINK/UMSD_v7.0.0/obj/dev/bonsai/src/api/msdDrv_obj/Bonsai_msdLedIntf.o
 .eh_frame      0x0000000000007eb0       0x58 /home/roscube/Desktop/UMSD_v7.0.0_ADLINK/UMSD_v7.0.0/obj/dev/bonsai/src/api/msdDrv_obj/Bonsai_msdTCAMRCCompIntf.o
 .eh_frame      0x0000000000007f08      0x100 /home/roscube/Desktop/UMSD_v7.0.0_ADLINK/UMSD_v7.0.0/obj/dev/bonsai/src/api/msdDrv_obj/Bonsai_msdEEPROM.o
 .eh_frame      0x0000000000008008       0x68 /home/roscube/Desktop/UMSD_v7.0.0_ADLINK/UMSD_v7.0.0/obj/dev/bonsai/src/api/msdDrv_obj/Bonsai_msdEEPROMIntf.o

.gcc_except_table
 *(.gcc_except_table)

.gnu_extab
 *(.gnu_extab*)

.exception_ranges
 *(.exception_ranges)

.eh_frame
 *(.eh_frame)

.gnu_extab
 *(.gnu_extab)

.gcc_except_table
 *(.gcc_except_table)

.exception_ranges
 *(.exception_ranges)

.tdata
 *(.tdata)

.tbss
 *(.tbss)

.jcr
 *(.jcr)

.dynamic
 *(.dynamic)

.got
 *(.got)

.got.plt
 *(.got.plt)

.data           0x0000000000000000        0x0
 *(.data)
 .data          0x0000000000000000        0x0 /home/roscube/Desktop/UMSD_v7.0.0_ADLINK/UMSD_v7.0.0/obj/dev/bonsai/src/api/msdDrv_obj/Bonsai_msdTCAM.o
 .data          0x0000000000000000        0x0 /home/roscube/Desktop/UMSD_v7.0.0_ADLINK/UMSD_v7.0.0/obj/dev/bonsai/src/api/msdDrv_obj/Bonsai_msdTCAMRC.o
 .data          0x0000000000000000        0x0 /home/roscube/Desktop/UMSD_v7.0.0_ADLINK/UMSD_v7.0.0/obj/dev/bonsai/src/api/msdDrv_obj/Bonsai_msdTCAMRCComp.o
 .data          0x0000000000000000        0x0 /home/roscube/Desktop/UMSD_v7.0.0_ADLINK/UMSD_v7.0.0/obj/dev/bonsai/src/api/msdDrv_obj/Bonsai_msdBrgFdb.o
 .data          0x0000000000000000        0x0 /home/roscube/Desktop/UMSD_v7.0.0_ADLINK/UMSD_v7.0.0/obj/dev/bonsai/src/api/msdDrv_obj/Bonsai_msdPolicy.o
 .data          0x0000000000000000        0x0 /home/roscube/Desktop/UMSD_v7.0.0_ADLINK/UMSD_v7.0.0/obj/dev/bonsai/src/api/msdDrv_obj/Bonsai_msdBrgVtu.o
 .data          0x0000000000000000        0x0 /home/roscube/Desktop/UMSD_v7.0.0_ADLINK/UMSD_v7.0.0/obj/dev/bonsai/src/api/msdDrv_obj/Bonsai_msdArp.o
 .data          0x0000000000000000        0x0 /home/roscube/Desktop/UMSD_v7.0.0_ADLINK/UMSD_v7.0.0/obj/dev/bonsai/src/api/msdDrv_obj/Bonsai_msdBrgStu.o
 .data          0x0000000000000000        0x0 /home/roscube/Desktop/UMSD_v7.0.0_ADLINK/UMSD_v7.0.0/obj/dev/bonsai/src/api/msdDrv_obj/Bonsai_msdPIRL.o
 .data          0x0000000000000000        0x0 /home/roscube/Desktop/UMSD_v7.0.0_ADLINK/UMSD_v7.0.0/obj/dev/bonsai/src/api/msdDrv_obj/Bonsai_msdPortRmon.o
 .data          0x0000000000000000        0x0 /home/roscube/Desktop/UMSD_v7.0.0_ADLINK/UMSD_v7.0.0/obj/dev/bonsai/src/api/msdDrv_obj/Bonsai_msdPortCtrl.o
 .data          0x0000000000000000        0x0 /home/roscube/Desktop/UMSD_v7.0.0_ADLINK/UMSD_v7.0.0/obj/dev/bonsai/src/api/msdDrv_obj/Bonsai_msdEcid.o
 .data          0x0000000000000000        0x0 /home/roscube/Desktop/UMSD_v7.0.0_ADLINK/UMSD_v7.0.0/obj/dev/bonsai/src/api/msdDrv_obj/Bonsai_msdPortPrioMap.o
 .data          0x0000000000000000        0x0 /home/roscube/Desktop/UMSD_v7.0.0_ADLINK/UMSD_v7.0.0/obj/dev/bonsai/src/api/msdDrv_obj/Bonsai_msdQueueCtrl.o
 .data          0x0000000000000000        0x0 /home/roscube/Desktop/UMSD_v7.0.0_ADLINK/UMSD_v7.0.0/obj/dev/bonsai/src/api/msdDrv_obj/Bonsai_msdSysCtrl.o
 .data          0x0000000000000000        0x0 /home/roscube/Desktop/UMSD_v7.0.0_ADLINK/UMSD_v7.0.0/obj/dev/bonsai/src/api/msdDrv_obj/Bonsai_msdPhyCtrl.o
 .data          0x0000000000000000        0x0 /home/roscube/Desktop/UMSD_v7.0.0_ADLINK/UMSD_v7.0.0/obj/dev/bonsai/src/api/msdDrv_obj/Bonsai_msdRMU.o
 .data          0x0000000000000000        0x0 /home/roscube/Desktop/UMSD_v7.0.0_ADLINK/UMSD_v7.0.0/obj/dev/bonsai/src/api/msdDrv_obj/Bonsai_msdTCAMIntf.o
 .data          0x0000000000000000        0x0 /home/roscube/Desktop/UMSD_v7.0.0_ADLINK/UMSD_v7.0.0/obj/dev/bonsai/src/api/msdDrv_obj/Bonsai_msdQci.o
 .data          0x0000000000000000        0x0 /home/roscube/Desktop/UMSD_v7.0.0_ADLINK/UMSD_v7.0.0/obj/dev/bonsai/src/api/msdDrv_obj/Bonsai_msdQciIntf.o
 .data          0x0000000000000000        0x0 /home/roscube/Desktop/UMSD_v7.0.0_ADLINK/UMSD_v7.0.0/obj/dev/bonsai/src/api/msdDrv_obj/Bonsai_msdBrgFdbIntf.o
 .data          0x0000000000000000        0x0 /home/roscube/Desktop/UMSD_v7.0.0_ADLINK/UMSD_v7.0.0/obj/dev/bonsai/src/api/msdDrv_obj/Bonsai_msdBrgVtuIntf.o
 .data          0x0000000000000000        0x0 /home/roscube/Desktop/UMSD_v7.0.0_ADLINK/UMSD_v7.0.0/obj/dev/bonsai/src/api/msdDrv_obj/Bonsai_msdBrgStuIntf.o
 .data          0x0000000000000000        0x0 /home/roscube/Desktop/UMSD_v7.0.0_ADLINK/UMSD_v7.0.0/obj/dev/bonsai/src/api/msdDrv_obj/Bonsai_msdPIRLIntf.o
 .data          0x0000000000000000        0x0 /home/roscube/Desktop/UMSD_v7.0.0_ADLINK/UMSD_v7.0.0/obj/dev/bonsai/src/api/msdDrv_obj/Bonsai_msdQav.o
 .data          0x0000000000000000        0x0 /home/roscube/Desktop/UMSD_v7.0.0_ADLINK/UMSD_v7.0.0/obj/dev/bonsai/src/api/msdDrv_obj/Bonsai_msdArpIntf.o
 .data          0x0000000000000000        0x0 /home/roscube/Desktop/UMSD_v7.0.0_ADLINK/UMSD_v7.0.0/obj/dev/bonsai/src/api/msdDrv_obj/Bonsai_msdPortRmonIntf.o
 .data          0x0000000000000000        0x0 /home/roscube/Desktop/UMSD_v7.0.0_ADLINK/UMSD_v7.0.0/obj/dev/bonsai/src/api/msdDrv_obj/Bonsai_msdPortCtrlIntf.o
 .data          0x0000000000000000        0x0 /home/roscube/Desktop/UMSD_v7.0.0_ADLINK/UMSD_v7.0.0/obj/dev/bonsai/src/api/msdDrv_obj/Bonsai_msdPortPrioMapIntf.o
 .data          0x0000000000000000        0x0 /home/roscube/Desktop/UMSD_v7.0.0_ADLINK/UMSD_v7.0.0/obj/dev/bonsai/src/api/msdDrv_obj/Bonsai_msdEcidIntf.o
 .data          0x0000000000000000        0x0 /home/roscube/Desktop/UMSD_v7.0.0_ADLINK/UMSD_v7.0.0/obj/dev/bonsai/src/api/msdDrv_obj/Bonsai_msdQueueCtrlIntf.o
 .data          0x0000000000000000        0x0 /home/roscube/Desktop/UMSD_v7.0.0_ADLINK/UMSD_v7.0.0/obj/dev/bonsai/src/api/msdDrv_obj/Bonsai_msdSysCtrlIntf.o
 .data          0x0000000000000000        0x0 /home/roscube/Desktop/UMSD_v7.0.0_ADLINK/UMSD_v7.0.0/obj/dev/bonsai/src/api/msdDrv_obj/Bonsai_msdPhyCtrlIntf.o
 .data          0x0000000000000000        0x0 /home/roscube/Desktop/UMSD_v7.0.0_ADLINK/UMSD_v7.0.0/obj/dev/bonsai/src/api/msdDrv_obj/Bonsai_msdPolicyIntf.o
 .data          0x0000000000000000        0x0 /home/roscube/Desktop/UMSD_v7.0.0_ADLINK/UMSD_v7.0.0/obj/dev/bonsai/src/api/msdDrv_obj/Bonsai_msdTCAMRCIntf.o
 .data          0x0000000000000000        0x0 /home/roscube/Desktop/UMSD_v7.0.0_ADLINK/UMSD_v7.0.0/obj/dev/bonsai/src/api/msdDrv_obj/Bonsai_msdRMUIntf.o
 .data          0x0000000000000000        0x0 /home/roscube/Desktop/UMSD_v7.0.0_ADLINK/UMSD_v7.0.0/obj/dev/bonsai/src/api/msdDrv_obj/Bonsai_msdPTP.o
 .data          0x0000000000000000        0x0 /home/roscube/Desktop/UMSD_v7.0.0_ADLINK/UMSD_v7.0.0/obj/dev/bonsai/src/api/msdDrv_obj/Bonsai_msdPTPIntf.o
 .data          0x0000000000000000        0x0 /home/roscube/Desktop/UMSD_v7.0.0_ADLINK/UMSD_v7.0.0/obj/dev/bonsai/src/api/msdDrv_obj/Bonsai_msdLed.o
 .data          0x0000000000000000        0x0 /home/roscube/Desktop/UMSD_v7.0.0_ADLINK/UMSD_v7.0.0/obj/dev/bonsai/src/api/msdDrv_obj/Bonsai_msdLedIntf.o
 .data          0x0000000000000000        0x0 /home/roscube/Desktop/UMSD_v7.0.0_ADLINK/UMSD_v7.0.0/obj/dev/bonsai/src/api/msdDrv_obj/Bonsai_msdTCAMRCCompIntf.o
 .data          0x0000000000000000        0x0 /home/roscube/Desktop/UMSD_v7.0.0_ADLINK/UMSD_v7.0.0/obj/dev/bonsai/src/api/msdDrv_obj/Bonsai_msdEEPROM.o
 .data          0x0000000000000000        0x0 /home/roscube/Desktop/UMSD_v7.0.0_ADLINK/UMSD_v7.0.0/obj/dev/bonsai/src/api/msdDrv_obj/Bonsai_msdEEPROMIntf.o

.data1
 *(.data1)

.bss            0x0000000000000000        0x0
 *(.bss)
 .bss           0x0000000000000000        0x0 /home/roscube/Desktop/UMSD_v7.0.0_ADLINK/UMSD_v7.0.0/obj/dev/bonsai/src/api/msdDrv_obj/Bonsai_msdTCAM.o
 .bss           0x0000000000000000        0x0 /home/roscube/Desktop/UMSD_v7.0.0_ADLINK/UMSD_v7.0.0/obj/dev/bonsai/src/api/msdDrv_obj/Bonsai_msdTCAMRC.o
 .bss           0x0000000000000000        0x0 /home/roscube/Desktop/UMSD_v7.0.0_ADLINK/UMSD_v7.0.0/obj/dev/bonsai/src/api/msdDrv_obj/Bonsai_msdTCAMRCComp.o
 .bss           0x0000000000000000        0x0 /home/roscube/Desktop/UMSD_v7.0.0_ADLINK/UMSD_v7.0.0/obj/dev/bonsai/src/api/msdDrv_obj/Bonsai_msdBrgFdb.o
 .bss           0x0000000000000000        0x0 /home/roscube/Desktop/UMSD_v7.0.0_ADLINK/UMSD_v7.0.0/obj/dev/bonsai/src/api/msdDrv_obj/Bonsai_msdPolicy.o
 .bss           0x0000000000000000        0x0 /home/roscube/Desktop/UMSD_v7.0.0_ADLINK/UMSD_v7.0.0/obj/dev/bonsai/src/api/msdDrv_obj/Bonsai_msdBrgVtu.o
 .bss           0x0000000000000000        0x0 /home/roscube/Desktop/UMSD_v7.0.0_ADLINK/UMSD_v7.0.0/obj/dev/bonsai/src/api/msdDrv_obj/Bonsai_msdArp.o
 .bss           0x0000000000000000        0x0 /home/roscube/Desktop/UMSD_v7.0.0_ADLINK/UMSD_v7.0.0/obj/dev/bonsai/src/api/msdDrv_obj/Bonsai_msdBrgStu.o
 .bss           0x0000000000000000        0x0 /home/roscube/Desktop/UMSD_v7.0.0_ADLINK/UMSD_v7.0.0/obj/dev/bonsai/src/api/msdDrv_obj/Bonsai_msdPIRL.o
 .bss           0x0000000000000000        0x0 /home/roscube/Desktop/UMSD_v7.0.0_ADLINK/UMSD_v7.0.0/obj/dev/bonsai/src/api/msdDrv_obj/Bonsai_msdPortRmon.o
 .bss           0x0000000000000000        0x0 /home/roscube/Desktop/UMSD_v7.0.0_ADLINK/UMSD_v7.0.0/obj/dev/bonsai/src/api/msdDrv_obj/Bonsai_msdPortCtrl.o
 .bss           0x0000000000000000        0x0 /home/roscube/Desktop/UMSD_v7.0.0_ADLINK/UMSD_v7.0.0/obj/dev/bonsai/src/api/msdDrv_obj/Bonsai_msdEcid.o
 .bss           0x0000000000000000        0x0 /home/roscube/Desktop/UMSD_v7.0.0_ADLINK/UMSD_v7.0.0/obj/dev/bonsai/src/api/msdDrv_obj/Bonsai_msdPortPrioMap.o
 .bss           0x0000000000000000        0x0 /home/roscube/Desktop/UMSD_v7.0.0_ADLINK/UMSD_v7.0.0/obj/dev/bonsai/src/api/msdDrv_obj/Bonsai_msdQueueCtrl.o
 .bss           0x0000000000000000        0x0 /home/roscube/Desktop/UMSD_v7.0.0_ADLINK/UMSD_v7.0.0/obj/dev/bonsai/src/api/msdDrv_obj/Bonsai_msdSysCtrl.o
 .bss           0x0000000000000000        0x0 /home/roscube/Desktop/UMSD_v7.0.0_ADLINK/UMSD_v7.0.0/obj/dev/bonsai/src/api/msdDrv_obj/Bonsai_msdPhyCtrl.o
 .bss           0x0000000000000000        0x0 /home/roscube/Desktop/UMSD_v7.0.0_ADLINK/UMSD_v7.0.0/obj/dev/bonsai/src/api/msdDrv_obj/Bonsai_msdRMU.o
 .bss           0x0000000000000000        0x0 /home/roscube/Desktop/UMSD_v7.0.0_ADLINK/UMSD_v7.0.0/obj/dev/bonsai/src/api/msdDrv_obj/Bonsai_msdTCAMIntf.o
 .bss           0x0000000000000000        0x0 /home/roscube/Desktop/UMSD_v7.0.0_ADLINK/UMSD_v7.0.0/obj/dev/bonsai/src/api/msdDrv_obj/Bonsai_msdQci.o
 .bss           0x0000000000000000        0x0 /home/roscube/Desktop/UMSD_v7.0.0_ADLINK/UMSD_v7.0.0/obj/dev/bonsai/src/api/msdDrv_obj/Bonsai_msdQciIntf.o
 .bss           0x0000000000000000        0x0 /home/roscube/Desktop/UMSD_v7.0.0_ADLINK/UMSD_v7.0.0/obj/dev/bonsai/src/api/msdDrv_obj/Bonsai_msdBrgFdbIntf.o
 .bss           0x0000000000000000        0x0 /home/roscube/Desktop/UMSD_v7.0.0_ADLINK/UMSD_v7.0.0/obj/dev/bonsai/src/api/msdDrv_obj/Bonsai_msdBrgVtuIntf.o
 .bss           0x0000000000000000        0x0 /home/roscube/Desktop/UMSD_v7.0.0_ADLINK/UMSD_v7.0.0/obj/dev/bonsai/src/api/msdDrv_obj/Bonsai_msdBrgStuIntf.o
 .bss           0x0000000000000000        0x0 /home/roscube/Desktop/UMSD_v7.0.0_ADLINK/UMSD_v7.0.0/obj/dev/bonsai/src/api/msdDrv_obj/Bonsai_msdPIRLIntf.o
 .bss           0x0000000000000000        0x0 /home/roscube/Desktop/UMSD_v7.0.0_ADLINK/UMSD_v7.0.0/obj/dev/bonsai/src/api/msdDrv_obj/Bonsai_msdQav.o
 .bss           0x0000000000000000        0x0 /home/roscube/Desktop/UMSD_v7.0.0_ADLINK/UMSD_v7.0.0/obj/dev/bonsai/src/api/msdDrv_obj/Bonsai_msdArpIntf.o
 .bss           0x0000000000000000        0x0 /home/roscube/Desktop/UMSD_v7.0.0_ADLINK/UMSD_v7.0.0/obj/dev/bonsai/src/api/msdDrv_obj/Bonsai_msdPortRmonIntf.o
 .bss           0x0000000000000000        0x0 /home/roscube/Desktop/UMSD_v7.0.0_ADLINK/UMSD_v7.0.0/obj/dev/bonsai/src/api/msdDrv_obj/Bonsai_msdPortCtrlIntf.o
 .bss           0x0000000000000000        0x0 /home/roscube/Desktop/UMSD_v7.0.0_ADLINK/UMSD_v7.0.0/obj/dev/bonsai/src/api/msdDrv_obj/Bonsai_msdPortPrioMapIntf.o
 .bss           0x0000000000000000        0x0 /home/roscube/Desktop/UMSD_v7.0.0_ADLINK/UMSD_v7.0.0/obj/dev/bonsai/src/api/msdDrv_obj/Bonsai_msdEcidIntf.o
 .bss           0x0000000000000000        0x0 /home/roscube/Desktop/UMSD_v7.0.0_ADLINK/UMSD_v7.0.0/obj/dev/bonsai/src/api/msdDrv_obj/Bonsai_msdQueueCtrlIntf.o
 .bss           0x0000000000000000        0x0 /home/roscube/Desktop/UMSD_v7.0.0_ADLINK/UMSD_v7.0.0/obj/dev/bonsai/src/api/msdDrv_obj/Bonsai_msdSysCtrlIntf.o
 .bss           0x0000000000000000        0x0 /home/roscube/Desktop/UMSD_v7.0.0_ADLINK/UMSD_v7.0.0/obj/dev/bonsai/src/api/msdDrv_obj/Bonsai_msdPhyCtrlIntf.o
 .bss           0x0000000000000000        0x0 /home/roscube/Desktop/UMSD_v7.0.0_ADLINK/UMSD_v7.0.0/obj/dev/bonsai/src/api/msdDrv_obj/Bonsai_msdPolicyIntf.o
 .bss           0x0000000000000000        0x0 /home/roscube/Desktop/UMSD_v7.0.0_ADLINK/UMSD_v7.0.0/obj/dev/bonsai/src/api/msdDrv_obj/Bonsai_msdTCAMRCIntf.o
 .bss           0x0000000000000000        0x0 /home/roscube/Desktop/UMSD_v7.0.0_ADLINK/UMSD_v7.0.0/obj/dev/bonsai/src/api/msdDrv_obj/Bonsai_msdRMUIntf.o
 .bss           0x0000000000000000        0x0 /home/roscube/Desktop/UMSD_v7.0.0_ADLINK/UMSD_v7.0.0/obj/dev/bonsai/src/api/msdDrv_obj/Bonsai_msdPTP.o
 .bss           0x0000000000000000        0x0 /home/roscube/Desktop/UMSD_v7.0.0_ADLINK/UMSD_v7.0.0/obj/dev/bonsai/src/api/msdDrv_obj/Bonsai_msdPTPIntf.o
 .bss           0x0000000000000000        0x0 /home/roscube/Desktop/UMSD_v7.0.0_ADLINK/UMSD_v7.0.0/obj/dev/bonsai/src/api/msdDrv_obj/Bonsai_msdLed.o
 .bss           0x0000000000000000        0x0 /home/roscube/Desktop/UMSD_v7.0.0_ADLINK/UMSD_v7.0.0/obj/dev/bonsai/src/api/msdDrv_obj/Bonsai_msdLedIntf.o
 .bss           0x0000000000000000        0x0 /home/roscube/Desktop/UMSD_v7.0.0_ADLINK/UMSD_v7.0.0/obj/dev/bonsai/src/api/msdDrv_obj/Bonsai_msdTCAMRCCompIntf.o
 .bss           0x0000000000000000        0x0 /home/roscube/Desktop/UMSD_v7.0.0_ADLINK/UMSD_v7.0.0/obj/dev/bonsai/src/api/msdDrv_obj/Bonsai_msdEEPROM.o
 .bss           0x0000000000000000        0x0 /home/roscube/Desktop/UMSD_v7.0.0_ADLINK/UMSD_v7.0.0/obj/dev/bonsai/src/api/msdDrv_obj/Bonsai_msdEEPROMIntf.o

.lbss
 *(.lbss)

.lrodata
 *(.lrodata)

.ldata
 *(.ldata)

.stab
 *(.stab)

.stabstr
 *(.stabstr)

.stab.excl
 *(.stab.excl)

.stab.exclstr
 *(.stab.exclstr)

.stab.index
 *(.stab.index)

.stab.indexstr
 *(.stab.indexstr)

.comment        0x0000000000000000      0x764
 *(.comment)
 .comment       0x0000000000000000       0x2c /home/roscube/Desktop/UMSD_v7.0.0_ADLINK/UMSD_v7.0.0/obj/dev/bonsai/src/api/msdDrv_obj/Bonsai_msdTCAM.o
 .comment       0x000000000000002c       0x2c /home/roscube/Desktop/UMSD_v7.0.0_ADLINK/UMSD_v7.0.0/obj/dev/bonsai/src/api/msdDrv_obj/Bonsai_msdTCAMRC.o
 .comment       0x0000000000000058       0x2c /home/roscube/Desktop/UMSD_v7.0.0_ADLINK/UMSD_v7.0.0/obj/dev/bonsai/src/api/msdDrv_obj/Bonsai_msdTCAMRCComp.o
 .comment       0x0000000000000084       0x2c /home/roscube/Desktop/UMSD_v7.0.0_ADLINK/UMSD_v7.0.0/obj/dev/bonsai/src/api/msdDrv_obj/Bonsai_msdBrgFdb.o
 .comment       0x00000000000000b0       0x2c /home/roscube/Desktop/UMSD_v7.0.0_ADLINK/UMSD_v7.0.0/obj/dev/bonsai/src/api/msdDrv_obj/Bonsai_msdPolicy.o
 .comment       0x00000000000000dc       0x2c /home/roscube/Desktop/UMSD_v7.0.0_ADLINK/UMSD_v7.0.0/obj/dev/bonsai/src/api/msdDrv_obj/Bonsai_msdBrgVtu.o
 .comment       0x0000000000000108       0x2c /home/roscube/Desktop/UMSD_v7.0.0_ADLINK/UMSD_v7.0.0/obj/dev/bonsai/src/api/msdDrv_obj/Bonsai_msdArp.o
 .comment       0x0000000000000134       0x2c /home/roscube/Desktop/UMSD_v7.0.0_ADLINK/UMSD_v7.0.0/obj/dev/bonsai/src/api/msdDrv_obj/Bonsai_msdBrgStu.o
 .comment       0x0000000000000160       0x2c /home/roscube/Desktop/UMSD_v7.0.0_ADLINK/UMSD_v7.0.0/obj/dev/bonsai/src/api/msdDrv_obj/Bonsai_msdPIRL.o
 .comment       0x000000000000018c       0x2c /home/roscube/Desktop/UMSD_v7.0.0_ADLINK/UMSD_v7.0.0/obj/dev/bonsai/src/api/msdDrv_obj/Bonsai_msdPortRmon.o
 .comment       0x00000000000001b8       0x2c /home/roscube/Desktop/UMSD_v7.0.0_ADLINK/UMSD_v7.0.0/obj/dev/bonsai/src/api/msdDrv_obj/Bonsai_msdPortCtrl.o
 .comment       0x00000000000001e4       0x2c /home/roscube/Desktop/UMSD_v7.0.0_ADLINK/UMSD_v7.0.0/obj/dev/bonsai/src/api/msdDrv_obj/Bonsai_msdEcid.o
 .comment       0x0000000000000210       0x2c /home/roscube/Desktop/UMSD_v7.0.0_ADLINK/UMSD_v7.0.0/obj/dev/bonsai/src/api/msdDrv_obj/Bonsai_msdPortPrioMap.o
 .comment       0x000000000000023c       0x2c /home/roscube/Desktop/UMSD_v7.0.0_ADLINK/UMSD_v7.0.0/obj/dev/bonsai/src/api/msdDrv_obj/Bonsai_msdQueueCtrl.o
 .comment       0x0000000000000268       0x2c /home/roscube/Desktop/UMSD_v7.0.0_ADLINK/UMSD_v7.0.0/obj/dev/bonsai/src/api/msdDrv_obj/Bonsai_msdSysCtrl.o
 .comment       0x0000000000000294       0x2c /home/roscube/Desktop/UMSD_v7.0.0_ADLINK/UMSD_v7.0.0/obj/dev/bonsai/src/api/msdDrv_obj/Bonsai_msdPhyCtrl.o
 .comment       0x00000000000002c0       0x2c /home/roscube/Desktop/UMSD_v7.0.0_ADLINK/UMSD_v7.0.0/obj/dev/bonsai/src/api/msdDrv_obj/Bonsai_msdRMU.o
 .comment       0x00000000000002ec       0x2c /home/roscube/Desktop/UMSD_v7.0.0_ADLINK/UMSD_v7.0.0/obj/dev/bonsai/src/api/msdDrv_obj/Bonsai_msdTCAMIntf.o
 .comment       0x0000000000000318       0x2c /home/roscube/Desktop/UMSD_v7.0.0_ADLINK/UMSD_v7.0.0/obj/dev/bonsai/src/api/msdDrv_obj/Bonsai_msdQci.o
 .comment       0x0000000000000344       0x2c /home/roscube/Desktop/UMSD_v7.0.0_ADLINK/UMSD_v7.0.0/obj/dev/bonsai/src/api/msdDrv_obj/Bonsai_msdQciIntf.o
 .comment       0x0000000000000370       0x2c /home/roscube/Desktop/UMSD_v7.0.0_ADLINK/UMSD_v7.0.0/obj/dev/bonsai/src/api/msdDrv_obj/Bonsai_msdBrgFdbIntf.o
 .comment       0x000000000000039c       0x2c /home/roscube/Desktop/UMSD_v7.0.0_ADLINK/UMSD_v7.0.0/obj/dev/bonsai/src/api/msdDrv_obj/Bonsai_msdBrgVtuIntf.o
 .comment       0x00000000000003c8       0x2c /home/roscube/Desktop/UMSD_v7.0.0_ADLINK/UMSD_v7.0.0/obj/dev/bonsai/src/api/msdDrv_obj/Bonsai_msdBrgStuIntf.o
 .comment       0x00000000000003f4       0x2c /home/roscube/Desktop/UMSD_v7.0.0_ADLINK/UMSD_v7.0.0/obj/dev/bonsai/src/api/msdDrv_obj/Bonsai_msdPIRLIntf.o
 .comment       0x0000000000000420       0x2c /home/roscube/Desktop/UMSD_v7.0.0_ADLINK/UMSD_v7.0.0/obj/dev/bonsai/src/api/msdDrv_obj/Bonsai_msdQav.o
 .comment       0x000000000000044c       0x2c /home/roscube/Desktop/UMSD_v7.0.0_ADLINK/UMSD_v7.0.0/obj/dev/bonsai/src/api/msdDrv_obj/Bonsai_msdArpIntf.o
 .comment       0x0000000000000478       0x2c /home/roscube/Desktop/UMSD_v7.0.0_ADLINK/UMSD_v7.0.0/obj/dev/bonsai/src/api/msdDrv_obj/Bonsai_msdPortRmonIntf.o
 .comment       0x00000000000004a4       0x2c /home/roscube/Desktop/UMSD_v7.0.0_ADLINK/UMSD_v7.0.0/obj/dev/bonsai/src/api/msdDrv_obj/Bonsai_msdPortCtrlIntf.o
 .comment       0x00000000000004d0       0x2c /home/roscube/Desktop/UMSD_v7.0.0_ADLINK/UMSD_v7.0.0/obj/dev/bonsai/src/api/msdDrv_obj/Bonsai_msdPortPrioMapIntf.o
 .comment       0x00000000000004fc       0x2c /home/roscube/Desktop/UMSD_v7.0.0_ADLINK/UMSD_v7.0.0/obj/dev/bonsai/src/api/msdDrv_obj/Bonsai_msdEcidIntf.o
 .comment       0x0000000000000528       0x2c /home/roscube/Desktop/UMSD_v7.0.0_ADLINK/UMSD_v7.0.0/obj/dev/bonsai/src/api/msdDrv_obj/Bonsai_msdQueueCtrlIntf.o
 .comment       0x0000000000000554       0x2c /home/roscube/Desktop/UMSD_v7.0.0_ADLINK/UMSD_v7.0.0/obj/dev/bonsai/src/api/msdDrv_obj/Bonsai_msdSysCtrlIntf.o
 .comment       0x0000000000000580       0x2c /home/roscube/Desktop/UMSD_v7.0.0_ADLINK/UMSD_v7.0.0/obj/dev/bonsai/src/api/msdDrv_obj/Bonsai_msdPhyCtrlIntf.o
 .comment       0x00000000000005ac       0x2c /home/roscube/Desktop/UMSD_v7.0.0_ADLINK/UMSD_v7.0.0/obj/dev/bonsai/src/api/msdDrv_obj/Bonsai_msdPolicyIntf.o
 .comment       0x00000000000005d8       0x2c /home/roscube/Desktop/UMSD_v7.0.0_ADLINK/UMSD_v7.0.0/obj/dev/bonsai/src/api/msdDrv_obj/Bonsai_msdTCAMRCIntf.o
 .comment       0x0000000000000604       0x2c /home/roscube/Desktop/UMSD_v7.0.0_ADLINK/UMSD_v7.0.0/obj/dev/bonsai/src/api/msdDrv_obj/Bonsai_msdRMUIntf.o
 .comment       0x0000000000000630       0x2c /home/roscube/Desktop/UMSD_v7.0.0_ADLINK/UMSD_v7.0.0/obj/dev/bonsai/src/api/msdDrv_obj/Bonsai_msdPTP.o
 .comment       0x000000000000065c       0x2c /home/roscube/Desktop/UMSD_v7.0.0_ADLINK/UMSD_v7.0.0/obj/dev/bonsai/src/api/msdDrv_obj/Bonsai_msdPTPIntf.o
 .comment       0x0000000000000688       0x2c /home/roscube/Desktop/UMSD_v7.0.0_ADLINK/UMSD_v7.0.0/obj/dev/bonsai/src/api/msdDrv_obj/Bonsai_msdLed.o
 .comment       0x00000000000006b4       0x2c /home/roscube/Desktop/UMSD_v7.0.0_ADLINK/UMSD_v7.0.0/obj/dev/bonsai/src/api/msdDrv_obj/Bonsai_msdLedIntf.o
 .comment       0x00000000000006e0       0x2c /home/roscube/Desktop/UMSD_v7.0.0_ADLINK/UMSD_v7.0.0/obj/dev/bonsai/src/api/msdDrv_obj/Bonsai_msdTCAMRCCompIntf.o
 .comment       0x000000000000070c       0x2c /home/roscube/Desktop/UMSD_v7.0.0_ADLINK/UMSD_v7.0.0/obj/dev/bonsai/src/api/msdDrv_obj/Bonsai_msdEEPROM.o
 .comment       0x0000000000000738       0x2c /home/roscube/Desktop/UMSD_v7.0.0_ADLINK/UMSD_v7.0.0/obj/dev/bonsai/src/api/msdDrv_obj/Bonsai_msdEEPROMIntf.o

.note.GNU-stack
                0x0000000000000000        0x0
 .note.GNU-stack
                0x0000000000000000        0x0 /home/roscube/Desktop/UMSD_v7.0.0_ADLINK/UMSD_v7.0.0/obj/dev/bonsai/src/api/msdDrv_obj/Bonsai_msdTCAM.o
 .note.GNU-stack
                0x0000000000000000        0x0 /home/roscube/Desktop/UMSD_v7.0.0_ADLINK/UMSD_v7.0.0/obj/dev/bonsai/src/api/msdDrv_obj/Bonsai_msdTCAMRC.o
 .note.GNU-stack
                0x0000000000000000        0x0 /home/roscube/Desktop/UMSD_v7.0.0_ADLINK/UMSD_v7.0.0/obj/dev/bonsai/src/api/msdDrv_obj/Bonsai_msdTCAMRCComp.o
 .note.GNU-stack
                0x0000000000000000        0x0 /home/roscube/Desktop/UMSD_v7.0.0_ADLINK/UMSD_v7.0.0/obj/dev/bonsai/src/api/msdDrv_obj/Bonsai_msdBrgFdb.o
 .note.GNU-stack
                0x0000000000000000        0x0 /home/roscube/Desktop/UMSD_v7.0.0_ADLINK/UMSD_v7.0.0/obj/dev/bonsai/src/api/msdDrv_obj/Bonsai_msdPolicy.o
 .note.GNU-stack
                0x0000000000000000        0x0 /home/roscube/Desktop/UMSD_v7.0.0_ADLINK/UMSD_v7.0.0/obj/dev/bonsai/src/api/msdDrv_obj/Bonsai_msdBrgVtu.o
 .note.GNU-stack
                0x0000000000000000        0x0 /home/roscube/Desktop/UMSD_v7.0.0_ADLINK/UMSD_v7.0.0/obj/dev/bonsai/src/api/msdDrv_obj/Bonsai_msdArp.o
 .note.GNU-stack
                0x0000000000000000        0x0 /home/roscube/Desktop/UMSD_v7.0.0_ADLINK/UMSD_v7.0.0/obj/dev/bonsai/src/api/msdDrv_obj/Bonsai_msdBrgStu.o
 .note.GNU-stack
                0x0000000000000000        0x0 /home/roscube/Desktop/UMSD_v7.0.0_ADLINK/UMSD_v7.0.0/obj/dev/bonsai/src/api/msdDrv_obj/Bonsai_msdPIRL.o
 .note.GNU-stack
                0x0000000000000000        0x0 /home/roscube/Desktop/UMSD_v7.0.0_ADLINK/UMSD_v7.0.0/obj/dev/bonsai/src/api/msdDrv_obj/Bonsai_msdPortRmon.o
 .note.GNU-stack
                0x0000000000000000        0x0 /home/roscube/Desktop/UMSD_v7.0.0_ADLINK/UMSD_v7.0.0/obj/dev/bonsai/src/api/msdDrv_obj/Bonsai_msdPortCtrl.o
 .note.GNU-stack
                0x0000000000000000        0x0 /home/roscube/Desktop/UMSD_v7.0.0_ADLINK/UMSD_v7.0.0/obj/dev/bonsai/src/api/msdDrv_obj/Bonsai_msdEcid.o
 .note.GNU-stack
                0x0000000000000000        0x0 /home/roscube/Desktop/UMSD_v7.0.0_ADLINK/UMSD_v7.0.0/obj/dev/bonsai/src/api/msdDrv_obj/Bonsai_msdPortPrioMap.o
 .note.GNU-stack
                0x0000000000000000        0x0 /home/roscube/Desktop/UMSD_v7.0.0_ADLINK/UMSD_v7.0.0/obj/dev/bonsai/src/api/msdDrv_obj/Bonsai_msdQueueCtrl.o
 .note.GNU-stack
                0x0000000000000000        0x0 /home/roscube/Desktop/UMSD_v7.0.0_ADLINK/UMSD_v7.0.0/obj/dev/bonsai/src/api/msdDrv_obj/Bonsai_msdSysCtrl.o
 .note.GNU-stack
                0x0000000000000000        0x0 /home/roscube/Desktop/UMSD_v7.0.0_ADLINK/UMSD_v7.0.0/obj/dev/bonsai/src/api/msdDrv_obj/Bonsai_msdPhyCtrl.o
 .note.GNU-stack
                0x0000000000000000        0x0 /home/roscube/Desktop/UMSD_v7.0.0_ADLINK/UMSD_v7.0.0/obj/dev/bonsai/src/api/msdDrv_obj/Bonsai_msdRMU.o
 .note.GNU-stack
                0x0000000000000000        0x0 /home/roscube/Desktop/UMSD_v7.0.0_ADLINK/UMSD_v7.0.0/obj/dev/bonsai/src/api/msdDrv_obj/Bonsai_msdTCAMIntf.o
 .note.GNU-stack
                0x0000000000000000        0x0 /home/roscube/Desktop/UMSD_v7.0.0_ADLINK/UMSD_v7.0.0/obj/dev/bonsai/src/api/msdDrv_obj/Bonsai_msdQci.o
 .note.GNU-stack
                0x0000000000000000        0x0 /home/roscube/Desktop/UMSD_v7.0.0_ADLINK/UMSD_v7.0.0/obj/dev/bonsai/src/api/msdDrv_obj/Bonsai_msdQciIntf.o
 .note.GNU-stack
                0x0000000000000000        0x0 /home/roscube/Desktop/UMSD_v7.0.0_ADLINK/UMSD_v7.0.0/obj/dev/bonsai/src/api/msdDrv_obj/Bonsai_msdBrgFdbIntf.o
 .note.GNU-stack
                0x0000000000000000        0x0 /home/roscube/Desktop/UMSD_v7.0.0_ADLINK/UMSD_v7.0.0/obj/dev/bonsai/src/api/msdDrv_obj/Bonsai_msdBrgVtuIntf.o
 .note.GNU-stack
                0x0000000000000000        0x0 /home/roscube/Desktop/UMSD_v7.0.0_ADLINK/UMSD_v7.0.0/obj/dev/bonsai/src/api/msdDrv_obj/Bonsai_msdBrgStuIntf.o
 .note.GNU-stack