
Merging program properties


Memory Configuration

Name             Origin             Length             Attributes
*default*        0x0000000000000000 0xffffffffffffffff

Linker script and memory map

LOAD /home/roscube/Desktop/UMSD_v7.0.0_ADLINK/UMSD_v7.0.0/obj/dev/topaz/src/driver/msdDrv_obj/Topaz_msdHwAccess.o

.interp
 *(.interp)

.note.gnu.property
                0x0000000000000000       0x20
 .note.gnu.property
                0x0000000000000000       0x20 /home/roscube/Desktop/UMSD_v7.0.0_ADLINK/UMSD_v7.0.0/obj/dev/topaz/src/driver/msdDrv_obj/Topaz_msdHwAccess.o

.note.gnu.build-id
 *(.note.gnu.build-id)

.hash
 *(.hash)

.gnu.hash
 *(.gnu.hash)

.dynsym
 *(.dynsym)

.dynstr
 *(.dynstr)

.gnu.version
 *(.gnu.version)

.gnu.version_d
 *(.gnu.version_d)

.gnu.version_r
 *(.gnu.version_r)

.rela.init
 *(.rela.init)

.rela.text
 *(.rela.text)

.rela.fini
 *(.rela.fini)

.rela.rodata
 *(.rela.rodata)

.rela.data.rel.ro
 *(.rela.data.rel.ro)

.rela.data
 *(.rela.data)

.rela.tdata
 *(.rela.tdata)

.rela.tbss
 *(.rela.tbss)

.rela.ctors
 *(.rela.ctors)

.rela.dtors
 *(.rela.dtors)

.rela.got
 *(.rela.got)

.rela.bss
 *(.rela.bss)

.rela.ldata
 *(.rela.ldata)

.rela.lbss
 *(.rela.lbss)

.rela.lrodata
 *(.rela.lrodata)

.rela.ifunc
 *(.rela.ifunc)

.rela.plt
 *(.rela.plt)

.relr.dyn
 *(.relr.dyn)

.init
 *(SORT_NONE(.init))

.plt
 *(.plt)

.plt.got
 *(.plt.got)

.plt.sec
 *(.plt.sec)

.text           0x0000000000000000     0x1227
 *(.text .stub)
 .text          0x0000000000000000     0x1227 /home/roscube/Desktop/UMSD_v7.0.0_ADLINK/UMSD_v7.0.0/obj/dev/topaz/src/driver/msdDrv_obj/Topaz_msdHwAccess.o
                0x0000000000000000                Topaz_msdSetSMIC45PhyReg
                0x0000000000000180                Topaz_msdGetSMIC45PhyReg
                0x0000000000000300                Topaz_msdSetSMIPhyReg
                0x00000000000003f0                Topaz_msdGetSMIPhyReg
                0x0000000000000540                Topaz_msdSetSMIPhyRegField
                0x0000000000000630                Topaz_msdGetSMIPhyRegField
                0x00000000000006d0                Topaz_msdSetPagedPhyRegField
                0x0000000000000750                Topaz_msdGetPagedPhyRegField
                0x0000000000000820                Topaz_msdWritePagedPhyReg
                0x0000000000000880                Topaz_msdReadPagedPhyReg
                0x00000000000008e0                Topaz_msdSetSMIPhyXMDIOReg
                0x00000000000009f0                Topaz_msdGetSMIPhyXMDIOReg
                0x0000000000000b40                Topaz_msdPhyReset
                0x0000000000000d00                Topaz_msdSetSMIExtPhyReg
                0x0000000000000df0                Topaz_msdGetSMIExtPhyReg
                0x0000000000000f40                Topaz_msdWritePagedExtPhyReg
                0x0000000000000fa0                Topaz_msdReadPagedExtPhyReg
                0x0000000000001000                Topaz_msdSetSMIExtPhyXMDIOReg
                0x00000000000010f0                Topaz_msdGetSMIExtPhyXMDIOReg
 *(.gnu.warning)

.fini
 *(SORT_NONE(.fini))

.rodata
 *(.rodata)

.rodata1
 *(.rodata1)

.eh_frame_hdr
 *(.eh_frame_hdr)

.eh_frame       0x0000000000000000      0x5b4
 *(.eh_frame)
 .eh_frame      0x0000000000000000      0x5b4 /home/roscube/Desktop/UMSD_v7.0.0_ADLINK/UMSD_v7.0.0/obj/dev/topaz/src/driver/msdDrv_obj/Topaz_msdHwAccess.o
                                        0x5b8 (size before relaxing)

.gcc_except_table
 *(.gcc_except_table)

.gnu_extab
 *(.gnu_extab*)

.exception_ranges
 *(.exception_ranges)

.eh_frame
 *(.eh_frame)

.gnu_extab
 *(.gnu_extab)

.gcc_except_table
 *(.gcc_except_table)

.exception_ranges
 *(.exception_ranges)

.tdata
 *(.tdata)

.tbss
 *(.tbss)

.jcr
 *(.jcr)

.dynamic
 *(.dynamic)

.got
 *(.got)

.got.plt
 *(.got.plt)

.data           0x0000000000000000        0x0
 *(.data)
 .data          0x0000000000000000        0x0 /home/roscube/Desktop/UMSD_v7.0.0_ADLINK/UMSD_v7.0.0/obj/dev/topaz/src/driver/msdDrv_obj/Topaz_msdHwAccess.o

.data1
 *(.data1)

.bss            0x0000000000000000        0x0
 *(.bss)
 .bss           0x0000000000000000        0x0 /home/roscube/Desktop/UMSD_v7.0.0_ADLINK/UMSD_v7.0.0/obj/dev/topaz/src/driver/msdDrv_obj/Topaz_msdHwAccess.o

.lbss
 *(.lbss)

.lrodata
 *(.lrodata)

.ldata
 *(.ldata)

.stab
 *(.stab)

.stabstr
 *(.stabstr)

.stab.excl
 *(.stab.excl)

.stab.exclstr
 *(.stab.exclstr)

.stab.index
 *(.stab.index)

.stab.indexstr
 *(.stab.indexstr)

.comment        0x0000000000000000       0x2c
 *(.comment)
 .comment       0x0000000000000000       0x2c /home/roscube/Desktop/UMSD_v7.0.0_ADLINK/UMSD_v7.0.0/obj/dev/topaz/src/driver/msdDrv_obj/Topaz_msdHwAccess.o

.note.GNU-stack
                0x0000000000000000        0x0
 .note.GNU-stack
                0x0000000000000000        0x0 /home/roscube/Desktop/UMSD_v7.0.0_ADLINK/UMSD_v7.0.0/obj/dev/topaz/src/driver/msdDrv_obj/Topaz_msdHwAccess.o

.gnu.build.attributes
 *(.gnu.build.attributes)

.debug
 *(.debug)

.line
 *(.line)

.debug_srcinfo
 *(.debug_srcinfo)

.debug_sfnames
 *(.debug_sfnames)

.debug_aranges
 *(.debug_aranges)

.debug_pubnames
 *(.debug_pubnames)

.debug_info
 *(.debug_info)

.debug_abbrev
 *(.debug_abbrev)

.debug_line
 *(.debug_line)

.debug_frame
 *(.debug_frame)

.debug_str
 *(.debug_str)

.debug_loc
 *(.debug_loc)

.debug_macinfo
 *(.debug_macinfo)

.debug_weaknames
 *(.debug_weaknames)

.debug_funcnames
 *(.debug_funcnames)

.debug_typenames
 *(.debug_typenames)

.debug_varnames
 *(.debug_varnames)

.debug_pubtypes
 *(.debug_pubtypes)

.debug_ranges
 *(.debug_ranges)

.debug_addr
 *(.debug_addr)

.debug_line_str
 *(.debug_line_str)

.debug_loclists
 *(.debug_loclists)

.debug_macro
 *(.debug_macro)

.debug_names
 *(.debug_names)

.debug_rnglists
 *(.debug_rnglists)

.debug_str_offsets
 *(.debug_str_offsets)

.debug_sup
 *(.debug_sup)

.gnu.attributes
 *(.gnu.attributes)
OUTPUT(/home/roscube/Desktop/UMSD_v7.0.0_ADLINK/UMSD_v7.0.0/obj/dev/topaz/src/driver/msdDrv_obj/driver.o elf64-x86-64)
