
Merging program properties


Discarded input sections

 .note.gnu.property
                0x0000000000000000       0x20 /home/roscube/Desktop/UMSD_v7.0.0_comb/UMSD_v7.0.0/obj/dev/spruce/src/api/msdDrv_obj/Spruce_msdTCAMRC.o
 .note.gnu.property
                0x0000000000000000       0x20 /home/roscube/Desktop/UMSD_v7.0.0_comb/UMSD_v7.0.0/obj/dev/spruce/src/api/msdDrv_obj/Spruce_msdTCAMRCComp.o
 .note.gnu.property
                0x0000000000000000       0x20 /home/roscube/Desktop/UMSD_v7.0.0_comb/UMSD_v7.0.0/obj/dev/spruce/src/api/msdDrv_obj/Spruce_msdBrgFdb.o
 .note.gnu.property
                0x0000000000000000       0x20 /home/roscube/Desktop/UMSD_v7.0.0_comb/UMSD_v7.0.0/obj/dev/spruce/src/api/msdDrv_obj/Spruce_msdPolicy.o
 .note.gnu.property
                0x0000000000000000       0x20 /home/roscube/Desktop/UMSD_v7.0.0_comb/UMSD_v7.0.0/obj/dev/spruce/src/api/msdDrv_obj/Spruce_msdBrgVtu.o
 .note.gnu.property
                0x0000000000000000       0x20 /home/roscube/Desktop/UMSD_v7.0.0_comb/UMSD_v7.0.0/obj/dev/spruce/src/api/msdDrv_obj/Spruce_msdArp.o
 .note.gnu.property
                0x0000000000000000       0x20 /home/roscube/Desktop/UMSD_v7.0.0_comb/UMSD_v7.0.0/obj/dev/spruce/src/api/msdDrv_obj/Spruce_msdBrgStu.o
 .note.gnu.property
                0x0000000000000000       0x20 /home/roscube/Desktop/UMSD_v7.0.0_comb/UMSD_v7.0.0/obj/dev/spruce/src/api/msdDrv_obj/Spruce_msdPIRL.o
 .note.gnu.property
                0x0000000000000000       0x20 /home/roscube/Desktop/UMSD_v7.0.0_comb/UMSD_v7.0.0/obj/dev/spruce/src/api/msdDrv_obj/Spruce_msdPortRmon.o
 .note.gnu.property
                0x0000000000000000       0x20 /home/roscube/Desktop/UMSD_v7.0.0_comb/UMSD_v7.0.0/obj/dev/spruce/src/api/msdDrv_obj/Spruce_msdPortCtrl.o
 .note.gnu.property
                0x0000000000000000       0x20 /home/roscube/Desktop/UMSD_v7.0.0_comb/UMSD_v7.0.0/obj/dev/spruce/src/api/msdDrv_obj/Spruce_msdEcid.o
 .note.gnu.property
                0x0000000000000000       0x20 /home/roscube/Desktop/UMSD_v7.0.0_comb/UMSD_v7.0.0/obj/dev/spruce/src/api/msdDrv_obj/Spruce_msdPortPrioMap.o
 .note.gnu.property
                0x0000000000000000       0x20 /home/roscube/Desktop/UMSD_v7.0.0_comb/UMSD_v7.0.0/obj/dev/spruce/src/api/msdDrv_obj/Spruce_msdQueueCtrl.o
 .note.gnu.property
                0x0000000000000000       0x20 /home/roscube/Desktop/UMSD_v7.0.0_comb/UMSD_v7.0.0/obj/dev/spruce/src/api/msdDrv_obj/Spruce_msdSysCtrl.o
 .note.gnu.property
                0x0000000000000000       0x20 /home/roscube/Desktop/UMSD_v7.0.0_comb/UMSD_v7.0.0/obj/dev/spruce/src/api/msdDrv_obj/Spruce_msdPhyCtrl.o
 .note.gnu.property
                0x0000000000000000       0x20 /home/roscube/Desktop/UMSD_v7.0.0_comb/UMSD_v7.0.0/obj/dev/spruce/src/api/msdDrv_obj/Spruce_msdRMU.o
 .note.gnu.property
                0x0000000000000000       0x20 /home/roscube/Desktop/UMSD_v7.0.0_comb/UMSD_v7.0.0/obj/dev/spruce/src/api/msdDrv_obj/Spruce_msdTCAMIntf.o
 .note.gnu.property
                0x0000000000000000       0x20 /home/roscube/Desktop/UMSD_v7.0.0_comb/UMSD_v7.0.0/obj/dev/spruce/src/api/msdDrv_obj/Spruce_msdBrgFdbIntf.o
 .note.gnu.property
                0x0000000000000000       0x20 /home/roscube/Desktop/UMSD_v7.0.0_comb/UMSD_v7.0.0/obj/dev/spruce/src/api/msdDrv_obj/Spruce_msdBrgVtuIntf.o
 .note.gnu.property
                0x0000000000000000       0x20 /home/roscube/Desktop/UMSD_v7.0.0_comb/UMSD_v7.0.0/obj/dev/spruce/src/api/msdDrv_obj/Spruce_msdBrgStuIntf.o
 .note.gnu.property
                0x0000000000000000       0x20 /home/roscube/Desktop/UMSD_v7.0.0_comb/UMSD_v7.0.0/obj/dev/spruce/src/api/msdDrv_obj/Spruce_msdPIRLIntf.o
 .note.gnu.property
                0x0000000000000000       0x20 /home/roscube/Desktop/UMSD_v7.0.0_comb/UMSD_v7.0.0/obj/dev/spruce/src/api/msdDrv_obj/Spruce_msdQav.o
 .note.gnu.property
                0x0000000000000000       0x20 /home/roscube/Desktop/UMSD_v7.0.0_comb/UMSD_v7.0.0/obj/dev/spruce/src/api/msdDrv_obj/Spruce_msdArpIntf.o
 .note.gnu.property
                0x0000000000000000       0x20 /home/roscube/Desktop/UMSD_v7.0.0_comb/UMSD_v7.0.0/obj/dev/spruce/src/api/msdDrv_obj/Spruce_msdPortRmonIntf.o
 .note.gnu.property
                0x0000000000000000       0x20 /home/roscube/Desktop/UMSD_v7.0.0_comb/UMSD_v7.0.0/obj/dev/spruce/src/api/msdDrv_obj/Spruce_msdPortCtrlIntf.o
 .note.gnu.property
                0x0000000000000000       0x20 /home/roscube/Desktop/UMSD_v7.0.0_comb/UMSD_v7.0.0/obj/dev/spruce/src/api/msdDrv_obj/Spruce_msdPortPrioMapIntf.o
 .note.gnu.property
                0x0000000000000000       0x20 /home/roscube/Desktop/UMSD_v7.0.0_comb/UMSD_v7.0.0/obj/dev/spruce/src/api/msdDrv_obj/Spruce_msdEcidIntf.o
 .note.gnu.property
                0x0000000000000000       0x20 /home/roscube/Desktop/UMSD_v7.0.0_comb/UMSD_v7.0.0/obj/dev/spruce/src/api/msdDrv_obj/Spruce_msdQueueCtrlIntf.o
 .note.gnu.property
[...]
Memory Configuration

Name             Origin             Length             Attributes
*default*        0x0000000000000000 0xffffffffffffffff

Linker script and memory map

LOAD /home/roscube/Desktop/UMSD_v7.0.0_comb/UMSD_v7.0.0/obj/dev/spruce/src/api/msdDrv_obj/Spruce_msdTCAM.o
LOAD /home/roscube/Desktop/UMSD_v7.0.0_comb/UMSD_v7.0.0/obj/dev/spruce/src/api/msdDrv_obj/Spruce_msdTCAMRC.o
LOAD /home/roscube/Desktop/UMSD_v7.0.0_comb/UMSD_v7.0.0/obj/dev/spruce/src/api/msdDrv_obj/Spruce_msdTCAMRCComp.o
LOAD /home/roscube/Desktop/UMSD_v7.0.0_comb/UMSD_v7.0.0/obj/dev/spruce/src/api/msdDrv_obj/Spruce_msdBrgFdb.o
LOAD /home/roscube/Desktop/UMSD_v7.0.0_comb/UMSD_v7.0.0/obj/dev/spruce/src/api/msdDrv_obj/Spruce_msdPolicy.o
LOAD /home/roscube/Desktop/UMSD_v7.0.0_comb/UMSD_v7.0.0/obj/dev/spruce/src/api/msdDrv_obj/Spruce_msdBrgVtu.o
LOAD /home/roscube/Desktop/UMSD_v7.0.0_comb/UMSD_v7.0.0/obj/dev/spruce/src/api/msdDrv_obj/Spruce_msdArp.o
LOAD /home/roscube/Desktop/UMSD_v7.0.0_comb/UMSD_v7.0.0/obj/dev/spruce/src/api/msdDrv_obj/Spruce_msdBrgStu.o
LOAD /home/roscube/Desktop/UMSD_v7.0.0_comb/UMSD_v7.0.0/obj/dev/spruce/src/api/msdDrv_obj/Spruce_msdPIRL.o
LOAD /home/roscube/Desktop/UMSD_v7.0.0_comb/UMSD_v7.0.0/obj/dev/spruce/src/api/msdDrv_obj/Spruce_msdPortRmon.o
LOAD /home/roscube/Desktop/UMSD_v7.0.0_comb/UMSD_v7.0.0/obj/dev/spruce/src/api/msdDrv_obj/Spruce_msdPortCtrl.o
LOAD /home/roscube/Desktop/UMSD_v7.0.0_comb/UMSD_v7.0.0/obj/dev/spruce/src/api/msdDrv_obj/Spruce_msdEcid.o
LOAD /home/roscube/Desktop/UMSD_v7.0.0_comb/UMSD_v7.0.0/obj/dev/spruce/src/api/msdDrv_obj/Spruce_msdPortPrioMap.o
LOAD /home/roscube/Desktop/UMSD_v7.0.0_comb/UMSD_v7.0.0/obj/dev/spruce/src/api/msdDrv_obj/Spruce_msdQueueCtrl.o
LOAD /home/roscube/Desktop/UMSD_v7.0.0_comb/UMSD_v7.0.0/obj/dev/spruce/src/api/msdDrv_obj/Spruce_msdSysCtrl.o
LOAD /home/roscube/Desktop/UMSD_v7.0.0_comb/UMSD_v7.0.0/obj/dev/spruce/src/api/msdDrv_obj/Spruce_msdPhyCtrl.o
LOAD /home/roscube/Desktop/UMSD_v7.0.0_comb/UMSD_v7.0.0/obj/dev/spruce/src/api/msdDrv_obj/Spruce_msdRMU.o
LOAD /home/roscube/Desktop/UMSD_v7.0.0_comb/UMSD_v7.0.0/obj/dev/spruce/src/api/msdDrv_obj/Spruce_msdTCAMIntf.o
LOAD /home/roscube/Desktop/UMSD_v7.0.0_comb/UMSD_v7.0.0/obj/dev/spruce/src/api/msdDrv_obj/Spruce_msdBrgFdbIntf.o
LOAD /home/roscube/Desktop/UMSD_v7.0.0_comb/UMSD_v7.0.0/obj/dev/spruce/src/api/msdDrv_obj/Spruce_msdBrgVtuIntf.o
LOAD /home/roscube/Desktop/UMSD_v7.0.0_comb/UMSD_v7.0.0/obj/dev/spruce/src/api/msdDrv_obj/Spruce_msdBrgStuIntf.o
LOAD /home/roscube/Desktop/UMSD_v7.0.0_comb/UMSD_v7.0.0/obj/dev/spruce/src/api/msdDrv_obj/Spruce_msdPIRLIntf.o
LOAD /home/roscube/Desktop/UMSD_v7.0.0_comb/UMSD_v7.0.0/obj/dev/spruce/src/api/msdDrv_obj/Spruce_msdQav.o
LOAD /home/roscube/Desktop/UMSD_v7.0.0_comb/UMSD_v7.0.0/obj/dev/spruce/src/api/msdDrv_obj/Spruce_msdArpIntf.o
LOAD /home/roscube/Desktop/UMSD_v7.0.0_comb/UMSD_v7.0.0/obj/dev/spruce/src/api/msdDrv_obj/Spruce_msdPortRmonIntf.o
LOAD /home/roscube/Desktop/UMSD_v7.0.0_comb/UMSD_v7.0.0/obj/dev/spruce/src/api/msdDrv_obj/Spruce_msdPortCtrlIntf.o
LOAD /home/roscube/Desktop/UMSD_v7.0.0_comb/UMSD_v7.0.0/obj/dev/spruce/src/api/msdDrv_obj/Spruce_msdPortPrioMapIntf.o
LOAD /home/roscube/Desktop/UMSD_v7.0.0_comb/UMSD_v7.0.0/obj/dev/spruce/src/api/msdDrv_obj/Spruce_msdEcidIntf.o
LOAD /home/roscube/Desktop/UMSD_v7.0.0_comb/UMSD_v7.0.0/obj/dev/spruce/src/api/msdDrv_obj/Spruce_msdQueueCtrlIntf.o
LOAD /home/roscube/Desktop/UMSD_v7.0.0_comb/UMSD_v7.0.0/obj/dev/spruce/src/api/msdDrv_obj/Spruce_msdSysCtrlIntf.o
LOAD /home/roscube/Desktop/UMSD_v7.0.0_comb/UMSD_v7.0.0/obj/dev/spruce/src/api/msdDrv_obj/Spruce_msdPhyCtrlIntf.o
LOAD /home/roscube/Desktop/UMSD_v7.0.0_comb/UMSD_v7.0.0/obj/dev/spruce/src/api/msdDrv_obj/Spruce_msdPolicyIntf.o
LOAD /home/roscube/Desktop/UMSD_v7.0.0_comb/UMSD_v7.0.0/obj/dev/spruce/src/api/msdDrv_obj/Spruce_msdTCAMRCIntf.o
LOAD /home/roscube/Desktop/UMSD_v7.0.0_comb/UMSD_v7.0.0/obj/dev/spruce/src/api/msdDrv_obj/Spruce_msdRMUIntf.o
LOAD /home/roscube/Desktop/UMSD_v7.0.0_comb/UMSD_v7.0.0/obj/dev/spruce/src/api/msdDrv_obj/Spruce_msdPTP.o
LOAD /home/roscube/Desktop/UMSD_v7.0.0_comb/UMSD_v7.0.0/obj/dev/spruce/src/api/msdDrv_obj/Spruce_msdPTPIntf.o
LOAD /home/roscube/Desktop/UMSD_v7.0.0_comb/UMSD_v7.0.0/obj/dev/spruce/src/api/msdDrv_obj/Spruce_msdLed.o
LOAD /home/roscube/Desktop/UMSD_v7.0.0_comb/UMSD_v7.0.0/obj/dev/spruce/src/api/msdDrv_obj/Spruce_msdLedIntf.o
LOAD /home/roscube/Desktop/UMSD_v7.0.0_comb/UMSD_v7.0.0/obj/dev/spruce/src/api/msdDrv_obj/Spruce_msdTCAMRCCompIntf.o
LOAD /home/roscube/Desktop/UMSD_v7.0.0_comb/UMSD_v7.0.0/obj/dev/spruce/src/api/msdDrv_obj/Spruce_msdEEPROM.o
LOAD /home/roscube/Desktop/UMSD_v7.0.0_comb/UMSD_v7.0.0/obj/dev/spruce/src/api/msdDrv_obj/Spruce_msdEEPROMIntf.o

.interp
 *(.interp)

.note.gnu.property
                0x0000000000000000       0x20
 .note.gnu.property
                0x0000000000000000       0x20 /home/roscube/Desktop/UMSD_v7.0.0_comb/UMSD_v7.0.0/obj/dev/spruce/src/api/msdDrv_obj/Spruce_msdTCAM.o

.note.gnu.build-id
 *(.note.gnu.build-id)

.hash
 *(.hash)

.gnu.hash
 *(.gnu.hash)

.dynsym
 *(.dynsym)

.dynstr
 *(.dynstr)

.gnu.version
 *(.gnu.version)

.gnu.version_d
 *(.gnu.version_d)

.gnu.version_r
 *(.gnu.version_r)

.rela.init
 *(.rela.init)

.rela.text
 *(.rela.text)

.rela.fini
 *(.rela.fini)

.rela.rodata
 *(.rela.rodata)

.rela.data.rel.ro
 *(.rela.data.rel.ro)

.rela.data
 *(.rela.data)

.rela.tdata
 *(.rela.tdata)

.rela.tbss
 *(.rela.tbss)

.rela.ctors
 *(.rela.ctors)

.rela.dtors
 *(.rela.dtors)

.rela.got
 *(.rela.got)

.rela.bss
 *(.rela.bss)

.rela.ldata
 *(.rela.ldata)

.rela.lbss
 *(.rela.lbss)

.rela.lrodata
 *(.rela.lrodata)

.rela.ifunc
 *(.rela.ifunc)

.rela.plt
 *(.rela.plt)

.relr.dyn
 *(.relr.dyn)

.init
 *(SORT_NONE(.init))

.plt
 *(.plt)

.plt.got
 *(.plt.got)

.plt.sec
 *(.plt.sec)

.text           0x0000000000000000    0x23c99
 *(.text .stub)
 .text          0x0000000000000000     0x320c /home/roscube/Desktop/UMSD_v7.0.0_comb/UMSD_v7.0.0/obj/dev/spruce/src/api/msdDrv_obj/Spruce_msdTCAM.o
                0x0000000000001800                Spruce_gtcamFlushAll
                0x0000000000001850                Spruce_gtcamFlushEntry
                0x00000000000018b0                Spruce_gtcamLoadEntry
                0x0000000000001940                Spruce_gtcamReadTCAMData
                0x00000000000019c0                Spruce_gtcamGetNextTCAMData
                0x0000000000001a60                Spruce_gtcamFindEntry
                0x0000000000001b30                Spruce_gtcamSetMode
                0x0000000000001b90                Spruce_gtcamGetMode
                0x0000000000001c20                Spruce_gtcamAddEntryPort
                0x0000000000001d10                Spruce_gtcamRemoveEntryPort
                0x0000000000001e10                Spruce_gtcamEgrFlushEntry
                0x0000000000001e90                Spruce_gtcamEgrFlushEntryAllPorts
                0x0000000000001ef0                Spruce_gtcamEgrLoadEntry
                0x00000000000020c0                Spruce_gtcamEgrGetNextTCAMData
                0x0000000000002190                Spruce_gtcamEgrReadTCAMData
                0x0000000000002250                Spruce_gtcamDump
                0x00000000000028d0                Spruce_gtcamAdvConfig
 *fill*         0x000000000000320c        0x4 
 .text          0x0000000000003210     0x16cc /home/roscube/Desktop/UMSD_v7.0.0_comb/UMSD_v7.0.0/obj/dev/spruce/src/api/msdDrv_obj/Spruce_msdTCAMRC.o
                0x0000000000003b70                Spruce_gtcamRCFlushAllEntry
                0x0000000000003c30                Spruce_gtcamRCFlushEntry
                0x0000000000003d10                Spruce_gtcamRCLoadEntry
                0x0000000000003ff0                Spruce_gtcamRCReadEntry
                0x00000000000040f0                Spruce_gtcamRCGetNextEntry
                0x0000000000004230                Spruce_gtcamRCFindEntry
                0x0000000000004380                Spruce_gtcamRCEntryDump
 *fill*         0x00000000000048dc        0x4 
 .text          0x00000000000048e0      0xa43 /home/roscube/Desktop/UMSD_v7.0.0_comb/UMSD_v7.0.0/obj/dev/spruce/src/api/msdDrv_obj/Spruce_msdTCAMRCComp.o
                0x0000000000004d30                Spruce_gtcamRCCompFlushAll
                0x0000000000004df0                Spruce_gtcamRCCompFlushPort
                0x0000000000004ed0                Spruce_gtcamRCCompLoad
                0x0000000000005130                Spruce_gtcamRCCompRead
 *fill*         0x0000000000005323        0xd 
 .text          0x0000000000005330     0x1f55 /home/roscube/Desktop/UMSD_v7.0.0_comb/UMSD_v7.0.0/obj/dev/spruce/src/api/msdDrv_obj/Spruce_msdBrgFdb.o
                0x0000000000006560                Spruce_gfdbGetAtuEntryNext
                0x0000000000006580                Spruce_gfdbFlush
                0x00000000000065f0                Spruce_gfdbFlushInDB
                0x0000000000006670                Spruce_gfdbMove
                0x0000000000006760                Spruce_gfdbMoveInDB
                0x0000000000006850                Spruce_gfdbAddMacEntry
                0x0000000000006920                Spruce_gfdbDelAtuEntry
                0x00000000000069b0                Spruce_gfdbGetViolation
                0x0000000000006ae0                Spruce_gfdbFindAtuMacEntry
                0x0000000000006c10                Spruce_gfdbSetAgingTimeout
                0x0000000000006c90                Spruce_gfdbGetAgingTimeout
                0x0000000000006d20                Spruce_gfdbGetLearn2All
                0x0000000000006dc0                Spruce_gfdbSetLearn2All
                0x0000000000006e10                Spruce_gfdbSetPortLearnLimit
                0x0000000000006f80                Spruce_gfdbGetPortLearnLimit
                0x0000000000007090                Spruce_gfdbGetPortLearnCount
                0x0000000000007150                Spruce_gfdbGetEntryCount
                0x00000000000071a0                Spruce_gfdbGetEntryCountPerFid
                0x00000000000071f0                Spruce_gfdbGetNonStaticEntryCount
                0x0000000000007240                Spruce_gfdbGetNStaticEntryCountFid
 *fill*         0x0000000000007285        0xb 
 .text          0x0000000000007290     0x5f9e /home/roscube/Desktop/UMSD_v7.0.0_comb/UMSD_v7.0.0/obj/dev/spruce/src/api/msdDrv_obj/Spruce_msdPolicy.o
                0x00000000000074f0                Spruce_gpolicySetMgmtCtrl
                0x0000000000007510                Spruce_gpolicyGetMgmtCtrl
                0x0000000000007530                Spruce_gpolicySetCpuDest
                0x00000000000075f0                Spruce_gpolicyGetCpuDest
                0x0000000000007680                Spruce_gpolicySetIgrMonitorDest
                0x0000000000007740                Spruce_gpolicyGetIgrMonitorDest
                0x00000000000077d0                Spruce_gpolicySetRsvd2CpuEnables
                0x0000000000007820                Spruce_gpolicyGetRsvd2CpuEnables
                0x00000000000078c0                Spruce_gpolicySetMGMTPri
                0x0000000000007960                Spruce_gpolicyGetMGMTPri
                0x00000000000079c0                Spruce_gpolicySetRouteDest
                0x0000000000007a80                Spruce_gpolicyGetRouteDest
                0x0000000000007b10                Spruce_gpolicySetMirrorDest
                0x0000000000007bd0                Spruce_gpolicyGetMirrorDest
                0x0000000000007c60                Spruce_gpolicySetIllegalIPAddr
                0x0000000000007d00                Spruce_gpolicyGetIllegalIPAddr
                0x0000000000007d60                Spruce_gpolicySetDipDaMismatch
                0x0000000000007e00                Spruce_gpolicyGetDipDaMismatch
                0x0000000000007e60                Spruce_gpolicySetZeroSIP
                0x0000000000007f00                Spruce_gpolicyGetZeroSIP
                0x0000000000007f60                Spruce_gpolicySetMcTtlExceeded
                0x0000000000008030                Spruce_gpolicyGetMcTtlExceeded
                0x0000000000008100                Spruce_gpolicySetUcTtlExceeded
                0x00000000000081c0                Spruce_gpolicyGetUcTtlExceeded
                0x0000000000008220                Spruce_gprtSetPortTtlThreshold
                0x00000000000082b0                Spruce_gprtGetPortTtlThreshold
                0x0000000000008310                Spruce_gpolicySetIpHdrErr
                0x00000000000083b0                Spruce_gpolicyGetIpHdrErr
                0x0000000000008410                Spruce_gpolicySetTCPFinUrgPsh
                0x00000000000084b0                Spruce_gpolicyGetTCPFinUrgPsh
                0x0000000000008510                Spruce_gpolicySetTCPFlagsSeqNum
                0x00000000000085b0                Spruce_gpolicyGetTCPFlagsSeqNum
                0x0000000000008610                Spruce_gpolicySetTCPSYN
                0x00000000000086b0                Spruce_gpolicyGetTCPSYN
                0x0000000000008710                Spruce_gpolicySetTCPHSize
                0x00000000000087b0                Spruce_gpolicyGetTCPHSize
                0x0000000000008810                Spruce_gprtSetPortTCPMinHdrSize
                0x00000000000088a0                Spruce_gprtGetPortTCPMinHdrSize
                0x0000000000008900                Spruce_gpolicySetICMPSize
                0x00000000000089a0                Spruce_gpolicyGetICMPSize
                0x0000000000008a00                Spruce_gprtSetPortICMPMaxSize
                0x0000000000008a50                Spruce_gprtGetPortICMPMaxSize
                0x0000000000008ae0                Spruce_gpolicySetUDPPort
                0x0000000000008b80                Spruce_gpolicyGetUDPPort
                0x0000000000008be0                Spruce_gpolicySetTCPPort
                0x0000000000008c80                Spruce_gpolicyGetTCPPort
                0x0000000000008ce0                Spruce_gpolicySetTCPSynFin
                0x0000000000008d80                Spruce_gpolicyGetTCPSynFin
                0x0000000000008de0                Spruce_gpolicySetTCPFrag
                0x0000000000008e80                Spruce_gpolicyGetTCPFrag
                0x0000000000008ee0                Spruce_gpolicySetNearNonTPMR
                0x0000000000008f80                Spruce_gpolicyGetNearNonTPMR
                0x0000000000008fe0                Spruce_gpolicySetETag
                0x0000000000009080                Spruce_gpolicyGetETag
                0x00000000000090e0                Spruce_gpolicySetNonETag
                0x0000000000009180                Spruce_gpolicyGetNonETag
                0x00000000000091e0                Spruce_gpolicyDump
 *fill*         0x000000000000d22e        0x2 
 .text          0x000000000000d230     0x1960 /home/roscube/Desktop/UMSD_v7.0.0_comb/UMSD_v7.0.0/obj/dev/spruce/src/api/msdDrv_obj/Spruce_msdBrgVtu.o
                0x000000000000df20                Spruce_gvtuGetEntryNext
                0x000000000000e090                Spruce_gvtuFindVidEntry
                0x000000000000e250                Spruce_gvtuFlush
                0x000000000000e270                Spruce_gvtuAddEntry
                0x000000000000e3c0                Spruce_gvtuDelEntry
                0x000000000000e440                Spruce_gvtuSetMode
                0x000000000000e5c0                Spruce_gvtuGetMode
                0x000000000000e760                Spruce_gvtuGetViolation_MultiChip
                0x000000000000e870                Spruce_gvtuGetViolation
                0x000000000000e9e0                Spruce_gvtuDump
 .text          0x000000000000eb90      0x991 /home/roscube/Desktop/UMSD_v7.0.0_comb/UMSD_v7.0.0/obj/dev/spruce/src/api/msdDrv_obj/Spruce_msdArp.o
                0x000000000000f180                Spruce_garpLoadMcEntry
                0x000000000000f2a0                Spruce_garpLoadUcEntry
                0x000000000000f360                Spruce_garpFlushEntry
                0x000000000000f3c0                Spruce_garpFlushAll
                0x000000000000f410                Spruce_garpReadEntry
                0x000000000000f490                Spruce_garpGetNextEntry
 *fill*         0x000000000000f521        0xf 
 .text          0x000000000000f530      0x865 /home/roscube/Desktop/UMSD_v7.0.0_comb/UMSD_v7.0.0/obj/dev/spruce/src/api/msdDrv_obj/Spruce_msdBrgStu.o
                0x000000000000f950                Spruce_gstuGetEntryNext
                0x000000000000fa50                Spruce_gstuAddEntry
                0x000000000000fb20                Spruce_gstuDelEntry
                0x000000000000fb80                Spruce_gstuFindSidEntry
                0x000000000000fc90                Spruce_gstuDump
 *fill*         0x000000000000fd95        0xb 
 .text          0x000000000000fda0      0xb95 /home/roscube/Desktop/UMSD_v7.0.0_comb/UMSD_v7.0.0/obj/dev/spruce/src/api/msdDrv_obj/Spruce_msdPIRL.o
                0x0000000000010210                Spruce_gpirlInitialize
                0x0000000000010230                Spruce_gpirlInitResource
                0x00000000000102b0                Spruce_gpirlCustomSetup_sr2c
                0x00000000000104a0                Spruce_gpirlReadResource
                0x0000000000010670                Spruce_gpirlWriteResource
                0x0000000000010810                Spruce_gpirlGetResReg
                0x00000000000108b0                Spruce_gpirlSetResReg
 *fill*         0x0000000000010935        0xb 
 .text          0x0000000000010940      0xdfc /home/roscube/Desktop/UMSD_v7.0.0_comb/UMSD_v7.0.0/obj/dev/spruce/src/api/msdDrv_obj/Spruce_msdPortRmon.o
                0x0000000000010f90                Spruce_gstatsFlushAll
                0x0000000000010fb0                Spruce_gstatsFlushPort
                0x0000000000010ff0                Spruce_gstatsGetPortCounter
                0x0000000000011050                Spruce_gstatsGetPortAllCounters
                0x00000000000110a0                Spruce_gstatsGetHistogramMode
                0x0000000000011160                Spruce_gstatsSetHistogramMode
                0x00000000000111a0                Spruce_gmibDump
 *fill*         0x000000000001173c        0x4 
 .text          0x0000000000011740     0x47cd /home/roscube/Desktop/UMSD_v7.0.0_comb/UMSD_v7.0.0/obj/dev/spruce/src/api/msdDrv_obj/Spruce_msdPortCtrl.o
                0x0000000000011cc0                Spruce_gvlnSetPortVid
                0x0000000000011d20                Spruce_gvlnGetPortVid
                0x0000000000011db0                Spruce_gprtSetForceDefaultVid
                0x0000000000011e10                Spruce_gprtGetForceDefaultVid
                0x0000000000011eb0                Spruce_gvlnSetPortVlanDot1qMode
                0x0000000000011f10                Spruce_gvlnGetPortVlanDot1qMode
                0x0000000000011fa0                Spruce_gprtSetDiscardTagged
                0x0000000000012000                Spruce_gprtGetDiscardTagged
                0x00000000000120a0                Spruce_gprtSetDiscardUntagged
                0x0000000000012100                Spruce_gprtGetDiscardUntagged
                0x00000000000121a0                Spruce_gprtSetUnicastFloodBlock
                0x0000000000012200                Spruce_gprtGetUnicastFloodBlock
                0x00000000000122a0                Spruce_gprtSetMulticastFloodBlock
                0x0000000000012300                Spruce_gprtGetMulticastFloodBlock
                0x00000000000123a0                Spruce_gprtSetDiscardBCastMode
                0x0000000000012400                Spruce_gprtGetDiscardBCastMode
                0x00000000000124a0                Spruce_gprtSetIGMPSnoopEnable
                0x0000000000012500                Spruce_gprtGetIGMPSnoopEnable
                0x00000000000125a0                Spruce_gprtGetHeaderMode
                0x0000000000012640                Spruce_gprtSetHeaderMode
                0x00000000000126a0                Spruce_gprtGetDropOnLock
                0x0000000000012740                Spruce_gprtSetDropOnLock
                0x00000000000127a0                Spruce_gprtSetJumboMode
                0x0000000000012810                Spruce_gprtGetJumboMode
                0x00000000000128a0                Spruce_gprtSetSpecifiedMTU
                0x0000000000012920                Spruce_gprtGetSpecifiedMTU
                0x00000000000129b0                Spruce_gprtSetLearnEnable
                0x0000000000012ab0                Spruce_gprtGetLearnEnable
                0x0000000000012b40                Spruce_gprtGetVTUPriorityOverride
                0x0000000000012bd0                Spruce_gprtSetVTUPriorityOverride
                0x0000000000012c30                Spruce_gprtGetSAPriorityOverride
                0x0000000000012cc0                Spruce_gprtSetSAPriorityOverride
                0x0000000000012d20                Spruce_gprtGetDAPriorityOverride
                0x0000000000012db0                Spruce_gprtSetDAPriorityOverride
                0x0000000000012e10                Spruce_gprtGetMessagePort
                0x0000000000012eb0                Spruce_gprtSetMessagePort
                0x0000000000012f10                Spruce_gprtGetEtherType
                0x0000000000012f30                Spruce_gprtSetEtherType
                0x0000000000012f50                Spruce_gprtGetAllowVidZero
                0x0000000000012ff0                Spruce_gprtSetAllowVidZero
                0x0000000000013050                Spruce_gprtSetTrunkPort
                0x0000000000013110                Spruce_gprtGetTrunkPort
                0x00000000000131f0                Spruce_gprtSetFlowCtrl
                0x00000000000132a0                Spruce_gprtGetFlowCtrl
                0x0000000000013310                Spruce_gprtSetEgressMonitorSource
                0x0000000000013370                Spruce_gprtGetEgressMonitorSource
                0x0000000000013410                Spruce_gprtSetIngressMonitorSource
                0x0000000000013470                Spruce_gprtGetIngressMonitorSource
                0x0000000000013510                Spruce_grcSetEgressRate
                0x0000000000013740                Spruce_grcSetELimitMode
                0x00000000000137a0                Spruce_grcGetELimitMode
                0x0000000000013830                Spruce_grcGetEgressRate
                0x0000000000013970                Spruce_gprtSetDuplex
                0x00000000000139e0                Spruce_gprtGetDuplex
                0x0000000000013ab0                Spruce_gprtGetDuplexStatus
                0x0000000000013b40                Spruce_gprtGetForceLink
                0x0000000000013c10                Spruce_gprtSetForceLink
                0x0000000000013c80                Spruce_gprtGetLinkState
                0x0000000000013d10                Spruce_gprtSetForceSpeed
                0x0000000000013fb0                Spruce_gprtGetForceSpeed
                0x0000000000014150                Spruce_gprtGetSpeed
                0x0000000000014280                Spruce_gprtGetVlanPorts
                0x0000000000014360                Spruce_gprtSetVlanPorts
                0x00000000000144a0                Spruce_gprtGetFrameMode
                0x0000000000014530                Spruce_gprtSetFrameMode
                0x0000000000014590                Spruce_gprtSetPortECID
                0x0000000000014630                Spruce_gprtGetPortECID
                0x0000000000014690                Spruce_gprtSetIgnoreETag
                0x0000000000014720                Spruce_gprtGetIgnoreETag
                0x0000000000014780                Spruce_gprtSetEgressMode
                0x00000000000147e0                Spruce_gprtGetEgressMode
                0x0000000000014870                Spruce_gprtSetExtendedPortCtrlReg
                0x0000000000014950                Spruce_gprtGetExtendedPortCtrlReg
                0x00000000000149f0                Spruce_gprtGetPortState
                0x0000000000014a80                Spruce_gprtSetPortState
                0x0000000000014ae0                Spruce_gprtSetIgnoreFcs
                0x0000000000014b40                Spruce_gprtGetIgnoreFcs
                0x0000000000014be0                Spruce_gprtSetAllowBadFcs
                0x0000000000014c40                Spruce_gprtGetAllowBadFcs
                0x0000000000014ce0                Spruce_gprtSetPauseLimitOut
                0x0000000000014d30                Spruce_gprtGetPauseLimitOut
                0x0000000000014d80                Spruce_gprtSetPauseLimitIn
                0x0000000000014dc0                Spruce_gprtGetPauseLimitIn
                0x0000000000014e10                Spruce_gprtSetQueueToPause
                0x0000000000014e60                Spruce_gprtGetQueueToPause
                0x0000000000014eb0                Spruce_gprtSetRxPriFlowCtrlEnable
                0x0000000000014fa0                Spruce_gprtGetRxPriFlowCtrlEnable
                0x0000000000015050                Spruce_gprtSetRxPriFlowCtrlToQueue
                0x0000000000015140                Spruce_gprtGetRxPriFlowCtrlToQueue
                0x00000000000151e0                Spruce_gprtSetTxPriFlowCtrlEnable
                0x00000000000152d0                Spruce_gprtGetTxPriFlowCtrlEnable
                0x0000000000015380                Spruce_gprtGetOutQueueSize
                0x0000000000015410                Spruce_gprtSetMapDA
                0x0000000000015470                Spruce_gprtGetMapDA
                0x0000000000015510                Spruce_gprtSetPortLocked
                0x0000000000015570                Spruce_gprtGetPortLocked
                0x0000000000015610                Spruce_gprtSetHoldAt1
                0x0000000000015670                Spruce_gprtGetHoldAt1
                0x0000000000015710                Spruce_gprtSetInt0nAgeOut
                0x0000000000015770                Spruce_gprtGetInt0nAgeOut
                0x0000000000015810                Spruce_gprtSetRefreshLocked
                0x0000000000015870                Spruce_gprtGetRefreshLocked
                0x0000000000015910                Spruce_gprtSetIgnoreWrongData
                0x0000000000015970                Spruce_gprtGetIgnoreWrongData
                0x0000000000015a10                Spruce_gprtSetARPMirror
                0x0000000000015a70                Spruce_gprtGetARPMirror
                0x0000000000015b10                Spruce_gprtSetPreemptSize
                0x0000000000015b70                Spruce_gprtGetPreemptSize
                0x0000000000015c10                Spruce_gprtSetPreemptEnable
                0x0000000000015c70                Spruce_gprtGetPreemptEnable
                0x0000000000015d10                Spruce_gprtSetPreemptQueue
                0x0000000000015d70                Spruce_gprtGetPreemptQueue
                0x0000000000015e10                Spruce_gprtRegDump
 *fill*         0x0000000000015f0d        0x3 
 .text          0x0000000000015f10     0x1431 /home/roscube/Desktop/UMSD_v7.0.0_comb/UMSD_v7.0.0/obj/dev/spruce/src/api/msdDrv_obj/Spruce_msdEcid.o
                0x0000000000016980                Spruce_gBpeEnableSet
                0x0000000000016ad0                Spruce_gBpeEnableGet
                0x0000000000016b70                Spruce_gecidAddEntry
                0x0000000000016bb0                Spruce_gecidFlushAll
                0x0000000000016c20                Spruce_gecidMove
                0x0000000000016ce0                Spruce_gecidFlushEntry
                0x0000000000016d70                Spruce_gecidGetEcidEntryNext
                0x0000000000016df0                Spruce_gecidFindEcidEntry
                0x0000000000016ef0                Spruce_gecidGetEntryCount
                0x00000000000171e0                Spruce_gecidDump
 *fill*         0x0000000000017341        0xf 
 .text          0x0000000000017350      0xaa2 /home/roscube/Desktop/UMSD_v7.0.0_comb/UMSD_v7.0.0/obj/dev/spruce/src/api/msdDrv_obj/Spruce_msdPortPrioMap.o
                0x0000000000017350                Spruce_gqosSetPrioMapRule
                0x00000000000173b0                Spruce_gqosGetPrioMapRule
                0x0000000000017450                Spruce_gprtSetInitialPri
                0x00000000000174c0                Spruce_gprtGetInitialPri
                0x0000000000017590                Spruce_gprtSetDefQpri
                0x00000000000175f0                Spruce_gprtGetDefQpri
                0x0000000000017690                Spruce_gprtSetIEEEPrioMap
                0x00000000000178a0                Spruce_gprtGetIEEEPrioMap
                0x0000000000017ac0                Spruce_gprtRewriteDscp
                0x0000000000017b20                Spruce_gprtSetCosToQueue
                0x0000000000017bb0                Spruce_gprtGetCosToQueue
                0x0000000000017c10                Spruce_gprtSetCosToDscp
                0x0000000000017ca0                Spruce_gprtGetCosToDscp
                0x0000000000017d00                Spruce_gprtSetDefFpri
                0x0000000000017d60                Spruce_gprtGetDefFpri
 *fill*         0x0000000000017df2        0xe 
 .text          0x0000000000017e00      0x833 /home/roscube/Desktop/UMSD_v7.0.0_comb/UMSD_v7.0.0/obj/dev/spruce/src/api/msdDrv_obj/Spruce_msdQueueCtrl.o
                0x0000000000017e00                Spruce_gprtSetQueueCtrl
                0x0000000000017f10                Spruce_gprtGetQueueCtrl
                0x0000000000018050                Spruce_gprtSetPortSched
                0x00000000000180a0                Spruce_gprtGetPortSched
                0x00000000000181b0                Spruce_gsysSetQoSWeight
                0x00000000000183f0                Spruce_gsysGetQoSWeight
 *fill*         0x0000000000018633        0xd 
 .text          0x0000000000018640     0x128d /home/roscube/Desktop/UMSD_v7.0.0_comb/UMSD_v7.0.0/obj/dev/spruce/src/api/msdDrv_obj/Spruce_msdSysCtrl.o
                0x0000000000018640                Spruce_gsysSetTrunkMaskTable
                0x0000000000018780                Spruce_gsysGetTrunkMaskTable
                0x0000000000018910                Spruce_gsysSetHashTrunk
                0x0000000000018940                Spruce_gsysGetHashTrunk
                0x00000000000189b0                Spruce_gsysSetTrunkRouting
                0x0000000000018b10                Spruce_gsysGetTrunkRouting
                0x0000000000018cd0                Spruce_gsysSetFloodBC
                0x0000000000018d00                Spruce_gsysGetFloodBC
                0x0000000000018d70                Spruce_gsysSetEgressMonitorDest
                0x0000000000018dc0                Spruce_gsysGetEgressMonitorDest
                0x0000000000018e60                Spruce_gsysSetSMISetup
                0x0000000000019040                Spruce_gsysGetSMISetup
                0x0000000000019220                Spruce_gsysGlobal1RegDump
                0x00000000000192f0                Spruce_gsysGlobal2RegDump
                0x00000000000193c0                Spruce_gsysSetRMUMode
                0x0000000000019450                Spruce_gsysGetRMUMode
                0x00000000000194b0                Spruce_gsysQbvWrite
                0x0000000000019580                Spruce_gsysQbvRead
                0x0000000000019660                Spruce_gsysDevIntEnableSet
                0x0000000000019690                Spruce_gsysDevIntEnableGet
                0x0000000000019710                Spruce_gsysDevIntStatusGet
                0x0000000000019780                Spruce_gsysActiveIntEnableSet
                0x0000000000019810                Spruce_gsysActiveIntEnableGet
                0x0000000000019870                Spruce_gsysActiveIntStatusGet
 *fill*         0x00000000000198cd        0x3 
 .text          0x00000000000198d0       0xc5 /home/roscube/Desktop/UMSD_v7.0.0_comb/UMSD_v7.0.0/obj/dev/spruce/src/api/msdDrv_obj/Spruce_msdPhyCtrl.o
                0x00000000000198d0                Spruce_serdesReset
 *fill*         0x0000000000019995        0xb 
 .text          0x00000000000199a0     0x1975 /home/roscube/Desktop/UMSD_v7.0.0_comb/UMSD_v7.0.0/obj/dev/spruce/src/api/msdDrv_obj/Spruce_msdRMU.o
                0x000000000001a170                Spruce_msdRmuGetID
                0x000000000001a2a0                Spruce_msdRmuAtuDump
                0x000000000001a4c0                Spruce_msdRmuEcidDump
                0x000000000001a710                Spruce_msdRmuMib2Dump
                0x000000000001ab40                Spruce_msdRmuReadRegister
                0x000000000001ab70                Spruce_msdRmuWriteRegister
                0x000000000001ab90                Spruce_msdRmuMultiRegAccess
                0x000000000001ad80                Spruce_msdRmuTCAMDump
                0x000000000001aef0                Spruce_msdRmuTCAMWrite
                0x000000000001b0a0                Spruce_msdRmuTCAMRead
                0x000000000001b250                Spruce_msdRmuRegDump
 *fill*         0x000000000001b315        0xb 
 .text          0x000000000001b320      0xcab /home/roscube/Desktop/UMSD_v7.0.0_comb/UMSD_v7.0.0/obj/dev/spruce/src/api/msdDrv_obj/Spruce_msdTCAMIntf.o
                0x000000000001b320                Spruce_gtcamLoadEntryIntf
                0x000000000001b4f0                Spruce_gtcamReadTCAMDataIntf
                0x000000000001b6e0                Spruce_gtcamGetNextTCAMDataIntf
                0x000000000001b8d0                Spruce_gtcamFindEntryIntf
                0x000000000001bb00                Spruce_gtcamSetModeIntf
                0x000000000001bb10                Spruce_gtcamGetModeIntf
                0x000000000001bb70                Spruce_gtcamEgrFlushEntryIntf
                0x000000000001bb80                Spruce_gtcamEgrFlushAllPortsIntf
                0x000000000001bb90                Spruce_gtcamEgrLoadEntryIntf
                0x000000000001bc50                Spruce_gtcamEgrGetNextTCAMDataIntf
                0x000000000001bd30                Spruce_gtcamEgrReadTCAMDataIntf
                0x000000000001be10                Spruce_gtcamAdvConfigIntf
 *fill*         0x000000000001bfcb        0x5 
 .text          0x000000000001bfd0      0x57b /home/roscube/Desktop/UMSD_v7.0.0_comb/UMSD_v7.0.0/obj/dev/spruce/src/api/msdDrv_obj/Spruce_msdBrgFdbIntf.o
                0x000000000001bfd0                Spruce_gfdbAddMacEntryIntf
                0x000000000001c050                Spruce_gfdbGetAtuEntryNextIntf
                0x000000000001c130                Spruce_gfdbFlushIntf
                0x000000000001c140                Spruce_gfdbFlushInDBIntf
                0x000000000001c150                Spruce_gfdbMoveIntf
                0x000000000001c160                Spruce_gfdbMoveInDBIntf
                0x000000000001c170                Spruce_gfdbPortRemoveIntf
                0x000000000001c1a0                Spruce_gfdbPortRemoveInDBIntf
                0x000000000001c1d0                Spruce_gfdbGetViolationIntf
                0x000000000001c2b0                Spruce_gfdbFindAtuMacEntryIntf
                0x000000000001c3a0                Spruce_gfdbDump
 *fill*         0x000000000001c54b        0x5 
 .text          0x000000000001c550      0x848 /home/roscube/Desktop/UMSD_v7.0.0_comb/UMSD_v7.0.0/obj/dev/spruce/src/api/msdDrv_obj/Spruce_msdBrgVtuIntf.o
                0x000000000001c550                Spruce_gvtuFindVidEntryIntf
                0x000000000001c6c0                Spruce_gvtuExistVidEntryIntf
                0x000000000001c760                Spruce_gvtuFlushIntf
                0x000000000001c770                Spruce_gvtuAddEntryIntf
                0x000000000001c890                Spruce_gvtuDelEntryIntf
                0x000000000001c910                Spruce_gvtuSetModeIntf
                0x000000000001c920                Spruce_gvtuGetModeIntf
                0x000000000001c930                Spruce_gvtuGetViolationIntf
                0x000000000001c9f0                Spruce_gvtuGetEntryCountIntf
                0x000000000001caa0                Spruce_gvtuSetMemberTagIntf
                0x000000000001cb90                Spruce_gvtuGetMemberTagIntf
                0x000000000001cc70                Spruce_gvtuGetEntryNextIntf
 *fill*         0x000000000001cd98        0x8 
 .text          0x000000000001cda0      0x38c /home/roscube/Desktop/UMSD_v7.0.0_comb/UMSD_v7.0.0/obj/dev/spruce/src/api/msdDrv_obj/Spruce_msdBrgStuIntf.o
                0x000000000001cda0                Spruce_gstuAddEntryIntf
                0x000000000001ce70                Spruce_gstuGetEntryNextIntf
                0x000000000001cf20                Spruce_gstuDelEntryIntf
                0x000000000001cf80                Spruce_gstuFindSidEntryIntf
                0x000000000001d090                Spruce_gstuGetEntryCountIntf
 *fill*         0x000000000001d12c        0x4 
 .text          0x000000000001d130      0x40c /home/roscube/Desktop/UMSD_v7.0.0_comb/UMSD_v7.0.0/obj/dev/spruce/src/api/msdDrv_obj/Spruce_msdPIRLIntf.o
                0x000000000001d130                Spruce_gpirlInitializeIntf
                0x000000000001d140                Spruce_gpirlInitResourceIntf
                0x000000000001d150                Spruce_gpirlCustomSetup_sr2cIntf
                0x000000000001d210                Spruce_gpirlReadResourceIntf
                0x000000000001d2f0                Spruce_gpirlWriteResourceIntf
                0x000000000001d3b0                Spruce_gpirlGetResRegIntf
                0x000000000001d3c0                Spruce_gpirlSetResRegIntf
                0x000000000001d3d0                Spruce_gpirlAdvConfigIntf
                0x000000000001d4d0                Spruce_gpirlAdvConfigDisableIntf
 *fill*         0x000000000001d53c        0x4 
 .text          0x000000000001d540      0x743 /home/roscube/Desktop/UMSD_v7.0.0_comb/UMSD_v7.0.0/obj/dev/spruce/src/api/msdDrv_obj/Spruce_msdQav.o
                0x000000000001d900                Spruce_gqavSetPortQpriXRate
                0x000000000001da30                Spruce_gqavGetPortQpriXRate
                0x000000000001db10                Spruce_gqavSetPortQpriXHiLimit
                0x000000000001dbe0                Spruce_gqavGetPortQpriXHiLimit
 *fill*         0x000000000001dc83        0xd 
 .text          0x000000000001dc90      0x1d4 /home/roscube/Desktop/UMSD_v7.0.0_comb/UMSD_v7.0.0/obj/dev/spruce/src/api/msdDrv_obj/Spruce_msdArpIntf.o
                0x000000000001dc90                Spruce_garpLoadMcEntryIntf
                0x000000000001dcf0                Spruce_garpLoadUcEntryIntf
                0x000000000001dd50                Spruce_garpReadEntryIntf
                0x000000000001dde0                Spruce_garpGetNextEntryIntf
 *fill*         0x000000000001de64        0xc 
 .text          0x000000000001de70      0x239 /home/roscube/Desktop/UMSD_v7.0.0_comb/UMSD_v7.0.0/obj/dev/spruce/src/api/msdDrv_obj/Spruce_msdPortRmonIntf.o
                0x000000000001de70                Spruce_gstatsGetPortCounterIntf
                0x000000000001de80                Spruce_gstatsGetPortAllCntersIntf
                0x000000000001e090                Spruce_gstatsGetHistogramModeIntf
                0x000000000001e0a0                Spruce_gstatsSetHistogramModeIntf
 *fill*         0x000000000001e0a9        0x7 
 .text          0x000000000001e0b0      0x2d9 /home/roscube/Desktop/UMSD_v7.0.0_comb/UMSD_v7.0.0/obj/dev/spruce/src/api/msdDrv_obj/Spruce_msdPortCtrlIntf.o
                0x000000000001e0b0                Spruce_gvlnSetPortVlanQModeIntf
                0x000000000001e0c0                Spruce_gvlnGetPortVlanQModeIntf
                0x000000000001e0d0                Spruce_gprtSetDiscardTaggedIntf
                0x000000000001e0e0                Spruce_gprtGetDiscardTaggedIntf
                0x000000000001e0f0                Spruce_gprtSetDiscardUntaggedIntf
                0x000000000001e100                Spruce_gprtGetDiscardUntaggedIntf
                0x000000000001e110                Spruce_gprtSetUnicFloodBlockIntf
                0x000000000001e120                Spruce_gprtGetUnicFloodBlockIntf
                0x000000000001e130                Spruce_gprtSetMultiFloodBlockIntf
                0x000000000001e140                Spruce_gprtGetMultiFloodBlockIntf
                0x000000000001e150                Spruce_gprtSetDiscardBCastModeIntf
                0x000000000001e160                Spruce_gprtGetDiscardBCastModeIntf
                0x000000000001e170                Spruce_gprtSetJumboModeIntf
                0x000000000001e180                Spruce_gprtGetJumboModeIntf
                0x000000000001e190                Spruce_gprtSetSpecifiedMTUIntf
                0x000000000001e1a0                Spruce_gprtGetSpecifiedMTUIntf
                0x000000000001e1b0                Spruce_gprtSetLearnEnableIntf
                0x000000000001e1c0                Spruce_gprtGetLearnEnableIntf
                0x000000000001e1d0                Spruce_gprtGetVTUPriOverrideIntf
                0x000000000001e1e0                Spruce_gprtSetVTUPriOverrideIntf
                0x000000000001e1f0                Spruce_gprtGetSAPriOverrideIntf
                0x000000000001e200                Spruce_gprtSetSAPriOverrideIntf
                0x000000000001e210                Spruce_gprtGetDAPriOverrideIntf
                0x000000000001e220                Spruce_gprtSetDAPriOverrideIntf
                0x000000000001e230                Spruce_gprtSetFlowCtrlIntf
                0x000000000001e240                Spruce_gprtGetFlowCtrlIntf
                0x000000000001e250                Spruce_gprtSetForceSpeedIntf
                0x000000000001e270                Spruce_gprtGetForceSpeedIntf
                0x000000000001e280                Spruce_grcSetEgressRateIntf
                0x000000000001e290                Spruce_grcGetEgressRateIntf
                0x000000000001e2a0                Spruce_grcSetELimitModeIntf
                0x000000000001e2b0                Spruce_grcGetELimitModeIntf
                0x000000000001e2c0                Spruce_gprtSetDuplexIntf
                0x000000000001e2d0                Spruce_gprtGetDuplexIntf
                0x000000000001e2e0                Spruce_gprtGetDuplexStatusIntf
                0x000000000001e2f0                Spruce_gprtGetForceLinkIntf
                0x000000000001e300                Spruce_gprtSetForceLinkIntf
                0x000000000001e310                Spruce_gprtGetSpeedIntf
                0x000000000001e320                Spruce_gprtGetFrameModeIntf
                0x000000000001e330                Spruce_gprtSetFrameModeIntf
                0x000000000001e340                Spruce_gprtSetEgressModeIntf
                0x000000000001e360                Spruce_gprtGetEgressModeIntf
                0x000000000001e370                Spruce_gprtGetPortStateIntf
                0x000000000001e380                Spruce_gprtSetPortStateIntf
 *fill*         0x000000000001e389        0x7 
 .text          0x000000000001e390      0x17d /home/roscube/Desktop/UMSD_v7.0.0_comb/UMSD_v7.0.0/obj/dev/spruce/src/api/msdDrv_obj/Spruce_msdPortPrioMapIntf.o
                0x000000000001e390                Spruce_gqosSetPrioMapRuleIntf
                0x000000000001e3a0                Spruce_gqosGetPrioMapRuleIntf
                0x000000000001e3b0                Spruce_gprtSetInitialPriIntf
                0x000000000001e3c0                Spruce_gprtGetInitialPriIntf
                0x000000000001e3d0                Spruce_gprtSetDefQpriIntf
                0x000000000001e3e0                Spruce_gprtGetDefQpriIntf
                0x000000000001e3f0                Spruce_gprtSetIEEEPrioMapIntf
                0x000000000001e450                Spruce_gprtGetIEEEPrioMapIntf
 *fill*         0x000000000001e50d        0x3 
 .text          0x000000000001e510      0x215 /home/roscube/Desktop/UMSD_v7.0.0_comb/UMSD_v7.0.0/obj/dev/spruce/src/api/msdDrv_obj/Spruce_msdEcidIntf.o
                0x000000000001e510                Spruce_gecidAddEntryIntf
                0x000000000001e5a0                Spruce_gecidGetEcidEntryNextIntf
                0x000000000001e660                Spruce_gecidFindEcidEntryIntf
 *fill*         0x000000000001e725        0xb 
 .text          0x000000000001e730      0x232 /home/roscube/Desktop/UMSD_v7.0.0_comb/UMSD_v7.0.0/obj/dev/spruce/src/api/msdDrv_obj/Spruce_msdQueueCtrlIntf.o
                0x000000000001e730                Spruce_gprtSetQueueCtrlIntf
                0x000000000001e740                Spruce_gprtGetQueueCtrlIntf
                0x000000000001e750                Spruce_gprtSetPortSchedIntf
                0x000000000001e760                Spruce_gprtGetPortSchedIntf
                0x000000000001e770                Spruce_gsysSetQoSWeightIntf
                0x000000000001e870                Spruce_gsysGetQoSWeightIntf
 .text          0x000000000001e962        0x0 /home/roscube/Desktop/UMSD_v7.0.0_comb/UMSD_v7.0.0/obj/dev/spruce/src/api/msdDrv_obj/Spruce_msdSysCtrlIntf.o
 .text          0x000000000001e962        0x0 /home/roscube/Desktop/UMSD_v7.0.0_comb/UMSD_v7.0.0/obj/dev/spruce/src/api/msdDrv_obj/Spruce_msdPhyCtrlIntf.o
 .text          0x000000000001e962        0x0 /home/roscube/Desktop/UMSD_v7.0.0_comb/UMSD_v7.0.0/obj/dev/spruce/src/api/msdDrv_obj/Spruce_msdPolicyIntf.o
 *fill*         0x000000000001e962        0xe 
 .text          0x000000000001e970      0x53d /home/roscube/Desktop/UMSD_v7.0.0_comb/UMSD_v7.0.0/obj/dev/spruce/src/api/msdDrv_obj/Spruce_msdTCAMRCIntf.o
                0x000000000001e970                Spruce_gtcamRCLoadEntryIntf
                0x000000000001ea90                Spruce_gtcamRCReadEntryIntf
                0x000000000001ebe0                Spruce_gtcamRCGetNextEntryIntf
                0x000000000001ed30                Spruce_gtcamRCFindEntryIntf
 *fill*         0x000000000001eead        0x3 
 .text          0x000000000001eeb0      0xbef /home/roscube/Desktop/UMSD_v7.0.0_comb/UMSD_v7.0.0/obj/dev/spruce/src/api/msdDrv_obj/Spruce_msdRMUIntf.o
                0x000000000001eeb0                Spruce_msdRmuGetIDIntf
                0x000000000001eec0                Spruce_msdRmuAtuDumpIntf
                0x000000000001f020                Spruce_msdRmuEcidDumpIntf
                0x000000000001f180                Spruce_msdRmuMib2DumpIntf
                0x000000000001f390                Spruce_msdRmuReadRegisterIntf
                0x000000000001f3a0                Spruce_msdRmuWriteRegisterIntf
                0x000000000001f3c0                Spruce_msdRmuMultiRegAccessIntf
                0x000000000001f3d0                Spruce_msdRmuTCAMDumpIntf
                0x000000000001f6c0                Spruce_msdRmuTCAMWriteIntf
                0x000000000001f890                Spruce_msdRmuTCAMReadIntf
 *fill*         0x000000000001fa9f        0x1 
 .text          0x000000000001faa0     0x2873 /home/roscube/Desktop/UMSD_v7.0.0_comb/UMSD_v7.0.0/obj/dev/spruce/src/api/msdDrv_obj/Spruce_msdPTP.o
                0x0000000000020790                Spruce_gptpSetIntEnable
                0x0000000000020880                Spruce_gptpGetIntEnable
                0x0000000000020930                Spruce_gptpSetPortPTPEn
                0x0000000000020a10                Spruce_gptpGetPortPTPEn
                0x0000000000020ab0                Spruce_gptpGetTimeStamp
                0x0000000000020be0                Spruce_gptpGetTSValidSt
                0x0000000000020cb0                Spruce_gptpResetTimeStamp
                0x0000000000020d80                Spruce_gptpGetIntStatus
                0x0000000000020e40                Spruce_gptpSetMeanPathDelay
                0x0000000000020ee0                Spruce_gptpGetMeanPathDelay
                0x0000000000020f80                Spruce_gptpSetIgrPathDelayAsym
                0x0000000000021020                Spruce_gptpGetIgrPathDelayAsym
                0x00000000000210c0                Spruce_gptpSetEgrPathDelayAsym
                0x0000000000021160                Spruce_gptpGetEgrPathDelayAsym
                0x0000000000021200                Spruce_gptpGetTODBusyBitStatus
                0x0000000000021280                Spruce_gptpTODStoreCompensation
                0x0000000000021340                Spruce_gptpTODStoreAll
                0x0000000000021400                Spruce_gptpTODCaptureAll
                0x00000000000216d0                Spruce_gptpSetPulse
                0x0000000000021780                Spruce_gptpGetPulse
                0x0000000000021820                Spruce_gtaiGetPTPGlobalTime
                0x00000000000218a0                Spruce_gptpPortRegGet
                0x0000000000021950                Spruce_gptpPortRegSet
                0x00000000000219f0                Spruce_gptpGlobalRegGet
                0x0000000000021a60                Spruce_gptpGlobalRegSet
                0x0000000000021ad0                Spruce_gptp1588v2ConfigSet
                0x0000000000021ca0                Spruce_gptp8021asConfigSet
                0x0000000000021e60                Spruce_gptp8021asRevConfigSet
                0x0000000000022020                Spruce_gptpPreemptTsSelSet
                0x0000000000022100                Spruce_gptpPreemptTsSelGet
                0x00000000000221a0                Spruce_gptpPreemptCtrlSet
                0x0000000000022280                Spruce_gptpPreemptCtrlGet
 *fill*         0x0000000000022313        0xd 
 .text          0x0000000000022320      0x41c /home/roscube/Desktop/UMSD_v7.0.0_comb/UMSD_v7.0.0/obj/dev/spruce/src/api/msdDrv_obj/Spruce_msdPTPIntf.o
                0x0000000000022320                Spruce_gptpSetIntEnableIntf
                0x0000000000022380                Spruce_gptpGetIntEnableIntf
                0x00000000000223e0                Spruce_gptpGetTimeStampIntf
                0x0000000000022450                Spruce_gptpGetIntStatusIntf
                0x00000000000224c0                Spruce_gptpTODStoreCompenIntf
                0x0000000000022540                Spruce_gptpTODStoreAllIntf
                0x00000000000225c0                Spruce_gptpTODCaptureAllIntf
                0x0000000000022650                Spruce_gptpSetPulseIntf
                0x00000000000226b0                Spruce_gptpGetPulseIntf
                0x0000000000022710                Spruce_gptp1588v2ConfigSetIntf
                0x0000000000022720                Spruce_gptp8021asConfigSetIntf
                0x0000000000022730                Spruce_gptp8021asRevCfgSetIntf
 *fill*         0x000000000002273c        0x4 
 .text          0x0000000000022740      0xdd3 /home/roscube/Desktop/UMSD_v7.0.0_comb/UMSD_v7.0.0/obj/dev/spruce/src/api/msdDrv_obj/Spruce_msdLed.o
                0x00000000000229a0                Spruce_gledForceOn
                0x0000000000022a60                Spruce_gledForceOff
                0x0000000000022b20                Spruce_gledLinkAct
                0x0000000000022c10                Spruce_gledModeSet
                0x0000000000022ce0                Spruce_gledModeGet
                0x0000000000022d70                Spruce_gledBlinkRateSet
                0x0000000000022e20                Spruce_gledBlinkRateGet
                0x0000000000022f00                Spruce_gledPulseStretchSet
                0x0000000000022fb0                Spruce_gledPulseStretchGet
                0x0000000000023080                Spruce_gledSpecialModeSet
                0x0000000000023130                Spruce_gledSpecialModeGet
                0x00000000000231a0                Spruce_gledCtrlSet
                0x00000000000231e0                Spruce_gledCtrlGet
                0x0000000000023250                Spruce_gledDump
 *fill*         0x0000000000023513        0xd 
 .text          0x0000000000023520       0xcc /home/roscube/Desktop/UMSD_v7.0.0_comb/UMSD_v7.0.0/obj/dev/spruce/src/api/msdDrv_obj/Spruce_msdLedIntf.o
                0x0000000000023520                Spruce_gledForceOnIntf
                0x0000000000023530                Spruce_gledForceOffIntf
                0x0000000000023540                Spruce_gledLinkActIntf
                0x0000000000023550                Spruce_gledModeSetIntf
                0x0000000000023560                Spruce_gledModeGetIntf
                0x0000000000023570                Spruce_gledBlinkRateSetIntf
                0x0000000000023580                Spruce_gledBlinkRateGetIntf
                0x0000000000023590                Spruce_gledPulseStretchSetIntf
                0x00000000000235a0                Spruce_gledPulseStretchGetIntf
                0x00000000000235b0                Spruce_gledSpecialModeSetIntf
                0x00000000000235c0                Spruce_gledSpecialModeGetIntf
                0x00000000000235d0                Spruce_gledCtrlSetIntf
                0x00000000000235e0                Spruce_gledCtrlGetIntf
 *fill*         0x00000000000235ec        0x4 
 .text          0x00000000000235f0      0x1c4 /home/roscube/Desktop/UMSD_v7.0.0_comb/UMSD_v7.0.0/obj/dev/spruce/src/api/msdDrv_obj/Spruce_msdTCAMRCCompIntf.o
                0x00000000000235f0                Spruce_gtcamRCCompLoadIntf
                0x00000000000236d0                Spruce_gtcamRCCompReadIntf
 *fill*         0x00000000000237b4        0xc 
 .text          0x00000000000237c0      0x495 /home/roscube/Desktop/UMSD_v7.0.0_comb/UMSD_v7.0.0/obj/dev/spruce/src/api/msdDrv_obj/Spruce_msdEEPROM.o
                0x00000000000237c0                Spruce_EEPROMWrite
                0x00000000000238f0                Spruce_EEPROMRead
                0x0000000000023a50                Spruce_EEPROMChipSelSet
                0x0000000000023b20                Spruce_EEPROMChipSelGet
 *fill*         0x0000000000023c55        0xb 
 .text          0x0000000000023c60       0x39 /home/roscube/Desktop/UMSD_v7.0.0_comb/UMSD_v7.0.0/obj/dev/spruce/src/api/msdDrv_obj/Spruce_msdEEPROMIntf.o
                0x0000000000023c60                Spruce_EEPROMWriteIntf
                0x0000000000023c70                Spruce_EEPROMReadIntf
                0x0000000000023c80                Spruce_EEPROMChipSelSetIntf
                0x0000000000023c90                Spruce_EEPROMChipSelGetIntf
 *(.gnu.warning)

.text.unlikely  0x0000000000000000       0x28
 .text.unlikely
                0x0000000000000000        0xa /home/roscube/Desktop/UMSD_v7.0.0_comb/UMSD_v7.0.0/obj/dev/spruce/src/api/msdDrv_obj/Spruce_msdPolicy.o
 .text.unlikely
                0x000000000000000a        0xa /home/roscube/Desktop/UMSD_v7.0.0_comb/UMSD_v7.0.0/obj/dev/spruce/src/api/msdDrv_obj/Spruce_msdQueueCtrl.o
 .text.unlikely
                0x0000000000000014       0x14 /home/roscube/Desktop/UMSD_v7.0.0_comb/UMSD_v7.0.0/obj/dev/spruce/src/api/msdDrv_obj/Spruce_msdLed.o

.fini
 *(SORT_NONE(.fini))

.rodata         0x0000000000000000     0x130c
 *(.rodata)
 .rodata        0x0000000000000000       0x14 /home/roscube/Desktop/UMSD_v7.0.0_comb/UMSD_v7.0.0/obj/dev/spruce/src/api/msdDrv_obj/Spruce_msdPolicy.o
 *fill*         0x0000000000000014        0xc 
 .rodata        0x0000000000000020      0x64c /home/roscube/Desktop/UMSD_v7.0.0_comb/UMSD_v7.0.0/obj/dev/spruce/src/api/msdDrv_obj/Spruce_msdPortCtrl.o
 .rodata        0x000000000000066c       0x40 /home/roscube/Desktop/UMSD_v7.0.0_comb/UMSD_v7.0.0/obj/dev/spruce/src/api/msdDrv_obj/Spruce_msdPortPrioMap.o
 .rodata        0x00000000000006ac       0x20 /home/roscube/Desktop/UMSD_v7.0.0_comb/UMSD_v7.0.0/obj/dev/spruce/src/api/msdDrv_obj/Spruce_msdQueueCtrl.o
 *fill*         0x00000000000006cc       0x14 
 .rodata        0x00000000000006e0      0xc00 /home/roscube/Desktop/UMSD_v7.0.0_comb/UMSD_v7.0.0/obj/dev/spruce/src/api/msdDrv_obj/Spruce_msdSysCtrl.o
 .rodata        0x00000000000012e0       0x2c /home/roscube/Desktop/UMSD_v7.0.0_comb/UMSD_v7.0.0/obj/dev/spruce/src/api/msdDrv_obj/Spruce_msdLed.o

.rodata.str1.8  0x0000000000000000     0x340d
 .rodata.str1.8
                0x0000000000000000       0xa4 /home/roscube/Desktop/UMSD_v7.0.0_comb/UMSD_v7.0.0/obj/dev/spruce/src/api/msdDrv_obj/Spruce_msdTCAM.o
 *fill*         0x00000000000000a4        0x4 
 .rodata.str1.8
                0x00000000000000a8       0x2d /home/roscube/Desktop/UMSD_v7.0.0_comb/UMSD_v7.0.0/obj/dev/spruce/src/api/msdDrv_obj/Spruce_msdTCAMRC.o
 *fill*         0x00000000000000d5        0x3 
 .rodata.str1.8
                0x00000000000000d8     0x21d1 /home/roscube/Desktop/UMSD_v7.0.0_comb/UMSD_v7.0.0/obj/dev/spruce/src/api/msdDrv_obj/Spruce_msdPolicy.o
 *fill*         0x00000000000022a9        0x7 
 .rodata.str1.8
                0x00000000000022b0      0x21c /home/roscube/Desktop/UMSD_v7.0.0_comb/UMSD_v7.0.0/obj/dev/spruce/src/api/msdDrv_obj/Spruce_msdBrgVtu.o
 *fill*         0x00000000000024cc        0x4 
 .rodata.str1.8
                0x00000000000024d0       0x69 /home/roscube/Desktop/UMSD_v7.0.0_comb/UMSD_v7.0.0/obj/dev/spruce/src/api/msdDrv_obj/Spruce_msdBrgStu.o
 *fill*         0x0000000000002539        0x7 
 .rodata.str1.8
                0x0000000000002540      0xa22 /home/roscube/Desktop/UMSD_v7.0.0_comb/UMSD_v7.0.0/obj/dev/spruce/src/api/msdDrv_obj/Spruce_msdPortRmon.o
 *fill*         0x0000000000002f62        0x6 
 .rodata.str1.8
                0x0000000000002f68       0x39 /home/roscube/Desktop/UMSD_v7.0.0_comb/UMSD_v7.0.0/obj/dev/spruce/src/api/msdDrv_obj/Spruce_msdPortCtrl.o
 *fill*         0x0000000000002fa1        0x7 
 .rodata.str1.8
                0x0000000000002fa8      0x117 /home/roscube/Desktop/UMSD_v7.0.0_comb/UMSD_v7.0.0/obj/dev/spruce/src/api/msdDrv_obj/Spruce_msdEcid.o
 *fill*         0x00000000000030bf        0x1 
 .rodata.str1.8
                0x00000000000030c0       0x73 /home/roscube/Desktop/UMSD_v7.0.0_comb/UMSD_v7.0.0/obj/dev/spruce/src/api/msdDrv_obj/Spruce_msdSysCtrl.o
 *fill*         0x0000000000003133        0x5 
 .rodata.str1.8
                0x0000000000003138      0x10c /home/roscube/Desktop/UMSD_v7.0.0_comb/UMSD_v7.0.0/obj/dev/spruce/src/api/msdDrv_obj/Spruce_msdBrgFdbIntf.o
 *fill*         0x0000000000003244        0x4 
 .rodata.str1.8
                0x0000000000003248      0x1c5 /home/roscube/Desktop/UMSD_v7.0.0_comb/UMSD_v7.0.0/obj/dev/spruce/src/api/msdDrv_obj/Spruce_msdLed.o

.rodata.str1.1  0x0000000000000000      0x871
 .rodata.str1.1
                0x0000000000000000      0x410 /home/roscube/Desktop/UMSD_v7.0.0_comb/UMSD_v7.0.0/obj/dev/spruce/src/api/msdDrv_obj/Spruce_msdTCAM.o
 .rodata.str1.1
                0x0000000000000410      0x35a /home/roscube/Desktop/UMSD_v7.0.0_comb/UMSD_v7.0.0/obj/dev/spruce/src/api/msdDrv_obj/Spruce_msdTCAMRC.o
 .rodata.str1.1
                0x000000000000076a        0x2 /home/roscube/Desktop/UMSD_v7.0.0_comb/UMSD_v7.0.0/obj/dev/spruce/src/api/msdDrv_obj/Spruce_msdBrgVtu.o
 .rodata.str1.1
                0x000000000000076c       0x20 /home/roscube/Desktop/UMSD_v7.0.0_comb/UMSD_v7.0.0/obj/dev/spruce/src/api/msdDrv_obj/Spruce_msdBrgStu.o
 .rodata.str1.1
                0x000000000000078c        0x2 /home/roscube/Desktop/UMSD_v7.0.0_comb/UMSD_v7.0.0/obj/dev/spruce/src/api/msdDrv_obj/Spruce_msdPortRmon.o
 .rodata.str1.1
                0x000000000000078e        0xb /home/roscube/Desktop/UMSD_v7.0.0_comb/UMSD_v7.0.0/obj/dev/spruce/src/api/msdDrv_obj/Spruce_msdPortCtrl.o
 .rodata.str1.1
                0x0000000000000799       0x16 /home/roscube/Desktop/UMSD_v7.0.0_comb/UMSD_v7.0.0/obj/dev/spruce/src/api/msdDrv_obj/Spruce_msdSysCtrl.o
 .rodata.str1.1
                0x00000000000007af        0x2 /home/roscube/Desktop/UMSD_v7.0.0_comb/UMSD_v7.0.0/obj/dev/spruce/src/api/msdDrv_obj/Spruce_msdBrgFdbIntf.o
 .rodata.str1.1
                0x00000000000007b1       0xc0 /home/roscube/Desktop/UMSD_v7.0.0_comb/UMSD_v7.0.0/obj/dev/spruce/src/api/msdDrv_obj/Spruce_msdLed.o

.rodata.cst8    0x0000000000000000       0x18
 .rodata.cst8   0x0000000000000000       0x18 /home/roscube/Desktop/UMSD_v7.0.0_comb/UMSD_v7.0.0/obj/dev/spruce/src/api/msdDrv_obj/Spruce_msdPIRL.o

.rodata1
 *(.rodata1)

.eh_frame_hdr
 *(.eh_frame_hdr)

.eh_frame       0x0000000000000000     0x7768
 *(.eh_frame)
 .eh_frame      0x0000000000000000      0x4a8 /home/roscube/Desktop/UMSD_v7.0.0_comb/UMSD_v7.0.0/obj/dev/spruce/src/api/msdDrv_obj/Spruce_msdTCAM.o
 .eh_frame      0x00000000000004a8      0x238 /home/roscube/Desktop/UMSD_v7.0.0_comb/UMSD_v7.0.0/obj/dev/spruce/src/api/msdDrv_obj/Spruce_msdTCAMRC.o
 .eh_frame      0x00000000000006e0      0x138 /home/roscube/Desktop/UMSD_v7.0.0_comb/UMSD_v7.0.0/obj/dev/spruce/src/api/msdDrv_obj/Spruce_msdTCAMRCComp.o
 .eh_frame      0x0000000000000818      0x430 /home/roscube/Desktop/UMSD_v7.0.0_comb/UMSD_v7.0.0/obj/dev/spruce/src/api/msdDrv_obj/Spruce_msdBrgFdb.o
 .eh_frame      0x0000000000000c48     0x1440 /home/roscube/Desktop/UMSD_v7.0.0_comb/UMSD_v7.0.0/obj/dev/spruce/src/api/msdDrv_obj/Spruce_msdPolicy.o
 .eh_frame      0x0000000000002088      0x2c8 /home/roscube/Desktop/UMSD_v7.0.0_comb/UMSD_v7.0.0/obj/dev/spruce/src/api/msdDrv_obj/Spruce_msdBrgVtu.o
 .eh_frame      0x0000000000002350      0x150 /home/roscube/Desktop/UMSD_v7.0.0_comb/UMSD_v7.0.0/obj/dev/spruce/src/api/msdDrv_obj/Spruce_msdArp.o
 .eh_frame      0x00000000000024a0      0x190 /home/roscube/Desktop/UMSD_v7.0.0_comb/UMSD_v7.0.0/obj/dev/spruce/src/api/msdDrv_obj/Spruce_msdBrgStu.o
 .eh_frame      0x0000000000002630      0x200 /home/roscube/Desktop/UMSD_v7.0.0_comb/UMSD_v7.0.0/obj/dev/spruce/src/api/msdDrv_obj/Spruce_msdPIRL.o
 .eh_frame      0x0000000000002830      0x1b8 /home/roscube/Desktop/UMSD_v7.0.0_comb/UMSD_v7.0.0/obj/dev/spruce/src/api/msdDrv_obj/Spruce_msdPortRmon.o
 .eh_frame      0x00000000000029e8     0x1880 /home/roscube/Desktop/UMSD_v7.0.0_comb/UMSD_v7.0.0/obj/dev/spruce/src/api/msdDrv_obj/Spruce_msdPortCtrl.o
 .eh_frame      0x0000000000004268      0x2d8 /home/roscube/Desktop/UMSD_v7.0.0_comb/UMSD_v7.0.0/obj/dev/spruce/src/api/msdDrv_obj/Spruce_msdEcid.o
 .eh_frame      0x0000000000004540      0x340 /home/roscube/Desktop/UMSD_v7.0.0_comb/UMSD_v7.0.0/obj/dev/spruce/src/api/msdDrv_obj/Spruce_msdPortPrioMap.o
 .eh_frame      0x0000000000004880      0x1d0 /home/roscube/Desktop/UMSD_v7.0.0_comb/UMSD_v7.0.0/obj/dev/spruce/src/api/msdDrv_obj/Spruce_msdQueueCtrl.o
 .eh_frame      0x0000000000004a50      0x4d0 /home/roscube/Desktop/UMSD_v7.0.0_comb/UMSD_v7.0.0/obj/dev/spruce/src/api/msdDrv_obj/Spruce_msdSysCtrl.o
 .eh_frame      0x0000000000004f20       0x50 /home/roscube/Desktop/UMSD_v7.0.0_comb/UMSD_v7.0.0/obj/dev/spruce/src/api/msdDrv_obj/Spruce_msdPhyCtrl.o
 .eh_frame      0x0000000000004f70      0x340 /home/roscube/Desktop/UMSD_v7.0.0_comb/UMSD_v7.0.0/obj/dev/spruce/src/api/msdDrv_obj/Spruce_msdRMU.o
 .eh_frame      0x00000000000052b0      0x200 /home/roscube/Desktop/UMSD_v7.0.0_comb/UMSD_v7.0.0/obj/dev/spruce/src/api/msdDrv_obj/Spruce_msdTCAMIntf.o
 .eh_frame      0x00000000000054b0      0x1e8 /home/roscube/Desktop/UMSD_v7.0.0_comb/UMSD_v7.0.0/obj/dev/spruce/src/api/msdDrv_obj/Spruce_msdBrgFdbIntf.o
 .eh_frame      0x0000000000005698      0x268 /home/roscube/Desktop/UMSD_v7.0.0_comb/UMSD_v7.0.0/obj/dev/spruce/src/api/msdDrv_obj/Spruce_msdBrgVtuIntf.o
 .eh_frame      0x0000000000005900      0x108 /home/roscube/Desktop/UMSD_v7.0.0_comb/UMSD_v7.0.0/obj/dev/spruce/src/api/msdDrv_obj/Spruce_msdBrgStuIntf.o
 .eh_frame      0x0000000000005a08      0x160 /home/roscube/Desktop/UMSD_v7.0.0_comb/UMSD_v7.0.0/obj/dev/spruce/src/api/msdDrv_obj/Spruce_msdPIRLIntf.o
 .eh_frame      0x0000000000005b68      0x158 /home/roscube/Desktop/UMSD_v7.0.0_comb/UMSD_v7.0.0/obj/dev/spruce/src/api/msdDrv_obj/Spruce_msdQav.o
 .eh_frame      0x0000000000005cc0       0xb8 /home/roscube/Desktop/UMSD_v7.0.0_comb/UMSD_v7.0.0/obj/dev/spruce/src/api/msdDrv_obj/Spruce_msdArpIntf.o
 .eh_frame      0x0000000000005d78       0x80 /home/roscube/Desktop/UMSD_v7.0.0_comb/UMSD_v7.0.0/obj/dev/spruce/src/api/msdDrv_obj/Spruce_msdPortRmonIntf.o
 .eh_frame      0x0000000000005df8      0x388 /home/roscube/Desktop/UMSD_v7.0.0_comb/UMSD_v7.0.0/obj/dev/spruce/src/api/msdDrv_obj/Spruce_msdPortCtrlIntf.o
 .eh_frame      0x0000000000006180       0xf8 /home/roscube/Desktop/UMSD_v7.0.0_comb/UMSD_v7.0.0/obj/dev/spruce/src/api/msdDrv_obj/Spruce_msdPortPrioMapIntf.o
 .eh_frame      0x0000000000006278       0x98 /home/roscube/Desktop/UMSD_v7.0.0_comb/UMSD_v7.0.0/obj/dev/spruce/src/api/msdDrv_obj/Spruce_msdEcidIntf.o
 .eh_frame      0x0000000000006310       0xa8 /home/roscube/Desktop/UMSD_v7.0.0_comb/UMSD_v7.0.0/obj/dev/spruce/src/api/msdDrv_obj/Spruce_msdQueueCtrlIntf.o
 .eh_frame      0x00000000000063b8       0xe0 /home/roscube/Desktop/UMSD_v7.0.0_comb/UMSD_v7.0.0/obj/dev/spruce/src/api/msdDrv_obj/Spruce_msdTCAMRCIntf.o
 .eh_frame      0x0000000000006498      0x1e0 /home/roscube/Desktop/UMSD_v7.0.0_comb/UMSD_v7.0.0/obj/dev/spruce/src/api/msdDrv_obj/Spruce_msdRMUIntf.o
 .eh_frame      0x0000000000006678      0x898 /home/roscube/Desktop/UMSD_v7.0.0_comb/UMSD_v7.0.0/obj/dev/spruce/src/api/msdDrv_obj/Spruce_msdPTP.o
 .eh_frame      0x0000000000006f10      0x178 /home/roscube/Desktop/UMSD_v7.0.0_comb/UMSD_v7.0.0/obj/dev/spruce/src/api/msdDrv_obj/Spruce_msdPTPIntf.o
 .eh_frame      0x0000000000007088      0x400 /home/roscube/Desktop/UMSD_v7.0.0_comb/UMSD_v7.0.0/obj/dev/spruce/src/api/msdDrv_obj/Spruce_msdLed.o
 .eh_frame      0x0000000000007488      0x120 /home/roscube/Desktop/UMSD_v7.0.0_comb/UMSD_v7.0.0/obj/dev/spruce/src/api/msdDrv_obj/Spruce_msdLedIntf.o
 .eh_frame      0x00000000000075a8       0x58 /home/roscube/Desktop/UMSD_v7.0.0_comb/UMSD_v7.0.0/obj/dev/spruce/src/api/msdDrv_obj/Spruce_msdTCAMRCCompIntf.o
 .eh_frame      0x0000000000007600      0x100 /home/roscube/Desktop/UMSD_v7.0.0_comb/UMSD_v7.0.0/obj/dev/spruce/src/api/msdDrv_obj/Spruce_msdEEPROM.o
 .eh_frame      0x0000000000007700       0x68 /home/roscube/Desktop/UMSD_v7.0.0_comb/UMSD_v7.0.0/obj/dev/spruce/src/api/msdDrv_obj/Spruce_msdEEPROMIntf.o

.gcc_except_table
 *(.gcc_except_table)

.gnu_extab
 *(.gnu_extab*)

.exception_ranges
 *(.exception_ranges)

.eh_frame
 *(.eh_frame)

.gnu_extab
 *(.gnu_extab)

.gcc_except_table
 *(.gcc_except_table)

.exception_ranges
 *(.exception_ranges)

.tdata
 *(.tdata)

.tbss
 *(.tbss)

.jcr
 *(.jcr)

.dynamic
 *(.dynamic)

.got
 *(.got)

.got.plt
 *(.got.plt)

.data           0x0000000000000000        0x0
 *(.data)
 .data          0x0000000000000000        0x0 /home/roscube/Desktop/UMSD_v7.0.0_comb/UMSD_v7.0.0/obj/dev/spruce/src/api/msdDrv_obj/Spruce_msdTCAM.o
 .data          0x0000000000000000        0x0 /home/roscube/Desktop/UMSD_v7.0.0_comb/UMSD_v7.0.0/obj/dev/spruce/src/api/msdDrv_obj/Spruce_msdTCAMRC.o
 .data          0x0000000000000000        0x0 /home/roscube/Desktop/UMSD_v7.0.0_comb/UMSD_v7.0.0/obj/dev/spruce/src/api/msdDrv_obj/Spruce_msdTCAMRCComp.o
 .data          0x0000000000000000        0x0 /home/roscube/Desktop/UMSD_v7.0.0_comb/UMSD_v7.0.0/obj/dev/spruce/src/api/msdDrv_obj/Spruce_msdBrgFdb.o
 .data          0x0000000000000000        0x0 /home/roscube/Desktop/UMSD_v7.0.0_comb/UMSD_v7.0.0/obj/dev/spruce/src/api/msdDrv_obj/Spruce_msdPolicy.o
 .data          0x0000000000000000        0x0 /home/roscube/Desktop/UMSD_v7.0.0_comb/UMSD_v7.0.0/obj/dev/spruce/src/api/msdDrv_obj/Spruce_msdBrgVtu.o
 .data          0x0000000000000000        0x0 /home/roscube/Desktop/UMSD_v7.0.0_comb/UMSD_v7.0.0/obj/dev/spruce/src/api/msdDrv_obj/Spruce_msdArp.o
 .data          0x0000000000000000        0x0 /home/roscube/Desktop/UMSD_v7.0.0_comb/UMSD_v7.0.0/obj/dev/spruce/src/api/msdDrv_obj/Spruce_msdBrgStu.o
 .data          0x0000000000000000        0x0 /home/roscube/Desktop/UMSD_v7.0.0_comb/UMSD_v7.0.0/obj/dev/spruce/src/api/msdDrv_obj/Spruce_msdPIRL.o
 .data          0x0000000000000000        0x0 /home/roscube/Desktop/UMSD_v7.0.0_comb/UMSD_v7.0.0/obj/dev/spruce/src/api/msdDrv_obj/Spruce_msdPortRmon.o
 .data          0x0000000000000000        0x0 /home/roscube/Desktop/UMSD_v7.0.0_comb/UMSD_v7.0.0/obj/dev/spruce/src/api/msdDrv_obj/Spruce_msdPortCtrl.o
 .data          0x0000000000000000        0x0 /home/roscube/Desktop/UMSD_v7.0.0_comb/UMSD_v7.0.0/obj/dev/spruce/src/api/msdDrv_obj/Spruce_msdEcid.o
 .data          0x0000000000000000        0x0 /home/roscube/Desktop/UMSD_v7.0.0_comb/UMSD_v7.0.0/obj/dev/spruce/src/api/msdDrv_obj/Spruce_msdPortPrioMap.o
 .data          0x0000000000000000        0x0 /home/roscube/Desktop/UMSD_v7.0.0_comb/UMSD_v7.0.0/obj/dev/spruce/src/api/msdDrv_obj/Spruce_msdQueueCtrl.o
 .data          0x0000000000000000        0x0 /home/roscube/Desktop/UMSD_v7.0.0_comb/UMSD_v7.0.0/obj/dev/spruce/src/api/msdDrv_obj/Spruce_msdSysCtrl.o
 .data          0x0000000000000000        0x0 /home/roscube/Desktop/UMSD_v7.0.0_comb/UMSD_v7.0.0/obj/dev/spruce/src/api/msdDrv_obj/Spruce_msdPhyCtrl.o
 .data          0x0000000000000000        0x0 /home/roscube/Desktop/UMSD_v7.0.0_comb/UMSD_v7.0.0/obj/dev/spruce/src/api/msdDrv_obj/Spruce_msdRMU.o
 .data          0x0000000000000000        0x0 /home/roscube/Desktop/UMSD_v7.0.0_comb/UMSD_v7.0.0/obj/dev/spruce/src/api/msdDrv_obj/Spruce_msdTCAMIntf.o
 .data          0x0000000000000000        0x0 /home/roscube/Desktop/UMSD_v7.0.0_comb/UMSD_v7.0.0/obj/dev/spruce/src/api/msdDrv_obj/Spruce_msdBrgFdbIntf.o
 .data          0x0000000000000000        0x0 /home/roscube/Desktop/UMSD_v7.0.0_comb/UMSD_v7.0.0/obj/dev/spruce/src/api/msdDrv_obj/Spruce_msdBrgVtuIntf.o
 .data          0x0000000000000000        0x0 /home/roscube/Desktop/UMSD_v7.0.0_comb/UMSD_v7.0.0/obj/dev/spruce/src/api/msdDrv_obj/Spruce_msdBrgStuIntf.o
 .data          0x0000000000000000        0x0 /home/roscube/Desktop/UMSD_v7.0.0_comb/UMSD_v7.0.0/obj/dev/spruce/src/api/msdDrv_obj/Spruce_msdPIRLIntf.o
 .data          0x0000000000000000        0x0 /home/roscube/Desktop/UMSD_v7.0.0_comb/UMSD_v7.0.0/obj/dev/spruce/src/api/msdDrv_obj/Spruce_msdQav.o
 .data          0x0000000000000000        0x0 /home/roscube/Desktop/UMSD_v7.0.0_comb/UMSD_v7.0.0/obj/dev/spruce/src/api/msdDrv_obj/Spruce_msdArpIntf.o
 .data          0x0000000000000000        0x0 /home/roscube/Desktop/UMSD_v7.0.0_comb/UMSD_v7.0.0/obj/dev/spruce/src/api/msdDrv_obj/Spruce_msdPortRmonIntf.o
 .data          0x0000000000000000        0x0 /home/roscube/Desktop/UMSD_v7.0.0_comb/UMSD_v7.0.0/obj/dev/spruce/src/api/msdDrv_obj/Spruce_msdPortCtrlIntf.o
 .data          0x0000000000000000        0x0 /home/roscube/Desktop/UMSD_v7.0.0_comb/UMSD_v7.0.0/obj/dev/spruce/src/api/msdDrv_obj/Spruce_msdPortPrioMapIntf.o
 .data          0x0000000000000000        0x0 /home/roscube/Desktop/UMSD_v7.0.0_comb/UMSD_v7.0.0/obj/dev/spruce/src/api/msdDrv_obj/Spruce_msdEcidIntf.o
 .data          0x0000000000000000        0x0 /home/roscube/Desktop/UMSD_v7.0.0_comb/UMSD_v7.0.0/obj/dev/spruce/src/api/msdDrv_obj/Spruce_msdQueueCtrlIntf.o
 .data          0x0000000000000000        0x0 /home/roscube/Desktop/UMSD_v7.0.0_comb/UMSD_v7.0.0/obj/dev/spruce/src/api/msdDrv_obj/Spruce_msdSysCtrlIntf.o
 .data          0x0000000000000000        0x0 /home/roscube/Desktop/UMSD_v7.0.0_comb/UMSD_v7.0.0/obj/dev/spruce/src/api/msdDrv_obj/Spruce_msdPhyCtrlIntf.o
 .data          0x0000000000000000        0x0 /home/roscube/Desktop/UMSD_v7.0.0_comb/UMSD_v7.0.0/obj/dev/spruce/src/api/msdDrv_obj/Spruce_msdPolicyIntf.o
 .data          0x0000000000000000        0x0 /home/roscube/Desktop/UMSD_v7.0.0_comb/UMSD_v7.0.0/obj/dev/spruce/src/api/msdDrv_obj/Spruce_msdTCAMRCIntf.o
 .data          0x0000000000000000        0x0 /home/roscube/Desktop/UMSD_v7.0.0_comb/UMSD_v7.0.0/obj/dev/spruce/src/api/msdDrv_obj/Spruce_msdRMUIntf.o
 .data          0x0000000000000000        0x0 /home/roscube/Desktop/UMSD_v7.0.0_comb/UMSD_v7.0.0/obj/dev/spruce/src/api/msdDrv_obj/Spruce_msdPTP.o
 .data          0x0000000000000000        0x0 /home/roscube/Desktop/UMSD_v7.0.0_comb/UMSD_v7.0.0/obj/dev/spruce/src/api/msdDrv_obj/Spruce_msdPTPIntf.o
 .data          0x0000000000000000        0x0 /home/roscube/Desktop/UMSD_v7.0.0_comb/UMSD_v7.0.0/obj/dev/spruce/src/api/msdDrv_obj/Spruce_msdLed.o
 .data          0x0000000000000000        0x0 /home/roscube/Desktop/UMSD_v7.0.0_comb/UMSD_v7.0.0/obj/dev/spruce/src/api/msdDrv_obj/Spruce_msdLedIntf.o
 .data          0x0000000000000000        0x0 /home/roscube/Desktop/UMSD_v7.0.0_comb/UMSD_v7.0.0/obj/dev/spruce/src/api/msdDrv_obj/Spruce_msdTCAMRCCompIntf.o
 .data          0x0000000000000000        0x0 /home/roscube/Desktop/UMSD_v7.0.0_comb/UMSD_v7.0.0/obj/dev/spruce/src/api/msdDrv_obj/Spruce_msdEEPROM.o
 .data          0x0000000000000000        0x0 /home/roscube/Desktop/UMSD_v7.0.0_comb/UMSD_v7.0.0/obj/dev/spruce/src/api/msdDrv_obj/Spruce_msdEEPROMIntf.o

.data1
 *(.data1)

.bss            0x0000000000000000        0x0
 *(.bss)
 .bss           0x0000000000000000        0x0 /home/roscube/Desktop/UMSD_v7.0.0_comb/UMSD_v7.0.0/obj/dev/spruce/src/api/msdDrv_obj/Spruce_msdTCAM.o
 .bss           0x0000000000000000        0x0 /home/roscube/Desktop/UMSD_v7.0.0_comb/UMSD_v7.0.0/obj/dev/spruce/src/api/msdDrv_obj/Spruce_msdTCAMRC.o
 .bss           0x0000000000000000        0x0 /home/roscube/Desktop/UMSD_v7.0.0_comb/UMSD_v7.0.0/obj/dev/spruce/src/api/msdDrv_obj/Spruce_msdTCAMRCComp.o
 .bss           0x0000000000000000        0x0 /home/roscube/Desktop/UMSD_v7.0.0_comb/UMSD_v7.0.0/obj/dev/spruce/src/api/msdDrv_obj/Spruce_msdBrgFdb.o
 .bss           0x0000000000000000        0x0 /home/roscube/Desktop/UMSD_v7.0.0_comb/UMSD_v7.0.0/obj/dev/spruce/src/api/msdDrv_obj/Spruce_msdPolicy.o
 .bss           0x0000000000000000        0x0 /home/roscube/Desktop/UMSD_v7.0.0_comb/UMSD_v7.0.0/obj/dev/spruce/src/api/msdDrv_obj/Spruce_msdBrgVtu.o
 .bss           0x0000000000000000        0x0 /home/roscube/Desktop/UMSD_v7.0.0_comb/UMSD_v7.0.0/obj/dev/spruce/src/api/msdDrv_obj/Spruce_msdArp.o
 .bss           0x0000000000000000        0x0 /home/roscube/Desktop/UMSD_v7.0.0_comb/UMSD_v7.0.0/obj/dev/spruce/src/api/msdDrv_obj/Spruce_msdBrgStu.o
 .bss           0x0000000000000000        0x0 /home/roscube/Desktop/UMSD_v7.0.0_comb/UMSD_v7.0.0/obj/dev/spruce/src/api/msdDrv_obj/Spruce_msdPIRL.o
 .bss           0x0000000000000000        0x0 /home/roscube/Desktop/UMSD_v7.0.0_comb/UMSD_v7.0.0/obj/dev/spruce/src/api/msdDrv_obj/Spruce_msdPortRmon.o
 .bss           0x0000000000000000        0x0 /home/roscube/Desktop/UMSD_v7.0.0_comb/UMSD_v7.0.0/obj/dev/spruce/src/api/msdDrv_obj/Spruce_msdPortCtrl.o
 .bss           0x0000000000000000        0x0 /home/roscube/Desktop/UMSD_v7.0.0_comb/UMSD_v7.0.0/obj/dev/spruce/src/api/msdDrv_obj/Spruce_msdEcid.o
 .bss           0x0000000000000000        0x0 /home/roscube/Desktop/UMSD_v7.0.0_comb/UMSD_v7.0.0/obj/dev/spruce/src/api/msdDrv_obj/Spruce_msdPortPrioMap.o
 .bss           0x0000000000000000        0x0 /home/roscube/Desktop/UMSD_v7.0.0_comb/UMSD_v7.0.0/obj/dev/spruce/src/api/msdDrv_obj/Spruce_msdQueueCtrl.o
 .bss           0x0000000000000000        0x0 /home/roscube/Desktop/UMSD_v7.0.0_comb/UMSD_v7.0.0/obj/dev/spruce/src/api/msdDrv_obj/Spruce_msdSysCtrl.o
 .bss           0x0000000000000000        0x0 /home/roscube/Desktop/UMSD_v7.0.0_comb/UMSD_v7.0.0/obj/dev/spruce/src/api/msdDrv_obj/Spruce_msdPhyCtrl.o
 .bss           0x0000000000000000        0x0 /home/roscube/Desktop/UMSD_v7.0.0_comb/UMSD_v7.0.0/obj/dev/spruce/src/api/msdDrv_obj/Spruce_msdRMU.o
 .bss           0x0000000000000000        0x0 /home/roscube/Desktop/UMSD_v7.0.0_comb/UMSD_v7.0.0/obj/dev/spruce/src/api/msdDrv_obj/Spruce_msdTCAMIntf.o
 .bss           0x0000000000000000        0x0 /home/roscube/Desktop/UMSD_v7.0.0_comb/UMSD_v7.0.0/obj/dev/spruce/src/api/msdDrv_obj/Spruce_msdBrgFdbIntf.o
 .bss           0x0000000000000000        0x0 /home/roscube/Desktop/UMSD_v7.0.0_comb/UMSD_v7.0.0/obj/dev/spruce/src/api/msdDrv_obj/Spruce_msdBrgVtuIntf.o
 .bss           0x0000000000000000        0x0 /home/roscube/Desktop/UMSD_v7.0.0_comb/UMSD_v7.0.0/obj/dev/spruce/src/api/msdDrv_obj/Spruce_msdBrgStuIntf.o
 .bss           0x0000000000000000        0x0 /home/roscube/Desktop/UMSD_v7.0.0_comb/UMSD_v7.0.0/obj/dev/spruce/src/api/msdDrv_obj/Spruce_msdPIRLIntf.o
 .bss           0x0000000000000000        0x0 /home/roscube/Desktop/UMSD_v7.0.0_comb/UMSD_v7.0.0/obj/dev/spruce/src/api/msdDrv_obj/Spruce_msdQav.o
 .bss           0x0000000000000000        0x0 /home/roscube/Desktop/UMSD_v7.0.0_comb/UMSD_v7.0.0/obj/dev/spruce/src/api/msdDrv_obj/Spruce_msdArpIntf.o
 .bss           0x0000000000000000        0x0 /home/roscube/Desktop/UMSD_v7.0.0_comb/UMSD_v7.0.0/obj/dev/spruce/src/api/msdDrv_obj/Spruce_msdPortRmonIntf.o
 .bss           0x0000000000000000        0x0 /home/roscube/Desktop/UMSD_v7.0.0_comb/UMSD_v7.0.0/obj/dev/spruce/src/api/msdDrv_obj/Spruce_msdPortCtrlIntf.o
 .bss           0x0000000000000000        0x0 /home/roscube/Desktop/UMSD_v7.0.0_comb/UMSD_v7.0.0/obj/dev/spruce/src/api/msdDrv_obj/Spruce_msdPortPrioMapIntf.o
 .bss           0x0000000000000000        0x0 /home/roscube/Desktop/UMSD_v7.0.0_comb/UMSD_v7.0.0/obj/dev/spruce/src/api/msdDrv_obj/Spruce_msdEcidIntf.o
 .bss           0x0000000000000000        0x0 /home/roscube/Desktop/UMSD_v7.0.0_comb/UMSD_v7.0.0/obj/dev/spruce/src/api/msdDrv_obj/Spruce_msdQueueCtrlIntf.o
 .bss           0x0000000000000000        0x0 /home/roscube/Desktop/UMSD_v7.0.0_comb/UMSD_v7.0.0/obj/dev/spruce/src/api/msdDrv_obj/Spruce_msdSysCtrlIntf.o
 .bss           0x0000000000000000        0x0 /home/roscube/Desktop/UMSD_v7.0.0_comb/UMSD_v7.0.0/obj/dev/spruce/src/api/msdDrv_obj/Spruce_msdPhyCtrlIntf.o
 .bss           0x0000000000000000        0x0 /home/roscube/Desktop/UMSD_v7.0.0_comb/UMSD_v7.0.0/obj/dev/spruce/src/api/msdDrv_obj/Spruce_msdPolicyIntf.o
 .bss           0x0000000000000000        0x0 /home/roscube/Desktop/UMSD_v7.0.0_comb/UMSD_v7.0.0/obj/dev/spruce/src/api/msdDrv_obj/Spruce_msdTCAMRCIntf.o
 .bss           0x0000000000000000        0x0 /home/roscube/Desktop/UMSD_v7.0.0_comb/UMSD_v7.0.0/obj/dev/spruce/src/api/msdDrv_obj/Spruce_msdRMUIntf.o
 .bss           0x0000000000000000        0x0 /home/roscube/Desktop/UMSD_v7.0.0_comb/UMSD_v7.0.0/obj/dev/spruce/src/api/msdDrv_obj/Spruce_msdPTP.o
 .bss           0x0000000000000000        0x0 /home/roscube/Desktop/UMSD_v7.0.0_comb/UMSD_v7.0.0/obj/dev/spruce/src/api/msdDrv_obj/Spruce_msdPTPIntf.o
 .bss           0x0000000000000000        0x0 /home/roscube/Desktop/UMSD_v7.0.0_comb/UMSD_v7.0.0/obj/dev/spruce/src/api/msdDrv_obj/Spruce_msdLed.o
 .bss           0x0000000000000000        0x0 /home/roscube/Desktop/UMSD_v7.0.0_comb/UMSD_v7.0.0/obj/dev/spruce/src/api/msdDrv_obj/Spruce_msdLedIntf.o
 .bss           0x0000000000000000        0x0 /home/roscube/Desktop/UMSD_v7.0.0_comb/UMSD_v7.0.0/obj/dev/spruce/src/api/msdDrv_obj/Spruce_msdTCAMRCCompIntf.o
 .bss           0x0000000000000000        0x0 /home/roscube/Desktop/UMSD_v7.0.0_comb/UMSD_v7.0.0/obj/dev/spruce/src/api/msdDrv_obj/Spruce_msdEEPROM.o
 .bss           0x0000000000000000        0x0 /home/roscube/Desktop/UMSD_v7.0.0_comb/UMSD_v7.0.0/obj/dev/spruce/src/api/msdDrv_obj/Spruce_msdEEPROMIntf.o

.lbss
 *(.lbss)

.lrodata
 *(.lrodata)

.ldata
 *(.ldata)

.stab
 *(.stab)

.stabstr
 *(.stabstr)

.stab.excl
 *(.stab.excl)

.stab.exclstr
 *(.stab.exclstr)

.stab.index
 *(.stab.index)

.stab.indexstr
 *(.stab.indexstr)

.comment        0x0000000000000000      0x70c
 *(.comment)
 .comment       0x0000000000000000       0x2c /home/roscube/Desktop/UMSD_v7.0.0_comb/UMSD_v7.0.0/obj/dev/spruce/src/api/msdDrv_obj/Spruce_msdTCAM.o
 .comment       0x000000000000002c       0x2c /home/roscube/Desktop/UMSD_v7.0.0_comb/UMSD_v7.0.0/obj/dev/spruce/src/api/msdDrv_obj/Spruce_msdTCAMRC.o
 .comment       0x0000000000000058       0x2c /home/roscube/Desktop/UMSD_v7.0.0_comb/UMSD_v7.0.0/obj/dev/spruce/src/api/msdDrv_obj/Spruce_msdTCAMRCComp.o
 .comment       0x0000000000000084       0x2c /home/roscube/Desktop/UMSD_v7.0.0_comb/UMSD_v7.0.0/obj/dev/spruce/src/api/msdDrv_obj/Spruce_msdBrgFdb.o
 .comment       0x00000000000000b0       0x2c /home/roscube/Desktop/UMSD_v7.0.0_comb/UMSD_v7.0.0/obj/dev/spruce/src/api/msdDrv_obj/Spruce_msdPolicy.o
 .comment       0x00000000000000dc       0x2c /home/roscube/Desktop/UMSD_v7.0.0_comb/UMSD_v7.0.0/obj/dev/spruce/src/api/msdDrv_obj/Spruce_msdBrgVtu.o
 .comment       0x0000000000000108       0x2c /home/roscube/Desktop/UMSD_v7.0.0_comb/UMSD_v7.0.0/obj/dev/spruce/src/api/msdDrv_obj/Spruce_msdArp.o
 .comment       0x0000000000000134       0x2c /home/roscube/Desktop/UMSD_v7.0.0_comb/UMSD_v7.0.0/obj/dev/spruce/src/api/msdDrv_obj/Spruce_msdBrgStu.o
 .comment       0x0000000000000160       0x2c /home/roscube/Desktop/UMSD_v7.0.0_comb/UMSD_v7.0.0/obj/dev/spruce/src/api/msdDrv_obj/Spruce_msdPIRL.o
 .comment       0x000000000000018c       0x2c /home/roscube/Desktop/UMSD_v7.0.0_comb/UMSD_v7.0.0/obj/dev/spruce/src/api/msdDrv_obj/Spruce_msdPortRmon.o
 .comment       0x00000000000001b8       0x2c /home/roscube/Desktop/UMSD_v7.0.0_comb/UMSD_v7.0.0/obj/dev/spruce/src/api/msdDrv_obj/Spruce_msdPortCtrl.o
 .comment       0x00000000000001e4       0x2c /home/roscube/Desktop/UMSD_v7.0.0_comb/UMSD_v7.0.0/obj/dev/spruce/src/api/msdDrv_obj/Spruce_msdEcid.o
 .comment       0x0000000000000210       0x2c /home/roscube/Desktop/UMSD_v7.0.0_comb/UMSD_v7.0.0/obj/dev/spruce/src/api/msdDrv_obj/Spruce_msdPortPrioMap.o
 .comment       0x000000000000023c       0x2c /home/roscube/Desktop/UMSD_v7.0.0_comb/UMSD_v7.0.0/obj/dev/spruce/src/api/msdDrv_obj/Spruce_msdQueueCtrl.o
 .comment       0x0000000000000268       0x2c /home/roscube/Desktop/UMSD_v7.0.0_comb/UMSD_v7.0.0/obj/dev/spruce/src/api/msdDrv_obj/Spruce_msdSysCtrl.o
 .comment       0x0000000000000294       0x2c /home/roscube/Desktop/UMSD_v7.0.0_comb/UMSD_v7.0.0/obj/dev/spruce/src/api/msdDrv_obj/Spruce_msdPhyCtrl.o
 .comment       0x00000000000002c0       0x2c /home/roscube/Desktop/UMSD_v7.0.0_comb/UMSD_v7.0.0/obj/dev/spruce/src/api/msdDrv_obj/Spruce_msdRMU.o
 .comment       0x00000000000002ec       0x2c /home/roscube/Desktop/UMSD_v7.0.0_comb/UMSD_v7.0.0/obj/dev/spruce/src/api/msdDrv_obj/Spruce_msdTCAMIntf.o
 .comment       0x0000000000000318       0x2c /home/roscube/Desktop/UMSD_v7.0.0_comb/UMSD_v7.0.0/obj/dev/spruce/src/api/msdDrv_obj/Spruce_msdBrgFdbIntf.o
 .comment       0x0000000000000344       0x2c /home/roscube/Desktop/UMSD_v7.0.0_comb/UMSD_v7.0.0/obj/dev/spruce/src/api/msdDrv_obj/Spruce_msdBrgVtuIntf.o
 .comment       0x0000000000000370       0x2c /home/roscube/Desktop/UMSD_v7.0.0_comb/UMSD_v7.0.0/obj/dev/spruce/src/api/msdDrv_obj/Spruce_msdBrgStuIntf.o
 .comment       0x000000000000039c       0x2c /home/roscube/Desktop/UMSD_v7.0.0_comb/UMSD_v7.0.0/obj/dev/spruce/src/api/msdDrv_obj/Spruce_msdPIRLIntf.o
 .comment       0x00000000000003c8       0x2c /home/roscube/Desktop/UMSD_v7.0.0_comb/UMSD_v7.0.0/obj/dev/spruce/src/api/msdDrv_obj/Spruce_msdQav.o
 .comment       0x00000000000003f4       0x2c /home/roscube/Desktop/UMSD_v7.0.0_comb/UMSD_v7.0.0/obj/dev/spruce/src/api/msdDrv_obj/Spruce_msdArpIntf.o
 .comment       0x0000000000000420       0x2c /home/roscube/Desktop/UMSD_v7.0.0_comb/UMSD_v7.0.0/obj/dev/spruce/src/api/msdDrv_obj/Spruce_msdPortRmonIntf.o
 .comment       0x000000000000044c       0x2c /home/roscube/Desktop/UMSD_v7.0.0_comb/UMSD_v7.0.0/obj/dev/spruce/src/api/msdDrv_obj/Spruce_msdPortCtrlIntf.o
 .comment       0x0000000000000478       0x2c /home/roscube/Desktop/UMSD_v7.0.0_comb/UMSD_v7.0.0/obj/dev/spruce/src/api/msdDrv_obj/Spruce_msdPortPrioMapIntf.o
 .comment       0x00000000000004a4       0x2c /home/roscube/Desktop/UMSD_v7.0.0_comb/UMSD_v7.0.0/obj/dev/spruce/src/api/msdDrv_obj/Spruce_msdEcidIntf.o
 .comment       0x00000000000004d0       0x2c /home/roscube/Desktop/UMSD_v7.0.0_comb/UMSD_v7.0.0/obj/dev/spruce/src/api/msdDrv_obj/Spruce_msdQueueCtrlIntf.o
 .comment       0x00000000000004fc       0x2c /home/roscube/Desktop/UMSD_v7.0.0_comb/UMSD_v7.0.0/obj/dev/spruce/src/api/msdDrv_obj/Spruce_msdSysCtrlIntf.o
 .comment       0x0000000000000528       0x2c /home/roscube/Desktop/UMSD_v7.0.0_comb/UMSD_v7.0.0/obj/dev/spruce/src/api/msdDrv_obj/Spruce_msdPhyCtrlIntf.o
 .comment       0x0000000000000554       0x2c /home/roscube/Desktop/UMSD_v7.0.0_comb/UMSD_v7.0.0/obj/dev/spruce/src/api/msdDrv_obj/Spruce_msdPolicyIntf.o
 .comment       0x0000000000000580       0x2c /home/roscube/Desktop/UMSD_v7.0.0_comb/UMSD_v7.0.0/obj/dev/spruce/src/api/msdDrv_obj/Spruce_msdTCAMRCIntf.o
 .comment       0x00000000000005ac       0x2c /home/roscube/Desktop/UMSD_v7.0.0_comb/UMSD_v7.0.0/obj/dev/spruce/src/api/msdDrv_obj/Spruce_msdRMUIntf.o
 .comment       0x00000000000005d8       0x2c /home/roscube/Desktop/UMSD_v7.0.0_comb/UMSD_v7.0.0/obj/dev/spruce/src/api/msdDrv_obj/Spruce_msdPTP.o
 .comment       0x0000000000000604       0x2c /home/roscube/Desktop/UMSD_v7.0.0_comb/UMSD_v7.0.0/obj/dev/spruce/src/api/msdDrv_obj/Spruce_msdPTPIntf.o
 .comment       0x0000000000000630       0x2c /home/roscube/Desktop/UMSD_v7.0.0_comb/UMSD_v7.0.0/obj/dev/spruce/src/api/msdDrv_obj/Spruce_msdLed.o
 .comment       0x000000000000065c       0x2c /home/roscube/Desktop/UMSD_v7.0.0_comb/UMSD_v7.0.0/obj/dev/spruce/src/api/msdDrv_obj/Spruce_msdLedIntf.o
 .comment       0x0000000000000688       0x2c /home/roscube/Desktop/UMSD_v7.0.0_comb/UMSD_v7.0.0/obj/dev/spruce/src/api/msdDrv_obj/Spruce_msdTCAMRCCompIntf.o
 .comment       0x00000000000006b4       0x2c /home/roscube/Desktop/UMSD_v7.0.0_comb/UMSD_v7.0.0/obj/dev/spruce/src/api/msdDrv_obj/Spruce_msdEEPROM.o
 .comment       0x00000000000006e0       0x2c /home/roscube/Desktop/UMSD_v7.0.0_comb/UMSD_v7.0.0/obj/dev/spruce/src/api/msdDrv_obj/Spruce_msdEEPROMIntf.o

.note.GNU-stack
                0x0000000000000000        0x0
 .note.GNU-stack
                0x0000000000000000        0x0 /home/roscube/Desktop/UMSD_v7.0.0_comb/UMSD_v7.0.0/obj/dev/spruce/src/api/msdDrv_obj/Spruce_msdTCAM.o
 .note.GNU-stack
                0x0000000000000000        0x0 /home/roscube/Desktop/UMSD_v7.0.0_comb/UMSD_v7.0.0/obj/dev/spruce/src/api/msdDrv_obj/Spruce_msdTCAMRC.o
 .note.GNU-stack
                0x0000000000000000        0x0 /home/roscube/Desktop/UMSD_v7.0.0_comb/UMSD_v7.0.0/obj/dev/spruce/src/api/msdDrv_obj/Spruce_msdTCAMRCComp.o
 .note.GNU-stack
                0x0000000000000000        0x0 /home/roscube/Desktop/UMSD_v7.0.0_comb/UMSD_v7.0.0/obj/dev/spruce/src/api/msdDrv_obj/Spruce_msdBrgFdb.o
 .note.GNU-stack
                0x0000000000000000        0x0 /home/roscube/Desktop/UMSD_v7.0.0_comb/UMSD_v7.0.0/obj/dev/spruce/src/api/msdDrv_obj/Spruce_msdPolicy.o
 .note.GNU-stack
                0x0000000000000000        0x0 /home/roscube/Desktop/UMSD_v7.0.0_comb/UMSD_v7.0.0/obj/dev/spruce/src/api/msdDrv_obj/Spruce_msdBrgVtu.o
 .note.GNU-stack
                0x0000000000000000        0x0 /home/roscube/Desktop/UMSD_v7.0.0_comb/UMSD_v7.0.0/obj/dev/spruce/src/api/msdDrv_obj/Spruce_msdArp.o
 .note.GNU-stack
                0x0000000000000000        0x0 /home/roscube/Desktop/UMSD_v7.0.0_comb/UMSD_v7.0.0/obj/dev/spruce/src/api/msdDrv_obj/Spruce_msdBrgStu.o
 .note.GNU-stack
                0x0000000000000000        0x0 /home/roscube/Desktop/UMSD_v7.0.0_comb/UMSD_v7.0.0/obj/dev/spruce/src/api/msdDrv_obj/Spruce_msdPIRL.o
 .note.GNU-stack
                0x0000000000000000        0x0 /home/roscube/Desktop/UMSD_v7.0.0_comb/UMSD_v7.0.0/obj/dev/spruce/src/api/msdDrv_obj/Spruce_msdPortRmon.o
 .note.GNU-stack
                0x0000000000000000        0x0 /home/roscube/Desktop/UMSD_v7.0.0_comb/UMSD_v7.0.0/obj/dev/spruce/src/api/msdDrv_obj/Spruce_msdPortCtrl.o
 .note.GNU-stack
                0x0000000000000000        0x0 /home/roscube/Desktop/UMSD_v7.0.0_comb/UMSD_v7.0.0/obj/dev/spruce/src/api/msdDrv_obj/Spruce_msdEcid.o
 .note.GNU-stack
                0x0000000000000000        0x0 /home/roscube/Desktop/UMSD_v7.0.0_comb/UMSD_v7.0.0/obj/dev/spruce/src/api/msdDrv_obj/Spruce_msdPortPrioMap.o
 .note.GNU-stack
                0x0000000000000000        0x0 /home/roscube/Desktop/UMSD_v7.0.0_comb/UMSD_v7.0.0/obj/dev/spruce/src/api/msdDrv_obj/Spruce_msdQueueCtrl.o
 .note.GNU-stack
                0x0000000000000000        0x0 /home/roscube/Desktop/UMSD_v7.0.0_comb/UMSD_v7.0.0/obj/dev/spruce/src/api/msdDrv_obj/Spruce_msdSysCtrl.o
 .note.GNU-stack
                0x0000000000000000        0x0 /home/roscube/Desktop/UMSD_v7.0.0_comb/UMSD_v7.0.0/obj/dev/spruce/src/api/msdDrv_obj/Spruce_msdPhyCtrl.o
 .note.GNU-stack
                0x0000000000000000        0x0 /home/roscube/Desktop/UMSD_v7.0.0_comb/UMSD_v7.0.0/obj/dev/spruce/src/api/msdDrv_obj/Spruce_msdRMU.o
 .note.GNU-stack
                0x0000000000000000        0x0 /home/roscube/Desktop/UMSD_v7.0.0_comb/UMSD_v7.0.0/obj/dev/spruce/src/api/msdDrv_obj/Spruce_msdTCAMIntf.o
 .note.GNU-stack
                0x0000000000000000        0x0 /home/roscube/Desktop/UMSD_v7.0.0_comb/UMSD_v7.0.0/obj/dev/spruce/src/api/msdDrv_obj/Spruce_msdBrgFdbIntf.o
 .note.GNU-stack
                0x0000000000000000        0x0 /home/roscube/Desktop/UMSD_v7.0.0_comb/UMSD_v7.0.0/obj/dev/spruce/src/api/msdDrv_obj/Spruce_msdBrgVtuIntf.o
 .note.GNU-stack
                0x0000000000000000        0x0 /home/roscube/Desktop/UMSD_v7.0.0_comb/UMSD_v7.0.0/obj/dev/spruce/src/api/msdDrv_obj/Spruce_msdBrgStuIntf.o
 .note.GNU-stack
                0x0000000000000000        0x0 /home/roscube/Desktop/UMSD_v7.0.0_comb/UMSD_v7.0.0/obj/dev/spruce/src/api/msdDrv_obj/Spruce_msdPIRLIntf.o
 .note.GNU-stack
                0x0000000000000000        0x0 /home/roscube/Desktop/UMSD_v7.0.0_comb/UMSD_v7.0.0/obj/dev/spruce/src/api/msdDrv_obj/Spruce_msdQav.o
 .note.GNU-stack
                0x0000000000000000        0x0 /home/roscube/Desktop/UMSD_v7.0.0_comb/UMSD_v7.0.0/obj/dev/spruce/src/api/msdDrv_obj/Spruce_msdArpIntf.o
 .note.GNU-stack
                0x0000000000000000        0x0 /home/roscube/Desktop/UMSD_v7.0.0_comb/UMSD_v7.0.0/obj/dev/spruce/src/api/msdDrv_obj/Spruce_msdPortRmonIntf.o
 .note.GNU-stack
                0x0000000000000000        0x0 /home/roscube/Desktop/UMSD_v7.0.0_comb/UMSD_v7.0.0/obj/dev/spruce/src/api/msdDrv_obj/Spruce_msdPortCtrlIntf.o
 .note.GNU-stack
                0x0000000000000000        0x0 /home/roscube/Desktop/UMSD_v7.0.0_comb/UMSD_v7.0.0/obj/dev/spruce/src/api/msdDrv_obj/Spruce_msdPortPrioMapIntf.o
 .note.GNU-stack
                0x0000000000000000        0x0 /home/roscube/Desktop/UMSD_v7.0.0_comb/UMSD_v7.0.0/obj/dev/spruce/src/api/msdDrv_obj/Spruce_msdEcidIntf.o
 .note.GNU-stack
                0x0000000000000000        0x0 /home/roscube/Desktop/UMSD_v7.0.0_comb/UMSD_v7.0.0/obj/dev/spruce/src/api/msdDrv_obj/Spruce_msdQueueCtrlIntf.o
 .note.GNU-stack
                0x0000000000000000        0x0 /home/roscube/Desktop/UMSD_v7.0.0_comb/UMSD_v7.0.0/obj/dev/spruce/src/api/msdDrv_obj/Spruce_msdSysCtrlIntf.o
 .note.GNU-stack
                0x0000000000000000        0x0 /home/roscube/Desktop/UMSD_v7.0.0_comb/UMSD_v7.0.0/obj/dev/spruce/src/api/msdDrv_obj/Spruce_msdPhyCtrlIntf.o
 .note.GNU-stack
                0x0000000000000000        0x0 /home/roscube/Desktop/UMSD_v7.0.0_comb/UMSD_v7.0.0/obj/dev/spruce/src/api/msdDrv_obj/Spruce_msdPolicyIntf.o
 .note.GNU-stack
                0x0000000000000000        0x0 /home/roscube/Desktop/UMSD_v7.0.0_comb/UMSD_v7.0.0/obj/dev/spruce/src/api/msdDrv_obj/Spruce_msdTCAMRCIntf.o
 .note.GNU-stack
                0x0000000000000000        0x0 /home/roscube/Desktop/UMSD_v7.0.0_comb/UMSD_v7.0.0/obj/dev/spruce/src/api/msdDrv_obj/Spruce_msdRMUIntf.o
 .note.GNU-stack
                0x0000000000000000        0x0 /home/roscube/Desktop/UMSD_v7.0.0_comb/UMSD_v7.0.0/obj/dev/spruce/src/api/msdDrv_obj/Spruce_msdPTP.o
 .note.GNU-stack
                0x0000000000000000        0x0 /home/roscube/Desktop/UMSD_v7.0.0_comb/UMSD_v7.0.0/obj/dev/spruce/src/api/msdDrv_obj/Spruce_msdPTPIntf.o
 .note.GNU-stack
                0x0000000000000000        0x0 /home/roscube/Desktop/UMSD_v7.0.0_comb/UMSD_v7.0.0/obj/dev/spruce/src/api/msdDrv_obj/Spruce_msdLed.o
 .note.GNU-stack
                0x0000000000000000        0x0 /home/roscube/Desktop/UMSD_v7.0.0_comb/UMSD_v7.0.0/obj/dev/spruce/src/api/msdDrv_obj/Spruce_msdLedIntf.o
 .note.GNU-stack
                0x0000000000000000        0x0 /home/roscube/Desktop/UMSD_v7.0.0_comb/UMSD_v7.0.0/obj/dev/spruce/src/api/msdDrv_obj/Spruce_msdTCAMRCCompIntf.o
 .note.GNU-stack
                0x0000000000000000        0x0 /home/roscube/Desktop/UMSD_v7.0.0_comb/UMSD_v7.0.0/obj/dev/spruce/src/api/msdDrv_obj/Spruce_msdEEPROM.o
 .note.GNU-stack
                0x0000000000000000        0x0 /home/roscube/Desktop/UMSD_v7.0.0_comb/UMSD_v7.0.0/obj/dev/spruce/src/api/msdDrv_obj/Spruce_msdEEPROMIntf.o

.gnu.build.attributes
 *(.gnu.build.attributes)

.debug
 *(.debug)

.line
 *(.line)

.debug_srcinfo
 *(.debug_srcinfo)

.debug_sfnames
 *(.debug_sfnames)

.debug_aranges
 *(.debug_aranges)

.debug_pubnames
 *(.debug_pubnames)

.debug_info
 *(.debug_info)

.debug_abbrev
 *(.debug_abbrev)

.debug_line
 *(.debug_line)

.debug_frame
 *(.debug_frame)

.debug_str
 *(.debug_str)

.debug_loc
 *(.debug_loc)

.debug_macinfo
 *(.debug_macinfo)

.debug_weaknames
 *(.debug_weaknames)

.debug_funcnames
 *(.debug_funcnames)

.debug_typenames
 *(.debug_typenames)

.debug_varnames
 *(.debug_varnames)

.debug_pubtypes
 *(.debug_pubtypes)

.debug_ranges
 *(.debug_ranges)

.debug_addr
 *(.debug_addr)

.debug_line_str
 *(.debug_line_str)

.debug_loclists
 *(.debug_loclists)

.debug_macro
 *(.debug_macro)

.debug_names
 *(.debug_names)

.debug_rnglists
 *(.debug_rnglists)

.debug_str_offsets
 *(.debug_str_offsets)

.debug_sup
 *(.debug_sup)

.gnu.attributes
 *(.gnu.attributes)
OUTPUT(/home/roscube/Desktop/UMSD_v7.0.0_comb/UMSD_v7.0.0/obj/dev/spruce/src/api/msdDrv_obj/api.o elf64-x86-64)