
Merging program properties


Discarded input sections

 .note.gnu.property
                0x0000000000000000       0x20 /home/roscube/Desktop/UMSD_v7.0.0_ADLINK/UMSD_v7.0.0/obj/dev/spruce/src/api/msdDrv_obj/api.o

Memory Configuration

Name             Origin             Length             Attributes
*default*        0x0000000000000000 0xffffffffffffffff

Linker script and memory map

LOAD /home/roscube/Desktop/UMSD_v7.0.0_ADLINK/UMSD_v7.0.0/obj/dev/spruce/src/driver/msdDrv_obj/driver.o
LOAD /home/roscube/Desktop/UMSD_v7.0.0_ADLINK/UMSD_v7.0.0/obj/dev/spruce/src/api/msdDrv_obj/api.o

.interp
 *(.interp)

.note.gnu.property
                0x0000000000000000       0x20
 .note.gnu.property
                0x0000000000000000       0x20 /home/roscube/Desktop/UMSD_v7.0.0_ADLINK/UMSD_v7.0.0/obj/dev/spruce/src/driver/msdDrv_obj/driver.o

.note.gnu.build-id
 *(.note.gnu.build-id)

.hash
 *(.hash)

.gnu.hash
 *(.gnu.hash)

.dynsym
 *(.dynsym)

.dynstr
 *(.dynstr)

.gnu.version
 *(.gnu.version)

.gnu.version_d
 *(.gnu.version_d)

.gnu.version_r
 *(.gnu.version_r)

.rela.init
 *(.rela.init)

.rela.text
 *(.rela.text)

.rela.fini
 *(.rela.fini)

.rela.rodata
 *(.rela.rodata)

.rela.data.rel.ro
 *(.rela.data.rel.ro)

.rela.data
 *(.rela.data)

.rela.tdata
 *(.rela.tdata)

.rela.tbss
 *(.rela.tbss)

.rela.ctors
 *(.rela.ctors)

.rela.dtors
 *(.rela.dtors)

.rela.got
 *(.rela.got)

.rela.bss
 *(.rela.bss)

.rela.ldata
 *(.rela.ldata)

.rela.lbss
 *(.rela.lbss)

.rela.lrodata
 *(.rela.lrodata)

.rela.ifunc
 *(.rela.ifunc)

.rela.plt
 *(.rela.plt)

.relr.dyn
 *(.relr.dyn)

.init
 *(SORT_NONE(.init))

.plt
 *(.plt)

.plt.got
 *(.plt.got)

.plt.sec
 *(.plt.sec)

.text           0x0000000000000000    0x25799
 *(.text .stub)
 .text          0x0000000000000000     0x1af7 /home/roscube/Desktop/UMSD_v7.0.0_ADLINK/UMSD_v7.0.0/obj/dev/spruce/src/driver/msdDrv_obj/driver.o
                0x0000000000000000                Spruce_msdSetSMIC45PhyReg
                0x00000000000002a0                Spruce_msdGetSMIC45PhyReg
                0x0000000000000560                Spruce_msdSetSMIPhyReg
                0x00000000000006e0                Spruce_msdGetSMIPhyReg
                0x00000000000008f0                Spruce_msdSetSMIPhyRegField
                0x00000000000009e0                Spruce_msdGetSMIPhyRegField
                0x0000000000000a80                Spruce_msdSetPagedPhyRegField
                0x0000000000000b00                Spruce_msdGetPagedPhyRegField
                0x0000000000000bd0                Spruce_msdWritePagedPhyReg
                0x0000000000000c30                Spruce_msdReadPagedPhyReg
                0x0000000000000c90                Spruce_msdSetSMIPhyXMDIOReg
                0x0000000000000da0                Spruce_msdGetSMIPhyXMDIOReg
                0x0000000000000ee0                Spruce_msdPhyReset
                0x00000000000010a0                Spruce_msdDirectSetMultiChipReg
                0x00000000000010c0                Spruce_msdDirectGetMultiChipReg
                0x00000000000010e0                Spruce_msdDirectSetMultiChipRegField
                0x00000000000011b0                Spruce_msdDirectGetMultiChipRegField
                0x0000000000001250                Spruce_msdDirectSetMultiChipExtendedReg
                0x00000000000012a0                Spruce_msdDirectGetMultiChipExtendedReg
                0x0000000000001320                Spruce_msdDirectSetMultiChipExtendedRegField
                0x00000000000013f0                Spruce_msdDirectGetMultiChipExtendedRegField
                0x0000000000001480                Spruce_msdSetSMIExtPhyReg
                0x0000000000001600                Spruce_msdGetSMIExtPhyReg
                0x0000000000001810                Spruce_msdWritePagedExtPhyReg
                0x0000000000001870                Spruce_msdReadPagedExtPhyReg
                0x00000000000018d0                Spruce_msdSetSMIExtPhyXMDIOReg
                0x00000000000019c0                Spruce_msdGetSMIExtPhyXMDIOReg
 *fill*         0x0000000000001af7        0x9 
 .text          0x0000000000001b00    0x23c99 /home/roscube/Desktop/UMSD_v7.0.0_ADLINK/UMSD_v7.0.0/obj/dev/spruce/src/api/msdDrv_obj/api.o
                0x0000000000003300                Spruce_gtcamFlushAll
                0x0000000000003350                Spruce_gtcamFlushEntry
                0x00000000000033b0                Spruce_gtcamLoadEntry
                0x0000000000003440                Spruce_gtcamReadTCAMData
                0x00000000000034c0                Spruce_gtcamGetNextTCAMData
                0x0000000000003560                Spruce_gtcamFindEntry
                0x0000000000003630                Spruce_gtcamSetMode
                0x0000000000003690                Spruce_gtcamGetMode
                0x0000000000003720                Spruce_gtcamAddEntryPort
                0x0000000000003810                Spruce_gtcamRemoveEntryPort
                0x0000000000003910                Spruce_gtcamEgrFlushEntry
                0x0000000000003990                Spruce_gtcamEgrFlushEntryAllPorts
                0x00000000000039f0                Spruce_gtcamEgrLoadEntry
                0x0000000000003bc0                Spruce_gtcamEgrGetNextTCAMData
                0x0000000000003c90                Spruce_gtcamEgrReadTCAMData
                0x0000000000003d50                Spruce_gtcamDump
                0x00000000000043d0                Spruce_gtcamAdvConfig
                0x0000000000005670                Spruce_gtcamRCFlushAllEntry
                0x0000000000005730                Spruce_gtcamRCFlushEntry
                0x0000000000005810                Spruce_gtcamRCLoadEntry
                0x0000000000005af0                Spruce_gtcamRCReadEntry
                0x0000000000005bf0                Spruce_gtcamRCGetNextEntry
                0x0000000000005d30                Spruce_gtcamRCFindEntry
                0x0000000000005e80                Spruce_gtcamRCEntryDump
                0x0000000000006830                Spruce_gtcamRCCompFlushAll
                0x00000000000068f0                Spruce_gtcamRCCompFlushPort
                0x00000000000069d0                Spruce_gtcamRCCompLoad
                0x0000000000006c30                Spruce_gtcamRCCompRead
                0x0000000000008060                Spruce_gfdbGetAtuEntryNext
                0x0000000000008080                Spruce_gfdbFlush
                0x00000000000080f0                Spruce_gfdbFlushInDB
                0x0000000000008170                Spruce_gfdbMove
                0x0000000000008260                Spruce_gfdbMoveInDB
                0x0000000000008350                Spruce_gfdbAddMacEntry
                0x0000000000008420                Spruce_gfdbDelAtuEntry
                0x00000000000084b0                Spruce_gfdbGetViolation
                0x00000000000085e0                Spruce_gfdbFindAtuMacEntry
                0x0000000000008710                Spruce_gfdbSetAgingTimeout
                0x0000000000008790                Spruce_gfdbGetAgingTimeout
                0x0000000000008820                Spruce_gfdbGetLearn2All
                0x00000000000088c0                Spruce_gfdbSetLearn2All
                0x0000000000008910                Spruce_gfdbSetPortLearnLimit
                0x0000000000008a80                Spruce_gfdbGetPortLearnLimit
                0x0000000000008b90                Spruce_gfdbGetPortLearnCount
                0x0000000000008c50                Spruce_gfdbGetEntryCount
                0x0000000000008ca0                Spruce_gfdbGetEntryCountPerFid
                0x0000000000008cf0                Spruce_gfdbGetNonStaticEntryCount
                0x0000000000008d40                Spruce_gfdbGetNStaticEntryCountFid
                0x0000000000008ff0                Spruce_gpolicySetMgmtCtrl
                0x0000000000009010                Spruce_gpolicyGetMgmtCtrl
                0x0000000000009030                Spruce_gpolicySetCpuDest
                0x00000000000090f0                Spruce_gpolicyGetCpuDest
                0x0000000000009180                Spruce_gpolicySetIgrMonitorDest
                0x0000000000009240                Spruce_gpolicyGetIgrMonitorDest
                0x00000000000092d0                Spruce_gpolicySetRsvd2CpuEnables
                0x0000000000009320                Spruce_gpolicyGetRsvd2CpuEnables
                0x00000000000093c0                Spruce_gpolicySetMGMTPri
                0x0000000000009460                Spruce_gpolicyGetMGMTPri
                0x00000000000094c0                Spruce_gpolicySetRouteDest
                0x0000000000009580                Spruce_gpolicyGetRouteDest
                0x0000000000009610                Spruce_gpolicySetMirrorDest
                0x00000000000096d0                Spruce_gpolicyGetMirrorDest
                0x0000000000009760                Spruce_gpolicySetIllegalIPAddr
                0x0000000000009800                Spruce_gpolicyGetIllegalIPAddr
                0x0000000000009860                Spruce_gpolicySetDipDaMismatch
                0x0000000000009900                Spruce_gpolicyGetDipDaMismatch
                0x0000000000009960                Spruce_gpolicySetZeroSIP
                0x0000000000009a00                Spruce_gpolicyGetZeroSIP
                0x0000000000009a60                Spruce_gpolicySetMcTtlExceeded
                0x0000000000009b30                Spruce_gpolicyGetMcTtlExceeded
                0x0000000000009c00                Spruce_gpolicySetUcTtlExceeded
                0x0000000000009cc0                Spruce_gpolicyGetUcTtlExceeded
                0x0000000000009d20                Spruce_gprtSetPortTtlThreshold
                0x0000000000009db0                Spruce_gprtGetPortTtlThreshold
                0x0000000000009e10                Spruce_gpolicySetIpHdrErr
                0x0000000000009eb0                Spruce_gpolicyGetIpHdrErr
                0x0000000000009f10                Spruce_gpolicySetTCPFinUrgPsh
                0x0000000000009fb0                Spruce_gpolicyGetTCPFinUrgPsh
                0x000000000000a010                Spruce_gpolicySetTCPFlagsSeqNum
                0x000000000000a0b0                Spruce_gpolicyGetTCPFlagsSeqNum
                0x000000000000a110                Spruce_gpolicySetTCPSYN
                0x000000000000a1b0                Spruce_gpolicyGetTCPSYN
                0x000000000000a210                Spruce_gpolicySetTCPHSize
                0x000000000000a2b0                Spruce_gpolicyGetTCPHSize
                0x000000000000a310                Spruce_gprtSetPortTCPMinHdrSize
                0x000000000000a3a0                Spruce_gprtGetPortTCPMinHdrSize
                0x000000000000a400                Spruce_gpolicySetICMPSize
                0x000000000000a4a0                Spruce_gpolicyGetICMPSize
                0x000000000000a500                Spruce_gprtSetPortICMPMaxSize
                0x000000000000a550                Spruce_gprtGetPortICMPMaxSize
                0x000000000000a5e0                Spruce_gpolicySetUDPPort
                0x000000000000a680                Spruce_gpolicyGetUDPPort
                0x000000000000a6e0                Spruce_gpolicySetTCPPort
                0x000000000000a780                Spruce_gpolicyGetTCPPort
                0x000000000000a7e0                Spruce_gpolicySetTCPSynFin
                0x000000000000a880                Spruce_gpolicyGetTCPSynFin
                0x000000000000a8e0                Spruce_gpolicySetTCPFrag
                0x000000000000a980                Spruce_gpolicyGetTCPFrag
                0x000000000000a9e0                Spruce_gpolicySetNearNonTPMR
                0x000000000000aa80                Spruce_gpolicyGetNearNonTPMR
                0x000000000000aae0                Spruce_gpolicySetETag
                0x000000000000ab80                Spruce_gpolicyGetETag
                0x000000000000abe0                Spruce_gpolicySetNonETag
                0x000000000000ac80                Spruce_gpolicyGetNonETag
                0x000000000000ace0                Spruce_gpolicyDump
                0x000000000000fa20                Spruce_gvtuGetEntryNext
                0x000000000000fb90                Spruce_gvtuFindVidEntry
                0x000000000000fd50                Spruce_gvtuFlush
                0x000000000000fd70                Spruce_gvtuAddEntry
                0x000000000000fec0                Spruce_gvtuDelEntry
                0x000000000000ff40                Spruce_gvtuSetMode
                0x00000000000100c0                Spruce_gvtuGetMode
                0x0000000000010260                Spruce_gvtuGetViolation_MultiChip
                0x0000000000010370                Spruce_gvtuGetViolation
                0x00000000000104e0                Spruce_gvtuDump
                0x0000000000010c80                Spruce_garpLoadMcEntry
                0x0000000000010da0                Spruce_garpLoadUcEntry
                0x0000000000010e60                Spruce_garpFlushEntry
                0x0000000000010ec0                Spruce_garpFlushAll
                0x0000000000010f10                Spruce_garpReadEntry
                0x0000000000010f90                Spruce_garpGetNextEntry
                0x0000000000011450                Spruce_gstuGetEntryNext
                0x0000000000011550                Spruce_gstuAddEntry
                0x0000000000011620                Spruce_gstuDelEntry
                0x0000000000011680                Spruce_gstuFindSidEntry
                0x0000000000011790                Spruce_gstuDump
                0x0000000000011d10                Spruce_gpirlInitialize
                0x0000000000011d30                Spruce_gpirlInitResource
                0x0000000000011db0                Spruce_gpirlCustomSetup_sr2c
                0x0000000000011fa0                Spruce_gpirlReadResource
                0x0000000000012170                Spruce_gpirlWriteResource
                0x0000000000012310                Spruce_gpirlGetResReg
                0x00000000000123b0                Spruce_gpirlSetResReg
                0x0000000000012a90                Spruce_gstatsFlushAll
                0x0000000000012ab0                Spruce_gstatsFlushPort
                0x0000000000012af0                Spruce_gstatsGetPortCounter
                0x0000000000012b50                Spruce_gstatsGetPortAllCounters
                0x0000000000012ba0                Spruce_gstatsGetHistogramMode
                0x0000000000012c60                Spruce_gstatsSetHistogramMode
                0x0000000000012ca0                Spruce_gmibDump
                0x00000000000137c0                Spruce_gvlnSetPortVid
                0x0000000000013820                Spruce_gvlnGetPortVid
                0x00000000000138b0                Spruce_gprtSetForceDefaultVid
                0x0000000000013910                Spruce_gprtGetForceDefaultVid
                0x00000000000139b0                Spruce_gvlnSetPortVlanDot1qMode
                0x0000000000013a10                Spruce_gvlnGetPortVlanDot1qMode
                0x0000000000013aa0                Spruce_gprtSetDiscardTagged
                0x0000000000013b00                Spruce_gprtGetDiscardTagged
                0x0000000000013ba0                Spruce_gprtSetDiscardUntagged
                0x0000000000013c00                Spruce_gprtGetDiscardUntagged
                0x0000000000013ca0                Spruce_gprtSetUnicastFloodBlock
                0x0000000000013d00                Spruce_gprtGetUnicastFloodBlock
                0x0000000000013da0                Spruce_gprtSetMulticastFloodBlock
                0x0000000000013e00                Spruce_gprtGetMulticastFloodBlock
                0x0000000000013ea0                Spruce_gprtSetDiscardBCastMode
                0x0000000000013f00                Spruce_gprtGetDiscardBCastMode
                0x0000000000013fa0                Spruce_gprtSetIGMPSnoopEnable
                0x0000000000014000                Spruce_gprtGetIGMPSnoopEnable
                0x00000000000140a0                Spruce_gprtGetHeaderMode
                0x0000000000014140                Spruce_gprtSetHeaderMode
                0x00000000000141a0                Spruce_gprtGetDropOnLock
                0x0000000000014240                Spruce_gprtSetDropOnLock
                0x00000000000142a0                Spruce_gprtSetJumboMode
                0x0000000000014310                Spruce_gprtGetJumboMode
                0x00000000000143a0                Spruce_gprtSetSpecifiedMTU
                0x0000000000014420                Spruce_gprtGetSpecifiedMTU
                0x00000000000144b0                Spruce_gprtSetLearnEnable
                0x00000000000145b0                Spruce_gprtGetLearnEnable
                0x0000000000014640                Spruce_gprtGetVTUPriorityOverride
                0x00000000000146d0                Spruce_gprtSetVTUPriorityOverride
                0x0000000000014730                Spruce_gprtGetSAPriorityOverride
                0x00000000000147c0                Spruce_gprtSetSAPriorityOverride
                0x0000000000014820                Spruce_gprtGetDAPriorityOverride
                0x00000000000148b0                Spruce_gprtSetDAPriorityOverride
                0x0000000000014910                Spruce_gprtGetMessagePort
                0x00000000000149b0                Spruce_gprtSetMessagePort
                0x0000000000014a10                Spruce_gprtGetEtherType
                0x0000000000014a30                Spruce_gprtSetEtherType
                0x0000000000014a50                Spruce_gprtGetAllowVidZero
                0x0000000000014af0                Spruce_gprtSetAllowVidZero
                0x0000000000014b50                Spruce_gprtSetTrunkPort
                0x0000000000014c10                Spruce_gprtGetTrunkPort
                0x0000000000014cf0                Spruce_gprtSetFlowCtrl
                0x0000000000014da0                Spruce_gprtGetFlowCtrl
                0x0000000000014e10                Spruce_gprtSetEgressMonitorSource
                0x0000000000014e70                Spruce_gprtGetEgressMonitorSource
                0x0000000000014f10                Spruce_gprtSetIngressMonitorSource
                0x0000000000014f70                Spruce_gprtGetIngressMonitorSource
                0x0000000000015010                Spruce_grcSetEgressRate
                0x0000000000015240                Spruce_grcSetELimitMode
                0x00000000000152a0                Spruce_grcGetELimitMode
                0x0000000000015330                Spruce_grcGetEgressRate
                0x0000000000015470                Spruce_gprtSetDuplex
                0x00000000000154e0                Spruce_gprtGetDuplex
                0x00000000000155b0                Spruce_gprtGetDuplexStatus
                0x0000000000015640                Spruce_gprtGetForceLink
                0x0000000000015710                Spruce_gprtSetForceLink
                0x0000000000015780                Spruce_gprtGetLinkState
                0x0000000000015810                Spruce_gprtSetForceSpeed
                0x0000000000015ab0                Spruce_gprtGetForceSpeed
                0x0000000000015c50                Spruce_gprtGetSpeed
                0x0000000000015d80                Spruce_gprtGetVlanPorts
                0x0000000000015e60                Spruce_gprtSetVlanPorts
                0x0000000000015fa0                Spruce_gprtGetFrameMode
                0x0000000000016030                Spruce_gprtSetFrameMode
                0x0000000000016090                Spruce_gprtSetPortECID
                0x0000000000016130                Spruce_gprtGetPortECID
                0x0000000000016190                Spruce_gprtSetIgnoreETag
                0x0000000000016220                Spruce_gprtGetIgnoreETag
                0x0000000000016280                Spruce_gprtSetEgressMode
                0x00000000000162e0                Spruce_gprtGetEgressMode
                0x0000000000016370                Spruce_gprtSetExtendedPortCtrlReg
                0x0000000000016450                Spruce_gprtGetExtendedPortCtrlReg
                0x00000000000164f0                Spruce_gprtGetPortState
                0x0000000000016580                Spruce_gprtSetPortState
                0x00000000000165e0                Spruce_gprtSetIgnoreFcs
                0x0000000000016640                Spruce_gprtGetIgnoreFcs
                0x00000000000166e0                Spruce_gprtSetAllowBadFcs
                0x0000000000016740                Spruce_gprtGetAllowBadFcs
                0x00000000000167e0                Spruce_gprtSetPauseLimitOut
                0x0000000000016830                Spruce_gprtGetPauseLimitOut
                0x0000000000016880                Spruce_gprtSetPauseLimitIn
                0x00000000000168c0                Spruce_gprtGetPauseLimitIn
                0x0000000000016910                Spruce_gprtSetQueueToPause
                0x0000000000016960                Spruce_gprtGetQueueToPause
                0x00000000000169b0                Spruce_gprtSetRxPriFlowCtrlEnable
                0x0000000000016aa0                Spruce_gprtGetRxPriFlowCtrlEnable
                0x0000000000016b50                Spruce_gprtSetRxPriFlowCtrlToQueue
                0x0000000000016c40                Spruce_gprtGetRxPriFlowCtrlToQueue
                0x0000000000016ce0                Spruce_gprtSetTxPriFlowCtrlEnable
                0x0000000000016dd0                Spruce_gprtGetTxPriFlowCtrlEnable
                0x0000000000016e80                Spruce_gprtGetOutQueueSize
                0x0000000000016f10                Spruce_gprtSetMapDA
                0x0000000000016f70                Spruce_gprtGetMapDA
                0x0000000000017010                Spruce_gprtSetPortLocked
                0x0000000000017070                Spruce_gprtGetPortLocked
                0x0000000000017110                Spruce_gprtSetHoldAt1
                0x0000000000017170                Spruce_gprtGetHoldAt1
                0x0000000000017210                Spruce_gprtSetInt0nAgeOut
                0x0000000000017270                Spruce_gprtGetInt0nAgeOut
                0x0000000000017310                Spruce_gprtSetRefreshLocked
                0x0000000000017370                Spruce_gprtGetRefreshLocked
                0x0000000000017410                Spruce_gprtSetIgnoreWrongData
                0x0000000000017470                Spruce_gprtGetIgnoreWrongData
                0x0000000000017510                Spruce_gprtSetARPMirror
                0x0000000000017570                Spruce_gprtGetARPMirror
                0x0000000000017610                Spruce_gprtSetPreemptSize
                0x0000000000017670                Spruce_gprtGetPreemptSize
                0x0000000000017710                Spruce_gprtSetPreemptEnable
                0x0000000000017770                Spruce_gprtGetPreemptEnable
                0x0000000000017810                Spruce_gprtSetPreemptQueue
                0x0000000000017870                Spruce_gprtGetPreemptQueue
                0x0000000000017910                Spruce_gprtRegDump
                0x0000000000018480                Spruce_gBpeEnableSet
                0x00000000000185d0                Spruce_gBpeEnableGet
                0x0000000000018670                Spruce_gecidAddEntry
                0x00000000000186b0                Spruce_gecidFlushAll
                0x0000000000018720                Spruce_gecidMove
                0x00000000000187e0                Spruce_gecidFlushEntry
                0x0000000000018870                Spruce_gecidGetEcidEntryNext
                0x00000000000188f0                Spruce_gecidFindEcidEntry
                0x00000000000189f0                Spruce_gecidGetEntryCount
                0x0000000000018ce0                Spruce_gecidDump
                0x0000000000018e50                Spruce_gqosSetPrioMapRule
                0x0000000000018eb0                Spruce_gqosGetPrioMapRule
                0x0000000000018f50                Spruce_gprtSetInitialPri
                0x0000000000018fc0                Spruce_gprtGetInitialPri
                0x0000000000019090                Spruce_gprtSetDefQpri
                0x00000000000190f0                Spruce_gprtGetDefQpri
                0x0000000000019190                Spruce_gprtSetIEEEPrioMap
                0x00000000000193a0                Spruce_gprtGetIEEEPrioMap
                0x00000000000195c0                Spruce_gprtRewriteDscp
                0x0000000000019620                Spruce_gprtSetCosToQueue
                0x00000000000196b0                Spruce_gprtGetCosToQueue
                0x0000000000019710                Spruce_gprtSetCosToDscp
                0x00000000000197a0                Spruce_gprtGetCosToDscp
                0x0000000000019800                Spruce_gprtSetDefFpri
                0x0000000000019860                Spruce_gprtGetDefFpri
                0x0000000000019900                Spruce_gprtSetQueueCtrl
                0x0000000000019a10                Spruce_gprtGetQueueCtrl
                0x0000000000019b50                Spruce_gprtSetPortSched
                0x0000000000019ba0                Spruce_gprtGetPortSched
                0x0000000000019cb0                Spruce_gsysSetQoSWeight
                0x0000000000019ef0                Spruce_gsysGetQoSWeight
                0x000000000001a140                Spruce_gsysSetTrunkMaskTable
                0x000000000001a280                Spruce_gsysGetTrunkMaskTable
                0x000000000001a410                Spruce_gsysSetHashTrunk
                0x000000000001a440                Spruce_gsysGetHashTrunk
                0x000000000001a4b0                Spruce_gsysSetTrunkRouting
                0x000000000001a610                Spruce_gsysGetTrunkRouting
                0x000000000001a7d0                Spruce_gsysSetFloodBC
                0x000000000001a800                Spruce_gsysGetFloodBC
                0x000000000001a870                Spruce_gsysSetEgressMonitorDest
                0x000000000001a8c0                Spruce_gsysGetEgressMonitorDest
                0x000000000001a960                Spruce_gsysSetSMISetup
                0x000000000001ab40                Spruce_gsysGetSMISetup
                0x000000000001ad20                Spruce_gsysGlobal1RegDump
                0x000000000001adf0                Spruce_gsysGlobal2RegDump
                0x000000000001aec0                Spruce_gsysSetRMUMode
                0x000000000001af50                Spruce_gsysGetRMUMode
                0x000000000001afb0                Spruce_gsysQbvWrite
                0x000000000001b080                Spruce_gsysQbvRead
                0x000000000001b160                Spruce_gsysDevIntEnableSet
                0x000000000001b190                Spruce_gsysDevIntEnableGet
                0x000000000001b210                Spruce_gsysDevIntStatusGet
                0x000000000001b280                Spruce_gsysActiveIntEnableSet
                0x000000000001b310                Spruce_gsysActiveIntEnableGet
                0x000000000001b370                Spruce_gsysActiveIntStatusGet
                0x000000000001b3d0                Spruce_serdesReset
                0x000000000001bc70                Spruce_msdRmuGetID
                0x000000000001bda0                Spruce_msdRmuAtuDump
                0x000000000001bfc0                Spruce_msdRmuEcidDump
                0x000000000001c210                Spruce_msdRmuMib2Dump
                0x000000000001c640                Spruce_msdRmuReadRegister
                0x000000000001c670                Spruce_msdRmuWriteRegister
                0x000000000001c690                Spruce_msdRmuMultiRegAccess
                0x000000000001c880                Spruce_msdRmuTCAMDump
                0x000000000001c9f0                Spruce_msdRmuTCAMWrite
                0x000000000001cba0                Spruce_msdRmuTCAMRead
                0x000000000001cd50                Spruce_msdRmuRegDump
                0x000000000001ce20                Spruce_gtcamLoadEntryIntf
                0x000000000001cff0                Spruce_gtcamReadTCAMDataIntf
                0x000000000001d1e0                Spruce_gtcamGetNextTCAMDataIntf
                0x000000000001d3d0                Spruce_gtcamFindEntryIntf
                0x000000000001d600                Spruce_gtcamSetModeIntf
                0x000000000001d610                Spruce_gtcamGetModeIntf
                0x000000000001d670                Spruce_gtcamEgrFlushEntryIntf
                0x000000000001d680                Spruce_gtcamEgrFlushAllPortsIntf
                0x000000000001d690                Spruce_gtcamEgrLoadEntryIntf
                0x000000000001d750                Spruce_gtcamEgrGetNextTCAMDataIntf
                0x000000000001d830                Spruce_gtcamEgrReadTCAMDataIntf
                0x000000000001d910                Spruce_gtcamAdvConfigIntf
                0x000000000001dad0                Spruce_gfdbAddMacEntryIntf
                0x000000000001db50                Spruce_gfdbGetAtuEntryNextIntf
                0x000000000001dc30                Spruce_gfdbFlushIntf
                0x000000000001dc40                Spruce_gfdbFlushInDBIntf
                0x000000000001dc50                Spruce_gfdbMoveIntf
                0x000000000001dc60                Spruce_gfdbMoveInDBIntf
                0x000000000001dc70                Spruce_gfdbPortRemoveIntf
                0x000000000001dca0                Spruce_gfdbPortRemoveInDBIntf
                0x000000000001dcd0                Spruce_gfdbGetViolationIntf
                0x000000000001ddb0                Spruce_gfdbFindAtuMacEntryIntf
                0x000000000001dea0                Spruce_gfdbDump
                0x000000000001e050                Spruce_gvtuFindVidEntryIntf
                0x000000000001e1c0                Spruce_gvtuExistVidEntryIntf
                0x000000000001e260                Spruce_gvtuFlushIntf
                0x000000000001e270                Spruce_gvtuAddEntryIntf
                0x000000000001e390                Spruce_gvtuDelEntryIntf
                0x000000000001e410                Spruce_gvtuSetModeIntf
                0x000000000001e420                Spruce_gvtuGetModeIntf
                0x000000000001e430                Spruce_gvtuGetViolationIntf
                0x000000000001e4f0                Spruce_gvtuGetEntryCountIntf
                0x000000000001e5a0                Spruce_gvtuSetMemberTagIntf
                0x000000000001e690                Spruce_gvtuGetMemberTagIntf
                0x000000000001e770                Spruce_gvtuGetEntryNextIntf
                0x000000000001e8a0                Spruce_gstuAddEntryIntf
                0x000000000001e970                Spruce_gstuGetEntryNextIntf
                0x000000000001ea20                Spruce_gstuDelEntryIntf
                0x000000000001ea80                Spruce_gstuFindSidEntryIntf
                0x000000000001eb90                Spruce_gstuGetEntryCountIntf
                0x000000000001ec30                Spruce_gpirlInitializeIntf
                0x000000000001ec40                Spruce_gpirlInitResourceIntf
                0x000000000001ec50                Spruce_gpirlCustomSetup_sr2cIntf
                0x000000000001ed10                Spruce_gpirlReadResourceIntf
                0x000000000001edf0                Spruce_gpirlWriteResourceIntf
                0x000000000001eeb0                Spruce_gpirlGetResRegIntf
                0x000000000001eec0                Spruce_gpirlSetResRegIntf
                0x000000000001eed0                Spruce_gpirlAdvConfigIntf
                0x000000000001efd0                Spruce_gpirlAdvConfigDisableIntf
                0x000000000001f400                Spruce_gqavSetPortQpriXRate
                0x000000000001f530                Spruce_gqavGetPortQpriXRate
                0x000000000001f610                Spruce_gqavSetPortQpriXHiLimit
                0x000000000001f6e0                Spruce_gqavGetPortQpriXHiLimit
                0x000000000001f790                Spruce_garpLoadMcEntryIntf
                0x000000000001f7f0                Spruce_garpLoadUcEntryIntf
                0x000000000001f850                Spruce_garpReadEntryIntf
                0x000000000001f8e0                Spruce_garpGetNextEntryIntf
                0x000000000001f970                Spruce_gstatsGetPortCounterIntf
                0x000000000001f980                Spruce_gstatsGetPortAllCntersIntf
                0x000000000001fb90                Spruce_gstatsGetHistogramModeIntf
                0x000000000001fba0                Spruce_gstatsSetHistogramModeIntf
                0x000000000001fbb0                Spruce_gvlnSetPortVlanQModeIntf
                0x000000000001fbc0                Spruce_gvlnGetPortVlanQModeIntf
                0x000000000001fbd0                Spruce_gprtSetDiscardTaggedIntf
                0x000000000001fbe0                Spruce_gprtGetDiscardTaggedIntf
                0x000000000001fbf0                Spruce_gprtSetDiscardUntaggedIntf
                0x000000000001fc00                Spruce_gprtGetDiscardUntaggedIntf
                0x000000000001fc10                Spruce_gprtSetUnicFloodBlockIntf
                0x000000000001fc20                Spruce_gprtGetUnicFloodBlockIntf
                0x000000000001fc30                Spruce_gprtSetMultiFloodBlockIntf
                0x000000000001fc40                Spruce_gprtGetMultiFloodBlockIntf
                0x000000000001fc50                Spruce_gprtSetDiscardBCastModeIntf
                0x000000000001fc60                Spruce_gprtGetDiscardBCastModeIntf
                0x000000000001fc70                Spruce_gprtSetJumboModeIntf
                0x000000000001fc80                Spruce_gprtGetJumboModeIntf
                0x000000000001fc90                Spruce_gprtSetSpecifiedMTUIntf
                0x000000000001fca0                Spruce_gprtGetSpecifiedMTUIntf
                0x000000000001fcb0                Spruce_gprtSetLearnEnableIntf
                0x000000000001fcc0                Spruce_gprtGetLearnEnableIntf
                0x000000000001fcd0                Spruce_gprtGetVTUPriOverrideIntf
                0x000000000001fce0                Spruce_gprtSetVTUPriOverrideIntf
                0x000000000001fcf0                Spruce_gprtGetSAPriOverrideIntf
                0x000000000001fd00                Spruce_gprtSetSAPriOverrideIntf
                0x000000000001fd10                Spruce_gprtGetDAPriOverrideIntf
                0x000000000001fd20                Spruce_gprtSetDAPriOverrideIntf
                0x000000000001fd30                Spruce_gprtSetFlowCtrlIntf
                0x000000000001fd40                Spruce_gprtGetFlowCtrlIntf
                0x000000000001fd50                Spruce_gprtSetForceSpeedIntf
                0x000000000001fd70                Spruce_gprtGetForceSpeedIntf
                0x000000000001fd80                Spruce_grcSetEgressRateIntf
                0x000000000001fd90                Spruce_grcGetEgressRateIntf
                0x000000000001fda0                Spruce_grcSetELimitModeIntf
                0x000000000001fdb0                Spruce_grcGetELimitModeIntf
                0x000000000001fdc0                Spruce_gprtSetDuplexIntf
                0x000000000001fdd0                Spruce_gprtGetDuplexIntf
                0x000000000001fde0                Spruce_gprtGetDuplexStatusIntf
                0x000000000001fdf0                Spruce_gprtGetForceLinkIntf
                0x000000000001fe00                Spruce_gprtSetForceLinkIntf
                0x000000000001fe10                Spruce_gprtGetSpeedIntf
                0x000000000001fe20                Spruce_gprtGetFrameModeIntf
                0x000000000001fe30                Spruce_gprtSetFrameModeIntf
                0x000000000001fe40                Spruce_gprtSetEgressModeIntf
                0x000000000001fe60                Spruce_gprtGetEgressModeIntf
                0x000000000001fe70                Spruce_gprtGetPortStateIntf
                0x000000000001fe80                Spruce_gprtSetPortStateIntf
                0x000000000001fe90                Spruce_gqosSetPrioMapRuleIntf
                0x000000000001fea0                Spruce_gqosGetPrioMapRuleIntf
                0x000000000001feb0                Spruce_gprtSetInitialPriIntf
                0x000000000001fec0                Spruce_gprtGetInitialPriIntf
                0x000000000001fed0                Spruce_gprtSetDefQpriIntf
                0x000000000001fee0                Spruce_gprtGetDefQpriIntf
                0x000000000001fef0                Spruce_gprtSetIEEEPrioMapIntf
                0x000000000001ff50                Spruce_gprtGetIEEEPrioMapIntf
                0x0000000000020010                Spruce_gecidAddEntryIntf
                0x00000000000200a0                Spruce_gecidGetEcidEntryNextIntf
                0x0000000000020160                Spruce_gecidFindEcidEntryIntf
                0x0000000000020230                Spruce_gprtSetQueueCtrlIntf
                0x0000000000020240                Spruce_gprtGetQueueCtrlIntf
                0x0000000000020250                Spruce_gprtSetPortSchedIntf
                0x0000000000020260                Spruce_gprtGetPortSchedIntf
                0x0000000000020270                Spruce_gsysSetQoSWeightIntf
                0x0000000000020370                Spruce_gsysGetQoSWeightIntf
                0x0000000000020470                Spruce_gtcamRCLoadEntryIntf
                0x0000000000020590                Spruce_gtcamRCReadEntryIntf
                0x00000000000206e0                Spruce_gtcamRCGetNextEntryIntf
                0x0000000000020830                Spruce_gtcamRCFindEntryIntf
                0x00000000000209b0                Spruce_msdRmuGetIDIntf
                0x00000000000209c0                Spruce_msdRmuAtuDumpIntf
                0x0000000000020b20                Spruce_msdRmuEcidDumpIntf
                0x0000000000020c80                Spruce_msdRmuMib2DumpIntf
                0x0000000000020e90                Spruce_msdRmuReadRegisterIntf
                0x0000000000020ea0                Spruce_msdRmuWriteRegisterIntf
                0x0000000000020ec0                Spruce_msdRmuMultiRegAccessIntf
                0x0000000000020ed0                Spruce_msdRmuTCAMDumpIntf
                0x00000000000211c0                Spruce_msdRmuTCAMWriteIntf
                0x0000000000021390                Spruce_msdRmuTCAMReadIntf
                0x0000000000022290                Spruce_gptpSetIntEnable
                0x0000000000022380                Spruce_gptpGetIntEnable
                0x0000000000022430                Spruce_gptpSetPortPTPEn
                0x0000000000022510                Spruce_gptpGetPortPTPEn
                0x00000000000225b0                Spruce_gptpGetTimeStamp
                0x00000000000226e0                Spruce_gptpGetTSValidSt
                0x00000000000227b0                Spruce_gptpResetTimeStamp
                0x0000000000022880                Spruce_gptpGetIntStatus
                0x0000000000022940                Spruce_gptpSetMeanPathDelay
                0x00000000000229e0                Spruce_gptpGetMeanPathDelay
                0x0000000000022a80                Spruce_gptpSetIgrPathDelayAsym
                0x0000000000022b20                Spruce_gptpGetIgrPathDelayAsym
                0x0000000000022bc0                Spruce_gptpSetEgrPathDelayAsym
                0x0000000000022c60                Spruce_gptpGetEgrPathDelayAsym
                0x0000000000022d00                Spruce_gptpGetTODBusyBitStatus
                0x0000000000022d80                Spruce_gptpTODStoreCompensation
                0x0000000000022e40                Spruce_gptpTODStoreAll
                0x0000000000022f00                Spruce_gptpTODCaptureAll
                0x00000000000231d0                Spruce_gptpSetPulse
                0x0000000000023280                Spruce_gptpGetPulse
                0x0000000000023320                Spruce_gtaiGetPTPGlobalTime
                0x00000000000233a0                Spruce_gptpPortRegGet
                0x0000000000023450                Spruce_gptpPortRegSet
                0x00000000000234f0                Spruce_gptpGlobalRegGet
                0x0000000000023560                Spruce_gptpGlobalRegSet
                0x00000000000235d0                Spruce_gptp1588v2ConfigSet
                0x00000000000237a0                Spruce_gptp8021asConfigSet
                0x0000000000023960                Spruce_gptp8021asRevConfigSet
                0x0000000000023b20                Spruce_gptpPreemptTsSelSet
                0x0000000000023c00                Spruce_gptpPreemptTsSelGet
                0x0000000000023ca0                Spruce_gptpPreemptCtrlSet
                0x0000000000023d80                Spruce_gptpPreemptCtrlGet
                0x0000000000023e20                Spruce_gptpSetIntEnableIntf
                0x0000000000023e80                Spruce_gptpGetIntEnableIntf
                0x0000000000023ee0                Spruce_gptpGetTimeStampIntf
                0x0000000000023f50                Spruce_gptpGetIntStatusIntf
                0x0000000000023fc0                Spruce_gptpTODStoreCompenIntf
                0x0000000000024040                Spruce_gptpTODStoreAllIntf
                0x00000000000240c0                Spruce_gptpTODCaptureAllIntf
                0x0000000000024150                Spruce_gptpSetPulseIntf
                0x00000000000241b0                Spruce_gptpGetPulseIntf
                0x0000000000024210                Spruce_gptp1588v2ConfigSetIntf
                0x0000000000024220                Spruce_gptp8021asConfigSetIntf
                0x0000000000024230                Spruce_gptp8021asRevCfgSetIntf
                0x00000000000244a0                Spruce_gledForceOn
                0x0000000000024560                Spruce_gledForceOff
                0x0000000000024620                Spruce_gledLinkAct
                0x0000000000024710                Spruce_gledModeSet
                0x00000000000247e0                Spruce_gledModeGet
                0x0000000000024870                Spruce_gledBlinkRateSet
                0x0000000000024920                Spruce_gledBlinkRateGet
                0x0000000000024a00                Spruce_gledPulseStretchSet
                0x0000000000024ab0                Spruce_gledPulseStretchGet
                0x0000000000024b80                Spruce_gledSpecialModeSet
                0x0000000000024c30                Spruce_gledSpecialModeGet
                0x0000000000024ca0                Spruce_gledCtrlSet
                0x0000000000024ce0                Spruce_gledCtrlGet
                0x0000000000024d50                Spruce_gledDump
                0x0000000000025020                Spruce_gledForceOnIntf
                0x0000000000025030                Spruce_gledForceOffIntf
                0x0000000000025040                Spruce_gledLinkActIntf
                0x0000000000025050                Spruce_gledModeSetIntf
                0x0000000000025060                Spruce_gledModeGetIntf
                0x0000000000025070                Spruce_gledBlinkRateSetIntf
                0x0000000000025080                Spruce_gledBlinkRateGetIntf
                0x0000000000025090                Spruce_gledPulseStretchSetIntf
                0x00000000000250a0                Spruce_gledPulseStretchGetIntf
                0x00000000000250b0                Spruce_gledSpecialModeSetIntf
                0x00000000000250c0                Spruce_gledSpecialModeGetIntf
                0x00000000000250d0                Spruce_gledCtrlSetIntf
                0x00000000000250e0                Spruce_gledCtrlGetIntf
                0x00000000000250f0                Spruce_gtcamRCCompLoadIntf
                0x00000000000251d0                Spruce_gtcamRCCompReadIntf
                0x00000000000252c0                Spruce_EEPROMWrite
                0x00000000000253f0                Spruce_EEPROMRead
                0x0000000000025550                Spruce_EEPROMChipSelSet
                0x0000000000025620                Spruce_EEPROMChipSelGet
                0x0000000000025760                Spruce_EEPROMWriteIntf
                0x0000000000025770                Spruce_EEPROMReadIntf
                0x0000000000025780                Spruce_EEPROMChipSelSetIntf
                0x0000000000025790                Spruce_EEPROMChipSelGetIntf
 *(.gnu.warning)

.text.unlikely  0x0000000000000000       0x28
 .text.unlikely
                0x0000000000000000       0x28 /home/roscube/Desktop/UMSD_v7.0.0_ADLINK/UMSD_v7.0.0/obj/dev/spruce/src/api/msdDrv_obj/api.o

.fini
 *(SORT_NONE(.fini))

.rodata         0x0000000000000000     0x130c
 *(.rodata)
 .rodata        0x0000000000000000     0x130c /home/roscube/Desktop/UMSD_v7.0.0_ADLINK/UMSD_v7.0.0/obj/dev/spruce/src/api/msdDrv_obj/api.o

.rodata.str1.8  0x0000000000000000     0x340d
 .rodata.str1.8
                0x0000000000000000     0x340d /home/roscube/Desktop/UMSD_v7.0.0_ADLINK/UMSD_v7.0.0/obj/dev/spruce/src/api/msdDrv_obj/api.o

.rodata.str1.1  0x0000000000000000      0x871
 .rodata.str1.1
                0x0000000000000000      0x871 /home/roscube/Desktop/UMSD_v7.0.0_ADLINK/UMSD_v7.0.0/obj/dev/spruce/src/api/msdDrv_obj/api.o

.rodata.cst8    0x0000000000000000       0x18
 .rodata.cst8   0x0000000000000000       0x18 /home/roscube/Desktop/UMSD_v7.0.0_ADLINK/UMSD_v7.0.0/obj/dev/spruce/src/api/msdDrv_obj/api.o

.rodata1
 *(.rodata1)

.eh_frame_hdr
 *(.eh_frame_hdr)

.eh_frame       0x0000000000000000     0x7e84
 *(.eh_frame)
 .eh_frame      0x0000000000000000      0x758 /home/roscube/Desktop/UMSD_v7.0.0_ADLINK/UMSD_v7.0.0/obj/dev/spruce/src/driver/msdDrv_obj/driver.o
 .eh_frame      0x0000000000000758     0x772c /home/roscube/Desktop/UMSD_v7.0.0_ADLINK/UMSD_v7.0.0/obj/dev/spruce/src/api/msdDrv_obj/api.o
                                       0x7768 (size before relaxing)

.gcc_except_table
 *(.gcc_except_table)

.gnu_extab
 *(.gnu_extab*)

.exception_ranges
 *(.exception_ranges)

.eh_frame
 *(.eh_frame)

.gnu_extab
 *(.gnu_extab)

.gcc_except_table
 *(.gcc_except_table)

.exception_ranges
 *(.exception_ranges)

.tdata
 *(.tdata)

.tbss
 *(.tbss)

.jcr
 *(.jcr)

.dynamic
 *(.dynamic)

.got
 *(.got)

.got.plt
 *(.got.plt)

.data           0x0000000000000000        0x0
 *(.data)
 .data          0x0000000000000000        0x0 /home/roscube/Desktop/UMSD_v7.0.0_ADLINK/UMSD_v7.0.0/obj/dev/spruce/src/driver/msdDrv_obj/driver.o
 .data          0x0000000000000000        0x0 /home/roscube/Desktop/UMSD_v7.0.0_ADLINK/UMSD_v7.0.0/obj/dev/spruce/src/api/msdDrv_obj/api.o

.data1
 *(.data1)

.bss            0x0000000000000000        0x0
 *(.bss)
 .bss           0x0000000000000000        0x0 /home/roscube/Desktop/UMSD_v7.0.0_ADLINK/UMSD_v7.0.0/obj/dev/spruce/src/driver/msdDrv_obj/driver.o
 .bss           0x0000000000000000        0x0 /home/roscube/Desktop/UMSD_v7.0.0_ADLINK/UMSD_v7.0.0/obj/dev/spruce/src/api/msdDrv_obj/api.o

.lbss
 *(.lbss)

.lrodata
 *(.lrodata)

.ldata
 *(.ldata)

.stab
 *(.stab)

.stabstr
 *(.stabstr)

.stab.excl
 *(.stab.excl)

.stab.exclstr
 *(.stab.exclstr)

.stab.index
 *(.stab.index)

.stab.indexstr
 *(.stab.indexstr)

.comment        0x0000000000000000      0x738
 *(.comment)
 .comment       0x0000000000000000       0x2c /home/roscube/Desktop/UMSD_v7.0.0_ADLINK/UMSD_v7.0.0/obj/dev/spruce/src/driver/msdDrv_obj/driver.o
 .comment       0x000000000000002c      0x70c /home/roscube/Desktop/UMSD_v7.0.0_ADLINK/UMSD_v7.0.0/obj/dev/spruce/src/api/msdDrv_obj/api.o

.note.GNU-stack
                0x0000000000000000        0x0
 .note.GNU-stack
                0x0000000000000000        0x0 /home/roscube/Desktop/UMSD_v7.0.0_ADLINK/UMSD_v7.0.0/obj/dev/spruce/src/driver/msdDrv_obj/driver.o
 .note.GNU-stack
                0x0000000000000000        0x0 /home/roscube/Desktop/UMSD_v7.0.0_ADLINK/UMSD_v7.0.0/obj/dev/spruce/src/api/msdDrv_obj/api.o

.gnu.build.attributes
 *(.gnu.build.attributes)

.debug
 *(.debug)

.line
 *(.line)

.debug_srcinfo
 *(.debug_srcinfo)

.debug_sfnames
 *(.debug_sfnames)

.debug_aranges
 *(.debug_aranges)

.debug_pubnames
 *(.debug_pubnames)

.debug_info
 *(.debug_info)

.debug_abbrev
 *(.debug_abbrev)

.debug_line
 *(.debug_line)

.debug_frame
 *(.debug_frame)

.debug_str
 *(.debug_str)

.debug_loc
 *(.debug_loc)

.debug_macinfo
 *(.debug_macinfo)

.debug_weaknames
 *(.debug_weaknames)

.debug_funcnames
 *(.debug_funcnames)

.debug_typenames
 *(.debug_typenames)

.debug_varnames
 *(.debug_varnames)

.debug_pubtypes
 *(.debug_pubtypes)

.debug_ranges
 *(.debug_ranges)

.debug_addr
 *(.debug_addr)

.debug_line_str
 *(.debug_line_str)

.debug_loclists
 *(.debug_loclists)

.debug_macro
 *(.debug_macro)

.debug_names
 *(.debug_names)

.debug_rnglists
 *(.debug_rnglists)

.debug_str_offsets
 *(.debug_str_offsets)

.debug_sup
 *(.debug_sup)

.gnu.attributes
 *(.gnu.attributes)
OUTPUT(/home/roscube/Desktop/UMSD_v7.0.0_ADLINK/UMSD_v7.0.0/obj/dev/spruce/msdDrv_Spruce.o elf64-x86-64)
