
Merging program properties


Discarded input sections

 .note.gnu.property
                0x0000000000000000       0x20 /home/roscube/Desktop/UMSD_v7.0.0_comb/UMSD_v7.0.0/obj/src/api/msdDrv_obj/api.o
 .note.gnu.property
                0x0000000000000000       0x20 /home/roscube/Desktop/UMSD_v7.0.0_comb/UMSD_v7.0.0/obj/src/platform/msdDrv_obj/platform.o
 .note.gnu.property
                0x0000000000000000       0x20 /home/roscube/Desktop/UMSD_v7.0.0_comb/UMSD_v7.0.0/obj/src/utils/msdDrv_obj/utils.o
 .note.gnu.property
                0x0000000000000000       0x20 /home/roscube/Desktop/UMSD_v7.0.0_comb/UMSD_v7.0.0/obj/dev/topaz/msdDrv_Topaz.o
 .note.gnu.property
                0x0000000000000000       0x20 /home/roscube/Desktop/UMSD_v7.0.0_comb/UMSD_v7.0.0/obj/dev/peridot/msdDrv_Peridot.o
 .note.gnu.property
                0x0000000000000000       0x20 /home/roscube/Desktop/UMSD_v7.0.0_comb/UMSD_v7.0.0/obj/dev/agate/msdDrv_Agate.o
 .note.gnu.property
                0x0000000000000000       0x20 /home/roscube/Desktop/UMSD_v7.0.0_comb/UMSD_v7.0.0/obj/dev/pearl/msdDrv_Pearl.o
 .note.gnu.property
                0x0000000000000000       0x20 /home/roscube/Desktop/UMSD_v7.0.0_comb/UMSD_v7.0.0/obj/dev/amethyst/msdDrv_Amethyst.o
 .note.gnu.property
                0x0000000000000000       0x20 /home/roscube/Desktop/UMSD_v7.0.0_comb/UMSD_v7.0.0/obj/dev/oak/msdDrv_Oak.o
 .note.gnu.property
                0x0000000000000000       0x20 /home/roscube/Desktop/UMSD_v7.0.0_comb/UMSD_v7.0.0/obj/dev/spruce/msdDrv_Spruce.o
 .note.gnu.property
                0x0000000000000000       0x20 /home/roscube/Desktop/UMSD_v7.0.0_comb/UMSD_v7.0.0/obj/dev/bonsaiz1/msdDrv_BonsaiZ1.o
 .note.gnu.property
                0x0000000000000000       0x20 /home/roscube/Desktop/UMSD_v7.0.0_comb/UMSD_v7.0.0/obj/dev/fir/msdDrv_Fir.o
 .note.gnu.property
                0x0000000000000000       0x20 /home/roscube/Desktop/UMSD_v7.0.0_comb/UMSD_v7.0.0/obj/dev/bonsai/msdDrv_Bonsai.o

Memory Configuration

Name             Origin             Length             Attributes
*default*        0x0000000000000000 0xffffffffffffffff

Linker script and memory map

LOAD /home/roscube/Desktop/UMSD_v7.0.0_comb/UMSD_v7.0.0/obj/src/driver/msdDrv_obj/driver.o
LOAD /home/roscube/Desktop/UMSD_v7.0.0_comb/UMSD_v7.0.0/obj/src/api/msdDrv_obj/api.o
LOAD /home/roscube/Desktop/UMSD_v7.0.0_comb/UMSD_v7.0.0/obj/src/platform/msdDrv_obj/platform.o
LOAD /home/roscube/Desktop/UMSD_v7.0.0_comb/UMSD_v7.0.0/obj/src/utils/msdDrv_obj/utils.o
LOAD /home/roscube/Desktop/UMSD_v7.0.0_comb/UMSD_v7.0.0/obj/dev/topaz/msdDrv_Topaz.o
LOAD /home/roscube/Desktop/UMSD_v7.0.0_comb/UMSD_v7.0.0/obj/dev/peridot/msdDrv_Peridot.o
LOAD /home/roscube/Desktop/UMSD_v7.0.0_comb/UMSD_v7.0.0/obj/dev/agate/msdDrv_Agate.o
LOAD /home/roscube/Desktop/UMSD_v7.0.0_comb/UMSD_v7.0.0/obj/dev/pearl/msdDrv_Pearl.o
LOAD /home/roscube/Desktop/UMSD_v7.0.0_comb/UMSD_v7.0.0/obj/dev/amethyst/msdDrv_Amethyst.o
LOAD /home/roscube/Desktop/UMSD_v7.0.0_comb/UMSD_v7.0.0/obj/dev/oak/msdDrv_Oak.o
LOAD /home/roscube/Desktop/UMSD_v7.0.0_comb/UMSD_v7.0.0/obj/dev/spruce/msdDrv_Spruce.o
LOAD /home/roscube/Desktop/UMSD_v7.0.0_comb/UMSD_v7.0.0/obj/dev/bonsaiz1/msdDrv_BonsaiZ1.o
LOAD /home/roscube/Desktop/UMSD_v7.0.0_comb/UMSD_v7.0.0/obj/dev/fir/msdDrv_Fir.o
LOAD /home/roscube/Desktop/UMSD_v7.0.0_comb/UMSD_v7.0.0/obj/dev/bonsai/msdDrv_Bonsai.o

.interp
 *(.interp)

.note.gnu.property
                0x0000000000000000       0x20
 .note.gnu.property
                0x0000000000000000       0x20 /home/roscube/Desktop/UMSD_v7.0.0_comb/UMSD_v7.0.0/obj/src/driver/msdDrv_obj/driver.o

.note.gnu.build-id
 *(.note.gnu.build-id)

.hash
 *(.hash)

.gnu.hash
 *(.gnu.hash)

.dynsym
 *(.dynsym)

.dynstr
 *(.dynstr)

.gnu.version
 *(.gnu.version)

.gnu.version_d
 *(.gnu.version_d)

.gnu.version_r
 *(.gnu.version_r)

.rela.init
 *(.rela.init)

.rela.text
 *(.rela.text)

.rela.fini
 *(.rela.fini)

.rela.rodata
 *(.rela.rodata)

.rela.data.rel.ro
 *(.rela.data.rel.ro)

.rela.data
 *(.rela.data)

.rela.tdata
 *(.rela.tdata)

.rela.tbss
 *(.rela.tbss)

.rela.ctors
 *(.rela.ctors)

.rela.dtors
 *(.rela.dtors)

.rela.got
 *(.rela.got)

.rela.bss
 *(.rela.bss)

.rela.ldata
 *(.rela.ldata)

.rela.lbss
 *(.rela.lbss)

.rela.lrodata
 *(.rela.lrodata)

.rela.ifunc
 *(.rela.ifunc)

.rela.plt
 *(.rela.plt)

.relr.dyn
 *(.relr.dyn)

.init
 *(SORT_NONE(.init))

.plt
 *(.plt)

.plt.got
 *(.plt.got)

.plt.sec
 *(.plt.sec)

.text           0x0000000000000000   0x1650f9
 *(.text .stub)
 .text          0x0000000000000000     0xfe24 /home/roscube/Desktop/UMSD_v7.0.0_comb/UMSD_v7.0.0/obj/src/driver/msdDrv_obj/driver.o
                0x0000000000000000                msdUnLoadDriver
                0x0000000000000160                msdLoadDriver
                0x0000000000000840                msdSetDriverInterface
                0x0000000000000880                msdGetDriverInterface
                0x00000000000008c0                sohoDevGet
                0x00000000000008f0                msdlport2port
                0x0000000000000920                msdport2lport
                0x0000000000000970                msdlportvec2portvec
                0x00000000000009d0                msdportvec2lportvec
                0x0000000000000a10                msdlport2phy
                0x0000000000000a60                msdlport2serdes
                0x0000000000000b80                msdEnableHwSemaphore
                0x0000000000000c20                msdDisableHwSemaphore
                0x0000000000000ea0                msdSetSMIC45PhyReg
                0x0000000000000f10                msdGetSMIC45PhyReg
                0x0000000000000f80                msdSetSMIPhyReg
                0x0000000000000fe0                msdGetSMIPhyReg
                0x0000000000001040                msdSetSMIPhyXMDIOReg
                0x00000000000010b0                msdGetSMIPhyXMDIOReg
                0x0000000000001120                msdSetSMIExtPhyReg
                0x0000000000001180                msdGetSMIExtPhyReg
                0x00000000000011e0                msdSetSMIExtPhyXMDIOReg
                0x0000000000001250                msdGetSMIExtPhyXMDIOReg
                0x00000000000012c0                msdRmuTxRxPkt
                0x00000000000012f0                msdRmuReqPktCreate
                0x0000000000001500                msdRmuPackEthReqPkt
                0x0000000000001840                msdSetAnyReg
                0x0000000000001940                msdSetAnyExtendedReg
                0x0000000000001ba0                msdGetAnyReg
                0x0000000000001c90                msdSetAnyRegField
                0x0000000000001d60                msdGetAnyRegField
                0x0000000000001e10                msdGetAnyExtendedReg
                0x0000000000001f90                msdSetAnyExtendedRegField
                0x0000000000002080                msdGetAnyExtendedRegField
                0x0000000000002130                msdVersion
                0x00000000000021b0                InitDevObj
 *fill*         0x000000000000fe24        0xc 
 .text          0x000000000000fe30     0xc390 /home/roscube/Desktop/UMSD_v7.0.0_comb/UMSD_v7.0.0/obj/src/api/msdDrv_obj/api.o
                0x000000000000fe30                msdTcamAllDelete
                0x000000000000fe80                msdTcamEntryDelete
                0x000000000000fed0                msdTcamEntryAdd
                0x000000000000ff30                msdTcamEntryRead
                0x000000000000ff90                msdTcamEntryGetNext
                0x000000000000fff0                msdTcamEntryFind
                0x0000000000010050                msdPortTcamModeSet
                0x00000000000100b0                msdPortTcamModeGet
                0x0000000000010110                msdTcamEntryPortAdd
                0x0000000000010170                msdTcamEntryPortRemove
                0x00000000000101d0                msdEgrTcamEntryPerPortDelete
                0x0000000000010230                msdEgrTcamEntryAllPortsDelete
                0x0000000000010280                msdEgrTcamEntryAdd
                0x00000000000102e0                msdEgrTcamEntryGetNext
                0x0000000000010340                msdEgrTcamEntryRead
                0x00000000000103a0                msdTcamDump
                0x00000000000103f0                msdTcamAdvConfig
                0x00000000000104b0                msdVctGetAdvCableDiag
                0x0000000000010520                msdVctGetAdvExtendStatus
                0x0000000000010580                msdFdbMacEntryAdd
                0x00000000000105d0                msdFdbAllDelete
                0x0000000000010620                msdFdbAllDeleteInDB
                0x0000000000010680                msdFdbMove
                0x00000000000106e0                msdFdbMoveInDB
                0x0000000000010750                msdFdbPortRemove
                0x00000000000107b0                msdFdbPortRemoveInDB
                0x0000000000010810                msdFdbMacEntryDelete
                0x0000000000010870                msdFdbViolationGet
                0x00000000000108c0                msdFdbMacEntryFind
                0x0000000000010930                msdFdbAgingTimeoutSet
                0x0000000000010980                msdFdbAgingTimeoutGet
                0x00000000000109d0                msdFdbLearnOnAllDevicesGet
                0x0000000000010a20                msdFdbLearnOnAllDevicesSet
                0x0000000000010a70                msdFdbPortLearnLimitSet
                0x0000000000010ad0                msdFdbPortLearnLimitGet
                0x0000000000010b30                msdFdbPortLearnCountGet
                0x0000000000010b90                msdFdbEntryCountGet
                0x0000000000010be0                msdFdbEntryCountPerFidGet
                0x0000000000010c40                msdFdbEntryCountNonStaticGet
                0x0000000000010c90                msdFdbEntryCountNonStaticPerFidGet
                0x0000000000010cf0                msdFdbDump
                0x0000000000010d40                msdPortLockedGet
                0x0000000000010da0                msdPortLockedSet
                0x0000000000010e00                msdPortHoldAt1Get
                0x0000000000010e60                msdPortHoldAt1Set
                0x0000000000010ec0                msdPortIntOnAgeOutGet
                0x0000000000010f20                msdPortIntOnAgeOutSet
                0x0000000000010f80                msdPortRefreshLockedGet
                0x0000000000010fe0                msdPortRefreshLockedSet
                0x0000000000011040                msdPortIgnoreWrongDataGet
                0x00000000000110a0                msdPortIgnoreWrongDataSet
                0x0000000000011100                msdFdbEntryNextGet
                0x0000000000011180                msdVlanEntryFind
                0x00000000000111e0                msdVlanExists
                0x0000000000011240                msdVlanEntryNextGet
                0x00000000000112a0                msdVlanAllDelete
                0x00000000000112f0                msdVlanEntryAdd
                0x0000000000011340                msdVlanEntryDelete
                0x0000000000011390                msdVlanModeSet
                0x00000000000113e0                msdVlanModeGet
                0x0000000000011430                msdVlanViolationGet
                0x0000000000011480                msdVlanEntryCountGet
                0x00000000000114d0                msdVlanMemberTagSet
                0x0000000000011530                msdVlanMemberTagGet
                0x0000000000011590                msdVtuDump
                0x00000000000115e0                msdStuEntryAdd
                0x0000000000011630                msdStuEntryNextGet
                0x0000000000011690                msdStuEntryDelete
                0x00000000000116e0                msdStuEntryFind
                0x0000000000011740                msdStuEntryCountGet
                0x0000000000011790                msdStuDump
                0x00000000000117e0                msdIRLReset
                0x0000000000011830                msdIRLInitResourceCounter
                0x0000000000011890                msdIRLCustomSetup
                0x0000000000011910                msdIRLResourceRead
                0x0000000000011970                msdIRLResourceWrite
                0x00000000000119d0                msdIRLResRegGet
                0x0000000000011a40                msdIRLResRegSet
                0x0000000000011ab0                msdIRLAdvConfig
                0x0000000000011b50                msdIRLAdvConfigDisable
                0x0000000000011bb0                msdStatsFlushAll
                0x0000000000011c00                msdStatsFlushPort
                0x0000000000011c50                msdStatsPortCounterGet
                0x0000000000011cb0                msdStatsPortAllCountersGet
                0x0000000000011d10                msdStatsHistogramModeGet
                0x0000000000011d60                msdStatsHistogramModeSet
                0x0000000000011db0                msdPortMibDump
                0x0000000000011e00                msdPortForceDefaultVlanIdGet
                0x0000000000011e60                msdPortForceDefaultVlanIdSet
                0x0000000000011ec0                msdPortDefaultVlanIdGet
                0x0000000000011f20                msdPortDefaultVlanIdSet
                0x0000000000011f80                msdPort8021qModeGet
                0x0000000000011fe0                msdPort8021qModeSet
                0x0000000000012040                msdPortDiscardTaggedGet
                0x00000000000120a0                msdPortDiscardTaggedSet
                0x0000000000012100                msdPortDiscardUntaggedGet
                0x0000000000012160                msdPortDiscardUntaggedSet
                0x00000000000121c0                msdPortUnicastFloodBlockGet
                0x0000000000012220                msdPortUnicastFloodBlockSet
                0x0000000000012280                msdPortMulticastFloodBlockGet
                0x00000000000122e0                msdPortMulticastFloodBlockSet
                0x0000000000012340                msdPortDiscardBcastModeGet
                0x00000000000123a0                msdPortDiscardBcastModeSet
                0x0000000000012400                msdPortIGMPSnoopEnableGet
                0x0000000000012460                msdPortIGMPSnoopEnableSet
                0x00000000000124c0                msdPortHeaderModeGet
                0x0000000000012520                msdPortHeaderModeSet
                0x0000000000012580                msdPortDropOnLockGet
                0x00000000000125e0                msdPortDropOnLockSet
                0x0000000000012640                msdPortMtuGet
                0x00000000000126a0                msdPortMtuSet
                0x0000000000012700                msdPortSpecifiedMtuGet
                0x0000000000012760                msdPortSpecifiedMtuSet
                0x00000000000127c0                msdPortLearnEnableGet
                0x0000000000012820                msdPortLearnEnableSet
                0x0000000000012880                msdPortVTUPriorityOverrideGet
                0x00000000000128e0                msdPortVTUPriorityOverrideSet
                0x0000000000012940                msdPortSAPriorityOverrideGet
                0x00000000000129a0                msdPortSAPriorityOverrideSet
                0x0000000000012a00                msdPortDAPriorityOverrideGet
                0x0000000000012a60                msdPortDAPriorityOverrideSet
                0x0000000000012ac0                msdPortMessagePortGet
                0x0000000000012b20                msdPortMessagePortSet
                0x0000000000012b80                msdPortEtherTypeGet
                0x0000000000012be0                msdPortEtherTypeSet
                0x0000000000012c40                msdPortAllowVidZeroGet
                0x0000000000012ca0                msdPortAllowVidZeroSet
                0x0000000000012d00                msdPortFlowControlEnableGet
                0x0000000000012d60                msdPortFlowControlEnableSet
                0x0000000000012dc0                msdPortEgressMonitorSourceEnableGet
                0x0000000000012e20                msdPortEgressMonitorSourceEnableSet
                0x0000000000012e80                msdPortIngressMonitorSourceEnableGet
                0x0000000000012ee0                msdPortIngressMonitorSourceEnableSet
                0x0000000000012f40                msdPortEgressRateGet
                0x0000000000012fa0                msdPortEgressRateSet
                0x0000000000013000                msdPortForceDuplexModeGet
                0x0000000000013060                msdPortForceDuplexModeSet
                0x00000000000130c0                msdPortDuplexStatusGet
                0x0000000000013120                msdPortForceLinkModeGet
                0x0000000000013180                msdPortForceLinkModeSet
                0x00000000000131e0                msdPortLinkStatusGet
                0x0000000000013240                msdPortForceSpeedModeGet
                0x00000000000132a0                msdPortForceSpeedModeSet
                0x0000000000013300                msdPortSpeedStatusGet
                0x0000000000013360                msdPortCutThroughEnableGet
                0x00000000000133c0                msdPortCutThroughEnableSet
                0x0000000000013420                msdPortIgnoreFcsGet
                0x0000000000013480                msdPortIgnoreFcsSet
                0x00000000000134e0                msdPortAllowBadFcsGet
                0x0000000000013540                msdPortAllowBadFcsSet
                0x00000000000135a0                msdPortPauseLimitOutGet
                0x0000000000013600                msdPortPauseLimitOutSet
                0x0000000000013660                msdPortPauseLimitInGet
                0x00000000000136c0                msdPortPauseLimitInSet
                0x0000000000013720                msdPortQueueToPauseGet
                0x0000000000013780                msdPortQueueToPauseSet
                0x00000000000137e0                msdPortRxPriorityFlowControlEnableGet
                0x0000000000013840                msdPortRxPriorityFlowControlEnableSet
                0x00000000000138a0                msdPortRxPriorityFlowControlToQueueGet
                0x0000000000013900                msdPortRxPriorityFlowControlToQueueSet
                0x0000000000013960                msdPortTxPriorityFlowControlEnableGet
                0x00000000000139c0                msdPortTxPriorityFlowControlEnableSet
                0x0000000000013a20                msdPortOutQueueSizeGet
                0x0000000000013a80                msdPortMapDAGet
                0x0000000000013ae0                msdPortMapDASet
                0x0000000000013b40                msdPortARPMirrorGet
                0x0000000000013ba0                msdPortARPMirrorSet
                0x0000000000013c00                msdPortBasedVlanMapGet
                0x0000000000013c60                msdPortBasedVlanMapSet
                0x0000000000013cc0                msdPortFrameModeGet
                0x0000000000013d20                msdPortFrameModeSet
                0x0000000000013d80                msdPortEgressModeSet
                0x0000000000013de0                msdPortEgressModeGet
                0x0000000000013e40                msdPortECIDSet
                0x0000000000013ea0                msdPortECIDGet
                0x0000000000013f00                msdPortIgnoreETagSet
                0x0000000000013f60                msdPortIgnoreETagGet
                0x0000000000013fc0                msdPortStateGet
                0x0000000000014020                msdPortStateSet
                0x0000000000014080                msdPortRegDump
                0x00000000000140d0                msdPortExtendedPortCtrlRegSet
                0x0000000000014150                msdPortExtendedPortCtrlRegGet
                0x00000000000141d0                msdPortPreemptEnableSet
                0x0000000000014230                msdPortPreemptEnableGet
                0x0000000000014290                msdPortPreemptSizeSet
                0x00000000000142f0                msdPortPreemptSizeGet
                0x0000000000014350                msdPortPreemptQueueSet
                0x00000000000143b0                msdPortPreemptQueueGet
                0x0000000000014410                msdQosPortPrioMapSet
                0x0000000000014480                msdQosPortPrioMapGet
                0x00000000000144f0                msdQosPortCosToQueueSet
                0x0000000000014550                msdQosPortCosToQueueGet
                0x00000000000145b0                msdQosPortCosToDscpMappingSet
                0x0000000000014610                msdQosPortCosToDscpMappingGet
                0x0000000000014670                msdPortDefQPriSet
                0x00000000000146d0                msdPortDefQPriGet
                0x0000000000014730                msdPortDefFPriSet
                0x0000000000014790                msdPortDefFPriGet
                0x00000000000147f0                msdPortPrioRuleSet
                0x0000000000014850                msdPortPrioRuleGet
                0x00000000000148b0                msdPortInitialPriSet
                0x0000000000014910                msdPortInitialPriGet
                0x0000000000014970                msdQosPortRewriteDscp
                0x00000000000149d0                msdQavPortQpriXRateSet
                0x0000000000014a30                msdQavPortQpriXRateGet
                0x0000000000014a90                msdQavPortQpriXHiLimitSet
                0x0000000000014af0                msdQavPortQpriXHiLimitGet
                0x0000000000014b50                msdPortQueueCtrlGet
                0x0000000000014bb0                msdPortQueueCtrlSet
                0x0000000000014c10                msdPortSchedGet
                0x0000000000014c70                msdPortSchedSet
                0x0000000000014cd0                msdSysQoSWeightGet
                0x0000000000014d20                msdSysQoSWeightSet
                0x0000000000014d70                msdPortQoSWeightGet
                0x0000000000014dd0                msdPortQoSWeightSet
                0x0000000000014e30                msdSysFloodBCSet
                0x0000000000014e80                msdSysFloodBCGet
                0x0000000000014ed0                msdSysMonitorMgmtCtrlSet
                0x0000000000014f30                msdSysMonitorMgmtCtrlGet
                0x0000000000014f90                msdSysCPUDestSet
                0x0000000000014fe0                msdSysCPUDestGet
                0x0000000000015030                msdSysIngressMonitorDestSet
                0x0000000000015080                msdSysIngressMonitorDestGet
                0x00000000000150d0                msdSysEgressMonitorDestSet
                0x0000000000015120                msdSysEgressMonitorDestGet
                0x0000000000015170                msdSysRsvd2CpuEnablesSet
                0x00000000000151c0                msdSysRsvd2CpuEnablesGet
                0x0000000000015210                msdSysMGMTPriSet
                0x0000000000015260                msdSysMGMTPriGet
                0x00000000000152b0                msdPortSmiSetupSet
                0x0000000000015310                msdPortSmiSetupGet
                0x0000000000015370                msdGlobal1RegDump
                0x00000000000153c0                msdGlobal2RegDump
                0x0000000000015410                msdSysRMUModeSet
                0x0000000000015460                msdSysRMUModeGet
                0x00000000000154b0                msdQbvWrite
                0x0000000000015510                msdQbvRead
                0x0000000000015570                msdSysDevIntEnableSet
                0x00000000000155c0                msdSysDevIntEnableGet
                0x0000000000015610                msdSysDevIntStatusGet
                0x0000000000015660                msdSysActiveIntEnableSet
                0x00000000000156b0                msdSysActiveIntEnableGet
                0x0000000000015700                msdSysActiveIntStatusGet
                0x0000000000015750                msdPhyReset
                0x00000000000157a0                msdSerdesReset
                0x00000000000157f0                msdPhyPortLoopbackSet
                0x0000000000015850                msdPhyPortSpeedSet
                0x00000000000158b0                msdPhyPortPowerDown
                0x0000000000015910                msdPhyPortDuplexModeSet
                0x0000000000015970                msdPhyPortAutoModeSet
                0x00000000000159d0                msdPhyEEESet
                0x0000000000015a30                msdPhyFlowControlEnableSet
                0x0000000000015a90                msdPhyInterruptEnableSet
                0x0000000000015af0                msdPhyInterruptEnableGet
                0x0000000000015b50                msdPhyInterruptStatusGet
                0x0000000000015bb0                msdImpRun
                0x0000000000015c00                msdImpReset
                0x0000000000015c50                msdImpWriteEEPROM
                0x0000000000015cb0                msdImpLoadToEEPROM
                0x0000000000015d10                msdImpLoadToRAM
                0x0000000000015d70                msdImpStop
                0x0000000000015dc0                msdRMUGetID
                0x0000000000015e10                msdRMUAtuDump
                0x0000000000015e70                msdRMUEcidDump
                0x0000000000015ed0                msdRMUMibDump
                0x0000000000015f30                msdRMUMib2Dump
                0x0000000000015f90                msdRMUMultiRegAccess
                0x0000000000015ff0                msdRMUTcamDump
                0x0000000000016050                msdRMUTcamEntryAdd
                0x00000000000160b0                msdRMUTcamEntryRead
                0x0000000000016110                msdRMURegisterDump
                0x0000000000016170                msdTrunkMaskTableGet
                0x00000000000161d0                msdTrunkMaskTableSet
                0x0000000000016230                msdTrunkHashTrunkGet
                0x0000000000016280                msdTrunkHashTrunkSet
                0x00000000000162d0                msdTrunkRoutingGet
                0x0000000000016330                msdTrunkRoutingSet
                0x0000000000016390                msdTrunkMappingGet
                0x00000000000163f0                msdTrunkMappingSet
                0x0000000000016450                msdPortLAGPortGet
                0x00000000000164b0                msdPortLAGPortSet
                0x0000000000016510                msdPtpIntEnableSet
                0x0000000000016570                msdPtpIntEnableGet
                0x00000000000165d0                msdPtpPortPTPEnSet
                0x0000000000016630                msdPtpPortPTPEnGet
                0x0000000000016690                msdPtpPortConfigSet
                0x00000000000166f0                msdPtpPortConfigGet
                0x0000000000016750                msdPtpTimeStampGet
                0x00000000000167b0                msdPtpTSValidStGet
                0x0000000000016810                msdPtpTimeStampReset
                0x0000000000016870                msdPtpGlobalConfigSet
                0x00000000000168c0                msdPtpGlobalConfigGet
                0x0000000000016910                msdPtpIntStatusGet
                0x0000000000016960                msdPtpMeanPathDelaySet
                0x00000000000169c0                msdPtpMeanPathDelayGet
                0x0000000000016a20                msdPtpIgrPathDelayAsymSet
                0x0000000000016a80                msdPtpIgrPathDelayAsymGet
                0x0000000000016ae0                msdPtpEgrPathDelayAsymSet
                0x0000000000016b40                msdPtpEgrPathDelayAsymGet
                0x0000000000016ba0                msdPtpModeSet
                0x0000000000016bf0                msdPtpModeGet
                0x0000000000016c40                msdPtpMasterSlaveSet
                0x0000000000016c90                msdPtpMasterSlaveGet
                0x0000000000016ce0                msdPtpTODBusyBitStatusGet
                0x0000000000016d30                msdPtpTODStoreCompensation
                0x0000000000016d90                msdPtpTODStoreAll
                0x0000000000016df0                msdPtpTODCaptureAll
                0x0000000000016e50                msdPtpPulseSet
                0x0000000000016ea0                msdPtpPulseGet
                0x0000000000016ef0                msdGetPTPGlobalTime
                0x0000000000016f40                msdPtpPortRegGet
                0x0000000000016fa0                msdPtpPortRegSet
                0x0000000000017000                msdPtpGlobalRegGet
                0x0000000000017060                msdPtpGlobalRegSet
                0x00000000000170c0                msdTaiRegGet
                0x0000000000017120                msdTaiRegSet
                0x0000000000017180                msdPtp1588v2ConfigSet
                0x00000000000171f0                msdPtp8021asConfigSet
                0x0000000000017250                msdPtp8021asRevConfigSet
                0x00000000000172b0                msdPtpPreemptTimestampSelSet
                0x0000000000017310                msdPtpPreemptTimestampSelGet
                0x0000000000017370                msdPtpPreemptCtrlSet
                0x00000000000173d0                msdPtpPreemptCtrlGet
                0x0000000000017430                msdTaiTrigGenTimerSelSet
                0x0000000000017480                msdTaiTrigGenTimerSelGet
                0x00000000000174d0                msdLedForceOn
                0x0000000000017530                msdLedForceOff
                0x0000000000017590                msdLedLinkAct
                0x00000000000175f0                msdLedModeSet
                0x0000000000017650                msdLedModeGet
                0x00000000000176b0                msdLedBlinkRateSet
                0x0000000000017710                msdLedBlinkRateGet
                0x0000000000017770                msdLedPulseStretchSet
                0x00000000000177d0                msdLedPulseStretchGet
                0x0000000000017830                msdLedSpecialModeSet
                0x0000000000017890                msdLedSpecialModeGet
                0x00000000000178f0                msdLedCtrlSet
                0x0000000000017950                msdLedCtrlGet
                0x00000000000179b0                msdLedDump
                0x0000000000017a00                msdArpMcEntryAdd
                0x0000000000017a60                msdArpUcEntryAdd
                0x0000000000017ac0                msdArpEntryDelete
                0x0000000000017b10                msdArpAllDelete
                0x0000000000017b60                msdArpEntryRead
                0x0000000000017bc0                msdArpEntryGetNext
                0x0000000000017c20                msdBpeEnableSet
                0x0000000000017c70                msdBpeEnableGet
                0x0000000000017cc0                msdEcidEntryAdd
                0x0000000000017d10                msdEcidEntryAllDelete
                0x0000000000017d60                msdEcidEntryMove
                0x0000000000017dc0                msdEcidEntryDelete
                0x0000000000017e20                msdEcidEntryNextGet
                0x0000000000017e80                msdEcidEntryFind
                0x0000000000017ef0                msdEcidEntryCountGet
                0x0000000000017f40                msdEcidDump
                0x0000000000017f90                msdEEPROMWrite
                0x0000000000017ff0                msdEEPROMRead
                0x0000000000018050                msdEEPROMChipSelSet
                0x00000000000180a0                msdEEPROMChipSelGet
                0x00000000000180f0                msdPolicyMgmtCtrlSet
                0x0000000000018150                msdPolicyMgmtCtrlGet
                0x00000000000181b0                msdPolicyCPUDestSet
                0x0000000000018210                msdPolicyCPUDestGet
                0x0000000000018270                msdPolicyIngressMonitorDestSet
                0x00000000000182d0                msdPolicyIngressMonitorDestGet
                0x0000000000018330                msdPolicyRsvd2CpuEnablesSet
                0x0000000000018390                msdPolicyRsvd2CpuEnablesGet
                0x00000000000183f0                msdPolicyMGMTPriSet
                0x0000000000018450                msdPolicyMGMTPriGet
                0x00000000000184b0                msdPolicyRouteDestSet
                0x0000000000018510                msdPolicyRouteDestGet
                0x0000000000018570                msdPolicyMirrorDestSet
                0x00000000000185d0                msdPolicyMirrorDestGet
                0x0000000000018630                msdPolicyIllegalIPAddrSet
                0x0000000000018690                msdPolicyIllegalIPAddrGet
                0x00000000000186f0                msdPolicyDipDaMismatchSet
                0x0000000000018750                msdPolicyDipDaMismatchGet
                0x00000000000187b0                msdPolicyZeroSIPSet
                0x0000000000018810                msdPolicyZeroSIPGet
                0x0000000000018870                msdPolicyMcTtlExceededSet
                0x00000000000188d0                msdPolicyMcTtlExceededGet
                0x0000000000018930                msdPolicyUcTtlExceededSet
                0x0000000000018990                msdPolicyUcTtlExceededGet
                0x00000000000189f0                msdPortTtlThresholdSet
                0x0000000000018a50                msdPortTtlThresholdGet
                0x0000000000018ab0                msdPolicyIpHdrErrSet
                0x0000000000018b10                msdPolicyIpHdrErrGet
                0x0000000000018b70                msdPolicyTCPFinUrgPshSet
                0x0000000000018bd0                msdPolicyTCPFinUrgPshGet
                0x0000000000018c30                msdPolicyTCPFlagsSeqNumSet
                0x0000000000018c90                msdPolicyTCPFlagsSeqNumGet
                0x0000000000018cf0                msdPolicyTCPSYNSet
                0x0000000000018d50                msdPolicyTCPSYNGet
                0x0000000000018db0                msdPolicyTCPHSizeSet
                0x0000000000018e10                msdPolicyTCPHSizeGet
                0x0000000000018e70                msdPortTCPMinHdrSizeSet
                0x0000000000018ed0                msdPortTCPMinHdrSizeGet
                0x0000000000018f30                msdPolicyICMPSizeSet
                0x0000000000018f90                msdPolicyICMPSizeGet
                0x0000000000018ff0                msdPortICMPMaxSizeSet
                0x0000000000019050                msdPortICMPMaxSizeGet
                0x00000000000190b0                msdPolicyUDPPortSet
                0x0000000000019110                msdPolicyUDPPortGet
                0x0000000000019170                msdPolicyTCPPortSet
                0x00000000000191d0                msdPolicyTCPPortGet
                0x0000000000019230                msdPolicyTCPSynFinSet
                0x0000000000019290                msdPolicyTCPSynFinGet
                0x00000000000192f0                msdPolicyTCPFragSet
                0x0000000000019350                msdPolicyTCPFragGet
                0x00000000000193b0                msdPolicyNearNonTPMRSet
                0x0000000000019410                msdPolicyNearNonTPMRGet
                0x0000000000019470                msdPolicyETagSet
                0x00000000000194d0                msdPolicyETagGet
                0x0000000000019530                msdPolicyNonETagSet
                0x0000000000019590                msdPolicyNonETagGet
                0x00000000000195f0                msdPolicyDump
                0x0000000000019640                msdTcamRCEntryAdd
                0x00000000000196a0                msdTcamRCAllDelete
                0x00000000000196f0                msdTcamRCEntryDelete
                0x0000000000019740                msdTcamRCEntryRead
                0x00000000000197a0                msdTcamRCEntryGetNext
                0x0000000000019800                msdTcamRCEntryFind
                0x0000000000019860                msdTcamRCDump
                0x00000000000198b0                msdTcamRCCompAdd
                0x0000000000019910                msdTcamRCCompAllDelete
                0x0000000000019960                msdTcamRCCompFlushPort
                0x00000000000199b0                msdTcamRCCompRead
                0x0000000000019a10                msdStreamFilterFlushAll
                0x0000000000019a60                msdStreamFilterSet
                0x0000000000019ac0                msdStreamFilterBlockStatusSet
                0x0000000000019b20                msdStreamFilterBlockStatusGet
                0x0000000000019b80                msdStreamFilterEnAtsSet
                0x0000000000019be0                msdStreamFilterEnGateSet
                0x0000000000019c40                msdStreamFilterMatchCounterGet
                0x0000000000019ca0                msdStreamFilterFiltedCounterGet
                0x0000000000019d00                msdStreamGateFiltedCounterGet
                0x0000000000019d60                msdFlowMeterFiltedCounterGet
                0x0000000000019dc0                msdStreamGateFlushAll
                0x0000000000019e10                msdStreamGateDefStateSet
                0x0000000000019e80                msdStreamGateScaleSet
                0x0000000000019ee0                msdStreamGateTimeGenIdSet
                0x0000000000019f40                msdStreamGateEntryAdd
                0x0000000000019fa0                msdStreamGateTimeGenFlushAll
                0x0000000000019ff0                msdStreamGateTimeGenSet
                0x000000000001a050                msdFlowMeterFlushAll
                0x000000000001a0a0                msdFlowMeterCouplingFlagSet
                0x000000000001a100                msdFlowMeterCouplingFlagGet
                0x000000000001a160                msdFlowMeterDropOnYelSet
                0x000000000001a1c0                msdFlowMeterDropOnYelGet
                0x000000000001a220                msdFlowMeterRedBlockEnSet
                0x000000000001a280                msdFlowMeterRedBlockEnGet
                0x000000000001a2e0                msdFlowMeterRedBlockStatusSet
                0x000000000001a340                msdFlowMeterRedBlockStatusGet
                0x000000000001a3a0                msdFlowMeterAdvConfig
                0x000000000001a410                msdQcrFlushOne
                0x000000000001a460                msdQcrFlushAll
                0x000000000001a4b0                msdQcrSetGrpId
                0x000000000001a510                msdQcrGetGrpId
                0x000000000001a570                msdQcrSetCbsLimit
                0x000000000001a5d0                msdQcrGetCbsLimit
                0x000000000001a630                msdQcrSetRateLimit
                0x000000000001a690                msdQcrGetRateLimit
                0x000000000001a6f0                msdQcrSetMaxResidenceTime
                0x000000000001a750                msdQcrGetMaxResidenceTime
                0x000000000001a7b0                msdQcrSetQueueEnables
                0x000000000001a810                msdQcrGetQueueEnables
                0x000000000001a870                msdFrerSeqGenFlushAll
                0x000000000001a8c0                msdFrerSeqGenFlushEntry
                0x000000000001a910                msdFrerSeqGenRead
                0x000000000001a970                msdFrerSeqGenLoad
                0x000000000001a9c0                msdFrerIndvRcvyFlushAll
                0x000000000001aa10                msdFrerIndvRcvyFlushEntry
                0x000000000001aa60                msdFrerIndvRcvyRead
                0x000000000001aac0                msdFrerIndvRcvyLoad
                0x000000000001ab10                msdFrerIndvRcvyGetNext
                0x000000000001ab70                msdFrerIndvRcvyReadClear
                0x000000000001abd0                msdFrerSeqRcvyFlushAll
                0x000000000001ac20                msdFrerSeqRcvyFlushEntry
                0x000000000001ac70                msdFrerSeqRcvyRead
                0x000000000001ace0                msdFrerSeqRcvyLoad
                0x000000000001ad30                msdFrerSeqRcvyGetNext
                0x000000000001ada0                msdFrerSeqRcvyGetViolation
                0x000000000001ae10                msdFrerSeqRcvyReadClear
                0x000000000001ae80                msdFrerBank0SCtrFlushAll
                0x000000000001aed0                msdFrerBank0SCtrFlushCtr
                0x000000000001af20                msdFrerBank0SCtrRead
                0x000000000001af80                msdFrerBank0SCtrLoad
                0x000000000001afd0                msdFrerBank0SCtrGetNext
                0x000000000001b030                msdFrerBank0SCtrReadClear
                0x000000000001b090                msdFrerBank1SCtrFlushAll
                0x000000000001b0e0                msdFrerBank1SCtrFlushCtr
                0x000000000001b130                msdFrerBank1SCtrRead
                0x000000000001b190                msdFrerBank1SCtrLoad
                0x000000000001b1e0                msdFrerBank1SCtrGetNext
                0x000000000001b240                msdFrerBank1SCtrReadClear
                0x000000000001b2a0                msdMacSecRead
                0x000000000001b310                msdMacSecWrite
                0x000000000001b380                msdMacSecFlushAll
                0x000000000001b3d0                msdMacSecGetEvent
                0x000000000001b420                msdMacSecCreateRule
                0x000000000001b480                msdMacSecDeleteRule
                0x000000000001b4d0                msdMacSecGetRule
                0x000000000001b530                msdMacSecCreateRxSecY
                0x000000000001b590                msdMacSecCreateTxSecY
                0x000000000001b5f0                msdMacSecDeleteTxSecY
                0x000000000001b640                msdMacSecDeleteRxSecY
                0x000000000001b690                msdMacSecGetTxSecY
                0x000000000001b6f0                msdMacSecGetRxSecY
                0x000000000001b750                msdMacSecCreateRxSC
                0x000000000001b7b0                msdMacSecDeleteRxSC
                0x000000000001b800                msdMacSecGetRxSC
                0x000000000001b860                msdMacSecCreateRxSA
                0x000000000001b8c0                msdMacSecDeleteRxSA
                0x000000000001b910                msdMacSecGetRxSA
                0x000000000001b970                msdMacSecCreateTxSC
                0x000000000001b9d0                msdMacSecDeleteTxSC
                0x000000000001ba20                msdMacSecGetTxSC
                0x000000000001ba80                msdMacSecCreateTxSA
                0x000000000001bae0                msdMacSecDeleteTxSA
                0x000000000001bb30                msdMacSecGetTxSA
                0x000000000001bb90                msdMacSecGetRXSCStates
                0x000000000001bbf0                msdMacSecGetRXSecYStates
                0x000000000001bc50                msdMacSecGetTXSCStates
                0x000000000001bcb0                msdMacSecGetTXSecYStates
                0x000000000001bd10                msdMacSecEnableEgressSet
                0x000000000001bd70                msdMacSecEnableIngressSet
                0x000000000001bdd0                msdMacSecEnableIngressGet
                0x000000000001be30                msdMacSecEnableEgressGet
                0x000000000001be90                msdMacSecSetTxPNThreshold
                0x000000000001bee0                msdMacSecGetTxPNThreshold
                0x000000000001bf30                msdMacSecSetTxXPNThreshold
                0x000000000001bf80                msdMacSecGetTxXPNThreshold
                0x000000000001bfd0                msdMacSecSetRxDefaultSCI
                0x000000000001c030                msdMacSecGetRxDefaultSCI
                0x000000000001c090                msdMacSecSetTxSCIntCtrl
                0x000000000001c0f0                msdMacSecGetTxSCIntCtrl
                0x000000000001c150                msdMacSecGetNextTxSCIntStatus
 .text          0x000000000001c1c0      0x518 /home/roscube/Desktop/UMSD_v7.0.0_comb/UMSD_v7.0.0/obj/src/platform/msdDrv_obj/platform.o
                0x000000000001c1c0                msdSemCreate
                0x000000000001c200                msdSemDelete
                0x000000000001c240                msdSemTake
                0x000000000001c370                msdSemGive
                0x000000000001c3f0                msdSetStringPrintCallback
                0x000000000001c400                msdDbgPrint
                0x000000000001c540                msdDbgLvlSet
                0x000000000001c610                msdDisplayStatus
 *fill*         0x000000000001c6d8        0x8 
 .text          0x000000000001c6e0      0x164 /home/roscube/Desktop/UMSD_v7.0.0_comb/UMSD_v7.0.0/obj/src/utils/msdDrv_obj/utils.o
                0x000000000001c6e0                msdMemSet
                0x000000000001c710                msdMemCpy
                0x000000000001c740                msdMemCmp
                0x000000000001c780                msdStrlen
                0x000000000001c7c0                msd_isBigEndian
                0x000000000001c7d0                msd_htonl
                0x000000000001c7e0                msd_htons
                0x000000000001c7f0                msd_ntohl
                0x000000000001c800                msd_ntohs
                0x000000000001c810                msdLong2Char
                0x000000000001c830                msdShort2Char
 *fill*         0x000000000001c844        0xc 
 .text          0x000000000001c850    0x15e6c /home/roscube/Desktop/UMSD_v7.0.0_comb/UMSD_v7.0.0/obj/dev/topaz/msdDrv_Topaz.o
                0x000000000001c850                Topaz_msdSetSMIC45PhyReg
                0x000000000001c9d0                Topaz_msdGetSMIC45PhyReg
                0x000000000001cb50                Topaz_msdSetSMIPhyReg
                0x000000000001cc40                Topaz_msdGetSMIPhyReg
                0x000000000001cd90                Topaz_msdSetSMIPhyRegField
                0x000000000001ce80                Topaz_msdGetSMIPhyRegField
                0x000000000001cf20                Topaz_msdSetPagedPhyRegField
                0x000000000001cfa0                Topaz_msdGetPagedPhyRegField
                0x000000000001d070                Topaz_msdWritePagedPhyReg
                0x000000000001d0d0                Topaz_msdReadPagedPhyReg
                0x000000000001d130                Topaz_msdSetSMIPhyXMDIOReg
                0x000000000001d240                Topaz_msdGetSMIPhyXMDIOReg
                0x000000000001d390                Topaz_msdPhyReset
                0x000000000001d550                Topaz_msdSetSMIExtPhyReg
                0x000000000001d640                Topaz_msdGetSMIExtPhyReg
                0x000000000001d790                Topaz_msdWritePagedExtPhyReg
                0x000000000001d7f0                Topaz_msdReadPagedExtPhyReg
                0x000000000001d850                Topaz_msdSetSMIExtPhyXMDIOReg
                0x000000000001d940                Topaz_msdGetSMIExtPhyXMDIOReg
                0x000000000001e930                Topaz_gtcamFlushAll
                0x000000000001e980                Topaz_gtcamFlushEntry
                0x000000000001e9e0                Topaz_gtcamLoadEntry
                0x000000000001ea60                Topaz_gtcamReadTCAMData
                0x000000000001eaf0                Topaz_gtcamGetNextTCAMData
                0x000000000001eb90                Topaz_gtcamFindEntry
                0x000000000001ec60                Topaz_gtcamSetMode
                0x000000000001ecc0                Topaz_gtcamGetMode
                0x000000000001ed50                Topaz_gtcamAddEntryPort
                0x000000000001ee40                Topaz_gtcamRemoveEntryPort
                0x000000000001ef30                Topaz_gtcamDump
                0x000000000001f2d0                Topaz_gtcamAdvConfig
                0x000000000001ffc0                Topaz_gvctGetAdvCableDiag
                0x0000000000020430                Topaz_gvctGetAdvExtendedStatus
                0x0000000000020f80                Topaz_gfdbGetAtuEntryNext
                0x0000000000020fa0                Topaz_gfdbFlush
                0x0000000000021010                Topaz_gfdbFlushInDB
                0x00000000000210a0                Topaz_gfdbMove
                0x0000000000021190                Topaz_gfdbMoveInDB
                0x0000000000021290                Topaz_gfdbAddMacEntry
                0x0000000000021350                Topaz_gfdbDelAtuEntry
                0x00000000000213e0                Topaz_gfdbGetViolation
                0x00000000000214e0                Topaz_gfdbFindAtuMacEntry
                0x0000000000021610                Topaz_gfdbSetAgingTimeout
                0x0000000000021670                Topaz_gfdbGetAgingTimeout
                0x00000000000216e0                Topaz_gfdbGetLearn2All
                0x0000000000021760                Topaz_gfdbSetLearn2All
                0x0000000000021790                Topaz_gfdbSetPortLearnLimit
                0x00000000000218c0                Topaz_gfdbGetPortLearnLimit
                0x00000000000219d0                Topaz_gfdbGetPortLearnCount
                0x0000000000021a90                Topaz_gfdbGetEntryCount
                0x0000000000021ae0                Topaz_gfdbGetEntryCountPerFid
                0x0000000000021b30                Topaz_gfdbGetNonStaticEntryCount
                0x0000000000021b80                Topaz_gfdbGetNonStaticEntryCountPerFid
                0x0000000000022270                Topaz_gvtuGetEntryNext
                0x0000000000022380                Topaz_gvtuFlush
                0x00000000000223a0                Topaz_gvtuAddEntry
                0x00000000000224c0                Topaz_gvtuDelEntry
                0x0000000000022520                Topaz_gvtuGetViolation
                0x0000000000022630                Topaz_gvtuFindVidEntry
                0x00000000000227a0                Topaz_gvtuDump
                0x0000000000022eb0                Topaz_gstuGetEntryNext
                0x0000000000022f90                Topaz_gstuAddEntry
                0x0000000000023060                Topaz_gstuDelEntry
                0x00000000000230c0                Topaz_gstuFindSidEntry
                0x00000000000231c0                Topaz_gstuDump
                0x0000000000023550                Topaz_gpirlInitialize
                0x0000000000023570                Topaz_gpirlInitResource
                0x00000000000235f0                Topaz_gpirlCustomSetup
                0x0000000000023970                Topaz_gpirlReadResource
                0x0000000000023ba0                Topaz_gpirlWriteResource
                0x0000000000023e00                Topaz_gpirlGetResReg
                0x0000000000023eb0                Topaz_gpirlSetResReg
                0x0000000000024340                Topaz_gstatsFlushAll
                0x0000000000024360                Topaz_gstatsFlushPort
                0x00000000000243a0                Topaz_gstatsGetPortCounter
                0x0000000000024400                Topaz_gstatsGetPortAllCounters
                0x0000000000024450                Topaz_gstatsGetHistogramMode
                0x0000000000024500                Topaz_gstatsSetHistogramMode
                0x0000000000024540                Topaz_gmibDump
                0x0000000000024c40                Topaz_impRun
                0x0000000000024d20                Topaz_impReset
                0x0000000000024e20                Topaz_impWriteEEPROM
                0x0000000000024f20                Topaz_impLoadToEEPROM
                0x0000000000025070                Topaz_impLoadToRAM
                0x00000000000251d0                Topaz_impStop
                0x00000000000254c0                Topaz_gphyReset
                0x0000000000025590                Topaz_serdesReset
                0x0000000000025650                Topaz_gphySetPortLoopback
                0x0000000000025740                Topaz_gphySetPortSpeed
                0x00000000000258d0                Topaz_gphyPortPowerDown
                0x00000000000259c0                Topaz_gphySetPortDuplexMode
                0x0000000000025ae0                Topaz_gphySetPortAutoMode
                0x0000000000025bb0                Topaz_gphySetEEE
                0x0000000000025cb0                Topaz_gphySetFlowControlEnable
                0x0000000000025dd0                Topaz_gphySetIntEnable
                0x0000000000025e40                Topaz_gphyGetIntEnable
                0x0000000000025ee0                Topaz_gphyGetIntStatus
                0x0000000000025f80                Topaz_gprtSetForceDefaultVid
                0x0000000000025fe0                Topaz_gprtGetForceDefaultVid
                0x0000000000026070                Topaz_gvlnSetPortVid
                0x00000000000260d0                Topaz_gvlnGetPortVid
                0x0000000000026160                Topaz_gvlnSetPortVlanDot1qMode
                0x00000000000261c0                Topaz_gvlnGetPortVlanDot1qMode
                0x0000000000026250                Topaz_gprtSetDiscardTagged
                0x00000000000262b0                Topaz_gprtGetDiscardTagged
                0x0000000000026340                Topaz_gprtSetDiscardUntagged
                0x00000000000263a0                Topaz_gprtGetDiscardUntagged
                0x0000000000026430                Topaz_gprtSetUnicastFloodBlock
                0x0000000000026490                Topaz_gprtGetUnicastFloodBlock
                0x0000000000026520                Topaz_gprtSetMulticastFloodBlock
                0x0000000000026580                Topaz_gprtGetMulticastFloodBlock
                0x0000000000026610                Topaz_gprtSetDiscardBCastMode
                0x0000000000026670                Topaz_gprtGetDiscardBCastMode
                0x0000000000026710                Topaz_gprtSetIGMPSnoopEnable
                0x0000000000026770                Topaz_gprtGetIGMPSnoopEnable
                0x0000000000026810                Topaz_gprtGetHeaderMode
                0x00000000000268b0                Topaz_gprtSetHeaderMode
                0x0000000000026910                Topaz_gprtGetDropOnLock
                0x00000000000269b0                Topaz_gprtSetDropOnLock
                0x0000000000026a10                Topaz_gprtSetJumboMode
                0x0000000000026a80                Topaz_gprtGetJumboMode
                0x0000000000026b10                Topaz_gprtSetLearnEnable
                0x0000000000026b80                Topaz_gprtGetLearnEnable
                0x0000000000026c10                Topaz_gprtGetVTUPriorityOverride
                0x0000000000026ca0                Topaz_gprtSetVTUPriorityOverride
                0x0000000000026d00                Topaz_gprtGetSAPriorityOverride
                0x0000000000026d90                Topaz_gprtSetSAPriorityOverride
                0x0000000000026df0                Topaz_gprtGetDAPriorityOverride
                0x0000000000026e80                Topaz_gprtSetDAPriorityOverride
                0x0000000000026ee0                Topaz_gprtGetMessagePort
                0x0000000000026f70                Topaz_gprtSetMessagePort
                0x0000000000026fd0                Topaz_gprtGetEtherType
                0x0000000000027020                Topaz_gprtSetEtherType
                0x0000000000027070                Topaz_gprtSetTrunkPort
                0x0000000000027110                Topaz_gprtGetTrunkPort
                0x00000000000271f0                Topaz_gprtSetFlowCtrl
                0x0000000000027260                Topaz_gprtGetFlowCtrl
                0x0000000000027310                Topaz_gprtSetEgressMonitorSource
                0x0000000000027370                Topaz_gprtGetEgressMonitorSource
                0x0000000000027400                Topaz_gprtSetIngressMonitorSource
                0x0000000000027460                Topaz_gprtGetIngressMonitorSource
                0x00000000000274f0                Topaz_grcSetELimitMode
                0x0000000000027550                Topaz_grcSetEgressRate
                0x0000000000027700                Topaz_grcGetELimitMode
                0x0000000000027790                Topaz_grcGetEgressRate
                0x00000000000278d0                Topaz_gprtSetDuplex
                0x0000000000027940                Topaz_gprtGetDuplex
                0x0000000000027a10                Topaz_gprtGetDuplexStatus
                0x0000000000027aa0                Topaz_gprtGetForceLink
                0x0000000000027b60                Topaz_gprtSetForceLink
                0x0000000000027bd0                Topaz_gprtGetLinkState
                0x0000000000027c60                Topaz_gprtSetForceSpeed
                0x0000000000027ed0                Topaz_gprtGetForceSpeed
                0x0000000000028050                Topaz_gprtGetSpeed
                0x00000000000281d0                Topaz_gprtGetVlanPorts
                0x0000000000028290                Topaz_gprtSetVlanPorts
                0x0000000000028340                Topaz_gprtGetFrameMode
                0x00000000000283d0                Topaz_gprtSetFrameMode
                0x0000000000028430                Topaz_gprtSetEgressMode
                0x0000000000028490                Topaz_gprtGetEgressMode
                0x0000000000028520                Topaz_gprtGetPortState
                0x00000000000285b0                Topaz_gprtSetPortState
                0x0000000000028610                Topaz_gprtSetCutThrouthEnable
                0x0000000000028680                Topaz_gprtGetCutThrouthEnable
                0x0000000000028710                Topaz_gprtSetIgnoreFcs
                0x0000000000028770                Topaz_gprtGetIgnoreFcs
                0x0000000000028800                Topaz_gprtSetAllowBadFcs
                0x0000000000028860                Topaz_gprtGetAllowBadFcs
                0x00000000000288f0                Topaz_gprtSetPauseLimitOut
                0x0000000000028950                Topaz_gprtGetPauseLimitOut
                0x00000000000289b0                Topaz_gprtSetPauseLimitIn
                0x0000000000028a10                Topaz_gprtGetPauseLimitIn
                0x0000000000028a70                Topaz_gprtGetOutQueueSize
                0x0000000000028b10                Topaz_gprtSetMapDA
                0x0000000000028b70                Topaz_gprtGetMapDA
                0x0000000000028c00                Topaz_gprtSetPortLocked
                0x0000000000028c60                Topaz_gprtGetPortLocked
                0x0000000000028cf0                Topaz_gprtSetHoldAt1
                0x0000000000028d50                Topaz_gprtGetHoldAt1
                0x0000000000028de0                Topaz_gprtSetInt0nAgeOut
                0x0000000000028e40                Topaz_gprtGetInt0nAgeOut
                0x0000000000028ed0                Topaz_gprtSetRefreshLocked
                0x0000000000028f30                Topaz_gprtGetRefreshLocked
                0x0000000000028fc0                Topaz_gprtSetIgnoreWrongData
                0x0000000000029020                Topaz_gprtGetIgnoreWrongData
                0x00000000000290b0                Topaz_gprtSetARPMirror
                0x0000000000029110                Topaz_gprtGetARPMirror
                0x00000000000291a0                Topaz_gprtRegDump
                0x00000000000292a0                Topaz_gqosSetPrioMapRule
                0x0000000000029300                Topaz_gqosGetPrioMapRule
                0x0000000000029390                Topaz_gprtSetInitialPri
                0x0000000000029400                Topaz_gprtGetInitialPri
                0x00000000000294c0                Topaz_gprtSetDefQpri
                0x0000000000029520                Topaz_gprtGetDefQpri
                0x00000000000295c0                Topaz_gprtSetDefFpri
                0x0000000000029620                Topaz_gprtGetDefFpri
                0x00000000000299c0                Topaz_gqavSetPortQpriXRate
                0x0000000000029a60                Topaz_gqavGetPortQpriXRate
                0x0000000000029b00                Topaz_gqavSetPortQpriXHiLimit
                0x0000000000029bb0                Topaz_gqavGetPortQpriXHiLimit
                0x0000000000029c50                Topaz_gprtSetQueueCtrl
                0x0000000000029d60                Topaz_gprtGetQueueCtrl
                0x0000000000029ea0                Topaz_gprtSetPortSched
                0x0000000000029f00                Topaz_gprtGetPortSched
                0x0000000000029fd0                Topaz_gsysSetQoSWeight
                0x000000000002a280                Topaz_gsysGetQoSWeight
                0x000000000002a760                Topaz_gsysSetTrunkMaskTable
                0x000000000002a890                Topaz_gsysGetTrunkMaskTable
                0x000000000002a9f0                Topaz_gsysSetHashTrunk
                0x000000000002aa20                Topaz_gsysGetHashTrunk
                0x000000000002aa90                Topaz_gsysSetTrunkRouting
                0x000000000002abb0                Topaz_gsysGetTrunkRouting
                0x000000000002ad00                Topaz_gsysSetFloodBC
                0x000000000002ad30                Topaz_gsysGetFloodBC
                0x000000000002ada0                Topaz_gsysSetMonitorMgmtCtrl
                0x000000000002add0                Topaz_gsysGetMonitorMgmtCtrl
                0x000000000002adf0                Topaz_gsysSetCPUDest
                0x000000000002aeb0                Topaz_gsysGetCPUDest
                0x000000000002af40                Topaz_gsysSetIngressMonitorDest
                0x000000000002afa0                Topaz_gsysGetIngressMonitorDest
                0x000000000002b020                Topaz_gsysSetEgressMonitorDest
                0x000000000002b080                Topaz_gsysGetEgressMonitorDest
                0x000000000002b100                Topaz_gsysSetRsvd2CpuEnables
                0x000000000002b140                Topaz_gsysGetRsvd2CpuEnables
                0x000000000002b1c0                Topaz_gsysSetMGMTPri
                0x000000000002b260                Topaz_gsysGetMGMTPri
                0x000000000002b2c0                Topaz_gsysSetSMISetup
                0x000000000002b3e0                Topaz_gsysGetSMISetup
                0x000000000002b4f0                Topaz_gsysGlobal1RegDump
                0x000000000002b5c0                Topaz_gsysGlobal2RegDump
                0x000000000002b690                Topaz_gsysSetRMUMode
                0x000000000002b750                Topaz_gsysGetRMUMode
                0x000000000002b7e0                Topaz_gsysQbvWrite
                0x000000000002b8f0                Topaz_gsysQbvRead
                0x000000000002b9f0                Topaz_gsysDevIntEnableSet
                0x000000000002ba50                Topaz_gsysDevIntEnableGet
                0x000000000002bae0                Topaz_gsysDevIntStatusGet
                0x000000000002bb60                Topaz_gsysActiveIntEnableSet
                0x000000000002bc20                Topaz_gsysActiveIntEnableGet
                0x000000000002bcb0                Topaz_gsysActiveIntStatusGet
                0x000000000002c310                Topaz_msdRmuGetID
                0x000000000002c440                Topaz_msdRmuAtuDump
                0x000000000002c650                Topaz_msdRmuMib2Dump
                0x000000000002ca80                Topaz_msdRmuReadRegister
                0x000000000002cab0                Topaz_msdRmuWriteRegister
                0x000000000002cad0                Topaz_msdRmuMultiRegAccess
                0x000000000002ccc0                Topaz_msdRmuTCAMDump
                0x000000000002ce30                Topaz_msdRmuTCAMWrite
                0x000000000002cfe0                Topaz_msdRmuTCAMRead
                0x000000000002d190                Topaz_msdRmuRegDump
                0x000000000002d260                Topaz_gtcamLoadEntryIntf
                0x000000000002d3d0                Topaz_gtcamReadTCAMDataIntf
                0x000000000002d560                Topaz_gtcamGetNextTCAMDataIntf
                0x000000000002d6f0                Topaz_gtcamFindEntryIntf
                0x000000000002d8c0                Topaz_gtcamSetModeIntf
                0x000000000002d8d0                Topaz_gtcamGetModeIntf
                0x000000000002d930                Topaz_gtcamAdvConfigIntf
                0x000000000002dad0                Topaz_gvctGetAdvCableDiagIntf
                0x000000000002dbd0                Topaz_gvctGetAdvExtendedStatusIntf
                0x000000000002dc70                Topaz_gfdbAddMacEntryIntf
                0x000000000002dcf0                Topaz_gfdbFlushIntf
                0x000000000002dd00                Topaz_gfdbFlushInDBIntf
                0x000000000002dd10                Topaz_gfdbMoveIntf
                0x000000000002dd20                Topaz_gfdbMoveInDBIntf
                0x000000000002dd30                Topaz_gfdbPortRemoveIntf
                0x000000000002dd60                Topaz_gfdbPortRemoveInDBIntf
                0x000000000002dd90                Topaz_gfdbGetAtuEntryNextIntf
                0x000000000002de60                Topaz_gfdbGetViolationIntf
                0x000000000002df40                Topaz_gfdbFindAtuMacEntryIntf
                0x000000000002e030                Topaz_gfdbDump
                0x000000000002e1a0                Topaz_gvtuFindVidEntryIntf
                0x000000000002e310                Topaz_gvtuGetEntryNextIntf
                0x000000000002e410                Topaz_gvtuExistVidEntryIntf
                0x000000000002e4a0                Topaz_gvtuFlushIntf
                0x000000000002e4b0                Topaz_gvtuAddEntryIntf
                0x000000000002e5b0                Topaz_gvtuDelEntryIntf
                0x000000000002e620                Topaz_gvtuGetViolationIntf
                0x000000000002e6e0                Topaz_gvtuGetEntryCountIntf
                0x000000000002e780                Topaz_gvtuSetMemberTagIntf
                0x000000000002e850                Topaz_gvtuGetMemberTagIntf
                0x000000000002e910                Topaz_gstuAddEntryIntf
                0x000000000002e9e0                Topaz_gstuGetEntryNextIntf
                0x000000000002ea90                Topaz_gstuDelEntryIntf
                0x000000000002eaf0                Topaz_gstuFindSidEntryIntf
                0x000000000002ec20                Topaz_gstuGetEntryCountIntf
                0x000000000002ecc0                Topaz_gpirlInitializeIntf
                0x000000000002ecd0                Topaz_gpirlInitResourceIntf
                0x000000000002ece0                Topaz_gpirlCustomSetupIntf
                0x000000000002eda0                Topaz_gpirlReadResourceIntf
                0x000000000002ee80                Topaz_gpirlWriteResourceIntf
                0x000000000002ef60                Topaz_gpirlGetResRegIntf
                0x000000000002ef70                Topaz_gpirlSetResRegIntf
                0x000000000002ef80                Topaz_gpirlAdvConfigIntf
                0x000000000002f0a0                Topaz_gpirlAdvConfigDisableIntf
                0x000000000002f120                Topaz_gstatsGetPortCounterIntf
                0x000000000002f130                Topaz_gstatsGetPortAllCountersIntf
                0x000000000002f330                Topaz_gstatsGetHistogramModeIntf
                0x000000000002f340                Topaz_gstatsSetHistogramModeIntf
                0x000000000002f350                Topaz_impRunIntf
                0x000000000002f360                Topaz_impResetIntf
                0x000000000002f370                Topaz_impWriteEEPROMIntf
                0x000000000002f380                Topaz_impLoadToEEPROMIntf
                0x000000000002f390                Topaz_impLoadToRAMIntf
                0x000000000002f3a0                Topaz_impStopIntf
                0x000000000002f3b0                Topaz_EEPROMWrite
                0x000000000002f530                Topaz_EEPROMRead
                0x000000000002f6b0                Topaz_gphySetPortSpeedIntf
                0x000000000002f6c0                Topaz_gphySetPortAutoModeIntf
                0x000000000002f6d0                Topaz_gvlnSetPortVlanDot1qModeIntf
                0x000000000002f6e0                Topaz_gvlnGetPortVlanDot1qModeIntf
                0x000000000002f6f0                Topaz_gprtSetDiscardTaggedIntf
                0x000000000002f700                Topaz_gprtGetDiscardTaggedIntf
                0x000000000002f710                Topaz_gprtSetDiscardUntaggedIntf
                0x000000000002f720                Topaz_gprtGetDiscardUntaggedIntf
                0x000000000002f730                Topaz_gprtSetUnicastFloodBlockIntf
                0x000000000002f740                Topaz_gprtGetUnicastFloodBlockIntf
                0x000000000002f750                Topaz_gprtSetMulticastFloodBlockIntf
                0x000000000002f760                Topaz_gprtGetMulticastFloodBlockIntf
                0x000000000002f770                Topaz_gprtSetDiscardBCastModeIntf
                0x000000000002f780                Topaz_gprtGetDiscardBCastModeIntf
                0x000000000002f790                Topaz_gprtSetJumboModeIntf
                0x000000000002f7a0                Topaz_gprtGetJumboModeIntf
                0x000000000002f7b0                Topaz_gprtSetLearnEnableIntf
                0x000000000002f7c0                Topaz_gprtGetLearnEnableIntf
                0x000000000002f7d0                Topaz_gprtGetVTUPriorityOverrideIntf
                0x000000000002f7e0                Topaz_gprtSetVTUPriorityOverrideIntf
                0x000000000002f7f0                Topaz_gprtGetSAPriorityOverrideIntf
                0x000000000002f800                Topaz_gprtSetSAPriorityOverrideIntf
                0x000000000002f810                Topaz_gprtGetDAPriorityOverrideIntf
                0x000000000002f820                Topaz_gprtSetDAPriorityOverrideIntf
                0x000000000002f830                Topaz_gprtSetFlowCtrlIntf
                0x000000000002f860                Topaz_gprtGetFlowCtrlIntf
                0x000000000002f870                Topaz_gprtSetForceSpeedIntf
                0x000000000002f8b0                Topaz_gprtGetForceSpeedIntf
                0x000000000002f8c0                Topaz_grcSetEgressRateIntf
                0x000000000002f8d0                Topaz_grcGetEgressRateIntf
                0x000000000002f8e0                Topaz_grcSetELimitModeIntf
                0x000000000002f8f0                Topaz_grcGetELimitModeIntf
                0x000000000002f900                Topaz_gprtSetDuplexIntf
                0x000000000002f910                Topaz_gprtGetDuplexIntf
                0x000000000002f920                Topaz_gprtGetDuplexStatusIntf
                0x000000000002f930                Topaz_gprtGetForceLinkIntf
                0x000000000002f940                Topaz_gprtSetForceLinkIntf
                0x000000000002f950                Topaz_gprtGetSpeedIntf
                0x000000000002f960                Topaz_gprtGetFrameModeIntf
                0x000000000002f970                Topaz_gprtSetFrameModeIntf
                0x000000000002f980                Topaz_gprtSetEgressModeIntf
                0x000000000002f9a0                Topaz_gprtGetEgressModeIntf
                0x000000000002f9b0                Topaz_gprtGetPortStateIntf
                0x000000000002f9c0                Topaz_gprtSetPortStateIntf
                0x000000000002f9d0                Topaz_gprtSetCutThrouthEnableIntf
                0x000000000002f9e0                Topaz_gprtGetCutThrouthEnableIntf
                0x000000000002f9f0                Topaz_gqosSetPrioMapRuleIntf
                0x000000000002fa00                Topaz_gqosGetPrioMapRuleIntf
                0x000000000002fa10                Topaz_gprtSetInitialPriIntf
                0x000000000002fa20                Topaz_gprtGetInitialPriIntf
                0x000000000002fa30                Topaz_gprtSetDefQpriIntf
                0x000000000002fa40                Topaz_gprtGetDefQpriIntf
                0x000000000002fa50                Topaz_gprtSetQueueCtrlIntf
                0x000000000002fa60                Topaz_gprtGetQueueCtrlIntf
                0x000000000002fa70                Topaz_gprtSetPortSchedIntf
                0x000000000002fab0                Topaz_gprtGetPortSchedIntf
                0x000000000002fac0                Topaz_gsysSetQoSWeightIntf
                0x000000000002fbc0                Topaz_gsysGetQoSWeightIntf
                0x000000000002fcc0                Topaz_EEPROMWriteIntf
                0x000000000002fcd0                Topaz_EEPROMReadIntf
                0x000000000002fce0                Topaz_msdRmuGetIDIntf
                0x000000000002fcf0                Topaz_msdRmuAtuDumpIntf
                0x000000000002fe40                Topaz_msdRmuMib2DumpIntf
                0x0000000000030040                Topaz_msdRmuReadRegisterIntf
                0x0000000000030050                Topaz_msdRmuWriteRegisterIntf
                0x0000000000030070                Topaz_msdRmuMultiRegAccessIntf
                0x0000000000030080                Topaz_msdRmuTCAMDumpIntf
                0x00000000000302e0                Topaz_msdRmuTCAMWriteIntf
                0x0000000000030450                Topaz_msdRmuTCAMReadIntf
                0x00000000000309a0                Topaz_gptpSetIntEnable
                0x0000000000030a80                Topaz_gptpGetIntEnable
                0x0000000000030b20                Topaz_gptpSetProtPTPEn
                0x0000000000030be0                Topaz_gptpGetProtPTPEn
                0x0000000000030c70                Topaz_gptpSetPortConfig
                0x0000000000030e50                Topaz_gptpGetPortConfig
                0x0000000000031010                Topaz_gptpGetTimeStamp
                0x0000000000031110                Topaz_gptpGetTSValidSt
                0x00000000000311d0                Topaz_gptpResetTimeStamp
                0x0000000000031290                Topaz_gptpSetGlobalConfig
                0x0000000000031350                Topaz_gptpGetGlobalConfig
                0x0000000000031410                Topaz_gptpGetIntStatus
                0x0000000000031490                Topaz_gptpSetIntEnableIntf
                0x00000000000314f0                Topaz_gptpGetIntEnableIntf
                0x0000000000031550                Topaz_gptpSetPortConfigIntf
                0x00000000000315d0                Topaz_gptpGetPortConfigIntf
                0x0000000000031650                Topaz_gptpGetTimeStampIntf
                0x00000000000316c0                Topaz_gptpSetGlobalConfigIntf
                0x0000000000031720                Topaz_gptpGetGlobalConfigIntf
                0x0000000000031790                Topaz_gptpGetIntStatusIntf
                0x0000000000031a70                Topaz_gledForceOn
                0x0000000000031b30                Topaz_gledForceOff
                0x0000000000031c00                Topaz_gledLinkAct
                0x0000000000031ce0                Topaz_gledModeSet
                0x0000000000031e10                Topaz_gledModeGet
                0x0000000000031ea0                Topaz_gledBlinkRateSet
                0x0000000000031f50                Topaz_gledBlinkRateGet
                0x0000000000032030                Topaz_gledPulseStretchSet
                0x00000000000320e0                Topaz_gledPulseStretchGet
                0x00000000000321b0                Topaz_gledSpecialModeSet
                0x0000000000032260                Topaz_gledSpecialModeGet
                0x00000000000322d0                Topaz_gledCtrlSet
                0x0000000000032310                Topaz_gledCtrlGet
                0x0000000000032340                Topaz_gledDump
                0x00000000000325f0                Topaz_gledForceOnIntf
                0x0000000000032600                Topaz_gledForceOffIntf
                0x0000000000032610                Topaz_gledLinkActIntf
                0x0000000000032620                Topaz_gledModeSetIntf
                0x0000000000032630                Topaz_gledModeGetIntf
                0x0000000000032640                Topaz_gledBlinkRateSetIntf
                0x0000000000032650                Topaz_gledBlinkRateGetIntf
                0x0000000000032660                Topaz_gledPulseStretchSetIntf
                0x0000000000032670                Topaz_gledPulseStretchGetIntf
                0x0000000000032680                Topaz_gledSpecialModeSetIntf
                0x0000000000032690                Topaz_gledSpecialModeGetIntf
                0x00000000000326a0                Topaz_gledCtrlSetIntf
                0x00000000000326b0                Topaz_gledCtrlGetIntf
 *fill*         0x00000000000326bc        0x4 
 .text          0x00000000000326c0    0x1957c /home/roscube/Desktop/UMSD_v7.0.0_comb/UMSD_v7.0.0/obj/dev/peridot/msdDrv_Peridot.o
                0x00000000000326c0                Peridot_msdSetSMIC45PhyReg
                0x0000000000032840                Peridot_msdGetSMIC45PhyReg
                0x00000000000329c0                Peridot_msdSetSMIPhyReg
                0x0000000000032ab0                Peridot_msdGetSMIPhyReg
                0x0000000000032be0                Peridot_msdSetSMIPhyRegField
                0x0000000000032cd0                Peridot_msdGetSMIPhyRegField
                0x0000000000032d70                Peridot_msdSetPagedPhyRegField
                0x0000000000032df0                Peridot_msdGetPagedPhyRegField
[...]
 .text.unlikely
                0x00000000000000f0       0x28 /home/roscube/Desktop/UMSD_v7.0.0_comb/UMSD_v7.0.0/obj/dev/bonsaiz1/msdDrv_BonsaiZ1.o
 .text.unlikely
                0x0000000000000118       0x28 /home/roscube/Desktop/UMSD_v7.0.0_comb/UMSD_v7.0.0/obj/dev/fir/msdDrv_Fir.o
 .text.unlikely
                0x0000000000000140       0x28 /home/roscube/Desktop/UMSD_v7.0.0_comb/UMSD_v7.0.0/obj/dev/bonsai/msdDrv_Bonsai.o

.fini
 *(SORT_NONE(.fini))

.rodata         0x0000000000000000     0xc20c
 *(.rodata)
 .rodata        0x0000000000000000       0x7c /home/roscube/Desktop/UMSD_v7.0.0_comb/UMSD_v7.0.0/obj/src/driver/msdDrv_obj/driver.o
 .rodata        0x000000000000007c       0x84 /home/roscube/Desktop/UMSD_v7.0.0_comb/UMSD_v7.0.0/obj/src/platform/msdDrv_obj/platform.o
 .rodata        0x0000000000000100      0x100 /home/roscube/Desktop/UMSD_v7.0.0_comb/UMSD_v7.0.0/obj/src/utils/msdDrv_obj/utils.o
 .rodata        0x0000000000000200     0x1360 /home/roscube/Desktop/UMSD_v7.0.0_comb/UMSD_v7.0.0/obj/dev/topaz/msdDrv_Topaz.o
 .rodata        0x0000000000001560     0x135c /home/roscube/Desktop/UMSD_v7.0.0_comb/UMSD_v7.0.0/obj/dev/peridot/msdDrv_Peridot.o
 *fill*         0x00000000000028bc        0x4 
 .rodata        0x00000000000028c0     0x131c /home/roscube/Desktop/UMSD_v7.0.0_comb/UMSD_v7.0.0/obj/dev/agate/msdDrv_Agate.o
 *fill*         0x0000000000003bdc        0x4 
 .rodata        0x0000000000003be0     0x131c /home/roscube/Desktop/UMSD_v7.0.0_comb/UMSD_v7.0.0/obj/dev/pearl/msdDrv_Pearl.o
 *fill*         0x0000000000004efc        0x4 
 .rodata        0x0000000000004f00     0x133c /home/roscube/Desktop/UMSD_v7.0.0_comb/UMSD_v7.0.0/obj/dev/amethyst/msdDrv_Amethyst.o
 *fill*         0x000000000000623c        0x4 
 .rodata        0x0000000000006240     0x130c /home/roscube/Desktop/UMSD_v7.0.0_comb/UMSD_v7.0.0/obj/dev/oak/msdDrv_Oak.o
 *fill*         0x000000000000754c       0x14 
 .rodata        0x0000000000007560     0x130c /home/roscube/Desktop/UMSD_v7.0.0_comb/UMSD_v7.0.0/obj/dev/spruce/msdDrv_Spruce.o
 *fill*         0x000000000000886c       0x14 
 .rodata        0x0000000000008880     0x130c /home/roscube/Desktop/UMSD_v7.0.0_comb/UMSD_v7.0.0/obj/dev/bonsaiz1/msdDrv_BonsaiZ1.o
 *fill*         0x0000000000009b8c       0x14 
 .rodata        0x0000000000009ba0     0x135c /home/roscube/Desktop/UMSD_v7.0.0_comb/UMSD_v7.0.0/obj/dev/fir/msdDrv_Fir.o
 *fill*         0x000000000000aefc        0x4 
 .rodata        0x000000000000af00     0x130c /home/roscube/Desktop/UMSD_v7.0.0_comb/UMSD_v7.0.0/obj/dev/bonsai/msdDrv_Bonsai.o

.rodata.str1.1  0x0000000000000000     0x648e
 .rodata.str1.1
                0x0000000000000000      0x112 /home/roscube/Desktop/UMSD_v7.0.0_comb/UMSD_v7.0.0/obj/src/platform/msdDrv_obj/platform.o
 .rodata.str1.1
                0x0000000000000112      0xa82 /home/roscube/Desktop/UMSD_v7.0.0_comb/UMSD_v7.0.0/obj/dev/topaz/msdDrv_Topaz.o
 .rodata.str1.1
                0x0000000000000b94      0xaff /home/roscube/Desktop/UMSD_v7.0.0_comb/UMSD_v7.0.0/obj/dev/peridot/msdDrv_Peridot.o
 .rodata.str1.1
                0x0000000000001693      0x666 /home/roscube/Desktop/UMSD_v7.0.0_comb/UMSD_v7.0.0/obj/dev/agate/msdDrv_Agate.o
 .rodata.str1.1
                0x0000000000001cf9      0x9a6 /home/roscube/Desktop/UMSD_v7.0.0_comb/UMSD_v7.0.0/obj/dev/pearl/msdDrv_Pearl.o
 .rodata.str1.1
                0x000000000000269f      0xf5a /home/roscube/Desktop/UMSD_v7.0.0_comb/UMSD_v7.0.0/obj/dev/amethyst/msdDrv_Amethyst.o
 .rodata.str1.1
                0x00000000000035f9      0x871 /home/roscube/Desktop/UMSD_v7.0.0_comb/UMSD_v7.0.0/obj/dev/oak/msdDrv_Oak.o
 .rodata.str1.1
                0x0000000000003e6a      0x871 /home/roscube/Desktop/UMSD_v7.0.0_comb/UMSD_v7.0.0/obj/dev/spruce/msdDrv_Spruce.o
 .rodata.str1.1
                0x00000000000046db      0x88d /home/roscube/Desktop/UMSD_v7.0.0_comb/UMSD_v7.0.0/obj/dev/bonsaiz1/msdDrv_BonsaiZ1.o
 .rodata.str1.1
                0x0000000000004f68      0xbe5 /home/roscube/Desktop/UMSD_v7.0.0_comb/UMSD_v7.0.0/obj/dev/fir/msdDrv_Fir.o
 .rodata.str1.1
                0x0000000000005b4d      0x941 /home/roscube/Desktop/UMSD_v7.0.0_comb/UMSD_v7.0.0/obj/dev/bonsai/msdDrv_Bonsai.o

.rodata.str1.8  0x0000000000000000    0x13e95
 .rodata.str1.8
                0x0000000000000000       0x63 /home/roscube/Desktop/UMSD_v7.0.0_comb/UMSD_v7.0.0/obj/src/platform/msdDrv_obj/platform.o
 *fill*         0x0000000000000063        0x5 
 .rodata.str1.8
                0x0000000000000068      0x585 /home/roscube/Desktop/UMSD_v7.0.0_comb/UMSD_v7.0.0/obj/dev/topaz/msdDrv_Topaz.o
 *fill*         0x00000000000005ed        0x3 
 .rodata.str1.8
                0x00000000000005f0      0x5b5 /home/roscube/Desktop/UMSD_v7.0.0_comb/UMSD_v7.0.0/obj/dev/peridot/msdDrv_Peridot.o
 *fill*         0x0000000000000ba5        0x3 
 .rodata.str1.8
                0x0000000000000ba8      0x493 /home/roscube/Desktop/UMSD_v7.0.0_comb/UMSD_v7.0.0/obj/dev/agate/msdDrv_Agate.o
 *fill*         0x000000000000103b        0x5 
 .rodata.str1.8
                0x0000000000001040      0x4ab /home/roscube/Desktop/UMSD_v7.0.0_comb/UMSD_v7.0.0/obj/dev/pearl/msdDrv_Pearl.o
 *fill*         0x00000000000014eb        0x5 
 .rodata.str1.8
                0x00000000000014f0     0x2595 /home/roscube/Desktop/UMSD_v7.0.0_comb/UMSD_v7.0.0/obj/dev/amethyst/msdDrv_Amethyst.o
 *fill*         0x0000000000003a85        0x3 
 .rodata.str1.8
                0x0000000000003a88     0x340d /home/roscube/Desktop/UMSD_v7.0.0_comb/UMSD_v7.0.0/obj/dev/oak/msdDrv_Oak.o
 *fill*         0x0000000000006e95        0x3 
 .rodata.str1.8
                0x0000000000006e98     0x340d /home/roscube/Desktop/UMSD_v7.0.0_comb/UMSD_v7.0.0/obj/dev/spruce/msdDrv_Spruce.o
 *fill*         0x000000000000a2a5        0x3 
 .rodata.str1.8
                0x000000000000a2a8     0x33c5 /home/roscube/Desktop/UMSD_v7.0.0_comb/UMSD_v7.0.0/obj/dev/bonsaiz1/msdDrv_BonsaiZ1.o
 *fill*         0x000000000000d66d        0x3 
 .rodata.str1.8
                0x000000000000d670     0x342d /home/roscube/Desktop/UMSD_v7.0.0_comb/UMSD_v7.0.0/obj/dev/fir/msdDrv_Fir.o
 *fill*         0x0000000000010a9d        0x3 
 .rodata.str1.8
                0x0000000000010aa0     0x33f5 /home/roscube/Desktop/UMSD_v7.0.0_comb/UMSD_v7.0.0/obj/dev/bonsai/msdDrv_Bonsai.o

.rodata.cst8    0x0000000000000000      0x170
 .rodata.cst8   0x0000000000000000       0x28 /home/roscube/Desktop/UMSD_v7.0.0_comb/UMSD_v7.0.0/obj/dev/topaz/msdDrv_Topaz.o
 .rodata.cst8   0x0000000000000028       0x20 /home/roscube/Desktop/UMSD_v7.0.0_comb/UMSD_v7.0.0/obj/dev/peridot/msdDrv_Peridot.o
 .rodata.cst8   0x0000000000000048       0x28 /home/roscube/Desktop/UMSD_v7.0.0_comb/UMSD_v7.0.0/obj/dev/agate/msdDrv_Agate.o
 .rodata.cst8   0x0000000000000070       0x28 /home/roscube/Desktop/UMSD_v7.0.0_comb/UMSD_v7.0.0/obj/dev/pearl/msdDrv_Pearl.o
 .rodata.cst8   0x0000000000000098       0x20 /home/roscube/Desktop/UMSD_v7.0.0_comb/UMSD_v7.0.0/obj/dev/amethyst/msdDrv_Amethyst.o
 .rodata.cst8   0x00000000000000b8       0x18 /home/roscube/Desktop/UMSD_v7.0.0_comb/UMSD_v7.0.0/obj/dev/oak/msdDrv_Oak.o
 .rodata.cst8   0x00000000000000d0       0x18 /home/roscube/Desktop/UMSD_v7.0.0_comb/UMSD_v7.0.0/obj/dev/spruce/msdDrv_Spruce.o
 .rodata.cst8   0x00000000000000e8       0x18 /home/roscube/Desktop/UMSD_v7.0.0_comb/UMSD_v7.0.0/obj/dev/bonsaiz1/msdDrv_BonsaiZ1.o
 .rodata.cst8   0x0000000000000100       0x38 /home/roscube/Desktop/UMSD_v7.0.0_comb/UMSD_v7.0.0/obj/dev/fir/msdDrv_Fir.o
 .rodata.cst8   0x0000000000000138       0x38 /home/roscube/Desktop/UMSD_v7.0.0_comb/UMSD_v7.0.0/obj/dev/bonsai/msdDrv_Bonsai.o

.rodata1
 *(.rodata1)

.eh_frame_hdr
 *(.eh_frame_hdr)

.eh_frame       0x0000000000000000    0x5114c
 *(.eh_frame)
 .eh_frame      0x0000000000000000      0x998 /home/roscube/Desktop/UMSD_v7.0.0_comb/UMSD_v7.0.0/obj/src/driver/msdDrv_obj/driver.o
                                        0x99c (size before relaxing)
 *fill*         0x0000000000000998        0x0 
 .eh_frame      0x0000000000000998     0x8018 /home/roscube/Desktop/UMSD_v7.0.0_comb/UMSD_v7.0.0/obj/src/api/msdDrv_obj/api.o
                                       0x8048 (size before relaxing)
 .eh_frame      0x00000000000089b0      0x158 /home/roscube/Desktop/UMSD_v7.0.0_comb/UMSD_v7.0.0/obj/src/platform/msdDrv_obj/platform.o
                                        0x15c (size before relaxing)
 *fill*         0x0000000000008b08        0x0 
 .eh_frame      0x0000000000008b08       0xf8 /home/roscube/Desktop/UMSD_v7.0.0_comb/UMSD_v7.0.0/obj/src/utils/msdDrv_obj/utils.o
 .eh_frame      0x0000000000008c00     0x56f0 /home/roscube/Desktop/UMSD_v7.0.0_comb/UMSD_v7.0.0/obj/dev/topaz/msdDrv_Topaz.o
 .eh_frame      0x000000000000e2f0     0x63c0 /home/roscube/Desktop/UMSD_v7.0.0_comb/UMSD_v7.0.0/obj/dev/peridot/msdDrv_Peridot.o
                                       0x63c4 (size before relaxing)
 *fill*         0x00000000000146b0        0x0 
 .eh_frame      0x00000000000146b0     0x4d48 /home/roscube/Desktop/UMSD_v7.0.0_comb/UMSD_v7.0.0/obj/dev/agate/msdDrv_Agate.o
 .eh_frame      0x00000000000193f8     0x4d48 /home/roscube/Desktop/UMSD_v7.0.0_comb/UMSD_v7.0.0/obj/dev/pearl/msdDrv_Pearl.o
 .eh_frame      0x000000000001e140     0x8430 /home/roscube/Desktop/UMSD_v7.0.0_comb/UMSD_v7.0.0/obj/dev/amethyst/msdDrv_Amethyst.o
 .eh_frame      0x0000000000026570     0x7e88 /home/roscube/Desktop/UMSD_v7.0.0_comb/UMSD_v7.0.0/obj/dev/oak/msdDrv_Oak.o
                                       0x7e84 (size before relaxing)
 *fill*         0x000000000002e3f8        0x0 
 .eh_frame      0x000000000002e3f8     0x7e88 /home/roscube/Desktop/UMSD_v7.0.0_comb/UMSD_v7.0.0/obj/dev/spruce/msdDrv_Spruce.o
                                       0x7e84 (size before relaxing)
 *fill*         0x0000000000036280        0x0 
 .eh_frame      0x0000000000036280     0x7e68 /home/roscube/Desktop/UMSD_v7.0.0_comb/UMSD_v7.0.0/obj/dev/bonsaiz1/msdDrv_BonsaiZ1.o
                                       0x7e64 (size before relaxing)
 *fill*         0x000000000003e0e8        0x0 
 .eh_frame      0x000000000003e0e8     0xa8e0 /home/roscube/Desktop/UMSD_v7.0.0_comb/UMSD_v7.0.0/obj/dev/fir/msdDrv_Fir.o
                                       0xa8e4 (size before relaxing)
 *fill*         0x00000000000489c8        0x0 
 .eh_frame      0x00000000000489c8     0x8784 /home/roscube/Desktop/UMSD_v7.0.0_comb/UMSD_v7.0.0/obj/dev/bonsai/msdDrv_Bonsai.o

.gcc_except_table
 *(.gcc_except_table)

.gnu_extab
 *(.gnu_extab*)

.exception_ranges
 *(.exception_ranges)

.eh_frame
 *(.eh_frame)

.gnu_extab
 *(.gnu_extab)

.gcc_except_table
 *(.gcc_except_table)

.exception_ranges
 *(.exception_ranges)

.tdata
 *(.tdata)

.tbss
 *(.tbss)

.jcr
 *(.jcr)

.dynamic
 *(.dynamic)

.got
 *(.got)

.got.plt
 *(.got.plt)

.data           0x0000000000000000      0x8a0
 *(.data)
 .data          0x0000000000000000        0x6 /home/roscube/Desktop/UMSD_v7.0.0_comb/UMSD_v7.0.0/obj/src/driver/msdDrv_obj/driver.o
                0x0000000000000000                msdApiVersion
 .data          0x0000000000000006        0x0 /home/roscube/Desktop/UMSD_v7.0.0_comb/UMSD_v7.0.0/obj/src/api/msdDrv_obj/api.o
 .data          0x0000000000000006        0x0 /home/roscube/Desktop/UMSD_v7.0.0_comb/UMSD_v7.0.0/obj/src/platform/msdDrv_obj/platform.o
 .data          0x0000000000000006        0x0 /home/roscube/Desktop/UMSD_v7.0.0_comb/UMSD_v7.0.0/obj/src/utils/msdDrv_obj/utils.o
 *fill*         0x0000000000000006       0x1a 
 .data          0x0000000000000020      0x180 /home/roscube/Desktop/UMSD_v7.0.0_comb/UMSD_v7.0.0/obj/dev/topaz/msdDrv_Topaz.o
 .data          0x00000000000001a0      0x200 /home/roscube/Desktop/UMSD_v7.0.0_comb/UMSD_v7.0.0/obj/dev/peridot/msdDrv_Peridot.o
 .data          0x00000000000003a0      0x180 /home/roscube/Desktop/UMSD_v7.0.0_comb/UMSD_v7.0.0/obj/dev/agate/msdDrv_Agate.o
 .data          0x0000000000000520      0x180 /home/roscube/Desktop/UMSD_v7.0.0_comb/UMSD_v7.0.0/obj/dev/pearl/msdDrv_Pearl.o
 .data          0x00000000000006a0      0x200 /home/roscube/Desktop/UMSD_v7.0.0_comb/UMSD_v7.0.0/obj/dev/amethyst/msdDrv_Amethyst.o
 .data          0x00000000000008a0        0x0 /home/roscube/Desktop/UMSD_v7.0.0_comb/UMSD_v7.0.0/obj/dev/oak/msdDrv_Oak.o
 .data          0x00000000000008a0        0x0 /home/roscube/Desktop/UMSD_v7.0.0_comb/UMSD_v7.0.0/obj/dev/spruce/msdDrv_Spruce.o
 .data          0x00000000000008a0        0x0 /home/roscube/Desktop/UMSD_v7.0.0_comb/UMSD_v7.0.0/obj/dev/bonsaiz1/msdDrv_BonsaiZ1.o
 .data          0x00000000000008a0        0x0 /home/roscube/Desktop/UMSD_v7.0.0_comb/UMSD_v7.0.0/obj/dev/fir/msdDrv_Fir.o
 .data          0x00000000000008a0        0x0 /home/roscube/Desktop/UMSD_v7.0.0_comb/UMSD_v7.0.0/obj/dev/bonsai/msdDrv_Bonsai.o

.data1
 *(.data1)

.bss            0x0000000000000000    0x23c14
 *(.bss)
 .bss           0x0000000000000000    0x23900 /home/roscube/Desktop/UMSD_v7.0.0_comb/UMSD_v7.0.0/obj/src/driver/msdDrv_obj/driver.o
 .bss           0x0000000000023900        0x0 /home/roscube/Desktop/UMSD_v7.0.0_comb/UMSD_v7.0.0/obj/src/api/msdDrv_obj/api.o
 .bss           0x0000000000023900       0x10 /home/roscube/Desktop/UMSD_v7.0.0_comb/UMSD_v7.0.0/obj/src/platform/msdDrv_obj/platform.o
 .bss           0x0000000000023910        0x0 /home/roscube/Desktop/UMSD_v7.0.0_comb/UMSD_v7.0.0/obj/src/utils/msdDrv_obj/utils.o
 .bss           0x0000000000023910        0x0 /home/roscube/Desktop/UMSD_v7.0.0_comb/UMSD_v7.0.0/obj/dev/topaz/msdDrv_Topaz.o
 .bss           0x0000000000023910        0x0 /home/roscube/Desktop/UMSD_v7.0.0_comb/UMSD_v7.0.0/obj/dev/peridot/msdDrv_Peridot.o
 .bss           0x0000000000023910        0x0 /home/roscube/Desktop/UMSD_v7.0.0_comb/UMSD_v7.0.0/obj/dev/agate/msdDrv_Agate.o
 .bss           0x0000000000023910        0x0 /home/roscube/Desktop/UMSD_v7.0.0_comb/UMSD_v7.0.0/obj/dev/pearl/msdDrv_Pearl.o
 .bss           0x0000000000023910        0x0 /home/roscube/Desktop/UMSD_v7.0.0_comb/UMSD_v7.0.0/obj/dev/amethyst/msdDrv_Amethyst.o
 .bss           0x0000000000023910        0x0 /home/roscube/Desktop/UMSD_v7.0.0_comb/UMSD_v7.0.0/obj/dev/oak/msdDrv_Oak.o
 .bss           0x0000000000023910        0x0 /home/roscube/Desktop/UMSD_v7.0.0_comb/UMSD_v7.0.0/obj/dev/spruce/msdDrv_Spruce.o
 .bss           0x0000000000023910        0x0 /home/roscube/Desktop/UMSD_v7.0.0_comb/UMSD_v7.0.0/obj/dev/bonsaiz1/msdDrv_BonsaiZ1.o
 *fill*         0x0000000000023910       0x10 
 .bss           0x0000000000023920      0x2f4 /home/roscube/Desktop/UMSD_v7.0.0_comb/UMSD_v7.0.0/obj/dev/fir/msdDrv_Fir.o
 .bss           0x0000000000023c14        0x0 /home/roscube/Desktop/UMSD_v7.0.0_comb/UMSD_v7.0.0/obj/dev/bonsai/msdDrv_Bonsai.o

.lbss
 *(.lbss)

.lrodata
 *(.lrodata)

.ldata
 *(.ldata)

.stab
 *(.stab)

.stabstr
 *(.stabstr)

.stab.excl
 *(.stab.excl)

.stab.exclstr
 *(.stab.exclstr)

.stab.index
 *(.stab.index)

.stab.indexstr
 *(.stab.indexstr)

.comment        0x0000000000000000     0x4ba0
 *(.comment)
 .comment       0x0000000000000000       0xb0 /home/roscube/Desktop/UMSD_v7.0.0_comb/UMSD_v7.0.0/obj/src/driver/msdDrv_obj/driver.o
 .comment       0x00000000000000b0      0x4d0 /home/roscube/Desktop/UMSD_v7.0.0_comb/UMSD_v7.0.0/obj/src/api/msdDrv_obj/api.o
 .comment       0x0000000000000580       0x58 /home/roscube/Desktop/UMSD_v7.0.0_comb/UMSD_v7.0.0/obj/src/platform/msdDrv_obj/platform.o
 .comment       0x00000000000005d8       0x2c /home/roscube/Desktop/UMSD_v7.0.0_comb/UMSD_v7.0.0/obj/src/utils/msdDrv_obj/utils.o
 .comment       0x0000000000000604      0x630 /home/roscube/Desktop/UMSD_v7.0.0_comb/UMSD_v7.0.0/obj/dev/topaz/msdDrv_Topaz.o
 .comment       0x0000000000000c34      0x630 /home/roscube/Desktop/UMSD_v7.0.0_comb/UMSD_v7.0.0/obj/dev/peridot/msdDrv_Peridot.o
 .comment       0x0000000000001264      0x5d8 /home/roscube/Desktop/UMSD_v7.0.0_comb/UMSD_v7.0.0/obj/dev/agate/msdDrv_Agate.o
 .comment       0x000000000000183c      0x5d8 /home/roscube/Desktop/UMSD_v7.0.0_comb/UMSD_v7.0.0/obj/dev/pearl/msdDrv_Pearl.o
 .comment       0x0000000000001e14      0x7e8 /home/roscube/Desktop/UMSD_v7.0.0_comb/UMSD_v7.0.0/obj/dev/amethyst/msdDrv_Amethyst.o
 .comment       0x00000000000025fc      0x738 /home/roscube/Desktop/UMSD_v7.0.0_comb/UMSD_v7.0.0/obj/dev/oak/msdDrv_Oak.o
 .comment       0x0000000000002d34      0x738 /home/roscube/Desktop/UMSD_v7.0.0_comb/UMSD_v7.0.0/obj/dev/spruce/msdDrv_Spruce.o
 .comment       0x000000000000346c      0x738 /home/roscube/Desktop/UMSD_v7.0.0_comb/UMSD_v7.0.0/obj/dev/bonsaiz1/msdDrv_BonsaiZ1.o
 .comment       0x0000000000003ba4      0x86c /home/roscube/Desktop/UMSD_v7.0.0_comb/UMSD_v7.0.0/obj/dev/fir/msdDrv_Fir.o
 .comment       0x0000000000004410      0x790 /home/roscube/Desktop/UMSD_v7.0.0_comb/UMSD_v7.0.0/obj/dev/bonsai/msdDrv_Bonsai.o

.note.GNU-stack
                0x0000000000000000        0x0
 .note.GNU-stack
                0x0000000000000000        0x0 /home/roscube/Desktop/UMSD_v7.0.0_comb/UMSD_v7.0.0/obj/src/driver/msdDrv_obj/driver.o
 .note.GNU-stack
                0x0000000000000000        0x0 /home/roscube/Desktop/UMSD_v7.0.0_comb/UMSD_v7.0.0/obj/src/api/msdDrv_obj/api.o
 .note.GNU-stack
                0x0000000000000000        0x0 /home/roscube/Desktop/UMSD_v7.0.0_comb/UMSD_v7.0.0/obj/src/platform/msdDrv_obj/platform.o
 .note.GNU-stack
                0x0000000000000000        0x0 /home/roscube/Desktop/UMSD_v7.0.0_comb/UMSD_v7.0.0/obj/src/utils/msdDrv_obj/utils.o
 .note.GNU-stack
                0x0000000000000000        0x0 /home/roscube/Desktop/UMSD_v7.0.0_comb/UMSD_v7.0.0/obj/dev/topaz/msdDrv_Topaz.o
 .note.GNU-stack
                0x0000000000000000        0x0 /home/roscube/Desktop/UMSD_v7.0.0_comb/UMSD_v7.0.0/obj/dev/peridot/msdDrv_Peridot.o
 .note.GNU-stack
                0x0000000000000000        0x0 /home/roscube/Desktop/UMSD_v7.0.0_comb/UMSD_v7.0.0/obj/dev/agate/msdDrv_Agate.o
 .note.GNU-stack
                0x0000000000000000        0x0 /home/roscube/Desktop/UMSD_v7.0.0_comb/UMSD_v7.0.0/obj/dev/pearl/msdDrv_Pearl.o
 .note.GNU-stack
                0x0000000000000000        0x0 /home/roscube/Desktop/UMSD_v7.0.0_comb/UMSD_v7.0.0/obj/dev/amethyst/msdDrv_Amethyst.o
 .note.GNU-stack
                0x0000000000000000        0x0 /home/roscube/Desktop/UMSD_v7.0.0_comb/UMSD_v7.0.0/obj/dev/oak/msdDrv_Oak.o
 .note.GNU-stack
                0x0000000000000000        0x0 /home/roscube/Desktop/UMSD_v7.0.0_comb/UMSD_v7.0.0/obj/dev/spruce/msdDrv_Spruce.o
 .note.GNU-stack
                0x0000000000000000        0x0 /home/roscube/Desktop/UMSD_v7.0.0_comb/UMSD_v7.0.0/obj/dev/bonsaiz1/msdDrv_BonsaiZ1.o
 .note.GNU-stack
                0x0000000000000000        0x0 /home/roscube/Desktop/UMSD_v7.0.0_comb/UMSD_v7.0.0/obj/dev/fir/msdDrv_Fir.o
 .note.GNU-stack
                0x0000000000000000        0x0 /home/roscube/Desktop/UMSD_v7.0.0_comb/UMSD_v7.0.0/obj/dev/bonsai/msdDrv_Bonsai.o

.gnu.build.attributes
 *(.gnu.build.attributes)

.debug
 *(.debug)

.line
 *(.line)

.debug_srcinfo
 *(.debug_srcinfo)

.debug_sfnames
 *(.debug_sfnames)

.debug_aranges
 *(.debug_aranges)

.debug_pubnames
 *(.debug_pubnames)

.debug_info
 *(.debug_info)

.debug_abbrev
 *(.debug_abbrev)

.debug_line
 *(.debug_line)

.debug_frame
 *(.debug_frame)

.debug_str
 *(.debug_str)

.debug_loc
 *(.debug_loc)

.debug_macinfo
 *(.debug_macinfo)

.debug_weaknames
 *(.debug_weaknames)

.debug_funcnames
 *(.debug_funcnames)

.debug_typenames
 *(.debug_typenames)

.debug_varnames
 *(.debug_varnames)

.debug_pubtypes
 *(.debug_pubtypes)

.debug_ranges
 *(.debug_ranges)

.debug_addr
 *(.debug_addr)

.debug_line_str
 *(.debug_line_str)

.debug_loclists
 *(.debug_loclists)

.debug_macro
 *(.debug_macro)

.debug_names
 *(.debug_names)

.debug_rnglists
 *(.debug_rnglists)

.debug_str_offsets
 *(.debug_str_offsets)

.debug_sup
 *(.debug_sup)

.gnu.attributes
 *(.gnu.attributes)
OUTPUT(/home/roscube/Desktop/UMSD_v7.0.0_comb/UMSD_v7.0.0/library/msdDrv.o elf64-x86-64)
