
Merging program properties


Discarded input sections

 .note.gnu.property
                0x0000000000000000       0x20 /home/roscube/Desktop/UMSD_v7.0.0_ADLINK/UMSD_v7.0.0/obj/dev/bonsaiz1/src/api/msdDrv_obj/BonsaiZ1_msdTCAMRC.o
 .note.gnu.property
                0x0000000000000000       0x20 /home/roscube/Desktop/UMSD_v7.0.0_ADLINK/UMSD_v7.0.0/obj/dev/bonsaiz1/src/api/msdDrv_obj/BonsaiZ1_msdTCAMRCComp.o
 .note.gnu.property
                0x0000000000000000       0x20 /home/roscube/Desktop/UMSD_v7.0.0_ADLINK/UMSD_v7.0.0/obj/dev/bonsaiz1/src/api/msdDrv_obj/BonsaiZ1_msdBrgFdb.o
 .note.gnu.property
                0x0000000000000000       0x20 /home/roscube/Desktop/UMSD_v7.0.0_ADLINK/UMSD_v7.0.0/obj/dev/bonsaiz1/src/api/msdDrv_obj/BonsaiZ1_msdPolicy.o
 .note.gnu.property
                0x0000000000000000       0x20 /home/roscube/Desktop/UMSD_v7.0.0_ADLINK/UMSD_v7.0.0/obj/dev/bonsaiz1/src/api/msdDrv_obj/BonsaiZ1_msdBrgVtu.o
 .note.gnu.property
                0x0000000000000000       0x20 /home/roscube/Desktop/UMSD_v7.0.0_ADLINK/UMSD_v7.0.0/obj/dev/bonsaiz1/src/api/msdDrv_obj/BonsaiZ1_msdArp.o
 .note.gnu.property
                0x0000000000000000       0x20 /home/roscube/Desktop/UMSD_v7.0.0_ADLINK/UMSD_v7.0.0/obj/dev/bonsaiz1/src/api/msdDrv_obj/BonsaiZ1_msdBrgStu.o
 .note.gnu.property
                0x0000000000000000       0x20 /home/roscube/Desktop/UMSD_v7.0.0_ADLINK/UMSD_v7.0.0/obj/dev/bonsaiz1/src/api/msdDrv_obj/BonsaiZ1_msdPIRL.o
 .note.gnu.property
                0x0000000000000000       0x20 /home/roscube/Desktop/UMSD_v7.0.0_ADLINK/UMSD_v7.0.0/obj/dev/bonsaiz1/src/api/msdDrv_obj/BonsaiZ1_msdPortRmon.o
 .note.gnu.property
                0x0000000000000000       0x20 /home/roscube/Desktop/UMSD_v7.0.0_ADLINK/UMSD_v7.0.0/obj/dev/bonsaiz1/src/api/msdDrv_obj/BonsaiZ1_msdPortCtrl.o
 .note.gnu.property
                0x0000000000000000       0x20 /home/roscube/Desktop/UMSD_v7.0.0_ADLINK/UMSD_v7.0.0/obj/dev/bonsaiz1/src/api/msdDrv_obj/BonsaiZ1_msdEcid.o
 .note.gnu.property
                0x0000000000000000       0x20 /home/roscube/Desktop/UMSD_v7.0.0_ADLINK/UMSD_v7.0.0/obj/dev/bonsaiz1/src/api/msdDrv_obj/BonsaiZ1_msdPortPrioMap.o
 .note.gnu.property
                0x0000000000000000       0x20 /home/roscube/Desktop/UMSD_v7.0.0_ADLINK/UMSD_v7.0.0/obj/dev/bonsaiz1/src/api/msdDrv_obj/BonsaiZ1_msdQueueCtrl.o
 .note.gnu.property
                0x0000000000000000       0x20 /home/roscube/Desktop/UMSD_v7.0.0_ADLINK/UMSD_v7.0.0/obj/dev/bonsaiz1/src/api/msdDrv_obj/BonsaiZ1_msdSysCtrl.o
 .note.gnu.property
                0x0000000000000000       0x20 /home/roscube/Desktop/UMSD_v7.0.0_ADLINK/UMSD_v7.0.0/obj/dev/bonsaiz1/src/api/msdDrv_obj/BonsaiZ1_msdPhyCtrl.o
 .note.gnu.property
                0x0000000000000000       0x20 /home/roscube/Desktop/UMSD_v7.0.0_ADLINK/UMSD_v7.0.0/obj/dev/bonsaiz1/src/api/msdDrv_obj/BonsaiZ1_msdRMU.o
 .note.gnu.property
                0x0000000000000000       0x20 /home/roscube/Desktop/UMSD_v7.0.0_ADLINK/UMSD_v7.0.0/obj/dev/bonsaiz1/src/api/msdDrv_obj/BonsaiZ1_msdTCAMIntf.o
 .note.gnu.property
                0x0000000000000000       0x20 /home/roscube/Desktop/UMSD_v7.0.0_ADLINK/UMSD_v7.0.0/obj/dev/bonsaiz1/src/api/msdDrv_obj/BonsaiZ1_msdBrgFdbIntf.o
 .note.gnu.property
                0x0000000000000000       0x20 /home/roscube/Desktop/UMSD_v7.0.0_ADLINK/UMSD_v7.0.0/obj/dev/bonsaiz1/src/api/msdDrv_obj/BonsaiZ1_msdBrgVtuIntf.o
 .note.gnu.property
                0x0000000000000000       0x20 /home/roscube/Desktop/UMSD_v7.0.0_ADLINK/UMSD_v7.0.0/obj/dev/bonsaiz1/src/api/msdDrv_obj/BonsaiZ1_msdBrgStuIntf.o
 .note.gnu.property
                0x0000000000000000       0x20 /home/roscube/Desktop/UMSD_v7.0.0_ADLINK/UMSD_v7.0.0/obj/dev/bonsaiz1/src/api/msdDrv_obj/BonsaiZ1_msdPIRLIntf.o
 .note.gnu.property
                0x0000000000000000       0x20 /home/roscube/Desktop/UMSD_v7.0.0_ADLINK/UMSD_v7.0.0/obj/dev/bonsaiz1/src/api/msdDrv_obj/BonsaiZ1_msdQav.o
 .note.gnu.property
                0x0000000000000000       0x20 /home/roscube/Desktop/UMSD_v7.0.0_ADLINK/UMSD_v7.0.0/obj/dev/bonsaiz1/src/api/msdDrv_obj/BonsaiZ1_msdArpIntf.o
 .note.gnu.property
                0x0000000000000000       0x20 /home/roscube/Desktop/UMSD_v7.0.0_ADLINK/UMSD_v7.0.0/obj/dev/bonsaiz1/src/api/msdDrv_obj/BonsaiZ1_msdPortRmonIntf.o
 .note.gnu.property
                0x0000000000000000       0x20 /home/roscube/Desktop/UMSD_v7.0.0_ADLINK/UMSD_v7.0.0/obj/dev/bonsaiz1/src/api/msdDrv_obj/BonsaiZ1_msdPortCtrlIntf.o
 .note.gnu.property
                0x0000000000000000       0x20 /home/roscube/Desktop/UMSD_v7.0.0_ADLINK/UMSD_v7.0.0/obj/dev/bonsaiz1/src/api/msdDrv_obj/BonsaiZ1_msdPortPrioMapIntf.o
 .note.gnu.property
                0x0000000000000000       0x20 /home/roscube/Desktop/UMSD_v7.0.0_ADLINK/UMSD_v7.0.0/obj/dev/bonsaiz1/src/api/msdDrv_obj/BonsaiZ1_msdEcidIntf.o
 .note.gnu.property
[...]
Memory Configuration

Name             Origin             Length             Attributes
*default*        0x0000000000000000 0xffffffffffffffff

Linker script and memory map

LOAD /home/roscube/Desktop/UMSD_v7.0.0_ADLINK/UMSD_v7.0.0/obj/dev/bonsaiz1/src/api/msdDrv_obj/BonsaiZ1_msdTCAM.o
LOAD /home/roscube/Desktop/UMSD_v7.0.0_ADLINK/UMSD_v7.0.0/obj/dev/bonsaiz1/src/api/msdDrv_obj/BonsaiZ1_msdTCAMRC.o
LOAD /home/roscube/Desktop/UMSD_v7.0.0_ADLINK/UMSD_v7.0.0/obj/dev/bonsaiz1/src/api/msdDrv_obj/BonsaiZ1_msdTCAMRCComp.o
LOAD /home/roscube/Desktop/UMSD_v7.0.0_ADLINK/UMSD_v7.0.0/obj/dev/bonsaiz1/src/api/msdDrv_obj/BonsaiZ1_msdBrgFdb.o
LOAD /home/roscube/Desktop/UMSD_v7.0.0_ADLINK/UMSD_v7.0.0/obj/dev/bonsaiz1/src/api/msdDrv_obj/BonsaiZ1_msdPolicy.o
LOAD /home/roscube/Desktop/UMSD_v7.0.0_ADLINK/UMSD_v7.0.0/obj/dev/bonsaiz1/src/api/msdDrv_obj/BonsaiZ1_msdBrgVtu.o
LOAD /home/roscube/Desktop/UMSD_v7.0.0_ADLINK/UMSD_v7.0.0/obj/dev/bonsaiz1/src/api/msdDrv_obj/BonsaiZ1_msdArp.o
LOAD /home/roscube/Desktop/UMSD_v7.0.0_ADLINK/UMSD_v7.0.0/obj/dev/bonsaiz1/src/api/msdDrv_obj/BonsaiZ1_msdBrgStu.o
LOAD /home/roscube/Desktop/UMSD_v7.0.0_ADLINK/UMSD_v7.0.0/obj/dev/bonsaiz1/src/api/msdDrv_obj/BonsaiZ1_msdPIRL.o
LOAD /home/roscube/Desktop/UMSD_v7.0.0_ADLINK/UMSD_v7.0.0/obj/dev/bonsaiz1/src/api/msdDrv_obj/BonsaiZ1_msdPortRmon.o
LOAD /home/roscube/Desktop/UMSD_v7.0.0_ADLINK/UMSD_v7.0.0/obj/dev/bonsaiz1/src/api/msdDrv_obj/BonsaiZ1_msdPortCtrl.o
LOAD /home/roscube/Desktop/UMSD_v7.0.0_ADLINK/UMSD_v7.0.0/obj/dev/bonsaiz1/src/api/msdDrv_obj/BonsaiZ1_msdEcid.o
LOAD /home/roscube/Desktop/UMSD_v7.0.0_ADLINK/UMSD_v7.0.0/obj/dev/bonsaiz1/src/api/msdDrv_obj/BonsaiZ1_msdPortPrioMap.o
LOAD /home/roscube/Desktop/UMSD_v7.0.0_ADLINK/UMSD_v7.0.0/obj/dev/bonsaiz1/src/api/msdDrv_obj/BonsaiZ1_msdQueueCtrl.o
LOAD /home/roscube/Desktop/UMSD_v7.0.0_ADLINK/UMSD_v7.0.0/obj/dev/bonsaiz1/src/api/msdDrv_obj/BonsaiZ1_msdSysCtrl.o
LOAD /home/roscube/Desktop/UMSD_v7.0.0_ADLINK/UMSD_v7.0.0/obj/dev/bonsaiz1/src/api/msdDrv_obj/BonsaiZ1_msdPhyCtrl.o
LOAD /home/roscube/Desktop/UMSD_v7.0.0_ADLINK/UMSD_v7.0.0/obj/dev/bonsaiz1/src/api/msdDrv_obj/BonsaiZ1_msdRMU.o
LOAD /home/roscube/Desktop/UMSD_v7.0.0_ADLINK/UMSD_v7.0.0/obj/dev/bonsaiz1/src/api/msdDrv_obj/BonsaiZ1_msdTCAMIntf.o
LOAD /home/roscube/Desktop/UMSD_v7.0.0_ADLINK/UMSD_v7.0.0/obj/dev/bonsaiz1/src/api/msdDrv_obj/BonsaiZ1_msdBrgFdbIntf.o
LOAD /home/roscube/Desktop/UMSD_v7.0.0_ADLINK/UMSD_v7.0.0/obj/dev/bonsaiz1/src/api/msdDrv_obj/BonsaiZ1_msdBrgVtuIntf.o
LOAD /home/roscube/Desktop/UMSD_v7.0.0_ADLINK/UMSD_v7.0.0/obj/dev/bonsaiz1/src/api/msdDrv_obj/BonsaiZ1_msdBrgStuIntf.o
LOAD /home/roscube/Desktop/UMSD_v7.0.0_ADLINK/UMSD_v7.0.0/obj/dev/bonsaiz1/src/api/msdDrv_obj/BonsaiZ1_msdPIRLIntf.o
LOAD /home/roscube/Desktop/UMSD_v7.0.0_ADLINK/UMSD_v7.0.0/obj/dev/bonsaiz1/src/api/msdDrv_obj/BonsaiZ1_msdQav.o
LOAD /home/roscube/Desktop/UMSD_v7.0.0_ADLINK/UMSD_v7.0.0/obj/dev/bonsaiz1/src/api/msdDrv_obj/BonsaiZ1_msdArpIntf.o
LOAD /home/roscube/Desktop/UMSD_v7.0.0_ADLINK/UMSD_v7.0.0/obj/dev/bonsaiz1/src/api/msdDrv_obj/BonsaiZ1_msdPortRmonIntf.o
LOAD /home/roscube/Desktop/UMSD_v7.0.0_ADLINK/UMSD_v7.0.0/obj/dev/bonsaiz1/src/api/msdDrv_obj/BonsaiZ1_msdPortCtrlIntf.o
LOAD /home/roscube/Desktop/UMSD_v7.0.0_ADLINK/UMSD_v7.0.0/obj/dev/bonsaiz1/src/api/msdDrv_obj/BonsaiZ1_msdPortPrioMapIntf.o
LOAD /home/roscube/Desktop/UMSD_v7.0.0_ADLINK/UMSD_v7.0.0/obj/dev/bonsaiz1/src/api/msdDrv_obj/BonsaiZ1_msdEcidIntf.o
LOAD /home/roscube/Desktop/UMSD_v7.0.0_ADLINK/UMSD_v7.0.0/obj/dev/bonsaiz1/src/api/msdDrv_obj/BonsaiZ1_msdQueueCtrlIntf.o
LOAD /home/roscube/Desktop/UMSD_v7.0.0_ADLINK/UMSD_v7.0.0/obj/dev/bonsaiz1/src/api/msdDrv_obj/BonsaiZ1_msdSysCtrlIntf.o
LOAD /home/roscube/Desktop/UMSD_v7.0.0_ADLINK/UMSD_v7.0.0/obj/dev/bonsaiz1/src/api/msdDrv_obj/BonsaiZ1_msdPhyCtrlIntf.o
LOAD /home/roscube/Desktop/UMSD_v7.0.0_ADLINK/UMSD_v7.0.0/obj/dev/bonsaiz1/src/api/msdDrv_obj/BonsaiZ1_msdPolicyIntf.o
LOAD /home/roscube/Desktop/UMSD_v7.0.0_ADLINK/UMSD_v7.0.0/obj/dev/bonsaiz1/src/api/msdDrv_obj/BonsaiZ1_msdTCAMRCIntf.o
LOAD /home/roscube/Desktop/UMSD_v7.0.0_ADLINK/UMSD_v7.0.0/obj/dev/bonsaiz1/src/api/msdDrv_obj/BonsaiZ1_msdRMUIntf.o
LOAD /home/roscube/Desktop/UMSD_v7.0.0_ADLINK/UMSD_v7.0.0/obj/dev/bonsaiz1/src/api/msdDrv_obj/BonsaiZ1_msdPTP.o
LOAD /home/roscube/Desktop/UMSD_v7.0.0_ADLINK/UMSD_v7.0.0/obj/dev/bonsaiz1/src/api/msdDrv_obj/BonsaiZ1_msdPTPIntf.o
LOAD /home/roscube/Desktop/UMSD_v7.0.0_ADLINK/UMSD_v7.0.0/obj/dev/bonsaiz1/src/api/msdDrv_obj/BonsaiZ1_msdLed.o
LOAD /home/roscube/Desktop/UMSD_v7.0.0_ADLINK/UMSD_v7.0.0/obj/dev/bonsaiz1/src/api/msdDrv_obj/BonsaiZ1_msdLedIntf.o
LOAD /home/roscube/Desktop/UMSD_v7.0.0_ADLINK/UMSD_v7.0.0/obj/dev/bonsaiz1/src/api/msdDrv_obj/BonsaiZ1_msdTCAMRCCompIntf.o
LOAD /home/roscube/Desktop/UMSD_v7.0.0_ADLINK/UMSD_v7.0.0/obj/dev/bonsaiz1/src/api/msdDrv_obj/BonsaiZ1_msdEEPROM.o
LOAD /home/roscube/Desktop/UMSD_v7.0.0_ADLINK/UMSD_v7.0.0/obj/dev/bonsaiz1/src/api/msdDrv_obj/BonsaiZ1_msdEEPROMIntf.o

.interp
 *(.interp)

.note.gnu.property
                0x0000000000000000       0x20
 .note.gnu.property
                0x0000000000000000       0x20 /home/roscube/Desktop/UMSD_v7.0.0_ADLINK/UMSD_v7.0.0/obj/dev/bonsaiz1/src/api/msdDrv_obj/BonsaiZ1_msdTCAM.o

.note.gnu.build-id
 *(.note.gnu.build-id)

.hash
 *(.hash)

.gnu.hash
 *(.gnu.hash)

.dynsym
 *(.dynsym)

.dynstr
 *(.dynstr)

.gnu.version
 *(.gnu.version)

.gnu.version_d
 *(.gnu.version_d)

.gnu.version_r
 *(.gnu.version_r)

.rela.init
 *(.rela.init)

.rela.text
 *(.rela.text)

.rela.fini
 *(.rela.fini)

.rela.rodata
 *(.rela.rodata)

.rela.data.rel.ro
 *(.rela.data.rel.ro)

.rela.data
 *(.rela.data)

.rela.tdata
 *(.rela.tdata)

.rela.tbss
 *(.rela.tbss)

.rela.ctors
 *(.rela.ctors)

.rela.dtors
 *(.rela.dtors)

.rela.got
 *(.rela.got)

.rela.bss
 *(.rela.bss)

.rela.ldata
 *(.rela.ldata)

.rela.lbss
 *(.rela.lbss)

.rela.lrodata
 *(.rela.lrodata)

.rela.ifunc
 *(.rela.ifunc)

.rela.plt
 *(.rela.plt)

.relr.dyn
 *(.relr.dyn)

.init
 *(SORT_NONE(.init))

.plt
 *(.plt)

.plt.got
 *(.plt.got)

.plt.sec
 *(.plt.sec)

.text           0x0000000000000000    0x23be9
 *(.text .stub)
 .text          0x0000000000000000     0x320c /home/roscube/Desktop/UMSD_v7.0.0_ADLINK/UMSD_v7.0.0/obj/dev/bonsaiz1/src/api/msdDrv_obj/BonsaiZ1_msdTCAM.o
                0x0000000000001800                BonsaiZ1_gtcamFlushAll
                0x0000000000001850                BonsaiZ1_gtcamFlushEntry
                0x00000000000018b0                BonsaiZ1_gtcamLoadEntry
                0x0000000000001940                BonsaiZ1_gtcamReadTCAMData
                0x00000000000019c0                BonsaiZ1_gtcamGetNextTCAMData
                0x0000000000001a60                BonsaiZ1_gtcamFindEntry
                0x0000000000001b30                BonsaiZ1_gtcamSetMode
                0x0000000000001b90                BonsaiZ1_gtcamGetMode
                0x0000000000001c20                BonsaiZ1_gtcamAddEntryPort
                0x0000000000001d10                BonsaiZ1_gtcamRemoveEntryPort
                0x0000000000001e10                BonsaiZ1_gtcamEgrFlushEntry
                0x0000000000001e90                BonsaiZ1_gtcamEgrFlushEntryAllPorts
                0x0000000000001ef0                BonsaiZ1_gtcamEgrLoadEntry
                0x00000000000020c0                BonsaiZ1_gtcamEgrGetNextTCAMData
                0x0000000000002190                BonsaiZ1_gtcamEgrReadTCAMData
                0x0000000000002250                BonsaiZ1_gtcamDump
                0x00000000000028d0                BonsaiZ1_gtcamAdvConfig
 *fill*         0x000000000000320c        0x4 
 .text          0x0000000000003210     0x16cc /home/roscube/Desktop/UMSD_v7.0.0_ADLINK/UMSD_v7.0.0/obj/dev/bonsaiz1/src/api/msdDrv_obj/BonsaiZ1_msdTCAMRC.o
                0x0000000000003b70                BonsaiZ1_gtcamRCFlushAllEntry
                0x0000000000003c30                BonsaiZ1_gtcamRCFlushEntry
                0x0000000000003d10                BonsaiZ1_gtcamRCLoadEntry
                0x0000000000003ff0                BonsaiZ1_gtcamRCReadEntry
                0x00000000000040f0                BonsaiZ1_gtcamRCGetNextEntry
                0x0000000000004230                BonsaiZ1_gtcamRCFindEntry
                0x0000000000004380                BonsaiZ1_gtcamRCEntryDump
 *fill*         0x00000000000048dc        0x4 
 .text          0x00000000000048e0      0xa43 /home/roscube/Desktop/UMSD_v7.0.0_ADLINK/UMSD_v7.0.0/obj/dev/bonsaiz1/src/api/msdDrv_obj/BonsaiZ1_msdTCAMRCComp.o
                0x0000000000004d30                BonsaiZ1_gtcamRCCompFlushAll
                0x0000000000004df0                BonsaiZ1_gtcamRCCompFlushPort
                0x0000000000004ed0                BonsaiZ1_gtcamRCCompLoad
                0x0000000000005130                BonsaiZ1_gtcamRCCompRead
 *fill*         0x0000000000005323        0xd 
 .text          0x0000000000005330     0x1f55 /home/roscube/Desktop/UMSD_v7.0.0_ADLINK/UMSD_v7.0.0/obj/dev/bonsaiz1/src/api/msdDrv_obj/BonsaiZ1_msdBrgFdb.o
                0x0000000000006560                BonsaiZ1_gfdbGetAtuEntryNext
                0x0000000000006580                BonsaiZ1_gfdbFlush
                0x00000000000065f0                BonsaiZ1_gfdbFlushInDB
                0x0000000000006670                BonsaiZ1_gfdbMove
                0x0000000000006760                BonsaiZ1_gfdbMoveInDB
                0x0000000000006850                BonsaiZ1_gfdbAddMacEntry
                0x0000000000006920                BonsaiZ1_gfdbDelAtuEntry
                0x00000000000069b0                BonsaiZ1_gfdbGetViolation
                0x0000000000006ae0                BonsaiZ1_gfdbFindAtuMacEntry
                0x0000000000006c10                BonsaiZ1_gfdbSetAgingTimeout
                0x0000000000006c90                BonsaiZ1_gfdbGetAgingTimeout
                0x0000000000006d20                BonsaiZ1_gfdbGetLearn2All
                0x0000000000006dc0                BonsaiZ1_gfdbSetLearn2All
                0x0000000000006e10                BonsaiZ1_gfdbSetPortLearnLimit
                0x0000000000006f80                BonsaiZ1_gfdbGetPortLearnLimit
                0x0000000000007090                BonsaiZ1_gfdbGetPortLearnCount
                0x0000000000007150                BonsaiZ1_gfdbGetEntryCount
                0x00000000000071a0                BonsaiZ1_gfdbGetEntryCountPerFid
                0x00000000000071f0                BonsaiZ1_gfdbGetNonStaticEntryCount
                0x0000000000007240                BonsaiZ1_gfdbGetNStaticEntryCountFid
 *fill*         0x0000000000007285        0xb 
 .text          0x0000000000007290     0x5f9e /home/roscube/Desktop/UMSD_v7.0.0_ADLINK/UMSD_v7.0.0/obj/dev/bonsaiz1/src/api/msdDrv_obj/BonsaiZ1_msdPolicy.o
                0x00000000000074f0                BonsaiZ1_gpolicySetMgmtCtrl
                0x0000000000007510                BonsaiZ1_gpolicyGetMgmtCtrl
                0x0000000000007530                BonsaiZ1_gpolicySetCpuDest
                0x00000000000075f0                BonsaiZ1_gpolicyGetCpuDest
                0x0000000000007680                BonsaiZ1_gpolicySetIgrMonitorDest
                0x0000000000007740                BonsaiZ1_gpolicyGetIgrMonitorDest
                0x00000000000077d0                BonsaiZ1_gpolicySetRsvd2CpuEnables
                0x0000000000007820                BonsaiZ1_gpolicyGetRsvd2CpuEnables
                0x00000000000078c0                BonsaiZ1_gpolicySetMGMTPri
                0x0000000000007960                BonsaiZ1_gpolicyGetMGMTPri
                0x00000000000079c0                BonsaiZ1_gpolicySetRouteDest
                0x0000000000007a80                BonsaiZ1_gpolicyGetRouteDest
                0x0000000000007b10                BonsaiZ1_gpolicySetMirrorDest
                0x0000000000007bd0                BonsaiZ1_gpolicyGetMirrorDest
                0x0000000000007c60                BonsaiZ1_gpolicySetIllegalIPAddr
                0x0000000000007d00                BonsaiZ1_gpolicyGetIllegalIPAddr
                0x0000000000007d60                BonsaiZ1_gpolicySetDipDaMismatch
                0x0000000000007e00                BonsaiZ1_gpolicyGetDipDaMismatch
                0x0000000000007e60                BonsaiZ1_gpolicySetZeroSIP
                0x0000000000007f00                BonsaiZ1_gpolicyGetZeroSIP
                0x0000000000007f60                BonsaiZ1_gpolicySetMcTtlExceeded
                0x0000000000008030                BonsaiZ1_gpolicyGetMcTtlExceeded
                0x0000000000008100                BonsaiZ1_gpolicySetUcTtlExceeded
                0x00000000000081c0                BonsaiZ1_gpolicyGetUcTtlExceeded
                0x0000000000008220                BonsaiZ1_gprtSetPortTtlThreshold
                0x00000000000082b0                BonsaiZ1_gprtGetPortTtlThreshold
                0x0000000000008310                BonsaiZ1_gpolicySetIpHdrErr
                0x00000000000083b0                BonsaiZ1_gpolicyGetIpHdrErr
                0x0000000000008410                BonsaiZ1_gpolicySetTCPFinUrgPsh
                0x00000000000084b0                BonsaiZ1_gpolicyGetTCPFinUrgPsh
                0x0000000000008510                BonsaiZ1_gpolicySetTCPFlagsSeqNum
                0x00000000000085b0                BonsaiZ1_gpolicyGetTCPFlagsSeqNum
                0x0000000000008610                BonsaiZ1_gpolicySetTCPSYN
                0x00000000000086b0                BonsaiZ1_gpolicyGetTCPSYN
                0x0000000000008710                BonsaiZ1_gpolicySetTCPHSize
                0x00000000000087b0                BonsaiZ1_gpolicyGetTCPHSize
                0x0000000000008810                BonsaiZ1_gprtSetPortTCPMinHdrSize
                0x00000000000088a0                BonsaiZ1_gprtGetPortTCPMinHdrSize
                0x0000000000008900                BonsaiZ1_gpolicySetICMPSize
                0x00000000000089a0                BonsaiZ1_gpolicyGetICMPSize
                0x0000000000008a00                BonsaiZ1_gprtSetPortICMPMaxSize
                0x0000000000008a50                BonsaiZ1_gprtGetPortICMPMaxSize
                0x0000000000008ae0                BonsaiZ1_gpolicySetUDPPort
                0x0000000000008b80                BonsaiZ1_gpolicyGetUDPPort
                0x0000000000008be0                BonsaiZ1_gpolicySetTCPPort
                0x0000000000008c80                BonsaiZ1_gpolicyGetTCPPort
                0x0000000000008ce0                BonsaiZ1_gpolicySetTCPSynFin
                0x0000000000008d80                BonsaiZ1_gpolicyGetTCPSynFin
                0x0000000000008de0                BonsaiZ1_gpolicySetTCPFrag
                0x0000000000008e80                BonsaiZ1_gpolicyGetTCPFrag
                0x0000000000008ee0                BonsaiZ1_gpolicySetNearNonTPMR
                0x0000000000008f80                BonsaiZ1_gpolicyGetNearNonTPMR
                0x0000000000008fe0                BonsaiZ1_gpolicySetETag
                0x0000000000009080                BonsaiZ1_gpolicyGetETag
                0x00000000000090e0                BonsaiZ1_gpolicySetNonETag
                0x0000000000009180                BonsaiZ1_gpolicyGetNonETag
                0x00000000000091e0                BonsaiZ1_gpolicyDump
 *fill*         0x000000000000d22e        0x2 
 .text          0x000000000000d230     0x1940 /home/roscube/Desktop/UMSD_v7.0.0_ADLINK/UMSD_v7.0.0/obj/dev/bonsaiz1/src/api/msdDrv_obj/BonsaiZ1_msdBrgVtu.o
                0x000000000000df20                BonsaiZ1_gvtuGetEntryNext
                0x000000000000e090                BonsaiZ1_gvtuFindVidEntry
                0x000000000000e250                BonsaiZ1_gvtuFlush
                0x000000000000e270                BonsaiZ1_gvtuAddEntry
                0x000000000000e3c0                BonsaiZ1_gvtuDelEntry
                0x000000000000e440                BonsaiZ1_gvtuSetMode
                0x000000000000e5c0                BonsaiZ1_gvtuGetMode
                0x000000000000e760                BonsaiZ1_gvtuGetViolation_MultiChip
                0x000000000000e870                BonsaiZ1_gvtuGetViolation
                0x000000000000e9e0                BonsaiZ1_gvtuDump
 .text          0x000000000000eb70      0x991 /home/roscube/Desktop/UMSD_v7.0.0_ADLINK/UMSD_v7.0.0/obj/dev/bonsaiz1/src/api/msdDrv_obj/BonsaiZ1_msdArp.o
                0x000000000000f160                BonsaiZ1_garpLoadMcEntry
                0x000000000000f280                BonsaiZ1_garpLoadUcEntry
                0x000000000000f340                BonsaiZ1_garpFlushEntry
                0x000000000000f3a0                BonsaiZ1_garpFlushAll
                0x000000000000f3f0                BonsaiZ1_garpReadEntry
                0x000000000000f470                BonsaiZ1_garpGetNextEntry
 *fill*         0x000000000000f501        0xf 
 .text          0x000000000000f510      0x851 /home/roscube/Desktop/UMSD_v7.0.0_ADLINK/UMSD_v7.0.0/obj/dev/bonsaiz1/src/api/msdDrv_obj/BonsaiZ1_msdBrgStu.o
                0x000000000000f930                BonsaiZ1_gstuGetEntryNext
                0x000000000000fa30                BonsaiZ1_gstuAddEntry
                0x000000000000fb00                BonsaiZ1_gstuDelEntry
                0x000000000000fb60                BonsaiZ1_gstuFindSidEntry
                0x000000000000fc70                BonsaiZ1_gstuDump
 *fill*         0x000000000000fd61        0xf 
 .text          0x000000000000fd70      0xb95 /home/roscube/Desktop/UMSD_v7.0.0_ADLINK/UMSD_v7.0.0/obj/dev/bonsaiz1/src/api/msdDrv_obj/BonsaiZ1_msdPIRL.o
                0x00000000000101e0                BonsaiZ1_gpirlInitialize
                0x0000000000010200                BonsaiZ1_gpirlInitResource
                0x0000000000010280                BonsaiZ1_gpirlCustomSetup_sr2c
                0x0000000000010470                BonsaiZ1_gpirlReadResource
                0x0000000000010640                BonsaiZ1_gpirlWriteResource
                0x00000000000107e0                BonsaiZ1_gpirlGetResReg
                0x0000000000010880                BonsaiZ1_gpirlSetResReg
 *fill*         0x0000000000010905        0xb 
 .text          0x0000000000010910      0xdfc /home/roscube/Desktop/UMSD_v7.0.0_ADLINK/UMSD_v7.0.0/obj/dev/bonsaiz1/src/api/msdDrv_obj/BonsaiZ1_msdPortRmon.o
                0x0000000000010f60                BonsaiZ1_gstatsFlushAll
                0x0000000000010f80                BonsaiZ1_gstatsFlushPort
                0x0000000000010fc0                BonsaiZ1_gstatsGetPortCounter
                0x0000000000011020                BonsaiZ1_gstatsGetPortAllCounters
                0x0000000000011070                BonsaiZ1_gstatsGetHistogramMode
                0x0000000000011130                BonsaiZ1_gstatsSetHistogramMode
                0x0000000000011170                BonsaiZ1_gmibDump
 *fill*         0x000000000001170c        0x4 
 .text          0x0000000000011710     0x476e /home/roscube/Desktop/UMSD_v7.0.0_ADLINK/UMSD_v7.0.0/obj/dev/bonsaiz1/src/api/msdDrv_obj/BonsaiZ1_msdPortCtrl.o
                0x0000000000011c90                BonsaiZ1_gvlnSetPortVid
                0x0000000000011cf0                BonsaiZ1_gvlnGetPortVid
                0x0000000000011d80                BonsaiZ1_gprtSetForceDefaultVid
                0x0000000000011de0                BonsaiZ1_gprtGetForceDefaultVid
                0x0000000000011e80                BonsaiZ1_gvlnSetPortVlanDot1qMode
                0x0000000000011ee0                BonsaiZ1_gvlnGetPortVlanDot1qMode
                0x0000000000011f70                BonsaiZ1_gprtSetDiscardTagged
                0x0000000000011fd0                BonsaiZ1_gprtGetDiscardTagged
                0x0000000000012070                BonsaiZ1_gprtSetDiscardUntagged
                0x00000000000120d0                BonsaiZ1_gprtGetDiscardUntagged
                0x0000000000012170                BonsaiZ1_gprtSetUnicastFloodBlock
                0x00000000000121d0                BonsaiZ1_gprtGetUnicastFloodBlock
                0x0000000000012270                BonsaiZ1_gprtSetMulticastFloodBlock
                0x00000000000122d0                BonsaiZ1_gprtGetMulticastFloodBlock
                0x0000000000012370                BonsaiZ1_gprtSetDiscardBCastMode
                0x00000000000123d0                BonsaiZ1_gprtGetDiscardBCastMode
                0x0000000000012470                BonsaiZ1_gprtSetIGMPSnoopEnable
                0x00000000000124d0                BonsaiZ1_gprtGetIGMPSnoopEnable
                0x0000000000012570                BonsaiZ1_gprtGetHeaderMode
                0x0000000000012610                BonsaiZ1_gprtSetHeaderMode
                0x0000000000012670                BonsaiZ1_gprtGetDropOnLock
                0x0000000000012710                BonsaiZ1_gprtSetDropOnLock
                0x0000000000012770                BonsaiZ1_gprtSetJumboMode
                0x00000000000127e0                BonsaiZ1_gprtGetJumboMode
                0x0000000000012870                BonsaiZ1_gprtSetSpecifiedMTU
                0x00000000000128f0                BonsaiZ1_gprtGetSpecifiedMTU
                0x0000000000012980                BonsaiZ1_gprtSetLearnEnable
                0x0000000000012a80                BonsaiZ1_gprtGetLearnEnable
                0x0000000000012b10                BonsaiZ1_gprtGetVTUPriorityOverride
                0x0000000000012ba0                BonsaiZ1_gprtSetVTUPriorityOverride
                0x0000000000012c00                BonsaiZ1_gprtGetSAPriorityOverride
                0x0000000000012c90                BonsaiZ1_gprtSetSAPriorityOverride
                0x0000000000012cf0                BonsaiZ1_gprtGetDAPriorityOverride
                0x0000000000012d80                BonsaiZ1_gprtSetDAPriorityOverride
                0x0000000000012de0                BonsaiZ1_gprtGetMessagePort
                0x0000000000012e80                BonsaiZ1_gprtSetMessagePort
                0x0000000000012ee0                BonsaiZ1_gprtGetEtherType
                0x0000000000012f00                BonsaiZ1_gprtSetEtherType
                0x0000000000012f20                BonsaiZ1_gprtGetAllowVidZero
                0x0000000000012fc0                BonsaiZ1_gprtSetAllowVidZero
                0x0000000000013020                BonsaiZ1_gprtSetTrunkPort
                0x00000000000130e0                BonsaiZ1_gprtGetTrunkPort
                0x00000000000131c0                BonsaiZ1_gprtSetFlowCtrl
                0x0000000000013270                BonsaiZ1_gprtGetFlowCtrl
                0x00000000000132e0                BonsaiZ1_gprtSetEgressMonitorSource
                0x0000000000013340                BonsaiZ1_gprtGetEgressMonitorSource
                0x00000000000133e0                BonsaiZ1_gprtSetIngressMonitorSource
                0x0000000000013440                BonsaiZ1_gprtGetIngressMonitorSource
                0x00000000000134e0                BonsaiZ1_grcSetEgressRate
                0x0000000000013710                BonsaiZ1_grcSetELimitMode
                0x0000000000013770                BonsaiZ1_grcGetELimitMode
                0x0000000000013800                BonsaiZ1_grcGetEgressRate
                0x0000000000013940                BonsaiZ1_gprtSetDuplex
                0x00000000000139b0                BonsaiZ1_gprtGetDuplex
                0x0000000000013a80                BonsaiZ1_gprtGetDuplexStatus
                0x0000000000013b10                BonsaiZ1_gprtGetForceLink
                0x0000000000013be0                BonsaiZ1_gprtSetForceLink
                0x0000000000013c50                BonsaiZ1_gprtGetLinkState
                0x0000000000013ce0                BonsaiZ1_gprtSetForceSpeed
                0x0000000000013f20                BonsaiZ1_gprtGetForceSpeed
                0x00000000000140c0                BonsaiZ1_gprtGetSpeed
                0x00000000000141f0                BonsaiZ1_gprtGetVlanPorts
                0x00000000000142d0                BonsaiZ1_gprtSetVlanPorts
                0x0000000000014410                BonsaiZ1_gprtGetFrameMode
                0x00000000000144a0                BonsaiZ1_gprtSetFrameMode
                0x0000000000014500                BonsaiZ1_gprtSetPortECID
                0x00000000000145a0                BonsaiZ1_gprtGetPortECID
                0x0000000000014600                BonsaiZ1_gprtSetIgnoreETag
                0x0000000000014690                BonsaiZ1_gprtGetIgnoreETag
                0x00000000000146f0                BonsaiZ1_gprtSetEgressMode
                0x0000000000014750                BonsaiZ1_gprtGetEgressMode
                0x00000000000147e0                BonsaiZ1_gprtSetExtendedPortCtrlReg
                0x00000000000148c0                BonsaiZ1_gprtGetExtendedPortCtrlReg
                0x0000000000014960                BonsaiZ1_gprtGetPortState
                0x00000000000149f0                BonsaiZ1_gprtSetPortState
                0x0000000000014a50                BonsaiZ1_gprtSetIgnoreFcs
                0x0000000000014ab0                BonsaiZ1_gprtGetIgnoreFcs
                0x0000000000014b50                BonsaiZ1_gprtSetAllowBadFcs
                0x0000000000014bb0                BonsaiZ1_gprtGetAllowBadFcs
                0x0000000000014c50                BonsaiZ1_gprtSetPauseLimitOut
                0x0000000000014ca0                BonsaiZ1_gprtGetPauseLimitOut
                0x0000000000014cf0                BonsaiZ1_gprtSetPauseLimitIn
                0x0000000000014d30                BonsaiZ1_gprtGetPauseLimitIn
                0x0000000000014d80                BonsaiZ1_gprtSetQueueToPause
                0x0000000000014dd0                BonsaiZ1_gprtGetQueueToPause
                0x0000000000014e20                BonsaiZ1_gprtSetRxPriFlowCtrlEnable
                0x0000000000014f10                BonsaiZ1_gprtGetRxPriFlowCtrlEnable
                0x0000000000014fc0                BonsaiZ1_gprtSetRxPriFlowCtrlToQueue
                0x00000000000150b0                BonsaiZ1_gprtGetRxPriFlowCtrlToQueue
                0x0000000000015150                BonsaiZ1_gprtSetTxPriFlowCtrlEnable
                0x0000000000015240                BonsaiZ1_gprtGetTxPriFlowCtrlEnable
                0x00000000000152f0                BonsaiZ1_gprtGetOutQueueSize
                0x0000000000015380                BonsaiZ1_gprtSetMapDA
                0x00000000000153e0                BonsaiZ1_gprtGetMapDA
                0x0000000000015480                BonsaiZ1_gprtSetPortLocked
                0x00000000000154e0                BonsaiZ1_gprtGetPortLocked
                0x0000000000015580                BonsaiZ1_gprtSetHoldAt1
                0x00000000000155e0                BonsaiZ1_gprtGetHoldAt1
                0x0000000000015680                BonsaiZ1_gprtSetInt0nAgeOut
                0x00000000000156e0                BonsaiZ1_gprtGetInt0nAgeOut
                0x0000000000015780                BonsaiZ1_gprtSetRefreshLocked
                0x00000000000157e0                BonsaiZ1_gprtGetRefreshLocked
                0x0000000000015880                BonsaiZ1_gprtSetIgnoreWrongData
                0x00000000000158e0                BonsaiZ1_gprtGetIgnoreWrongData
                0x0000000000015980                BonsaiZ1_gprtSetARPMirror
                0x00000000000159e0                BonsaiZ1_gprtGetARPMirror
                0x0000000000015a80                BonsaiZ1_gprtSetPreemptSize
                0x0000000000015ae0                BonsaiZ1_gprtGetPreemptSize
                0x0000000000015b80                BonsaiZ1_gprtSetPreemptEnable
                0x0000000000015be0                BonsaiZ1_gprtGetPreemptEnable
                0x0000000000015c80                BonsaiZ1_gprtSetPreemptQueue
                0x0000000000015ce0                BonsaiZ1_gprtGetPreemptQueue
                0x0000000000015d80                BonsaiZ1_gprtRegDump
 *fill*         0x0000000000015e7e        0x2 
 .text          0x0000000000015e80     0x1431 /home/roscube/Desktop/UMSD_v7.0.0_ADLINK/UMSD_v7.0.0/obj/dev/bonsaiz1/src/api/msdDrv_obj/BonsaiZ1_msdEcid.o
                0x00000000000168f0                BonsaiZ1_gBpeEnableSet
                0x0000000000016a40                BonsaiZ1_gBpeEnableGet
                0x0000000000016ae0                BonsaiZ1_gecidAddEntry
                0x0000000000016b20                BonsaiZ1_gecidFlushAll
                0x0000000000016b90                BonsaiZ1_gecidMove
                0x0000000000016c50                BonsaiZ1_gecidFlushEntry
                0x0000000000016ce0                BonsaiZ1_gecidGetEcidEntryNext
                0x0000000000016d60                BonsaiZ1_gecidFindEcidEntry
                0x0000000000016e60                BonsaiZ1_gecidGetEntryCount
                0x0000000000017150                BonsaiZ1_gecidDump
 *fill*         0x00000000000172b1        0xf 
 .text          0x00000000000172c0      0xaa2 /home/roscube/Desktop/UMSD_v7.0.0_ADLINK/UMSD_v7.0.0/obj/dev/bonsaiz1/src/api/msdDrv_obj/BonsaiZ1_msdPortPrioMap.o
                0x00000000000172c0                BonsaiZ1_gqosSetPrioMapRule
                0x0000000000017320                BonsaiZ1_gqosGetPrioMapRule
                0x00000000000173c0                BonsaiZ1_gprtSetInitialPri
                0x0000000000017430                BonsaiZ1_gprtGetInitialPri
                0x0000000000017500                BonsaiZ1_gprtSetDefQpri
                0x0000000000017560                BonsaiZ1_gprtGetDefQpri
                0x0000000000017600                BonsaiZ1_gprtSetIEEEPrioMap
                0x0000000000017810                BonsaiZ1_gprtGetIEEEPrioMap
                0x0000000000017a30                BonsaiZ1_gprtRewriteDscp
                0x0000000000017a90                BonsaiZ1_gprtSetCosToQueue
                0x0000000000017b20                BonsaiZ1_gprtGetCosToQueue
                0x0000000000017b80                BonsaiZ1_gprtSetCosToDscp
                0x0000000000017c10                BonsaiZ1_gprtGetCosToDscp
                0x0000000000017c70                BonsaiZ1_gprtSetDefFpri
                0x0000000000017cd0                BonsaiZ1_gprtGetDefFpri
 *fill*         0x0000000000017d62        0xe 
 .text          0x0000000000017d70      0x833 /home/roscube/Desktop/UMSD_v7.0.0_ADLINK/UMSD_v7.0.0/obj/dev/bonsaiz1/src/api/msdDrv_obj/BonsaiZ1_msdQueueCtrl.o
                0x0000000000017d70                BonsaiZ1_gprtSetQueueCtrl
                0x0000000000017e80                BonsaiZ1_gprtGetQueueCtrl
                0x0000000000017fc0                BonsaiZ1_gprtSetPortSched
                0x0000000000018010                BonsaiZ1_gprtGetPortSched
                0x0000000000018120                BonsaiZ1_gsysSetQoSWeight
                0x0000000000018360                BonsaiZ1_gsysGetQoSWeight
 *fill*         0x00000000000185a3        0xd 
 .text          0x00000000000185b0     0x128d /home/roscube/Desktop/UMSD_v7.0.0_ADLINK/UMSD_v7.0.0/obj/dev/bonsaiz1/src/api/msdDrv_obj/BonsaiZ1_msdSysCtrl.o
                0x00000000000185b0                BonsaiZ1_gsysSetTrunkMaskTable
                0x00000000000186f0                BonsaiZ1_gsysGetTrunkMaskTable
                0x0000000000018880                BonsaiZ1_gsysSetHashTrunk
                0x00000000000188b0                BonsaiZ1_gsysGetHashTrunk
                0x0000000000018920                BonsaiZ1_gsysSetTrunkRouting
                0x0000000000018a80                BonsaiZ1_gsysGetTrunkRouting
                0x0000000000018c40                BonsaiZ1_gsysSetFloodBC
                0x0000000000018c70                BonsaiZ1_gsysGetFloodBC
                0x0000000000018ce0                BonsaiZ1_gsysSetEgressMonitorDest
                0x0000000000018d30                BonsaiZ1_gsysGetEgressMonitorDest
                0x0000000000018dd0                BonsaiZ1_gsysSetSMISetup
                0x0000000000018fb0                BonsaiZ1_gsysGetSMISetup
                0x0000000000019190                BonsaiZ1_gsysGlobal1RegDump
                0x0000000000019260                BonsaiZ1_gsysGlobal2RegDump
                0x0000000000019330                BonsaiZ1_gsysSetRMUMode
                0x00000000000193c0                BonsaiZ1_gsysGetRMUMode
                0x0000000000019420                BonsaiZ1_gsysQbvWrite
                0x00000000000194f0                BonsaiZ1_gsysQbvRead
                0x00000000000195d0                BonsaiZ1_gsysDevIntEnableSet
                0x0000000000019600                BonsaiZ1_gsysDevIntEnableGet
                0x0000000000019680                BonsaiZ1_gsysDevIntStatusGet
                0x00000000000196f0                BonsaiZ1_gsysActiveIntEnableSet
                0x0000000000019780                BonsaiZ1_gsysActiveIntEnableGet
                0x00000000000197e0                BonsaiZ1_gsysActiveIntStatusGet
 *fill*         0x000000000001983d        0x3 
 .text          0x0000000000019840       0xc5 /home/roscube/Desktop/UMSD_v7.0.0_ADLINK/UMSD_v7.0.0/obj/dev/bonsaiz1/src/api/msdDrv_obj/BonsaiZ1_msdPhyCtrl.o
                0x0000000000019840                BonsaiZ1_serdesReset
 *fill*         0x0000000000019905        0xb 
 .text          0x0000000000019910     0x1975 /home/roscube/Desktop/UMSD_v7.0.0_ADLINK/UMSD_v7.0.0/obj/dev/bonsaiz1/src/api/msdDrv_obj/BonsaiZ1_msdRMU.o
                0x000000000001a0e0                BonsaiZ1_msdRmuGetID
                0x000000000001a210                BonsaiZ1_msdRmuAtuDump
                0x000000000001a430                BonsaiZ1_msdRmuEcidDump
                0x000000000001a680                BonsaiZ1_msdRmuMib2Dump
                0x000000000001aab0                BonsaiZ1_msdRmuReadRegister
                0x000000000001aae0                BonsaiZ1_msdRmuWriteRegister
                0x000000000001ab00                BonsaiZ1_msdRmuMultiRegAccess
                0x000000000001acf0                BonsaiZ1_msdRmuTCAMDump
                0x000000000001ae60                BonsaiZ1_msdRmuTCAMWrite
                0x000000000001b010                BonsaiZ1_msdRmuTCAMRead
                0x000000000001b1c0                BonsaiZ1_msdRmuRegDump
 *fill*         0x000000000001b285        0xb 
 .text          0x000000000001b290      0xcab /home/roscube/Desktop/UMSD_v7.0.0_ADLINK/UMSD_v7.0.0/obj/dev/bonsaiz1/src/api/msdDrv_obj/BonsaiZ1_msdTCAMIntf.o
                0x000000000001b290                BonsaiZ1_gtcamLoadEntryIntf
                0x000000000001b460                BonsaiZ1_gtcamReadTCAMDataIntf
                0x000000000001b650                BonsaiZ1_gtcamGetNextTCAMDataIntf
                0x000000000001b840                BonsaiZ1_gtcamFindEntryIntf
                0x000000000001ba70                BonsaiZ1_gtcamSetModeIntf
                0x000000000001ba80                BonsaiZ1_gtcamGetModeIntf
                0x000000000001bae0                BonsaiZ1_gtcamEgrFlushEntryIntf
                0x000000000001baf0                BonsaiZ1_gtcamEgrFlushAllPortsIntf
                0x000000000001bb00                BonsaiZ1_gtcamEgrLoadEntryIntf
                0x000000000001bbc0                BonsaiZ1_gtcamEgrGetNextTCAMDataIntf
                0x000000000001bca0                BonsaiZ1_gtcamEgrReadTCAMDataIntf
                0x000000000001bd80                BonsaiZ1_gtcamAdvConfigIntf
 *fill*         0x000000000001bf3b        0x5 
 .text          0x000000000001bf40      0x57b /home/roscube/Desktop/UMSD_v7.0.0_ADLINK/UMSD_v7.0.0/obj/dev/bonsaiz1/src/api/msdDrv_obj/BonsaiZ1_msdBrgFdbIntf.o
                0x000000000001bf40                BonsaiZ1_gfdbAddMacEntryIntf
                0x000000000001bfc0                BonsaiZ1_gfdbGetAtuEntryNextIntf
                0x000000000001c0a0                BonsaiZ1_gfdbFlushIntf
                0x000000000001c0b0                BonsaiZ1_gfdbFlushInDBIntf
                0x000000000001c0c0                BonsaiZ1_gfdbMoveIntf
                0x000000000001c0d0                BonsaiZ1_gfdbMoveInDBIntf
                0x000000000001c0e0                BonsaiZ1_gfdbPortRemoveIntf
                0x000000000001c110                BonsaiZ1_gfdbPortRemoveInDBIntf
                0x000000000001c140                BonsaiZ1_gfdbGetViolationIntf
                0x000000000001c220                BonsaiZ1_gfdbFindAtuMacEntryIntf
                0x000000000001c310                BonsaiZ1_gfdbDump
 *fill*         0x000000000001c4bb        0x5 
 .text          0x000000000001c4c0      0x848 /home/roscube/Desktop/UMSD_v7.0.0_ADLINK/UMSD_v7.0.0/obj/dev/bonsaiz1/src/api/msdDrv_obj/BonsaiZ1_msdBrgVtuIntf.o
                0x000000000001c4c0                BonsaiZ1_gvtuFindVidEntryIntf
                0x000000000001c630                BonsaiZ1_gvtuExistVidEntryIntf
                0x000000000001c6d0                BonsaiZ1_gvtuFlushIntf
                0x000000000001c6e0                BonsaiZ1_gvtuAddEntryIntf
                0x000000000001c800                BonsaiZ1_gvtuDelEntryIntf
                0x000000000001c880                BonsaiZ1_gvtuSetModeIntf
                0x000000000001c890                BonsaiZ1_gvtuGetModeIntf
                0x000000000001c8a0                BonsaiZ1_gvtuGetViolationIntf
                0x000000000001c960                BonsaiZ1_gvtuGetEntryCountIntf
                0x000000000001ca10                BonsaiZ1_gvtuSetMemberTagIntf
                0x000000000001cb00                BonsaiZ1_gvtuGetMemberTagIntf
                0x000000000001cbe0                BonsaiZ1_gvtuGetEntryNextIntf
 *fill*         0x000000000001cd08        0x8 
 .text          0x000000000001cd10      0x38c /home/roscube/Desktop/UMSD_v7.0.0_ADLINK/UMSD_v7.0.0/obj/dev/bonsaiz1/src/api/msdDrv_obj/BonsaiZ1_msdBrgStuIntf.o
                0x000000000001cd10                BonsaiZ1_gstuAddEntryIntf
                0x000000000001cde0                BonsaiZ1_gstuGetEntryNextIntf
                0x000000000001ce90                BonsaiZ1_gstuDelEntryIntf
                0x000000000001cef0                BonsaiZ1_gstuFindSidEntryIntf
                0x000000000001d000                BonsaiZ1_gstuGetEntryCountIntf
 *fill*         0x000000000001d09c        0x4 
 .text          0x000000000001d0a0      0x40c /home/roscube/Desktop/UMSD_v7.0.0_ADLINK/UMSD_v7.0.0/obj/dev/bonsaiz1/src/api/msdDrv_obj/BonsaiZ1_msdPIRLIntf.o
                0x000000000001d0a0                BonsaiZ1_gpirlInitializeIntf
                0x000000000001d0b0                BonsaiZ1_gpirlInitResourceIntf
                0x000000000001d0c0                BonsaiZ1_gpirlCustomSetup_sr2cIntf
                0x000000000001d180                BonsaiZ1_gpirlReadResourceIntf
                0x000000000001d260                BonsaiZ1_gpirlWriteResourceIntf
                0x000000000001d320                BonsaiZ1_gpirlGetResRegIntf
                0x000000000001d330                BonsaiZ1_gpirlSetResRegIntf
                0x000000000001d340                BonsaiZ1_gpirlAdvConfigIntf
                0x000000000001d440                BonsaiZ1_gpirlAdvConfigDisableIntf
 *fill*         0x000000000001d4ac        0x4 
 .text          0x000000000001d4b0      0x743 /home/roscube/Desktop/UMSD_v7.0.0_ADLINK/UMSD_v7.0.0/obj/dev/bonsaiz1/src/api/msdDrv_obj/BonsaiZ1_msdQav.o
                0x000000000001d870                BonsaiZ1_gqavSetPortQpriXRate
                0x000000000001d9a0                BonsaiZ1_gqavGetPortQpriXRate
                0x000000000001da80                BonsaiZ1_gqavSetPortQpriXHiLimit
                0x000000000001db50                BonsaiZ1_gqavGetPortQpriXHiLimit
 *fill*         0x000000000001dbf3        0xd 
 .text          0x000000000001dc00      0x1d4 /home/roscube/Desktop/UMSD_v7.0.0_ADLINK/UMSD_v7.0.0/obj/dev/bonsaiz1/src/api/msdDrv_obj/BonsaiZ1_msdArpIntf.o
                0x000000000001dc00                BonsaiZ1_garpLoadMcEntryIntf
                0x000000000001dc60                BonsaiZ1_garpLoadUcEntryIntf
                0x000000000001dcc0                BonsaiZ1_garpReadEntryIntf
                0x000000000001dd50                BonsaiZ1_garpGetNextEntryIntf
 *fill*         0x000000000001ddd4        0xc 
 .text          0x000000000001dde0      0x239 /home/roscube/Desktop/UMSD_v7.0.0_ADLINK/UMSD_v7.0.0/obj/dev/bonsaiz1/src/api/msdDrv_obj/BonsaiZ1_msdPortRmonIntf.o
                0x000000000001dde0                BonsaiZ1_gstatsGetPortCounterIntf
                0x000000000001ddf0                BonsaiZ1_gstatsGetPortAllCntersIntf
                0x000000000001e000                BonsaiZ1_gstatsGetHistogramModeIntf
                0x000000000001e010                BonsaiZ1_gstatsSetHistogramModeIntf
 *fill*         0x000000000001e019        0x7 
 .text          0x000000000001e020      0x2d9 /home/roscube/Desktop/UMSD_v7.0.0_ADLINK/UMSD_v7.0.0/obj/dev/bonsaiz1/src/api/msdDrv_obj/BonsaiZ1_msdPortCtrlIntf.o
                0x000000000001e020                BonsaiZ1_gvlnSetPortVlanQModeIntf
                0x000000000001e030                BonsaiZ1_gvlnGetPortVlanQModeIntf
                0x000000000001e040                BonsaiZ1_gprtSetDiscardTaggedIntf
                0x000000000001e050                BonsaiZ1_gprtGetDiscardTaggedIntf
                0x000000000001e060                BonsaiZ1_gprtSetDiscardUntaggedIntf
                0x000000000001e070                BonsaiZ1_gprtGetDiscardUntaggedIntf
                0x000000000001e080                BonsaiZ1_gprtSetUnicFloodBlockIntf
                0x000000000001e090                BonsaiZ1_gprtGetUnicFloodBlockIntf
                0x000000000001e0a0                BonsaiZ1_gprtSetMultiFloodBlockIntf
                0x000000000001e0b0                BonsaiZ1_gprtGetMultiFloodBlockIntf
                0x000000000001e0c0                BonsaiZ1_gprtSetDiscardBCastModeIntf
                0x000000000001e0d0                BonsaiZ1_gprtGetDiscardBCastModeIntf
                0x000000000001e0e0                BonsaiZ1_gprtSetJumboModeIntf
                0x000000000001e0f0                BonsaiZ1_gprtGetJumboModeIntf
                0x000000000001e100                BonsaiZ1_gprtSetSpecifiedMTUIntf
                0x000000000001e110                BonsaiZ1_gprtGetSpecifiedMTUIntf
                0x000000000001e120                BonsaiZ1_gprtSetLearnEnableIntf
                0x000000000001e130                BonsaiZ1_gprtGetLearnEnableIntf
                0x000000000001e140                BonsaiZ1_gprtGetVTUPriOverrideIntf
                0x000000000001e150                BonsaiZ1_gprtSetVTUPriOverrideIntf
                0x000000000001e160                BonsaiZ1_gprtGetSAPriOverrideIntf
                0x000000000001e170                BonsaiZ1_gprtSetSAPriOverrideIntf
                0x000000000001e180                BonsaiZ1_gprtGetDAPriOverrideIntf
                0x000000000001e190                BonsaiZ1_gprtSetDAPriOverrideIntf
                0x000000000001e1a0                BonsaiZ1_gprtSetFlowCtrlIntf
                0x000000000001e1b0                BonsaiZ1_gprtGetFlowCtrlIntf
                0x000000000001e1c0                BonsaiZ1_gprtSetForceSpeedIntf
                0x000000000001e1e0                BonsaiZ1_gprtGetForceSpeedIntf
                0x000000000001e1f0                BonsaiZ1_grcSetEgressRateIntf
                0x000000000001e200                BonsaiZ1_grcGetEgressRateIntf
                0x000000000001e210                BonsaiZ1_grcSetELimitModeIntf
                0x000000000001e220                BonsaiZ1_grcGetELimitModeIntf
                0x000000000001e230                BonsaiZ1_gprtSetDuplexIntf
                0x000000000001e240                BonsaiZ1_gprtGetDuplexIntf
                0x000000000001e250                BonsaiZ1_gprtGetDuplexStatusIntf
                0x000000000001e260                BonsaiZ1_gprtGetForceLinkIntf
                0x000000000001e270                BonsaiZ1_gprtSetForceLinkIntf
                0x000000000001e280                BonsaiZ1_gprtGetSpeedIntf
                0x000000000001e290                BonsaiZ1_gprtGetFrameModeIntf
                0x000000000001e2a0                BonsaiZ1_gprtSetFrameModeIntf
                0x000000000001e2b0                BonsaiZ1_gprtSetEgressModeIntf
                0x000000000001e2d0                BonsaiZ1_gprtGetEgressModeIntf
                0x000000000001e2e0                BonsaiZ1_gprtGetPortStateIntf
                0x000000000001e2f0                BonsaiZ1_gprtSetPortStateIntf
 *fill*         0x000000000001e2f9        0x7 
 .text          0x000000000001e300      0x17d /home/roscube/Desktop/UMSD_v7.0.0_ADLINK/UMSD_v7.0.0/obj/dev/bonsaiz1/src/api/msdDrv_obj/BonsaiZ1_msdPortPrioMapIntf.o
                0x000000000001e300                BonsaiZ1_gqosSetPrioMapRuleIntf
                0x000000000001e310                BonsaiZ1_gqosGetPrioMapRuleIntf
                0x000000000001e320                BonsaiZ1_gprtSetInitialPriIntf
                0x000000000001e330                BonsaiZ1_gprtGetInitialPriIntf
                0x000000000001e340                BonsaiZ1_gprtSetDefQpriIntf
                0x000000000001e350                BonsaiZ1_gprtGetDefQpriIntf
                0x000000000001e360                BonsaiZ1_gprtSetIEEEPrioMapIntf
                0x000000000001e3c0                BonsaiZ1_gprtGetIEEEPrioMapIntf
 *fill*         0x000000000001e47d        0x3 
 .text          0x000000000001e480      0x215 /home/roscube/Desktop/UMSD_v7.0.0_ADLINK/UMSD_v7.0.0/obj/dev/bonsaiz1/src/api/msdDrv_obj/BonsaiZ1_msdEcidIntf.o
                0x000000000001e480                BonsaiZ1_gecidAddEntryIntf
                0x000000000001e510                BonsaiZ1_gecidGetEcidEntryNextIntf
                0x000000000001e5d0                BonsaiZ1_gecidFindEcidEntryIntf
 *fill*         0x000000000001e695        0xb 
 .text          0x000000000001e6a0      0x232 /home/roscube/Desktop/UMSD_v7.0.0_ADLINK/UMSD_v7.0.0/obj/dev/bonsaiz1/src/api/msdDrv_obj/BonsaiZ1_msdQueueCtrlIntf.o
                0x000000000001e6a0                BonsaiZ1_gprtSetQueueCtrlIntf
                0x000000000001e6b0                BonsaiZ1_gprtGetQueueCtrlIntf
                0x000000000001e6c0                BonsaiZ1_gprtSetPortSchedIntf
                0x000000000001e6d0                BonsaiZ1_gprtGetPortSchedIntf
                0x000000000001e6e0                BonsaiZ1_gsysSetQoSWeightIntf
                0x000000000001e7e0                BonsaiZ1_gsysGetQoSWeightIntf
 .text          0x000000000001e8d2        0x0 /home/roscube/Desktop/UMSD_v7.0.0_ADLINK/UMSD_v7.0.0/obj/dev/bonsaiz1/src/api/msdDrv_obj/BonsaiZ1_msdSysCtrlIntf.o
 .text          0x000000000001e8d2        0x0 /home/roscube/Desktop/UMSD_v7.0.0_ADLINK/UMSD_v7.0.0/obj/dev/bonsaiz1/src/api/msdDrv_obj/BonsaiZ1_msdPhyCtrlIntf.o
 .text          0x000000000001e8d2        0x0 /home/roscube/Desktop/UMSD_v7.0.0_ADLINK/UMSD_v7.0.0/obj/dev/bonsaiz1/src/api/msdDrv_obj/BonsaiZ1_msdPolicyIntf.o
 *fill*         0x000000000001e8d2        0xe 
 .text          0x000000000001e8e0      0x53d /home/roscube/Desktop/UMSD_v7.0.0_ADLINK/UMSD_v7.0.0/obj/dev/bonsaiz1/src/api/msdDrv_obj/BonsaiZ1_msdTCAMRCIntf.o
                0x000000000001e8e0                BonsaiZ1_gtcamRCLoadEntryIntf
                0x000000000001ea00                BonsaiZ1_gtcamRCReadEntryIntf
                0x000000000001eb50                BonsaiZ1_gtcamRCGetNextEntryIntf
                0x000000000001eca0                BonsaiZ1_gtcamRCFindEntryIntf
 *fill*         0x000000000001ee1d        0x3 
 .text          0x000000000001ee20      0xbef /home/roscube/Desktop/UMSD_v7.0.0_ADLINK/UMSD_v7.0.0/obj/dev/bonsaiz1/src/api/msdDrv_obj/BonsaiZ1_msdRMUIntf.o
                0x000000000001ee20                BonsaiZ1_msdRmuGetIDIntf
                0x000000000001ee30                BonsaiZ1_msdRmuAtuDumpIntf
                0x000000000001ef90                BonsaiZ1_msdRmuEcidDumpIntf
                0x000000000001f0f0                BonsaiZ1_msdRmuMib2DumpIntf
                0x000000000001f300                BonsaiZ1_msdRmuReadRegisterIntf
                0x000000000001f310                BonsaiZ1_msdRmuWriteRegisterIntf
                0x000000000001f330                BonsaiZ1_msdRmuMultiRegAccessIntf
                0x000000000001f340                BonsaiZ1_msdRmuTCAMDumpIntf
                0x000000000001f630                BonsaiZ1_msdRmuTCAMWriteIntf
                0x000000000001f800                BonsaiZ1_msdRmuTCAMReadIntf
 *fill*         0x000000000001fa0f        0x1 
 .text          0x000000000001fa10     0x2873 /home/roscube/Desktop/UMSD_v7.0.0_ADLINK/UMSD_v7.0.0/obj/dev/bonsaiz1/src/api/msdDrv_obj/BonsaiZ1_msdPTP.o
                0x0000000000020700                BonsaiZ1_gptpSetIntEnable
                0x00000000000207f0                BonsaiZ1_gptpGetIntEnable
                0x00000000000208a0                BonsaiZ1_gptpSetPortPTPEn
                0x0000000000020980                BonsaiZ1_gptpGetPortPTPEn
                0x0000000000020a20                BonsaiZ1_gptpGetTimeStamp
                0x0000000000020b50                BonsaiZ1_gptpGetTSValidSt
                0x0000000000020c20                BonsaiZ1_gptpResetTimeStamp
                0x0000000000020cf0                BonsaiZ1_gptpGetIntStatus
                0x0000000000020db0                BonsaiZ1_gptpSetMeanPathDelay
                0x0000000000020e50                BonsaiZ1_gptpGetMeanPathDelay
                0x0000000000020ef0                BonsaiZ1_gptpSetIgrPathDelayAsym
                0x0000000000020f90                BonsaiZ1_gptpGetIgrPathDelayAsym
                0x0000000000021030                BonsaiZ1_gptpSetEgrPathDelayAsym
                0x00000000000210d0                BonsaiZ1_gptpGetEgrPathDelayAsym
                0x0000000000021170                BonsaiZ1_gptpGetTODBusyBitStatus
                0x00000000000211f0                BonsaiZ1_gptpTODStoreCompensation
                0x00000000000212b0                BonsaiZ1_gptpTODStoreAll
                0x0000000000021370                BonsaiZ1_gptpTODCaptureAll
                0x0000000000021640                BonsaiZ1_gptpSetPulse
                0x00000000000216f0                BonsaiZ1_gptpGetPulse
                0x0000000000021790                BonsaiZ1_gtaiGetPTPGlobalTime
                0x0000000000021810                BonsaiZ1_gptpPortRegGet
                0x00000000000218c0                BonsaiZ1_gptpPortRegSet
                0x0000000000021960                BonsaiZ1_gptpGlobalRegGet
                0x00000000000219d0                BonsaiZ1_gptpGlobalRegSet
                0x0000000000021a40                BonsaiZ1_gptp1588v2ConfigSet
                0x0000000000021c10                BonsaiZ1_gptp8021asConfigSet
                0x0000000000021dd0                BonsaiZ1_gptp8021asRevConfigSet
                0x0000000000021f90                BonsaiZ1_gptpPreemptTsSelSet
                0x0000000000022070                BonsaiZ1_gptpPreemptTsSelGet
                0x0000000000022110                BonsaiZ1_gptpPreemptCtrlSet
                0x00000000000221f0                BonsaiZ1_gptpPreemptCtrlGet
 *fill*         0x0000000000022283        0xd 
 .text          0x0000000000022290      0x41c /home/roscube/Desktop/UMSD_v7.0.0_ADLINK/UMSD_v7.0.0/obj/dev/bonsaiz1/src/api/msdDrv_obj/BonsaiZ1_msdPTPIntf.o
                0x0000000000022290                BonsaiZ1_gptpSetIntEnableIntf
                0x00000000000222f0                BonsaiZ1_gptpGetIntEnableIntf
                0x0000000000022350                BonsaiZ1_gptpGetTimeStampIntf
                0x00000000000223c0                BonsaiZ1_gptpGetIntStatusIntf
                0x0000000000022430                BonsaiZ1_gptpTODStoreCompenIntf
                0x00000000000224b0                BonsaiZ1_gptpTODStoreAllIntf
                0x0000000000022530                BonsaiZ1_gptpTODCaptureAllIntf
                0x00000000000225c0                BonsaiZ1_gptpSetPulseIntf
                0x0000000000022620                BonsaiZ1_gptpGetPulseIntf
                0x0000000000022680                BonsaiZ1_gptp1588v2ConfigSetIntf
                0x0000000000022690                BonsaiZ1_gptp8021asConfigSetIntf
                0x00000000000226a0                BonsaiZ1_gptp8021asRevCfgSetIntf
 *fill*         0x00000000000226ac        0x4 
 .text          0x00000000000226b0      0xdc0 /home/roscube/Desktop/UMSD_v7.0.0_ADLINK/UMSD_v7.0.0/obj/dev/bonsaiz1/src/api/msdDrv_obj/BonsaiZ1_msdLed.o
                0x0000000000022910                BonsaiZ1_gledForceOn
                0x00000000000229d0                BonsaiZ1_gledForceOff
                0x0000000000022a90                BonsaiZ1_gledLinkAct
                0x0000000000022b60                BonsaiZ1_gledModeSet
                0x0000000000022c30                BonsaiZ1_gledModeGet
                0x0000000000022cc0                BonsaiZ1_gledBlinkRateSet
                0x0000000000022d70                BonsaiZ1_gledBlinkRateGet
                0x0000000000022e50                BonsaiZ1_gledPulseStretchSet
                0x0000000000022f00                BonsaiZ1_gledPulseStretchGet
                0x0000000000022fd0                BonsaiZ1_gledSpecialModeSet
                0x0000000000023080                BonsaiZ1_gledSpecialModeGet
                0x00000000000230f0                BonsaiZ1_gledCtrlSet
                0x0000000000023130                BonsaiZ1_gledCtrlGet
                0x00000000000231a0                BonsaiZ1_gledDump
 .text          0x0000000000023470       0xcc /home/roscube/Desktop/UMSD_v7.0.0_ADLINK/UMSD_v7.0.0/obj/dev/bonsaiz1/src/api/msdDrv_obj/BonsaiZ1_msdLedIntf.o
                0x0000000000023470                BonsaiZ1_gledForceOnIntf
                0x0000000000023480                BonsaiZ1_gledForceOffIntf
                0x0000000000023490                BonsaiZ1_gledLinkActIntf
                0x00000000000234a0                BonsaiZ1_gledModeSetIntf
                0x00000000000234b0                BonsaiZ1_gledModeGetIntf
                0x00000000000234c0                BonsaiZ1_gledBlinkRateSetIntf
                0x00000000000234d0                BonsaiZ1_gledBlinkRateGetIntf
                0x00000000000234e0                BonsaiZ1_gledPulseStretchSetIntf
                0x00000000000234f0                BonsaiZ1_gledPulseStretchGetIntf
                0x0000000000023500                BonsaiZ1_gledSpecialModeSetIntf
                0x0000000000023510                BonsaiZ1_gledSpecialModeGetIntf
                0x0000000000023520                BonsaiZ1_gledCtrlSetIntf
                0x0000000000023530                BonsaiZ1_gledCtrlGetIntf
 *fill*         0x000000000002353c        0x4 
 .text          0x0000000000023540      0x1c4 /home/roscube/Desktop/UMSD_v7.0.0_ADLINK/UMSD_v7.0.0/obj/dev/bonsaiz1/src/api/msdDrv_obj/BonsaiZ1_msdTCAMRCCompIntf.o
                0x0000000000023540                BonsaiZ1_gtcamRCCompLoadIntf
                0x0000000000023620                BonsaiZ1_gtcamRCCompReadIntf
 *fill*         0x0000000000023704        0xc 
 .text          0x0000000000023710      0x495 /home/roscube/Desktop/UMSD_v7.0.0_ADLINK/UMSD_v7.0.0/obj/dev/bonsaiz1/src/api/msdDrv_obj/BonsaiZ1_msdEEPROM.o
                0x0000000000023710                BonsaiZ1_EEPROMWrite
                0x0000000000023840                BonsaiZ1_EEPROMRead
                0x00000000000239a0                BonsaiZ1_EEPROMChipSelSet
                0x0000000000023a70                BonsaiZ1_EEPROMChipSelGet
 *fill*         0x0000000000023ba5        0xb 
 .text          0x0000000000023bb0       0x39 /home/roscube/Desktop/UMSD_v7.0.0_ADLINK/UMSD_v7.0.0/obj/dev/bonsaiz1/src/api/msdDrv_obj/BonsaiZ1_msdEEPROMIntf.o
                0x0000000000023bb0                BonsaiZ1_EEPROMWriteIntf
                0x0000000000023bc0                BonsaiZ1_EEPROMReadIntf
                0x0000000000023bd0                BonsaiZ1_EEPROMChipSelSetIntf
                0x0000000000023be0                BonsaiZ1_EEPROMChipSelGetIntf
 *(.gnu.warning)

.text.unlikely  0x0000000000000000       0x28
 .text.unlikely
                0x0000000000000000        0xa /home/roscube/Desktop/UMSD_v7.0.0_ADLINK/UMSD_v7.0.0/obj/dev/bonsaiz1/src/api/msdDrv_obj/BonsaiZ1_msdPolicy.o
 .text.unlikely
                0x000000000000000a        0xa /home/roscube/Desktop/UMSD_v7.0.0_ADLINK/UMSD_v7.0.0/obj/dev/bonsaiz1/src/api/msdDrv_obj/BonsaiZ1_msdQueueCtrl.o
 .text.unlikely
                0x0000000000000014       0x14 /home/roscube/Desktop/UMSD_v7.0.0_ADLINK/UMSD_v7.0.0/obj/dev/bonsaiz1/src/api/msdDrv_obj/BonsaiZ1_msdLed.o

.fini
 *(SORT_NONE(.fini))

.rodata         0x0000000000000000     0x130c
 *(.rodata)
 .rodata        0x0000000000000000       0x14 /home/roscube/Desktop/UMSD_v7.0.0_ADLINK/UMSD_v7.0.0/obj/dev/bonsaiz1/src/api/msdDrv_obj/BonsaiZ1_msdPolicy.o
 *fill*         0x0000000000000014        0xc 
 .rodata        0x0000000000000020      0x64c /home/roscube/Desktop/UMSD_v7.0.0_ADLINK/UMSD_v7.0.0/obj/dev/bonsaiz1/src/api/msdDrv_obj/BonsaiZ1_msdPortCtrl.o
 .rodata        0x000000000000066c       0x40 /home/roscube/Desktop/UMSD_v7.0.0_ADLINK/UMSD_v7.0.0/obj/dev/bonsaiz1/src/api/msdDrv_obj/BonsaiZ1_msdPortPrioMap.o
 .rodata        0x00000000000006ac       0x20 /home/roscube/Desktop/UMSD_v7.0.0_ADLINK/UMSD_v7.0.0/obj/dev/bonsaiz1/src/api/msdDrv_obj/BonsaiZ1_msdQueueCtrl.o
 *fill*         0x00000000000006cc       0x14 
 .rodata        0x00000000000006e0      0xc00 /home/roscube/Desktop/UMSD_v7.0.0_ADLINK/UMSD_v7.0.0/obj/dev/bonsaiz1/src/api/msdDrv_obj/BonsaiZ1_msdSysCtrl.o
 .rodata        0x00000000000012e0       0x2c /home/roscube/Desktop/UMSD_v7.0.0_ADLINK/UMSD_v7.0.0/obj/dev/bonsaiz1/src/api/msdDrv_obj/BonsaiZ1_msdLed.o

.rodata.str1.8  0x0000000000000000     0x33c5
 .rodata.str1.8
                0x0000000000000000       0xa4 /home/roscube/Desktop/UMSD_v7.0.0_ADLINK/UMSD_v7.0.0/obj/dev/bonsaiz1/src/api/msdDrv_obj/BonsaiZ1_msdTCAM.o
 *fill*         0x00000000000000a4        0x4 
 .rodata.str1.8
                0x00000000000000a8       0x2d /home/roscube/Desktop/UMSD_v7.0.0_ADLINK/UMSD_v7.0.0/obj/dev/bonsaiz1/src/api/msdDrv_obj/BonsaiZ1_msdTCAMRC.o
 *fill*         0x00000000000000d5        0x3 
 .rodata.str1.8
                0x00000000000000d8     0x21d1 /home/roscube/Desktop/UMSD_v7.0.0_ADLINK/UMSD_v7.0.0/obj/dev/bonsaiz1/src/api/msdDrv_obj/BonsaiZ1_msdPolicy.o
 *fill*         0x00000000000022a9        0x7 
 .rodata.str1.8
                0x00000000000022b0      0x208 /home/roscube/Desktop/UMSD_v7.0.0_ADLINK/UMSD_v7.0.0/obj/dev/bonsaiz1/src/api/msdDrv_obj/BonsaiZ1_msdBrgVtu.o
 .rodata.str1.8
                0x00000000000024b8       0x40 /home/roscube/Desktop/UMSD_v7.0.0_ADLINK/UMSD_v7.0.0/obj/dev/bonsaiz1/src/api/msdDrv_obj/BonsaiZ1_msdBrgStu.o
 .rodata.str1.8
                0x00000000000024f8      0xa22 /home/roscube/Desktop/UMSD_v7.0.0_ADLINK/UMSD_v7.0.0/obj/dev/bonsaiz1/src/api/msdDrv_obj/BonsaiZ1_msdPortRmon.o
 *fill*         0x0000000000002f1a        0x6 
 .rodata.str1.8
                0x0000000000002f20       0x39 /home/roscube/Desktop/UMSD_v7.0.0_ADLINK/UMSD_v7.0.0/obj/dev/bonsaiz1/src/api/msdDrv_obj/BonsaiZ1_msdPortCtrl.o
 *fill*         0x0000000000002f59        0x7 
 .rodata.str1.8
                0x0000000000002f60      0x117 /home/roscube/Desktop/UMSD_v7.0.0_ADLINK/UMSD_v7.0.0/obj/dev/bonsaiz1/src/api/msdDrv_obj/BonsaiZ1_msdEcid.o
 *fill*         0x0000000000003077        0x1 
 .rodata.str1.8
                0x0000000000003078       0x73 /home/roscube/Desktop/UMSD_v7.0.0_ADLINK/UMSD_v7.0.0/obj/dev/bonsaiz1/src/api/msdDrv_obj/BonsaiZ1_msdSysCtrl.o
 *fill*         0x00000000000030eb        0x5 
 .rodata.str1.8
                0x00000000000030f0      0x10c /home/roscube/Desktop/UMSD_v7.0.0_ADLINK/UMSD_v7.0.0/obj/dev/bonsaiz1/src/api/msdDrv_obj/BonsaiZ1_msdBrgFdbIntf.o
 *fill*         0x00000000000031fc        0x4 
 .rodata.str1.8
                0x0000000000003200      0x1c5 /home/roscube/Desktop/UMSD_v7.0.0_ADLINK/UMSD_v7.0.0/obj/dev/bonsaiz1/src/api/msdDrv_obj/BonsaiZ1_msdLed.o

.rodata.str1.1  0x0000000000000000      0x88d
 .rodata.str1.1
                0x0000000000000000      0x410 /home/roscube/Desktop/UMSD_v7.0.0_ADLINK/UMSD_v7.0.0/obj/dev/bonsaiz1/src/api/msdDrv_obj/BonsaiZ1_msdTCAM.o
 .rodata.str1.1
                0x0000000000000410      0x35a /home/roscube/Desktop/UMSD_v7.0.0_ADLINK/UMSD_v7.0.0/obj/dev/bonsaiz1/src/api/msdDrv_obj/BonsaiZ1_msdTCAMRC.o
 .rodata.str1.1
                0x000000000000076a        0x2 /home/roscube/Desktop/UMSD_v7.0.0_ADLINK/UMSD_v7.0.0/obj/dev/bonsaiz1/src/api/msdDrv_obj/BonsaiZ1_msdBrgVtu.o
 .rodata.str1.1
                0x000000000000076c       0x3c /home/roscube/Desktop/UMSD_v7.0.0_ADLINK/UMSD_v7.0.0/obj/dev/bonsaiz1/src/api/msdDrv_obj/BonsaiZ1_msdBrgStu.o
 .rodata.str1.1
                0x00000000000007a8        0x2 /home/roscube/Desktop/UMSD_v7.0.0_ADLINK/UMSD_v7.0.0/obj/dev/bonsaiz1/src/api/msdDrv_obj/BonsaiZ1_msdPortRmon.o
 .rodata.str1.1
                0x00000000000007aa        0xb /home/roscube/Desktop/UMSD_v7.0.0_ADLINK/UMSD_v7.0.0/obj/dev/bonsaiz1/src/api/msdDrv_obj/BonsaiZ1_msdPortCtrl.o
 .rodata.str1.1
                0x00000000000007b5       0x16 /home/roscube/Desktop/UMSD_v7.0.0_ADLINK/UMSD_v7.0.0/obj/dev/bonsaiz1/src/api/msdDrv_obj/BonsaiZ1_msdSysCtrl.o
 .rodata.str1.1
                0x00000000000007cb        0x2 /home/roscube/Desktop/UMSD_v7.0.0_ADLINK/UMSD_v7.0.0/obj/dev/bonsaiz1/src/api/msdDrv_obj/BonsaiZ1_msdBrgFdbIntf.o
 .rodata.str1.1
                0x00000000000007cd       0xc0 /home/roscube/Desktop/UMSD_v7.0.0_ADLINK/UMSD_v7.0.0/obj/dev/bonsaiz1/src/api/msdDrv_obj/BonsaiZ1_msdLed.o

.rodata.cst8    0x0000000000000000       0x18
 .rodata.cst8   0x0000000000000000       0x18 /home/roscube/Desktop/UMSD_v7.0.0_ADLINK/UMSD_v7.0.0/obj/dev/bonsaiz1/src/api/msdDrv_obj/BonsaiZ1_msdPIRL.o

.rodata1
 *(.rodata1)

.eh_frame_hdr
 *(.eh_frame_hdr)

.eh_frame       0x0000000000000000     0x7748
 *(.eh_frame)
 .eh_frame      0x0000000000000000      0x4a8 /home/roscube/Desktop/UMSD_v7.0.0_ADLINK/UMSD_v7.0.0/obj/dev/bonsaiz1/src/api/msdDrv_obj/BonsaiZ1_msdTCAM.o
 .eh_frame      0x00000000000004a8      0x238 /home/roscube/Desktop/UMSD_v7.0.0_ADLINK/UMSD_v7.0.0/obj/dev/bonsaiz1/src/api/msdDrv_obj/BonsaiZ1_msdTCAMRC.o
 .eh_frame      0x00000000000006e0      0x138 /home/roscube/Desktop/UMSD_v7.0.0_ADLINK/UMSD_v7.0.0/obj/dev/bonsaiz1/src/api/msdDrv_obj/BonsaiZ1_msdTCAMRCComp.o
 .eh_frame      0x0000000000000818      0x430 /home/roscube/Desktop/UMSD_v7.0.0_ADLINK/UMSD_v7.0.0/obj/dev/bonsaiz1/src/api/msdDrv_obj/BonsaiZ1_msdBrgFdb.o
 .eh_frame      0x0000000000000c48     0x1440 /home/roscube/Desktop/UMSD_v7.0.0_ADLINK/UMSD_v7.0.0/obj/dev/bonsaiz1/src/api/msdDrv_obj/BonsaiZ1_msdPolicy.o
 .eh_frame      0x0000000000002088      0x2b8 /home/roscube/Desktop/UMSD_v7.0.0_ADLINK/UMSD_v7.0.0/obj/dev/bonsaiz1/src/api/msdDrv_obj/BonsaiZ1_msdBrgVtu.o
 .eh_frame      0x0000000000002340      0x150 /home/roscube/Desktop/UMSD_v7.0.0_ADLINK/UMSD_v7.0.0/obj/dev/bonsaiz1/src/api/msdDrv_obj/BonsaiZ1_msdArp.o
 .eh_frame      0x0000000000002490      0x180 /home/roscube/Desktop/UMSD_v7.0.0_ADLINK/UMSD_v7.0.0/obj/dev/bonsaiz1/src/api/msdDrv_obj/BonsaiZ1_msdBrgStu.o
 .eh_frame      0x0000000000002610      0x200 /home/roscube/Desktop/UMSD_v7.0.0_ADLINK/UMSD_v7.0.0/obj/dev/bonsaiz1/src/api/msdDrv_obj/BonsaiZ1_msdPIRL.o
 .eh_frame      0x0000000000002810      0x1b8 /home/roscube/Desktop/UMSD_v7.0.0_ADLINK/UMSD_v7.0.0/obj/dev/bonsaiz1/src/api/msdDrv_obj/BonsaiZ1_msdPortRmon.o
 .eh_frame      0x00000000000029c8     0x1880 /home/roscube/Desktop/UMSD_v7.0.0_ADLINK/UMSD_v7.0.0/obj/dev/bonsaiz1/src/api/msdDrv_obj/BonsaiZ1_msdPortCtrl.o
 .eh_frame      0x0000000000004248      0x2d8 /home/roscube/Desktop/UMSD_v7.0.0_ADLINK/UMSD_v7.0.0/obj/dev/bonsaiz1/src/api/msdDrv_obj/BonsaiZ1_msdEcid.o
 .eh_frame      0x0000000000004520      0x340 /home/roscube/Desktop/UMSD_v7.0.0_ADLINK/UMSD_v7.0.0/obj/dev/bonsaiz1/src/api/msdDrv_obj/BonsaiZ1_msdPortPrioMap.o
 .eh_frame      0x0000000000004860      0x1d0 /home/roscube/Desktop/UMSD_v7.0.0_ADLINK/UMSD_v7.0.0/obj/dev/bonsaiz1/src/api/msdDrv_obj/BonsaiZ1_msdQueueCtrl.o
 .eh_frame      0x0000000000004a30      0x4d0 /home/roscube/Desktop/UMSD_v7.0.0_ADLINK/UMSD_v7.0.0/obj/dev/bonsaiz1/src/api/msdDrv_obj/BonsaiZ1_msdSysCtrl.o
 .eh_frame      0x0000000000004f00       0x50 /home/roscube/Desktop/UMSD_v7.0.0_ADLINK/UMSD_v7.0.0/obj/dev/bonsaiz1/src/api/msdDrv_obj/BonsaiZ1_msdPhyCtrl.o
 .eh_frame      0x0000000000004f50      0x340 /home/roscube/Desktop/UMSD_v7.0.0_ADLINK/UMSD_v7.0.0/obj/dev/bonsaiz1/src/api/msdDrv_obj/BonsaiZ1_msdRMU.o
 .eh_frame      0x0000000000005290      0x200 /home/roscube/Desktop/UMSD_v7.0.0_ADLINK/UMSD_v7.0.0/obj/dev/bonsaiz1/src/api/msdDrv_obj/BonsaiZ1_msdTCAMIntf.o
 .eh_frame      0x0000000000005490      0x1e8 /home/roscube/Desktop/UMSD_v7.0.0_ADLINK/UMSD_v7.0.0/obj/dev/bonsaiz1/src/api/msdDrv_obj/BonsaiZ1_msdBrgFdbIntf.o
 .eh_frame      0x0000000000005678      0x268 /home/roscube/Desktop/UMSD_v7.0.0_ADLINK/UMSD_v7.0.0/obj/dev/bonsaiz1/src/api/msdDrv_obj/BonsaiZ1_msdBrgVtuIntf.o
 .eh_frame      0x00000000000058e0      0x108 /home/roscube/Desktop/UMSD_v7.0.0_ADLINK/UMSD_v7.0.0/obj/dev/bonsaiz1/src/api/msdDrv_obj/BonsaiZ1_msdBrgStuIntf.o
 .eh_frame      0x00000000000059e8      0x160 /home/roscube/Desktop/UMSD_v7.0.0_ADLINK/UMSD_v7.0.0/obj/dev/bonsaiz1/src/api/msdDrv_obj/BonsaiZ1_msdPIRLIntf.o
 .eh_frame      0x0000000000005b48      0x158 /home/roscube/Desktop/UMSD_v7.0.0_ADLINK/UMSD_v7.0.0/obj/dev/bonsaiz1/src/api/msdDrv_obj/BonsaiZ1_msdQav.o
 .eh_frame      0x0000000000005ca0       0xb8 /home/roscube/Desktop/UMSD_v7.0.0_ADLINK/UMSD_v7.0.0/obj/dev/bonsaiz1/src/api/msdDrv_obj/BonsaiZ1_msdArpIntf.o
 .eh_frame      0x0000000000005d58       0x80 /home/roscube/Desktop/UMSD_v7.0.0_ADLINK/UMSD_v7.0.0/obj/dev/bonsaiz1/src/api/msdDrv_obj/BonsaiZ1_msdPortRmonIntf.o
 .eh_frame      0x0000000000005dd8      0x388 /home/roscube/Desktop/UMSD_v7.0.0_ADLINK/UMSD_v7.0.0/obj/dev/bonsaiz1/src/api/msdDrv_obj/BonsaiZ1_msdPortCtrlIntf.o
 .eh_frame      0x0000000000006160       0xf8 /home/roscube/Desktop/UMSD_v7.0.0_ADLINK/UMSD_v7.0.0/obj/dev/bonsaiz1/src/api/msdDrv_obj/BonsaiZ1_msdPortPrioMapIntf.o
 .eh_frame      0x0000000000006258       0x98 /home/roscube/Desktop/UMSD_v7.0.0_ADLINK/UMSD_v7.0.0/obj/dev/bonsaiz1/src/api/msdDrv_obj/BonsaiZ1_msdEcidIntf.o
 .eh_frame      0x00000000000062f0       0xa8 /home/roscube/Desktop/UMSD_v7.0.0_ADLINK/UMSD_v7.0.0/obj/dev/bonsaiz1/src/api/msdDrv_obj/BonsaiZ1_msdQueueCtrlIntf.o
 .eh_frame      0x0000000000006398       0xe0 /home/roscube/Desktop/UMSD_v7.0.0_ADLINK/UMSD_v7.0.0/obj/dev/bonsaiz1/src/api/msdDrv_obj/BonsaiZ1_msdTCAMRCIntf.o
 .eh_frame      0x0000000000006478      0x1e0 /home/roscube/Desktop/UMSD_v7.0.0_ADLINK/UMSD_v7.0.0/obj/dev/bonsaiz1/src/api/msdDrv_obj/BonsaiZ1_msdRMUIntf.o
 .eh_frame      0x0000000000006658      0x898 /home/roscube/Desktop/UMSD_v7.0.0_ADLINK/UMSD_v7.0.0/obj/dev/bonsaiz1/src/api/msdDrv_obj/BonsaiZ1_msdPTP.o
 .eh_frame      0x0000000000006ef0      0x178 /home/roscube/Desktop/UMSD_v7.0.0_ADLINK/UMSD_v7.0.0/obj/dev/bonsaiz1/src/api/msdDrv_obj/BonsaiZ1_msdPTPIntf.o
 .eh_frame      0x0000000000007068      0x400 /home/roscube/Desktop/UMSD_v7.0.0_ADLINK/UMSD_v7.0.0/obj/dev/bonsaiz1/src/api/msdDrv_obj/BonsaiZ1_msdLed.o
 .eh_frame      0x0000000000007468      0x120 /home/roscube/Desktop/UMSD_v7.0.0_ADLINK/UMSD_v7.0.0/obj/dev/bonsaiz1/src/api/msdDrv_obj/BonsaiZ1_msdLedIntf.o
 .eh_frame      0x0000000000007588       0x58 /home/roscube/Desktop/UMSD_v7.0.0_ADLINK/UMSD_v7.0.0/obj/dev/bonsaiz1/src/api/msdDrv_obj/BonsaiZ1_msdTCAMRCCompIntf.o
 .eh_frame      0x00000000000075e0      0x100 /home/roscube/Desktop/UMSD_v7.0.0_ADLINK/UMSD_v7.0.0/obj/dev/bonsaiz1/src/api/msdDrv_obj/BonsaiZ1_msdEEPROM.o
 .eh_frame      0x00000000000076e0       0x68 /home/roscube/Desktop/UMSD_v7.0.0_ADLINK/UMSD_v7.0.0/obj/dev/bonsaiz1/src/api/msdDrv_obj/BonsaiZ1_msdEEPROMIntf.o

.gcc_except_table
 *(.gcc_except_table)

.gnu_extab
 *(.gnu_extab*)

.exception_ranges
 *(.exception_ranges)

.eh_frame
 *(.eh_frame)

.gnu_extab
 *(.gnu_extab)

.gcc_except_table
 *(.gcc_except_table)

.exception_ranges
 *(.exception_ranges)

.tdata
 *(.tdata)

.tbss
 *(.tbss)

.jcr
 *(.jcr)

.dynamic
 *(.dynamic)

.got
 *(.got)

.got.plt
 *(.got.plt)

.data           0x0000000000000000        0x0
 *(.data)
 .data          0x0000000000000000        0x0 /home/roscube/Desktop/UMSD_v7.0.0_ADLINK/UMSD_v7.0.0/obj/dev/bonsaiz1/src/api/msdDrv_obj/BonsaiZ1_msdTCAM.o
 .data          0x0000000000000000        0x0 /home/roscube/Desktop/UMSD_v7.0.0_ADLINK/UMSD_v7.0.0/obj/dev/bonsaiz1/src/api/msdDrv_obj/BonsaiZ1_msdTCAMRC.o
 .data          0x0000000000000000        0x0 /home/roscube/Desktop/UMSD_v7.0.0_ADLINK/UMSD_v7.0.0/obj/dev/bonsaiz1/src/api/msdDrv_obj/BonsaiZ1_msdTCAMRCComp.o
 .data          0x0000000000000000        0x0 /home/roscube/Desktop/UMSD_v7.0.0_ADLINK/UMSD_v7.0.0/obj/dev/bonsaiz1/src/api/msdDrv_obj/BonsaiZ1_msdBrgFdb.o
 .data          0x0000000000000000        0x0 /home/roscube/Desktop/UMSD_v7.0.0_ADLINK/UMSD_v7.0.0/obj/dev/bonsaiz1/src/api/msdDrv_obj/BonsaiZ1_msdPolicy.o
 .data          0x0000000000000000        0x0 /home/roscube/Desktop/UMSD_v7.0.0_ADLINK/UMSD_v7.0.0/obj/dev/bonsaiz1/src/api/msdDrv_obj/BonsaiZ1_msdBrgVtu.o
 .data          0x0000000000000000        0x0 /home/roscube/Desktop/UMSD_v7.0.0_ADLINK/UMSD_v7.0.0/obj/dev/bonsaiz1/src/api/msdDrv_obj/BonsaiZ1_msdArp.o
 .data          0x0000000000000000        0x0 /home/roscube/Desktop/UMSD_v7.0.0_ADLINK/UMSD_v7.0.0/obj/dev/bonsaiz1/src/api/msdDrv_obj/BonsaiZ1_msdBrgStu.o
 .data          0x0000000000000000        0x0 /home/roscube/Desktop/UMSD_v7.0.0_ADLINK/UMSD_v7.0.0/obj/dev/bonsaiz1/src/api/msdDrv_obj/BonsaiZ1_msdPIRL.o
 .data          0x0000000000000000        0x0 /home/roscube/Desktop/UMSD_v7.0.0_ADLINK/UMSD_v7.0.0/obj/dev/bonsaiz1/src/api/msdDrv_obj/BonsaiZ1_msdPortRmon.o
 .data          0x0000000000000000        0x0 /home/roscube/Desktop/UMSD_v7.0.0_ADLINK/UMSD_v7.0.0/obj/dev/bonsaiz1/src/api/msdDrv_obj/BonsaiZ1_msdPortCtrl.o
 .data          0x0000000000000000        0x0 /home/roscube/Desktop/UMSD_v7.0.0_ADLINK/UMSD_v7.0.0/obj/dev/bonsaiz1/src/api/msdDrv_obj/BonsaiZ1_msdEcid.o
 .data          0x0000000000000000        0x0 /home/roscube/Desktop/UMSD_v7.0.0_ADLINK/UMSD_v7.0.0/obj/dev/bonsaiz1/src/api/msdDrv_obj/BonsaiZ1_msdPortPrioMap.o
 .data          0x0000000000000000        0x0 /home/roscube/Desktop/UMSD_v7.0.0_ADLINK/UMSD_v7.0.0/obj/dev/bonsaiz1/src/api/msdDrv_obj/BonsaiZ1_msdQueueCtrl.o
 .data          0x0000000000000000        0x0 /home/roscube/Desktop/UMSD_v7.0.0_ADLINK/UMSD_v7.0.0/obj/dev/bonsaiz1/src/api/msdDrv_obj/BonsaiZ1_msdSysCtrl.o
 .data          0x0000000000000000        0x0 /home/roscube/Desktop/UMSD_v7.0.0_ADLINK/UMSD_v7.0.0/obj/dev/bonsaiz1/src/api/msdDrv_obj/BonsaiZ1_msdPhyCtrl.o
 .data          0x0000000000000000        0x0 /home/roscube/Desktop/UMSD_v7.0.0_ADLINK/UMSD_v7.0.0/obj/dev/bonsaiz1/src/api/msdDrv_obj/BonsaiZ1_msdRMU.o
 .data          0x0000000000000000        0x0 /home/roscube/Desktop/UMSD_v7.0.0_ADLINK/UMSD_v7.0.0/obj/dev/bonsaiz1/src/api/msdDrv_obj/BonsaiZ1_msdTCAMIntf.o
 .data          0x0000000000000000        0x0 /home/roscube/Desktop/UMSD_v7.0.0_ADLINK/UMSD_v7.0.0/obj/dev/bonsaiz1/src/api/msdDrv_obj/BonsaiZ1_msdBrgFdbIntf.o
 .data          0x0000000000000000        0x0 /home/roscube/Desktop/UMSD_v7.0.0_ADLINK/UMSD_v7.0.0/obj/dev/bonsaiz1/src/api/msdDrv_obj/BonsaiZ1_msdBrgVtuIntf.o
 .data          0x0000000000000000        0x0 /home/roscube/Desktop/UMSD_v7.0.0_ADLINK/UMSD_v7.0.0/obj/dev/bonsaiz1/src/api/msdDrv_obj/BonsaiZ1_msdBrgStuIntf.o
 .data          0x0000000000000000        0x0 /home/roscube/Desktop/UMSD_v7.0.0_ADLINK/UMSD_v7.0.0/obj/dev/bonsaiz1/src/api/msdDrv_obj/BonsaiZ1_msdPIRLIntf.o
 .data          0x0000000000000000        0x0 /home/roscube/Desktop/UMSD_v7.0.0_ADLINK/UMSD_v7.0.0/obj/dev/bonsaiz1/src/api/msdDrv_obj/BonsaiZ1_msdQav.o
 .data          0x0000000000000000        0x0 /home/roscube/Desktop/UMSD_v7.0.0_ADLINK/UMSD_v7.0.0/obj/dev/bonsaiz1/src/api/msdDrv_obj/BonsaiZ1_msdArpIntf.o
 .data          0x0000000000000000        0x0 /home/roscube/Desktop/UMSD_v7.0.0_ADLINK/UMSD_v7.0.0/obj/dev/bonsaiz1/src/api/msdDrv_obj/BonsaiZ1_msdPortRmonIntf.o
 .data          0x0000000000000000        0x0 /home/roscube/Desktop/UMSD_v7.0.0_ADLINK/UMSD_v7.0.0/obj/dev/bonsaiz1/src/api/msdDrv_obj/BonsaiZ1_msdPortCtrlIntf.o
 .data          0x0000000000000000        0x0 /home/roscube/Desktop/UMSD_v7.0.0_ADLINK/UMSD_v7.0.0/obj/dev/bonsaiz1/src/api/msdDrv_obj/BonsaiZ1_msdPortPrioMapIntf.o
 .data          0x0000000000000000        0x0 /home/roscube/Desktop/UMSD_v7.0.0_ADLINK/UMSD_v7.0.0/obj/dev/bonsaiz1/src/api/msdDrv_obj/BonsaiZ1_msdEcidIntf.o
 .data          0x0000000000000000        0x0 /home/roscube/Desktop/UMSD_v7.0.0_ADLINK/UMSD_v7.0.0/obj/dev/bonsaiz1/src/api/msdDrv_obj/BonsaiZ1_msdQueueCtrlIntf.o
 .data          0x0000000000000000        0x0 /home/roscube/Desktop/UMSD_v7.0.0_ADLINK/UMSD_v7.0.0/obj/dev/bonsaiz1/src/api/msdDrv_obj/BonsaiZ1_msdSysCtrlIntf.o
 .data          0x0000000000000000        0x0 /home/roscube/Desktop/UMSD_v7.0.0_ADLINK/UMSD_v7.0.0/obj/dev/bonsaiz1/src/api/msdDrv_obj/BonsaiZ1_msdPhyCtrlIntf.o
 .data          0x0000000000000000        0x0 /home/roscube/Desktop/UMSD_v7.0.0_ADLINK/UMSD_v7.0.0/obj/dev/bonsaiz1/src/api/msdDrv_obj/BonsaiZ1_msdPolicyIntf.o
 .data          0x0000000000000000        0x0 /home/roscube/Desktop/UMSD_v7.0.0_ADLINK/UMSD_v7.0.0/obj/dev/bonsaiz1/src/api/msdDrv_obj/BonsaiZ1_msdTCAMRCIntf.o
 .data          0x0000000000000000        0x0 /home/roscube/Desktop/UMSD_v7.0.0_ADLINK/UMSD_v7.0.0/obj/dev/bonsaiz1/src/api/msdDrv_obj/BonsaiZ1_msdRMUIntf.o
 .data          0x0000000000000000        0x0 /home/roscube/Desktop/UMSD_v7.0.0_ADLINK/UMSD_v7.0.0/obj/dev/bonsaiz1/src/api/msdDrv_obj/BonsaiZ1_msdPTP.o
 .data          0x0000000000000000        0x0 /home/roscube/Desktop/UMSD_v7.0.0_ADLINK/UMSD_v7.0.0/obj/dev/bonsaiz1/src/api/msdDrv_obj/BonsaiZ1_msdPTPIntf.o
 .data          0x0000000000000000        0x0 /home/roscube/Desktop/UMSD_v7.0.0_ADLINK/UMSD_v7.0.0/obj/dev/bonsaiz1/src/api/msdDrv_obj/BonsaiZ1_msdLed.o
 .data          0x0000000000000000        0x0 /home/roscube/Desktop/UMSD_v7.0.0_ADLINK/UMSD_v7.0.0/obj/dev/bonsaiz1/src/api/msdDrv_obj/BonsaiZ1_msdLedIntf.o
 .data          0x0000000000000000        0x0 /home/roscube/Desktop/UMSD_v7.0.0_ADLINK/UMSD_v7.0.0/obj/dev/bonsaiz1/src/api/msdDrv_obj/BonsaiZ1_msdTCAMRCCompIntf.o
 .data          0x0000000000000000        0x0 /home/roscube/Desktop/UMSD_v7.0.0_ADLINK/UMSD_v7.0.0/obj/dev/bonsaiz1/src/api/msdDrv_obj/BonsaiZ1_msdEEPROM.o
 .data          0x0000000000000000        0x0 /home/roscube/Desktop/UMSD_v7.0.0_ADLINK/UMSD_v7.0.0/obj/dev/bonsaiz1/src/api/msdDrv_obj/BonsaiZ1_msdEEPROMIntf.o

.data1
 *(.data1)

.bss            0x0000000000000000        0x0
 *(.bss)
 .bss           0x0000000000000000        0x0 /home/roscube/Desktop/UMSD_v7.0.0_ADLINK/UMSD_v7.0.0/obj/dev/bonsaiz1/src/api/msdDrv_obj/BonsaiZ1_msdTCAM.o
 .bss           0x0000000000000000        0x0 /home/roscube/Desktop/UMSD_v7.0.0_ADLINK/UMSD_v7.0.0/obj/dev/bonsaiz1/src/api/msdDrv_obj/BonsaiZ1_msdTCAMRC.o
 .bss           0x0000000000000000        0x0 /home/roscube/Desktop/UMSD_v7.0.0_ADLINK/UMSD_v7.0.0/obj/dev/bonsaiz1/src/api/msdDrv_obj/BonsaiZ1_msdTCAMRCComp.o
 .bss           0x0000000000000000        0x0 /home/roscube/Desktop/UMSD_v7.0.0_ADLINK/UMSD_v7.0.0/obj/dev/bonsaiz1/src/api/msdDrv_obj/BonsaiZ1_msdBrgFdb.o
 .bss           0x0000000000000000        0x0 /home/roscube/Desktop/UMSD_v7.0.0_ADLINK/UMSD_v7.0.0/obj/dev/bonsaiz1/src/api/msdDrv_obj/BonsaiZ1_msdPolicy.o
 .bss           0x0000000000000000        0x0 /home/roscube/Desktop/UMSD_v7.0.0_ADLINK/UMSD_v7.0.0/obj/dev/bonsaiz1/src/api/msdDrv_obj/BonsaiZ1_msdBrgVtu.o
 .bss           0x0000000000000000        0x0 /home/roscube/Desktop/UMSD_v7.0.0_ADLINK/UMSD_v7.0.0/obj/dev/bonsaiz1/src/api/msdDrv_obj/BonsaiZ1_msdArp.o
 .bss           0x0000000000000000        0x0 /home/roscube/Desktop/UMSD_v7.0.0_ADLINK/UMSD_v7.0.0/obj/dev/bonsaiz1/src/api/msdDrv_obj/BonsaiZ1_msdBrgStu.o
 .bss           0x0000000000000000        0x0 /home/roscube/Desktop/UMSD_v7.0.0_ADLINK/UMSD_v7.0.0/obj/dev/bonsaiz1/src/api/msdDrv_obj/BonsaiZ1_msdPIRL.o
 .bss           0x0000000000000000        0x0 /home/roscube/Desktop/UMSD_v7.0.0_ADLINK/UMSD_v7.0.0/obj/dev/bonsaiz1/src/api/msdDrv_obj/BonsaiZ1_msdPortRmon.o
 .bss           0x0000000000000000        0x0 /home/roscube/Desktop/UMSD_v7.0.0_ADLINK/UMSD_v7.0.0/obj/dev/bonsaiz1/src/api/msdDrv_obj/BonsaiZ1_msdPortCtrl.o
 .bss           0x0000000000000000        0x0 /home/roscube/Desktop/UMSD_v7.0.0_ADLINK/UMSD_v7.0.0/obj/dev/bonsaiz1/src/api/msdDrv_obj/BonsaiZ1_msdEcid.o
 .bss           0x0000000000000000        0x0 /home/roscube/Desktop/UMSD_v7.0.0_ADLINK/UMSD_v7.0.0/obj/dev/bonsaiz1/src/api/msdDrv_obj/BonsaiZ1_msdPortPrioMap.o
 .bss           0x0000000000000000        0x0 /home/roscube/Desktop/UMSD_v7.0.0_ADLINK/UMSD_v7.0.0/obj/dev/bonsaiz1/src/api/msdDrv_obj/BonsaiZ1_msdQueueCtrl.o
 .bss           0x0000000000000000        0x0 /home/roscube/Desktop/UMSD_v7.0.0_ADLINK/UMSD_v7.0.0/obj/dev/bonsaiz1/src/api/msdDrv_obj/BonsaiZ1_msdSysCtrl.o
 .bss           0x0000000000000000        0x0 /home/roscube/Desktop/UMSD_v7.0.0_ADLINK/UMSD_v7.0.0/obj/dev/bonsaiz1/src/api/msdDrv_obj/BonsaiZ1_msdPhyCtrl.o
 .bss           0x0000000000000000        0x0 /home/roscube/Desktop/UMSD_v7.0.0_ADLINK/UMSD_v7.0.0/obj/dev/bonsaiz1/src/api/msdDrv_obj/BonsaiZ1_msdRMU.o
 .bss           0x0000000000000000        0x0 /home/roscube/Desktop/UMSD_v7.0.0_ADLINK/UMSD_v7.0.0/obj/dev/bonsaiz1/src/api/msdDrv_obj/BonsaiZ1_msdTCAMIntf.o
 .bss           0x0000000000000000        0x0 /home/roscube/Desktop/UMSD_v7.0.0_ADLINK/UMSD_v7.0.0/obj/dev/bonsaiz1/src/api/msdDrv_obj/BonsaiZ1_msdBrgFdbIntf.o
 .bss           0x0000000000000000        0x0 /home/roscube/Desktop/UMSD_v7.0.0_ADLINK/UMSD_v7.0.0/obj/dev/bonsaiz1/src/api/msdDrv_obj/BonsaiZ1_msdBrgVtuIntf.o
 .bss           0x0000000000000000        0x0 /home/roscube/Desktop/UMSD_v7.0.0_ADLINK/UMSD_v7.0.0/obj/dev/bonsaiz1/src/api/msdDrv_obj/BonsaiZ1_msdBrgStuIntf.o
 .bss           0x0000000000000000        0x0 /home/roscube/Desktop/UMSD_v7.0.0_ADLINK/UMSD_v7.0.0/obj/dev/bonsaiz1/src/api/msdDrv_obj/BonsaiZ1_msdPIRLIntf.o
 .bss           0x0000000000000000        0x0 /home/roscube/Desktop/UMSD_v7.0.0_ADLINK/UMSD_v7.0.0/obj/dev/bonsaiz1/src/api/msdDrv_obj/BonsaiZ1_msdQav.o
 .bss           0x0000000000000000        0x0 /home/roscube/Desktop/UMSD_v7.0.0_ADLINK/UMSD_v7.0.0/obj/dev/bonsaiz1/src/api/msdDrv_obj/BonsaiZ1_msdArpIntf.o
 .bss           0x0000000000000000        0x0 /home/roscube/Desktop/UMSD_v7.0.0_ADLINK/UMSD_v7.0.0/obj/dev/bonsaiz1/src/api/msdDrv_obj/BonsaiZ1_msdPortRmonIntf.o
 .bss           0x0000000000000000        0x0 /home/roscube/Desktop/UMSD_v7.0.0_ADLINK/UMSD_v7.0.0/obj/dev/bonsaiz1/src/api/msdDrv_obj/BonsaiZ1_msdPortCtrlIntf.o
 .bss           0x0000000000000000        0x0 /home/roscube/Desktop/UMSD_v7.0.0_ADLINK/UMSD_v7.0.0/obj/dev/bonsaiz1/src/api/msdDrv_obj/BonsaiZ1_msdPortPrioMapIntf.o
 .bss           0x0000000000000000        0x0 /home/roscube/Desktop/UMSD_v7.0.0_ADLINK/UMSD_v7.0.0/obj/dev/bonsaiz1/src/api/msdDrv_obj/BonsaiZ1_msdEcidIntf.o
 .bss           0x0000000000000000        0x0 /home/roscube/Desktop/UMSD_v7.0.0_ADLINK/UMSD_v7.0.0/obj/dev/bonsaiz1/src/api/msdDrv_obj/BonsaiZ1_msdQueueCtrlIntf.o
 .bss           0x0000000000000000        0x0 /home/roscube/Desktop/UMSD_v7.0.0_ADLINK/UMSD_v7.0.0/obj/dev/bonsaiz1/src/api/msdDrv_obj/BonsaiZ1_msdSysCtrlIntf.o
 .bss           0x0000000000000000        0x0 /home/roscube/Desktop/UMSD_v7.0.0_ADLINK/UMSD_v7.0.0/obj/dev/bonsaiz1/src/api/msdDrv_obj/BonsaiZ1_msdPhyCtrlIntf.o
 .bss           0x0000000000000000        0x0 /home/roscube/Desktop/UMSD_v7.0.0_ADLINK/UMSD_v7.0.0/obj/dev/bonsaiz1/src/api/msdDrv_obj/BonsaiZ1_msdPolicyIntf.o
 .bss           0x0000000000000000        0x0 /home/roscube/Desktop/UMSD_v7.0.0_ADLINK/UMSD_v7.0.0/obj/dev/bonsaiz1/src/api/msdDrv_obj/BonsaiZ1_msdTCAMRCIntf.o
 .bss           0x0000000000000000        0x0 /home/roscube/Desktop/UMSD_v7.0.0_ADLINK/UMSD_v7.0.0/obj/dev/bonsaiz1/src/api/msdDrv_obj/BonsaiZ1_msdRMUIntf.o
 .bss           0x0000000000000000        0x0 /home/roscube/Desktop/UMSD_v7.0.0_ADLINK/UMSD_v7.0.0/obj/dev/bonsaiz1/src/api/msdDrv_obj/BonsaiZ1_msdPTP.o
 .bss           0x0000000000000000        0x0 /home/roscube/Desktop/UMSD_v7.0.0_ADLINK/UMSD_v7.0.0/obj/dev/bonsaiz1/src/api/msdDrv_obj/BonsaiZ1_msdPTPIntf.o
 .bss           0x0000000000000000        0x0 /home/roscube/Desktop/UMSD_v7.0.0_ADLINK/UMSD_v7.0.0/obj/dev/bonsaiz1/src/api/msdDrv_obj/BonsaiZ1_msdLed.o
 .bss           0x0000000000000000        0x0 /home/roscube/Desktop/UMSD_v7.0.0_ADLINK/UMSD_v7.0.0/obj/dev/bonsaiz1/src/api/msdDrv_obj/BonsaiZ1_msdLedIntf.o
 .bss           0x0000000000000000        0x0 /home/roscube/Desktop/UMSD_v7.0.0_ADLINK/UMSD_v7.0.0/obj/dev/bonsaiz1/src/api/msdDrv_obj/BonsaiZ1_msdTCAMRCCompIntf.o
 .bss           0x0000000000000000        0x0 /home/roscube/Desktop/UMSD_v7.0.0_ADLINK/UMSD_v7.0.0/obj/dev/bonsaiz1/src/api/msdDrv_obj/BonsaiZ1_msdEEPROM.o
 .bss           0x0000000000000000        0x0 /home/roscube/Desktop/UMSD_v7.0.0_ADLINK/UMSD_v7.0.0/obj/dev/bonsaiz1/src/api/msdDrv_obj/BonsaiZ1_msdEEPROMIntf.o

.lbss
 *(.lbss)

.lrodata
 *(.lrodata)

.ldata
 *(.ldata)

.stab
 *(.stab)

.stabstr
 *(.stabstr)

.stab.excl
 *(.stab.excl)

.stab.exclstr
 *(.stab.exclstr)

.stab.index
 *(.stab.index)

.stab.indexstr
 *(.stab.indexstr)

.comment        0x0000000000000000      0x70c
 *(.comment)
 .comment       0x0000000000000000       0x2c /home/roscube/Desktop/UMSD_v7.0.0_ADLINK/UMSD_v7.0.0/obj/dev/bonsaiz1/src/api/msdDrv_obj/BonsaiZ1_msdTCAM.o
 .comment       0x000000000000002c       0x2c /home/roscube/Desktop/UMSD_v7.0.0_ADLINK/UMSD_v7.0.0/obj/dev/bonsaiz1/src/api/msdDrv_obj/BonsaiZ1_msdTCAMRC.o
 .comment       0x0000000000000058       0x2c /home/roscube/Desktop/UMSD_v7.0.0_ADLINK/UMSD_v7.0.0/obj/dev/bonsaiz1/src/api/msdDrv_obj/BonsaiZ1_msdTCAMRCComp.o
 .comment       0x0000000000000084       0x2c /home/roscube/Desktop/UMSD_v7.0.0_ADLINK/UMSD_v7.0.0/obj/dev/bonsaiz1/src/api/msdDrv_obj/BonsaiZ1_msdBrgFdb.o
 .comment       0x00000000000000b0       0x2c /home/roscube/Desktop/UMSD_v7.0.0_ADLINK/UMSD_v7.0.0/obj/dev/bonsaiz1/src/api/msdDrv_obj/BonsaiZ1_msdPolicy.o
 .comment       0x00000000000000dc       0x2c /home/roscube/Desktop/UMSD_v7.0.0_ADLINK/UMSD_v7.0.0/obj/dev/bonsaiz1/src/api/msdDrv_obj/BonsaiZ1_msdBrgVtu.o
 .comment       0x0000000000000108       0x2c /home/roscube/Desktop/UMSD_v7.0.0_ADLINK/UMSD_v7.0.0/obj/dev/bonsaiz1/src/api/msdDrv_obj/BonsaiZ1_msdArp.o
 .comment       0x0000000000000134       0x2c /home/roscube/Desktop/UMSD_v7.0.0_ADLINK/UMSD_v7.0.0/obj/dev/bonsaiz1/src/api/msdDrv_obj/BonsaiZ1_msdBrgStu.o
 .comment       0x0000000000000160       0x2c /home/roscube/Desktop/UMSD_v7.0.0_ADLINK/UMSD_v7.0.0/obj/dev/bonsaiz1/src/api/msdDrv_obj/BonsaiZ1_msdPIRL.o
 .comment       0x000000000000018c       0x2c /home/roscube/Desktop/UMSD_v7.0.0_ADLINK/UMSD_v7.0.0/obj/dev/bonsaiz1/src/api/msdDrv_obj/BonsaiZ1_msdPortRmon.o
 .comment       0x00000000000001b8       0x2c /home/roscube/Desktop/UMSD_v7.0.0_ADLINK/UMSD_v7.0.0/obj/dev/bonsaiz1/src/api/msdDrv_obj/BonsaiZ1_msdPortCtrl.o
 .comment       0x00000000000001e4       0x2c /home/roscube/Desktop/UMSD_v7.0.0_ADLINK/UMSD_v7.0.0/obj/dev/bonsaiz1/src/api/msdDrv_obj/BonsaiZ1_msdEcid.o
 .comment       0x0000000000000210       0x2c /home/roscube/Desktop/UMSD_v7.0.0_ADLINK/UMSD_v7.0.0/obj/dev/bonsaiz1/src/api/msdDrv_obj/BonsaiZ1_msdPortPrioMap.o
 .comment       0x000000000000023c       0x2c /home/roscube/Desktop/UMSD_v7.0.0_ADLINK/UMSD_v7.0.0/obj/dev/bonsaiz1/src/api/msdDrv_obj/BonsaiZ1_msdQueueCtrl.o
 .comment       0x0000000000000268       0x2c /home/roscube/Desktop/UMSD_v7.0.0_ADLINK/UMSD_v7.0.0/obj/dev/bonsaiz1/src/api/msdDrv_obj/BonsaiZ1_msdSysCtrl.o
 .comment       0x0000000000000294       0x2c /home/roscube/Desktop/UMSD_v7.0.0_ADLINK/UMSD_v7.0.0/obj/dev/bonsaiz1/src/api/msdDrv_obj/BonsaiZ1_msdPhyCtrl.o
 .comment       0x00000000000002c0       0x2c /home/roscube/Desktop/UMSD_v7.0.0_ADLINK/UMSD_v7.0.0/obj/dev/bonsaiz1/src/api/msdDrv_obj/BonsaiZ1_msdRMU.o
 .comment       0x00000000000002ec       0x2c /home/roscube/Desktop/UMSD_v7.0.0_ADLINK/UMSD_v7.0.0/obj/dev/bonsaiz1/src/api/msdDrv_obj/BonsaiZ1_msdTCAMIntf.o
 .comment       0x0000000000000318       0x2c /home/roscube/Desktop/UMSD_v7.0.0_ADLINK/UMSD_v7.0.0/obj/dev/bonsaiz1/src/api/msdDrv_obj/BonsaiZ1_msdBrgFdbIntf.o
 .comment       0x0000000000000344       0x2c /home/roscube/Desktop/UMSD_v7.0.0_ADLINK/UMSD_v7.0.0/obj/dev/bonsaiz1/src/api/msdDrv_obj/BonsaiZ1_msdBrgVtuIntf.o
 .comment       0x0000000000000370       0x2c /home/roscube/Desktop/UMSD_v7.0.0_ADLINK/UMSD_v7.0.0/obj/dev/bonsaiz1/src/api/msdDrv_obj/BonsaiZ1_msdBrgStuIntf.o
 .comment       0x000000000000039c       0x2c /home/roscube/Desktop/UMSD_v7.0.0_ADLINK/UMSD_v7.0.0/obj/dev/bonsaiz1/src/api/msdDrv_obj/BonsaiZ1_msdPIRLIntf.o
 .comment       0x00000000000003c8       0x2c /home/roscube/Desktop/UMSD_v7.0.0_ADLINK/UMSD_v7.0.0/obj/dev/bonsaiz1/src/api/msdDrv_obj/BonsaiZ1_msdQav.o
 .comment       0x00000000000003f4       0x2c /home/roscube/Desktop/UMSD_v7.0.0_ADLINK/UMSD_v7.0.0/obj/dev/bonsaiz1/src/api/msdDrv_obj/BonsaiZ1_msdArpIntf.o
 .comment       0x0000000000000420       0x2c /home/roscube/Desktop/UMSD_v7.0.0_ADLINK/UMSD_v7.0.0/obj/dev/bonsaiz1/src/api/msdDrv_obj/BonsaiZ1_msdPortRmonIntf.o
 .comment       0x000000000000044c       0x2c /home/roscube/Desktop/UMSD_v7.0.0_ADLINK/UMSD_v7.0.0/obj/dev/bonsaiz1/src/api/msdDrv_obj/BonsaiZ1_msdPortCtrlIntf.o
 .comment       0x0000000000000478       0x2c /home/roscube/Desktop/UMSD_v7.0.0_ADLINK/UMSD_v7.0.0/obj/dev/bonsaiz1/src/api/msdDrv_obj/BonsaiZ1_msdPortPrioMapIntf.o
 .comment       0x00000000000004a4       0x2c /home/roscube/Desktop/UMSD_v7.0.0_ADLINK/UMSD_v7.0.0/obj/dev/bonsaiz1/src/api/msdDrv_obj/BonsaiZ1_msdEcidIntf.o
 .comment       0x00000000000004d0       0x2c /home/roscube/Desktop/UMSD_v7.0.0_ADLINK/UMSD_v7.0.0/obj/dev/bonsaiz1/src/api/msdDrv_obj/BonsaiZ1_msdQueueCtrlIntf.o
 .comment       0x00000000000004fc       0x2c /home/roscube/Desktop/UMSD_v7.0.0_ADLINK/UMSD_v7.0.0/obj/dev/bonsaiz1/src/api/msdDrv_obj/BonsaiZ1_msdSysCtrlIntf.o
 .comment       0x0000000000000528       0x2c /home/roscube/Desktop/UMSD_v7.0.0_ADLINK/UMSD_v7.0.0/obj/dev/bonsaiz1/src/api/msdDrv_obj/BonsaiZ1_msdPhyCtrlIntf.o
 .comment       0x0000000000000554       0x2c /home/roscube/Desktop/UMSD_v7.0.0_ADLINK/UMSD_v7.0.0/obj/dev/bonsaiz1/src/api/msdDrv_obj/BonsaiZ1_msdPolicyIntf.o
 .comment       0x0000000000000580       0x2c /home/roscube/Desktop/UMSD_v7.0.0_ADLINK/UMSD_v7.0.0/obj/dev/bonsaiz1/src/api/msdDrv_obj/BonsaiZ1_msdTCAMRCIntf.o
 .comment       0x00000000000005ac       0x2c /home/roscube/Desktop/UMSD_v7.0.0_ADLINK/UMSD_v7.0.0/obj/dev/bonsaiz1/src/api/msdDrv_obj/BonsaiZ1_msdRMUIntf.o
 .comment       0x00000000000005d8       0x2c /home/roscube/Desktop/UMSD_v7.0.0_ADLINK/UMSD_v7.0.0/obj/dev/bonsaiz1/src/api/msdDrv_obj/BonsaiZ1_msdPTP.o
 .comment       0x0000000000000604       0x2c /home/roscube/Desktop/UMSD_v7.0.0_ADLINK/UMSD_v7.0.0/obj/dev/bonsaiz1/src/api/msdDrv_obj/BonsaiZ1_msdPTPIntf.o
 .comment       0x0000000000000630       0x2c /home/roscube/Desktop/UMSD_v7.0.0_ADLINK/UMSD_v7.0.0/obj/dev/bonsaiz1/src/api/msdDrv_obj/BonsaiZ1_msdLed.o
 .comment       0x000000000000065c       0x2c /home/roscube/Desktop/UMSD_v7.0.0_ADLINK/UMSD_v7.0.0/obj/dev/bonsaiz1/src/api/msdDrv_obj/BonsaiZ1_msdLedIntf.o
 .comment       0x0000000000000688       0x2c /home/roscube/Desktop/UMSD_v7.0.0_ADLINK/UMSD_v7.0.0/obj/dev/bonsaiz1/src/api/msdDrv_obj/BonsaiZ1_msdTCAMRCCompIntf.o
 .comment       0x00000000000006b4       0x2c /home/roscube/Desktop/UMSD_v7.0.0_ADLINK/UMSD_v7.0.0/obj/dev/bonsaiz1/src/api/msdDrv_obj/BonsaiZ1_msdEEPROM.o
 .comment       0x00000000000006e0       0x2c /home/roscube/Desktop/UMSD_v7.0.0_ADLINK/UMSD_v7.0.0/obj/dev/bonsaiz1/src/api/msdDrv_obj/BonsaiZ1_msdEEPROMIntf.o

.note.GNU-stack
                0x0000000000000000        0x0
 .note.GNU-stack
                0x0000000000000000        0x0 /home/roscube/Desktop/UMSD_v7.0.0_ADLINK/UMSD_v7.0.0/obj/dev/bonsaiz1/src/api/msdDrv_obj/BonsaiZ1_msdTCAM.o
 .note.GNU-stack
                0x0000000000000000        0x0 /home/roscube/Desktop/UMSD_v7.0.0_ADLINK/UMSD_v7.0.0/obj/dev/bonsaiz1/src/api/msdDrv_obj/BonsaiZ1_msdTCAMRC.o
 .note.GNU-stack
                0x0000000000000000        0x0 /home/roscube/Desktop/UMSD_v7.0.0_ADLINK/UMSD_v7.0.0/obj/dev/bonsaiz1/src/api/msdDrv_obj/BonsaiZ1_msdTCAMRCComp.o
 .note.GNU-stack
                0x0000000000000000        0x0 /home/roscube/Desktop/UMSD_v7.0.0_ADLINK/UMSD_v7.0.0/obj/dev/bonsaiz1/src/api/msdDrv_obj/BonsaiZ1_msdBrgFdb.o
 .note.GNU-stack
                0x0000000000000000        0x0 /home/roscube/Desktop/UMSD_v7.0.0_ADLINK/UMSD_v7.0.0/obj/dev/bonsaiz1/src/api/msdDrv_obj/BonsaiZ1_msdPolicy.o
 .note.GNU-stack
                0x0000000000000000        0x0 /home/roscube/Desktop/UMSD_v7.0.0_ADLINK/UMSD_v7.0.0/obj/dev/bonsaiz1/src/api/msdDrv_obj/BonsaiZ1_msdBrgVtu.o
 .note.GNU-stack
                0x0000000000000000        0x0 /home/roscube/Desktop/UMSD_v7.0.0_ADLINK/UMSD_v7.0.0/obj/dev/bonsaiz1/src/api/msdDrv_obj/BonsaiZ1_msdArp.o
 .note.GNU-stack
                0x0000000000000000        0x0 /home/roscube/Desktop/UMSD_v7.0.0_ADLINK/UMSD_v7.0.0/obj/dev/bonsaiz1/src/api/msdDrv_obj/BonsaiZ1_msdBrgStu.o
 .note.GNU-stack
                0x0000000000000000        0x0 /home/roscube/Desktop/UMSD_v7.0.0_ADLINK/UMSD_v7.0.0/obj/dev/bonsaiz1/src/api/msdDrv_obj/BonsaiZ1_msdPIRL.o
 .note.GNU-stack
                0x0000000000000000        0x0 /home/roscube/Desktop/UMSD_v7.0.0_ADLINK/UMSD_v7.0.0/obj/dev/bonsaiz1/src/api/msdDrv_obj/BonsaiZ1_msdPortRmon.o
 .note.GNU-stack
                0x0000000000000000        0x0 /home/roscube/Desktop/UMSD_v7.0.0_ADLINK/UMSD_v7.0.0/obj/dev/bonsaiz1/src/api/msdDrv_obj/BonsaiZ1_msdPortCtrl.o
 .note.GNU-stack
                0x0000000000000000        0x0 /home/roscube/Desktop/UMSD_v7.0.0_ADLINK/UMSD_v7.0.0/obj/dev/bonsaiz1/src/api/msdDrv_obj/BonsaiZ1_msdEcid.o
 .note.GNU-stack
                0x0000000000000000        0x0 /home/roscube/Desktop/UMSD_v7.0.0_ADLINK/UMSD_v7.0.0/obj/dev/bonsaiz1/src/api/msdDrv_obj/BonsaiZ1_msdPortPrioMap.o
 .note.GNU-stack
                0x0000000000000000        0x0 /home/roscube/Desktop/UMSD_v7.0.0_ADLINK/UMSD_v7.0.0/obj/dev/bonsaiz1/src/api/msdDrv_obj/BonsaiZ1_msdQueueCtrl.o
 .note.GNU-stack
                0x0000000000000000        0x0 /home/roscube/Desktop/UMSD_v7.0.0_ADLINK/UMSD_v7.0.0/obj/dev/bonsaiz1/src/api/msdDrv_obj/BonsaiZ1_msdSysCtrl.o
 .note.GNU-stack
                0x0000000000000000        0x0 /home/roscube/Desktop/UMSD_v7.0.0_ADLINK/UMSD_v7.0.0/obj/dev/bonsaiz1/src/api/msdDrv_obj/BonsaiZ1_msdPhyCtrl.o
 .note.GNU-stack
                0x0000000000000000        0x0 /home/roscube/Desktop/UMSD_v7.0.0_ADLINK/UMSD_v7.0.0/obj/dev/bonsaiz1/src/api/msdDrv_obj/BonsaiZ1_msdRMU.o
 .note.GNU-stack
                0x0000000000000000        0x0 /home/roscube/Desktop/UMSD_v7.0.0_ADLINK/UMSD_v7.0.0/obj/dev/bonsaiz1/src/api/msdDrv_obj/BonsaiZ1_msdTCAMIntf.o
 .note.GNU-stack
                0x0000000000000000        0x0 /home/roscube/Desktop/UMSD_v7.0.0_ADLINK/UMSD_v7.0.0/obj/dev/bonsaiz1/src/api/msdDrv_obj/BonsaiZ1_msdBrgFdbIntf.o
 .note.GNU-stack
                0x0000000000000000        0x0 /home/roscube/Desktop/UMSD_v7.0.0_ADLINK/UMSD_v7.0.0/obj/dev/bonsaiz1/src/api/msdDrv_obj/BonsaiZ1_msdBrgVtuIntf.o
 .note.GNU-stack
                0x0000000000000000        0x0 /home/roscube/Desktop/UMSD_v7.0.0_ADLINK/UMSD_v7.0.0/obj/dev/bonsaiz1/src/api/msdDrv_obj/BonsaiZ1_msdBrgStuIntf.o
 .note.GNU-stack
                0x0000000000000000        0x0 /home/roscube/Desktop/UMSD_v7.0.0_ADLINK/UMSD_v7.0.0/obj/dev/bonsaiz1/src/api/msdDrv_obj/BonsaiZ1_msdPIRLIntf.o
 .note.GNU-stack
                0x0000000000000000        0x0 /home/roscube/Desktop/UMSD_v7.0.0_ADLINK/UMSD_v7.0.0/obj/dev/bonsaiz1/src/api/msdDrv_obj/BonsaiZ1_msdQav.o
 .note.GNU-stack
                0x0000000000000000        0x0 /home/roscube/Desktop/UMSD_v7.0.0_ADLINK/UMSD_v7.0.0/obj/dev/bonsaiz1/src/api/msdDrv_obj/BonsaiZ1_msdArpIntf.o
 .note.GNU-stack
                0x0000000000000000        0x0 /home/roscube/Desktop/UMSD_v7.0.0_ADLINK/UMSD_v7.0.0/obj/dev/bonsaiz1/src/api/msdDrv_obj/BonsaiZ1_msdPortRmonIntf.o
 .note.GNU-stack
                0x0000000000000000        0x0 /home/roscube/Desktop/UMSD_v7.0.0_ADLINK/UMSD_v7.0.0/obj/dev/bonsaiz1/src/api/msdDrv_obj/BonsaiZ1_msdPortCtrlIntf.o
 .note.GNU-stack
                0x0000000000000000        0x0 /home/roscube/Desktop/UMSD_v7.0.0_ADLINK/UMSD_v7.0.0/obj/dev/bonsaiz1/src/api/msdDrv_obj/BonsaiZ1_msdPortPrioMapIntf.o
 .note.GNU-stack
                0x0000000000000000        0x0 /home/roscube/Desktop/UMSD_v7.0.0_ADLINK/UMSD_v7.0.0/obj/dev/bonsaiz1/src/api/msdDrv_obj/BonsaiZ1_msdEcidIntf.o
 .note.GNU-stack
                0x0000000000000000        0x0 /home/roscube/Desktop/UMSD_v7.0.0_ADLINK/UMSD_v7.0.0/obj/dev/bonsaiz1/src/api/msdDrv_obj/BonsaiZ1_msdQueueCtrlIntf.o
 .note.GNU-stack
                0x0000000000000000        0x0 /home/roscube/Desktop/UMSD_v7.0.0_ADLINK/UMSD_v7.0.0/obj/dev/bonsaiz1/src/api/msdDrv_obj/BonsaiZ1_msdSysCtrlIntf.o
 .note.GNU-stack
                0x0000000000000000        0x0 /home/roscube/Desktop/UMSD_v7.0.0_ADLINK/UMSD_v7.0.0/obj/dev/bonsaiz1/src/api/msdDrv_obj/BonsaiZ1_msdPhyCtrlIntf.o
 .note.GNU-stack
                0x0000000000000000        0x0 /home/roscube/Desktop/UMSD_v7.0.0_ADLINK/UMSD_v7.0.0/obj/dev/bonsaiz1/src/api/msdDrv_obj/BonsaiZ1_msdPolicyIntf.o
 .note.GNU-stack
                0x0000000000000000        0x0 /home/roscube/Desktop/UMSD_v7.0.0_ADLINK/UMSD_v7.0.0/obj/dev/bonsaiz1/src/api/msdDrv_obj/BonsaiZ1_msdTCAMRCIntf.o
 .note.GNU-stack
                0x0000000000000000        0x0 /home/roscube/Desktop/UMSD_v7.0.0_ADLINK/UMSD_v7.0.0/obj/dev/bonsaiz1/src/api/msdDrv_obj/BonsaiZ1_msdRMUIntf.o
 .note.GNU-stack
                0x0000000000000000        0x0 /home/roscube/Desktop/UMSD_v7.0.0_ADLINK/UMSD_v7.0.0/obj/dev/bonsaiz1/src/api/msdDrv_obj/BonsaiZ1_msdPTP.o
 .note.GNU-stack
                0x0000000000000000        0x0 /home/roscube/Desktop/UMSD_v7.0.0_ADLINK/UMSD_v7.0.0/obj/dev/bonsaiz1/src/api/msdDrv_obj/BonsaiZ1_msdPTPIntf.o
 .note.GNU-stack