
Merging program properties


Memory Configuration

Name             Origin             Length             Attributes
*default*        0x0000000000000000 0xffffffffffffffff

Linker script and memory map

LOAD /home/roscube/Desktop/UMSD_v7.0.0_ADLINK/UMSD_v7.0.0/obj/dev/spruce/src/driver/msdDrv_obj/Spruce_msdHwAccess.o

.interp
 *(.interp)

.note.gnu.property
                0x0000000000000000       0x20
 .note.gnu.property
                0x0000000000000000       0x20 /home/roscube/Desktop/UMSD_v7.0.0_ADLINK/UMSD_v7.0.0/obj/dev/spruce/src/driver/msdDrv_obj/Spruce_msdHwAccess.o

.note.gnu.build-id
 *(.note.gnu.build-id)

.hash
 *(.hash)

.gnu.hash
 *(.gnu.hash)

.dynsym
 *(.dynsym)

.dynstr
 *(.dynstr)

.gnu.version
 *(.gnu.version)

.gnu.version_d
 *(.gnu.version_d)

.gnu.version_r
 *(.gnu.version_r)

.rela.init
 *(.rela.init)

.rela.text
 *(.rela.text)

.rela.fini
 *(.rela.fini)

.rela.rodata
 *(.rela.rodata)

.rela.data.rel.ro
 *(.rela.data.rel.ro)

.rela.data
 *(.rela.data)

.rela.tdata
 *(.rela.tdata)

.rela.tbss
 *(.rela.tbss)

.rela.ctors
 *(.rela.ctors)

.rela.dtors
 *(.rela.dtors)

.rela.got
 *(.rela.got)

.rela.bss
 *(.rela.bss)

.rela.ldata
 *(.rela.ldata)

.rela.lbss
 *(.rela.lbss)

.rela.lrodata
 *(.rela.lrodata)

.rela.ifunc
 *(.rela.ifunc)

.rela.plt
 *(.rela.plt)

.relr.dyn
 *(.relr.dyn)

.init
 *(SORT_NONE(.init))

.plt
 *(.plt)

.plt.got
 *(.plt.got)

.plt.sec
 *(.plt.sec)

.text           0x0000000000000000     0x1af7
 *(.text .stub)
 .text          0x0000000000000000     0x1af7 /home/roscube/Desktop/UMSD_v7.0.0_ADLINK/UMSD_v7.0.0/obj/dev/spruce/src/driver/msdDrv_obj/Spruce_msdHwAccess.o
                0x0000000000000000                Spruce_msdSetSMIC45PhyReg
                0x00000000000002a0                Spruce_msdGetSMIC45PhyReg
                0x0000000000000560                Spruce_msdSetSMIPhyReg
                0x00000000000006e0                Spruce_msdGetSMIPhyReg
                0x00000000000008f0                Spruce_msdSetSMIPhyRegField
                0x00000000000009e0                Spruce_msdGetSMIPhyRegField
                0x0000000000000a80                Spruce_msdSetPagedPhyRegField
                0x0000000000000b00                Spruce_msdGetPagedPhyRegField
                0x0000000000000bd0                Spruce_msdWritePagedPhyReg
                0x0000000000000c30                Spruce_msdReadPagedPhyReg
                0x0000000000000c90                Spruce_msdSetSMIPhyXMDIOReg
                0x0000000000000da0                Spruce_msdGetSMIPhyXMDIOReg
                0x0000000000000ee0                Spruce_msdPhyReset
                0x00000000000010a0                Spruce_msdDirectSetMultiChipReg
                0x00000000000010c0                Spruce_msdDirectGetMultiChipReg
                0x00000000000010e0                Spruce_msdDirectSetMultiChipRegField
                0x00000000000011b0                Spruce_msdDirectGetMultiChipRegField
                0x0000000000001250                Spruce_msdDirectSetMultiChipExtendedReg
                0x00000000000012a0                Spruce_msdDirectGetMultiChipExtendedReg
                0x0000000000001320                Spruce_msdDirectSetMultiChipExtendedRegField
                0x00000000000013f0                Spruce_msdDirectGetMultiChipExtendedRegField
                0x0000000000001480                Spruce_msdSetSMIExtPhyReg
                0x0000000000001600                Spruce_msdGetSMIExtPhyReg
                0x0000000000001810                Spruce_msdWritePagedExtPhyReg
                0x0000000000001870                Spruce_msdReadPagedExtPhyReg
                0x00000000000018d0                Spruce_msdSetSMIExtPhyXMDIOReg
                0x00000000000019c0                Spruce_msdGetSMIExtPhyXMDIOReg
 *(.gnu.warning)

.fini
 *(SORT_NONE(.fini))

.rodata
 *(.rodata)

.rodata1
 *(.rodata1)

.eh_frame_hdr
 *(.eh_frame_hdr)

.eh_frame       0x0000000000000000      0x758
 *(.eh_frame)
 .eh_frame      0x0000000000000000      0x758 /home/roscube/Desktop/UMSD_v7.0.0_ADLINK/UMSD_v7.0.0/obj/dev/spruce/src/driver/msdDrv_obj/Spruce_msdHwAccess.o

.gcc_except_table
 *(.gcc_except_table)

.gnu_extab
 *(.gnu_extab*)

.exception_ranges
 *(.exception_ranges)

.eh_frame
 *(.eh_frame)

.gnu_extab
 *(.gnu_extab)

.gcc_except_table
 *(.gcc_except_table)

.exception_ranges
 *(.exception_ranges)

.tdata
 *(.tdata)

.tbss
 *(.tbss)

.jcr
 *(.jcr)

.dynamic
 *(.dynamic)

.got
 *(.got)

.got.plt
 *(.got.plt)

.data           0x0000000000000000        0x0
 *(.data)
 .data          0x0000000000000000        0x0 /home/roscube/Desktop/UMSD_v7.0.0_ADLINK/UMSD_v7.0.0/obj/dev/spruce/src/driver/msdDrv_obj/Spruce_msdHwAccess.o

.data1
 *(.data1)

.bss            0x0000000000000000        0x0
 *(.bss)
 .bss           0x0000000000000000        0x0 /home/roscube/Desktop/UMSD_v7.0.0_ADLINK/UMSD_v7.0.0/obj/dev/spruce/src/driver/msdDrv_obj/Spruce_msdHwAccess.o

.lbss
 *(.lbss)

.lrodata
 *(.lrodata)

.ldata
 *(.ldata)

.stab
 *(.stab)

.stabstr
 *(.stabstr)

.stab.excl
 *(.stab.excl)

.stab.exclstr
 *(.stab.exclstr)

.stab.index
 *(.stab.index)

.stab.indexstr
 *(.stab.indexstr)

.comment        0x0000000000000000       0x2c
 *(.comment)
 .comment       0x0000000000000000       0x2c /home/roscube/Desktop/UMSD_v7.0.0_ADLINK/UMSD_v7.0.0/obj/dev/spruce/src/driver/msdDrv_obj/Spruce_msdHwAccess.o

.note.GNU-stack
                0x0000000000000000        0x0
 .note.GNU-stack
                0x0000000000000000        0x0 /home/roscube/Desktop/UMSD_v7.0.0_ADLINK/UMSD_v7.0.0/obj/dev/spruce/src/driver/msdDrv_obj/Spruce_msdHwAccess.o

.gnu.build.attributes
 *(.gnu.build.attributes)

.debug
 *(.debug)

.line
 *(.line)

.debug_srcinfo
 *(.debug_srcinfo)

.debug_sfnames
 *(.debug_sfnames)

.debug_aranges
 *(.debug_aranges)

.debug_pubnames
 *(.debug_pubnames)

.debug_info
 *(.debug_info)

.debug_abbrev
 *(.debug_abbrev)

.debug_line
 *(.debug_line)

.debug_frame
 *(.debug_frame)

.debug_str
 *(.debug_str)

.debug_loc
 *(.debug_loc)

.debug_macinfo
 *(.debug_macinfo)

.debug_weaknames
 *(.debug_weaknames)

.debug_funcnames
 *(.debug_funcnames)

.debug_typenames
 *(.debug_typenames)

.debug_varnames
 *(.debug_varnames)

.debug_pubtypes
 *(.debug_pubtypes)

.debug_ranges
 *(.debug_ranges)

.debug_addr
 *(.debug_addr)

.debug_line_str
 *(.debug_line_str)

.debug_loclists
 *(.debug_loclists)

.debug_macro
 *(.debug_macro)

.debug_names
 *(.debug_names)

.debug_rnglists
 *(.debug_rnglists)

.debug_str_offsets
 *(.debug_str_offsets)

.debug_sup
 *(.debug_sup)

.gnu.attributes
 *(.gnu.attributes)
OUTPUT(/home/roscube/Desktop/UMSD_v7.0.0_ADLINK/UMSD_v7.0.0/obj/dev/spruce/src/driver/msdDrv_obj/driver.o elf64-x86-64)
